  Determining projects to restore...
  Restored B:\maliev\Maliev.MessagingContracts\generated\csharp\Maliev.MessagingContracts.csproj (in 120 ms).
  Restored B:\maliev\Maliev.Intranet\Maliev.Intranet.Shared\Maliev.Intranet.Shared.csproj (in 248 ms).
  Restored B:\maliev\Maliev.Aspire\Maliev.Aspire.ServiceDefaults\Maliev.Aspire.ServiceDefaults.csproj (in 276 ms).
  Restored B:\maliev\Maliev.Intranet\Maliev.Intranet.Client\Maliev.Intranet.Client.csproj (in 292 ms).
  Restored B:\maliev\Maliev.Intranet\Maliev.Intranet.Bff\Maliev.Intranet.Bff.csproj (in 1.03 sec).
  1 of 6 projects are up-to-date for restore.
  Maliev.Intranet.Shared -> B:\maliev\Maliev.Intranet\Maliev.Intranet.Shared\bin\Debug\net10.0\Maliev.Intranet.Shared.dll
  Maliev.Intranet.Client -> B:\maliev\Maliev.Intranet\Maliev.Intranet.Client\bin\Debug\net10.0\Maliev.Intranet.Client.dll
  Maliev.Intranet.Client (Blazor output) -> B:\maliev\Maliev.Intranet\Maliev.Intranet.Client\bin\Debug\net10.0\wwwroot
B:\maliev\Maliev.MessagingContracts\generated\csharp\Contracts\FileAnalyzedEvent.cs(13,16): warning CS1591: Missing XML comment for publicly visible type or member 'DfmReport.ThinWallCount' [B:\maliev\Maliev.MessagingContracts\generated\csharp\Maliev.MessagingContracts.csproj]
B:\maliev\Maliev.MessagingContracts\generated\csharp\Contracts\FileAnalyzedEvent.cs(16,28): warning CS1591: Missing XML comment for publicly visible type or member 'DfmReport.ThinWallRegions' [B:\maliev\Maliev.MessagingContracts\generated\csharp\Maliev.MessagingContracts.csproj]
B:\maliev\Maliev.MessagingContracts\generated\csharp\Contracts\FileAnalyzedEvent.cs(19,16): warning CS1591: Missing XML comment for publicly visible type or member 'DfmReport.OverhangFaceCount' [B:\maliev\Maliev.MessagingContracts\generated\csharp\Maliev.MessagingContracts.csproj]
B:\maliev\Maliev.MessagingContracts\generated\csharp\Contracts\FileAnalyzedEvent.cs(22,20): warning CS1591: Missing XML comment for publicly visible type or member 'DfmReport.OverhangAreaCm2' [B:\maliev\Maliev.MessagingContracts\generated\csharp\Maliev.MessagingContracts.csproj]
B:\maliev\Maliev.MessagingContracts\generated\csharp\Contracts\FileAnalyzedEvent.cs(24,12): warning CS1591: Missing XML comment for publicly visible type or member 'DfmReport.DfmReport()' [B:\maliev\Maliev.MessagingContracts\generated\csharp\Maliev.MessagingContracts.csproj]
B:\maliev\Maliev.MessagingContracts\generated\csharp\Contracts\FileAnalyzedEvent.cs(26,12): warning CS1591: Missing XML comment for publicly visible type or member 'DfmReport.DfmReport(int, List<decimal[]>, int, decimal)' [B:\maliev\Maliev.MessagingContracts\generated\csharp\Maliev.MessagingContracts.csproj]
B:\maliev\Maliev.MessagingContracts\generated\csharp\Contracts\FileAnalyzedEvent.cs(40,17): warning CS1591: Missing XML comment for publicly visible type or member 'FileAnalyzedEvent.FileId' [B:\maliev\Maliev.MessagingContracts\generated\csharp\Maliev.MessagingContracts.csproj]
B:\maliev\Maliev.MessagingContracts\generated\csharp\Contracts\FileAnalyzedEvent.cs(41,17): warning CS1591: Missing XML comment for publicly visible type or member 'FileAnalyzedEvent.CustomerId' [B:\maliev\Maliev.MessagingContracts\generated\csharp\Maliev.MessagingContracts.csproj]
B:\maliev\Maliev.MessagingContracts\generated\csharp\Contracts\FileAnalyzedEvent.cs(43,20): warning CS1591: Missing XML comment for publicly visible type or member 'FileAnalyzedEvent.VolumeCm3' [B:\maliev\Maliev.MessagingContracts\generated\csharp\Maliev.MessagingContracts.csproj]
B:\maliev\Maliev.MessagingContracts\generated\csharp\Contracts\FileAnalyzedEvent.cs(44,20): warning CS1591: Missing XML comment for publicly visible type or member 'FileAnalyzedEvent.SupportVolumeCm3' [B:\maliev\Maliev.MessagingContracts\generated\csharp\Maliev.MessagingContracts.csproj]
B:\maliev\Maliev.MessagingContracts\generated\csharp\Contracts\FileAnalyzedEvent.cs(45,20): warning CS1591: Missing XML comment for publicly visible type or member 'FileAnalyzedEvent.SurfaceAreaCm2' [B:\maliev\Maliev.MessagingContracts\generated\csharp\Maliev.MessagingContracts.csproj]
B:\maliev\Maliev.MessagingContracts\generated\csharp\Contracts\FileAnalyzedEvent.cs(46,20): warning CS1591: Missing XML comment for publicly visible type or member 'FileAnalyzedEvent.BoundingBoxX' [B:\maliev\Maliev.MessagingContracts\generated\csharp\Maliev.MessagingContracts.csproj]
B:\maliev\Maliev.MessagingContracts\generated\csharp\Contracts\FileAnalyzedEvent.cs(47,20): warning CS1591: Missing XML comment for publicly visible type or member 'FileAnalyzedEvent.BoundingBoxY' [B:\maliev\Maliev.MessagingContracts\generated\csharp\Maliev.MessagingContracts.csproj]
B:\maliev\Maliev.MessagingContracts\generated\csharp\Contracts\FileAnalyzedEvent.cs(48,20): warning CS1591: Missing XML comment for publicly visible type or member 'FileAnalyzedEvent.BoundingBoxZ' [B:\maliev\Maliev.MessagingContracts\generated\csharp\Maliev.MessagingContracts.csproj]
B:\maliev\Maliev.MessagingContracts\generated\csharp\Contracts\FileAnalyzedEvent.cs(49,17): warning CS1591: Missing XML comment for publicly visible type or member 'FileAnalyzedEvent.IsManifold' [B:\maliev\Maliev.MessagingContracts\generated\csharp\Maliev.MessagingContracts.csproj]
B:\maliev\Maliev.MessagingContracts\generated\csharp\Contracts\FileAnalyzedEvent.cs(50,16): warning CS1591: Missing XML comment for publicly visible type or member 'FileAnalyzedEvent.TriangleCount' [B:\maliev\Maliev.MessagingContracts\generated\csharp\Maliev.MessagingContracts.csproj]
B:\maliev\Maliev.MessagingContracts\generated\csharp\Contracts\FileAnalyzedEvent.cs(52,20): warning CS1591: Missing XML comment for publicly visible type or member 'FileAnalyzedEvent.GlbStoragePath' [B:\maliev\Maliev.MessagingContracts\generated\csharp\Maliev.MessagingContracts.csproj]
B:\maliev\Maliev.MessagingContracts\generated\csharp\Contracts\FileAnalyzedEvent.cs(53,20): warning CS1591: Missing XML comment for publicly visible type or member 'FileAnalyzedEvent.ThumbnailStoragePath' [B:\maliev\Maliev.MessagingContracts\generated\csharp\Maliev.MessagingContracts.csproj]
B:\maliev\Maliev.MessagingContracts\generated\csharp\Contracts\FileAnalyzedEvent.cs(56,23): warning CS1591: Missing XML comment for publicly visible type or member 'FileAnalyzedEvent.DfmReport' [B:\maliev\Maliev.MessagingContracts\generated\csharp\Maliev.MessagingContracts.csproj]
B:\maliev\Maliev.MessagingContracts\generated\csharp\Contracts\FileAnalyzedEvent.cs(58,21): warning CS1591: Missing XML comment for publicly visible type or member 'FileAnalyzedEvent.AnalyzedAt' [B:\maliev\Maliev.MessagingContracts\generated\csharp\Maliev.MessagingContracts.csproj]
B:\maliev\Maliev.MessagingContracts\generated\csharp\Contracts\Inventory\MaterialLowStockEvent.cs(12,17): warning CS1591: Missing XML comment for publicly visible type or member 'MaterialLowStockEvent.MaterialId' [B:\maliev\Maliev.MessagingContracts\generated\csharp\Maliev.MessagingContracts.csproj]
B:\maliev\Maliev.MessagingContracts\generated\csharp\Contracts\Inventory\MaterialLowStockEvent.cs(15,17): warning CS1591: Missing XML comment for publicly visible type or member 'MaterialLowStockEvent.BatchId' [B:\maliev\Maliev.MessagingContracts\generated\csharp\Maliev.MessagingContracts.csproj]
B:\maliev\Maliev.MessagingContracts\generated\csharp\Contracts\Inventory\MaterialLowStockEvent.cs(18,20): warning CS1591: Missing XML comment for publicly visible type or member 'MaterialLowStockEvent.RemainingWeightGrams' [B:\maliev\Maliev.MessagingContracts\generated\csharp\Maliev.MessagingContracts.csproj]
B:\maliev\Maliev.MessagingContracts\generated\csharp\Contracts\Inventory\MaterialLowStockEvent.cs(21,20): warning CS1591: Missing XML comment for publicly visible type or member 'MaterialLowStockEvent.LowStockThresholdGrams' [B:\maliev\Maliev.MessagingContracts\generated\csharp\Maliev.MessagingContracts.csproj]
B:\maliev\Maliev.MessagingContracts\generated\csharp\Contracts\Inventory\MaterialLowStockEvent.cs(24,21): warning CS1591: Missing XML comment for publicly visible type or member 'MaterialLowStockEvent.OccurredAt' [B:\maliev\Maliev.MessagingContracts\generated\csharp\Maliev.MessagingContracts.csproj]
B:\maliev\Maliev.MessagingContracts\generated\csharp\Contracts\Inventory\MaterialLowStockEvent.cs(26,12): warning CS1591: Missing XML comment for publicly visible type or member 'MaterialLowStockEvent.MaterialLowStockEvent()' [B:\maliev\Maliev.MessagingContracts\generated\csharp\Maliev.MessagingContracts.csproj]
B:\maliev\Maliev.MessagingContracts\generated\csharp\Contracts\Inventory\MaterialLowStockEvent.cs(28,12): warning CS1591: Missing XML comment for publicly visible type or member 'MaterialLowStockEvent.MaterialLowStockEvent(Guid, Guid, decimal, decimal, DateTime)' [B:\maliev\Maliev.MessagingContracts\generated\csharp\Maliev.MessagingContracts.csproj]
B:\maliev\Maliev.MessagingContracts\generated\csharp\Contracts\Jobs\JobStartedEvent.cs(12,17): warning CS1591: Missing XML comment for publicly visible type or member 'JobStartedEvent.JobId' [B:\maliev\Maliev.MessagingContracts\generated\csharp\Maliev.MessagingContracts.csproj]
B:\maliev\Maliev.MessagingContracts\generated\csharp\Contracts\Jobs\JobStartedEvent.cs(15,17): warning CS1591: Missing XML comment for publicly visible type or member 'JobStartedEvent.OrderId' [B:\maliev\Maliev.MessagingContracts\generated\csharp\Maliev.MessagingContracts.csproj]
B:\maliev\Maliev.MessagingContracts\generated\csharp\Contracts\Jobs\JobStartedEvent.cs(18,17): warning CS1591: Missing XML comment for publicly visible type or member 'JobStartedEvent.MaterialId' [B:\maliev\Maliev.MessagingContracts\generated\csharp\Maliev.MessagingContracts.csproj]
B:\maliev\Maliev.MessagingContracts\generated\csharp\Contracts\Jobs\JobStartedEvent.cs(21,20): warning CS1591: Missing XML comment for publicly visible type or member 'JobStartedEvent.VolumeCm3' [B:\maliev\Maliev.MessagingContracts\generated\csharp\Maliev.MessagingContracts.csproj]
B:\maliev\Maliev.MessagingContracts\generated\csharp\Contracts\Jobs\JobStartedEvent.cs(24,19): warning CS1591: Missing XML comment for publicly visible type or member 'JobStartedEvent.Technology' [B:\maliev\Maliev.MessagingContracts\generated\csharp\Maliev.MessagingContracts.csproj]
B:\maliev\Maliev.MessagingContracts\generated\csharp\Contracts\Jobs\JobStartedEvent.cs(27,19): warning CS1591: Missing XML comment for publicly visible type or member 'JobStartedEvent.AssignedMachineId' [B:\maliev\Maliev.MessagingContracts\generated\csharp\Maliev.MessagingContracts.csproj]
B:\maliev\Maliev.MessagingContracts\generated\csharp\Contracts\Jobs\JobStartedEvent.cs(30,21): warning CS1591: Missing XML comment for publicly visible type or member 'JobStartedEvent.StartedAt' [B:\maliev\Maliev.MessagingContracts\generated\csharp\Maliev.MessagingContracts.csproj]
B:\maliev\Maliev.MessagingContracts\generated\csharp\Contracts\Jobs\JobStartedEvent.cs(32,12): warning CS1591: Missing XML comment for publicly visible type or member 'JobStartedEvent.JobStartedEvent()' [B:\maliev\Maliev.MessagingContracts\generated\csharp\Maliev.MessagingContracts.csproj]
B:\maliev\Maliev.MessagingContracts\generated\csharp\Contracts\Jobs\JobStartedEvent.cs(34,12): warning CS1591: Missing XML comment for publicly visible type or member 'JobStartedEvent.JobStartedEvent(Guid, Guid, Guid, decimal, string, string, DateTime)' [B:\maliev\Maliev.MessagingContracts\generated\csharp\Maliev.MessagingContracts.csproj]
B:\maliev\Maliev.MessagingContracts\generated\csharp\Contracts\Jobs\JobStatusChangedEvent.cs(12,17): warning CS1591: Missing XML comment for publicly visible type or member 'JobStatusChangedEvent.JobId' [B:\maliev\Maliev.MessagingContracts\generated\csharp\Maliev.MessagingContracts.csproj]
B:\maliev\Maliev.MessagingContracts\generated\csharp\Contracts\Jobs\JobStatusChangedEvent.cs(15,17): warning CS1591: Missing XML comment for publicly visible type or member 'JobStatusChangedEvent.OrderId' [B:\maliev\Maliev.MessagingContracts\generated\csharp\Maliev.MessagingContracts.csproj]
B:\maliev\Maliev.MessagingContracts\generated\csharp\Contracts\Jobs\JobStatusChangedEvent.cs(18,19): warning CS1591: Missing XML comment for publicly visible type or member 'JobStatusChangedEvent.PreviousStatus' [B:\maliev\Maliev.MessagingContracts\generated\csharp\Maliev.MessagingContracts.csproj]
B:\maliev\Maliev.MessagingContracts\generated\csharp\Contracts\Jobs\JobStatusChangedEvent.cs(21,19): warning CS1591: Missing XML comment for publicly visible type or member 'JobStatusChangedEvent.NewStatus' [B:\maliev\Maliev.MessagingContracts\generated\csharp\Maliev.MessagingContracts.csproj]
B:\maliev\Maliev.MessagingContracts\generated\csharp\Contracts\Jobs\JobStatusChangedEvent.cs(24,19): warning CS1591: Missing XML comment for publicly visible type or member 'JobStatusChangedEvent.Technology' [B:\maliev\Maliev.MessagingContracts\generated\csharp\Maliev.MessagingContracts.csproj]
B:\maliev\Maliev.MessagingContracts\generated\csharp\Contracts\Jobs\JobStatusChangedEvent.cs(27,20): warning CS1591: Missing XML comment for publicly visible type or member 'JobStatusChangedEvent.AssignedMachineId' [B:\maliev\Maliev.MessagingContracts\generated\csharp\Maliev.MessagingContracts.csproj]
B:\maliev\Maliev.MessagingContracts\generated\csharp\Contracts\Jobs\JobStatusChangedEvent.cs(30,21): warning CS1591: Missing XML comment for publicly visible type or member 'JobStatusChangedEvent.ChangedAt' [B:\maliev\Maliev.MessagingContracts\generated\csharp\Maliev.MessagingContracts.csproj]
B:\maliev\Maliev.MessagingContracts\generated\csharp\Contracts\Jobs\JobStatusChangedEvent.cs(33,19): warning CS1591: Missing XML comment for publicly visible type or member 'JobStatusChangedEvent.ChangedBy' [B:\maliev\Maliev.MessagingContracts\generated\csharp\Maliev.MessagingContracts.csproj]
B:\maliev\Maliev.MessagingContracts\generated\csharp\Contracts\Jobs\JobStatusChangedEvent.cs(35,12): warning CS1591: Missing XML comment for publicly visible type or member 'JobStatusChangedEvent.JobStatusChangedEvent()' [B:\maliev\Maliev.MessagingContracts\generated\csharp\Maliev.MessagingContracts.csproj]
B:\maliev\Maliev.MessagingContracts\generated\csharp\Contracts\Jobs\JobStatusChangedEvent.cs(37,12): warning CS1591: Missing XML comment for publicly visible type or member 'JobStatusChangedEvent.JobStatusChangedEvent(Guid, Guid, string, string, string, string?, DateTime, string)' [B:\maliev\Maliev.MessagingContracts\generated\csharp\Maliev.MessagingContracts.csproj]
B:\maliev\Maliev.MessagingContracts\generated\csharp\Contracts\NdaEvents.cs(10,17): warning CS1591: Missing XML comment for publicly visible type or member 'NdaExpiringEvent.NdaId' [B:\maliev\Maliev.MessagingContracts\generated\csharp\Maliev.MessagingContracts.csproj]
B:\maliev\Maliev.MessagingContracts\generated\csharp\Contracts\NdaEvents.cs(11,17): warning CS1591: Missing XML comment for publicly visible type or member 'NdaExpiringEvent.CustomerId' [B:\maliev\Maliev.MessagingContracts\generated\csharp\Maliev.MessagingContracts.csproj]
B:\maliev\Maliev.MessagingContracts\generated\csharp\Contracts\NdaEvents.cs(12,21): warning CS1591: Missing XML comment for publicly visible type or member 'NdaExpiringEvent.ExpiresAt' [B:\maliev\Maliev.MessagingContracts\generated\csharp\Maliev.MessagingContracts.csproj]
B:\maliev\Maliev.MessagingContracts\generated\csharp\Contracts\NdaEvents.cs(13,16): warning CS1591: Missing XML comment for publicly visible type or member 'NdaExpiringEvent.DaysUntilExpiration' [B:\maliev\Maliev.MessagingContracts\generated\csharp\Maliev.MessagingContracts.csproj]
B:\maliev\Maliev.MessagingContracts\generated\csharp\Contracts\NdaEvents.cs(14,21): warning CS1591: Missing XML comment for publicly visible type or member 'NdaExpiringEvent.WarningGeneratedAt' [B:\maliev\Maliev.MessagingContracts\generated\csharp\Maliev.MessagingContracts.csproj]
B:\maliev\Maliev.MessagingContracts\generated\csharp\Contracts\NdaEvents.cs(22,17): warning CS1591: Missing XML comment for publicly visible type or member 'NdaExpiredEvent.NdaId' [B:\maliev\Maliev.MessagingContracts\generated\csharp\Maliev.MessagingContracts.csproj]
B:\maliev\Maliev.MessagingContracts\generated\csharp\Contracts\NdaEvents.cs(23,17): warning CS1591: Missing XML comment for publicly visible type or member 'NdaExpiredEvent.CustomerId' [B:\maliev\Maliev.MessagingContracts\generated\csharp\Maliev.MessagingContracts.csproj]
B:\maliev\Maliev.MessagingContracts\generated\csharp\Contracts\NdaEvents.cs(24,21): warning CS1591: Missing XML comment for publicly visible type or member 'NdaExpiredEvent.ExpiredAt' [B:\maliev\Maliev.MessagingContracts\generated\csharp\Maliev.MessagingContracts.csproj]
B:\maliev\Maliev.MessagingContracts\generated\csharp\Contracts\NdaEvents.cs(25,21): warning CS1591: Missing XML comment for publicly visible type or member 'NdaExpiredEvent.ProcessedAt' [B:\maliev\Maliev.MessagingContracts\generated\csharp\Maliev.MessagingContracts.csproj]
B:\maliev\Maliev.MessagingContracts\generated\csharp\Contracts\Pricing\PriceCalculatedEvent.cs(10,17): warning CS1591: Missing XML comment for publicly visible type or member 'PriceCalculatedEvent.PricingAuditId' [B:\maliev\Maliev.MessagingContracts\generated\csharp\Maliev.MessagingContracts.csproj]
B:\maliev\Maliev.MessagingContracts\generated\csharp\Contracts\Pricing\PriceCalculatedEvent.cs(11,18): warning CS1591: Missing XML comment for publicly visible type or member 'PriceCalculatedEvent.QuotationId' [B:\maliev\Maliev.MessagingContracts\generated\csharp\Maliev.MessagingContracts.csproj]
B:\maliev\Maliev.MessagingContracts\generated\csharp\Contracts\Pricing\PriceCalculatedEvent.cs(12,17): warning CS1591: Missing XML comment for publicly visible type or member 'PriceCalculatedEvent.FileId' [B:\maliev\Maliev.MessagingContracts\generated\csharp\Maliev.MessagingContracts.csproj]
B:\maliev\Maliev.MessagingContracts\generated\csharp\Contracts\Pricing\PriceCalculatedEvent.cs(13,17): warning CS1591: Missing XML comment for publicly visible type or member 'PriceCalculatedEvent.CustomerId' [B:\maliev\Maliev.MessagingContracts\generated\csharp\Maliev.MessagingContracts.csproj]
B:\maliev\Maliev.MessagingContracts\generated\csharp\Contracts\Pricing\PriceCalculatedEvent.cs(14,17): warning CS1591: Missing XML comment for publicly visible type or member 'PriceCalculatedEvent.MaterialId' [B:\maliev\Maliev.MessagingContracts\generated\csharp\Maliev.MessagingContracts.csproj]
B:\maliev\Maliev.MessagingContracts\generated\csharp\Contracts\Pricing\PriceCalculatedEvent.cs(15,17): warning CS1591: Missing XML comment for publicly visible type or member 'PriceCalculatedEvent.ProcessId' [B:\maliev\Maliev.MessagingContracts\generated\csharp\Maliev.MessagingContracts.csproj]
B:\maliev\Maliev.MessagingContracts\generated\csharp\Contracts\Pricing\PriceCalculatedEvent.cs(16,16): warning CS1591: Missing XML comment for publicly visible type or member 'PriceCalculatedEvent.Quantity' [B:\maliev\Maliev.MessagingContracts\generated\csharp\Maliev.MessagingContracts.csproj]
B:\maliev\Maliev.MessagingContracts\generated\csharp\Contracts\Pricing\PriceCalculatedEvent.cs(19,20): warning CS1591: Missing XML comment for publicly visible type or member 'PriceCalculatedEvent.InputVolumeCm3' [B:\maliev\Maliev.MessagingContracts\generated\csharp\Maliev.MessagingContracts.csproj]
B:\maliev\Maliev.MessagingContracts\generated\csharp\Contracts\Pricing\PriceCalculatedEvent.cs(20,20): warning CS1591: Missing XML comment for publicly visible type or member 'PriceCalculatedEvent.InputSupportVolumeCm3' [B:\maliev\Maliev.MessagingContracts\generated\csharp\Maliev.MessagingContracts.csproj]
B:\maliev\Maliev.MessagingContracts\generated\csharp\Contracts\Pricing\PriceCalculatedEvent.cs(21,20): warning CS1591: Missing XML comment for publicly visible type or member 'PriceCalculatedEvent.InputSurfaceAreaCm2' [B:\maliev\Maliev.MessagingContracts\generated\csharp\Maliev.MessagingContracts.csproj]
B:\maliev\Maliev.MessagingContracts\generated\csharp\Contracts\Pricing\PriceCalculatedEvent.cs(24,19): warning CS1591: Missing XML comment for publicly visible type or member 'PriceCalculatedEvent.Strategy' [B:\maliev\Maliev.MessagingContracts\generated\csharp\Maliev.MessagingContracts.csproj]
B:\maliev\Maliev.MessagingContracts\generated\csharp\Contracts\Pricing\PriceCalculatedEvent.cs(25,20): warning CS1591: Missing XML comment for publicly visible type or member 'PriceCalculatedEvent.MLModelVersion' [B:\maliev\Maliev.MessagingContracts\generated\csharp\Maliev.MessagingContracts.csproj]
B:\maliev\Maliev.MessagingContracts\generated\csharp\Contracts\Pricing\PriceCalculatedEvent.cs(26,20): warning CS1591: Missing XML comment for publicly visible type or member 'PriceCalculatedEvent.ConfidenceLevel' [B:\maliev\Maliev.MessagingContracts\generated\csharp\Maliev.MessagingContracts.csproj]
B:\maliev\Maliev.MessagingContracts\generated\csharp\Contracts\Pricing\PriceCalculatedEvent.cs(27,17): warning CS1591: Missing XML comment for publicly visible type or member 'PriceCalculatedEvent.PricingConfigurationId' [B:\maliev\Maliev.MessagingContracts\generated\csharp\Maliev.MessagingContracts.csproj]
B:\maliev\Maliev.MessagingContracts\generated\csharp\Contracts\Pricing\PriceCalculatedEvent.cs(30,35): warning CS1591: Missing XML comment for publicly visible type or member 'PriceCalculatedEvent.Breakdown' [B:\maliev\Maliev.MessagingContracts\generated\csharp\Maliev.MessagingContracts.csproj]
B:\maliev\Maliev.MessagingContracts\generated\csharp\Contracts\Pricing\PriceCalculatedEvent.cs(31,20): warning CS1591: Missing XML comment for publicly visible type or member 'PriceCalculatedEvent.TotalUnitPrice' [B:\maliev\Maliev.MessagingContracts\generated\csharp\Maliev.MessagingContracts.csproj]
B:\maliev\Maliev.MessagingContracts\generated\csharp\Contracts\Pricing\PriceCalculatedEvent.cs(32,20): warning CS1591: Missing XML comment for publicly visible type or member 'PriceCalculatedEvent.TotalPrice' [B:\maliev\Maliev.MessagingContracts\generated\csharp\Maliev.MessagingContracts.csproj]
B:\maliev\Maliev.MessagingContracts\generated\csharp\Contracts\Pricing\PriceCalculatedEvent.cs(33,19): warning CS1591: Missing XML comment for publicly visible type or member 'PriceCalculatedEvent.Currency' [B:\maliev\Maliev.MessagingContracts\generated\csharp\Maliev.MessagingContracts.csproj]
B:\maliev\Maliev.MessagingContracts\generated\csharp\Contracts\Pricing\PriceCalculatedEvent.cs(35,21): warning CS1591: Missing XML comment for publicly visible type or member 'PriceCalculatedEvent.ValidUntil' [B:\maliev\Maliev.MessagingContracts\generated\csharp\Maliev.MessagingContracts.csproj]
B:\maliev\Maliev.MessagingContracts\generated\csharp\Contracts\Pricing\PriceCalculatedEvent.cs(36,21): warning CS1591: Missing XML comment for publicly visible type or member 'PriceCalculatedEvent.CalculatedAt' [B:\maliev\Maliev.MessagingContracts\generated\csharp\Maliev.MessagingContracts.csproj]
B:\maliev\Maliev.MessagingContracts\generated\csharp\Contracts\Pricing\PriceCalculatedEvent.cs(39,15): warning CS1591: Missing XML comment for publicly visible type or member 'PriceBreakdownContract' [B:\maliev\Maliev.MessagingContracts\generated\csharp\Maliev.MessagingContracts.csproj]
B:\maliev\Maliev.MessagingContracts\generated\csharp\Contracts\Pricing\PriceCalculatedEvent.cs(41,20): warning CS1591: Missing XML comment for publicly visible type or member 'PriceBreakdownContract.MaterialCost' [B:\maliev\Maliev.MessagingContracts\generated\csharp\Maliev.MessagingContracts.csproj]
B:\maliev\Maliev.MessagingContracts\generated\csharp\Contracts\Pricing\PriceCalculatedEvent.cs(42,20): warning CS1591: Missing XML comment for publicly visible type or member 'PriceBreakdownContract.SupportCost' [B:\maliev\Maliev.MessagingContracts\generated\csharp\Maliev.MessagingContracts.csproj]
B:\maliev\Maliev.MessagingContracts\generated\csharp\Contracts\Pricing\PriceCalculatedEvent.cs(43,20): warning CS1591: Missing XML comment for publicly visible type or member 'PriceBreakdownContract.MachineTimeCost' [B:\maliev\Maliev.MessagingContracts\generated\csharp\Maliev.MessagingContracts.csproj]
B:\maliev\Maliev.MessagingContracts\generated\csharp\Contracts\Pricing\PriceCalculatedEvent.cs(44,20): warning CS1591: Missing XML comment for publicly visible type or member 'PriceBreakdownContract.SetupCost' [B:\maliev\Maliev.MessagingContracts\generated\csharp\Maliev.MessagingContracts.csproj]
B:\maliev\Maliev.MessagingContracts\generated\csharp\Contracts\Pricing\PriceCalculatedEvent.cs(45,20): warning CS1591: Missing XML comment for publicly visible type or member 'PriceBreakdownContract.ComplexitySurcharge' [B:\maliev\Maliev.MessagingContracts\generated\csharp\Maliev.MessagingContracts.csproj]
B:\maliev\Maliev.MessagingContracts\generated\csharp\Contracts\Pricing\PriceCalculatedEvent.cs(46,20): warning CS1591: Missing XML comment for publicly visible type or member 'PriceBreakdownContract.SubtotalBeforeMargin' [B:\maliev\Maliev.MessagingContracts\generated\csharp\Maliev.MessagingContracts.csproj]
B:\maliev\Maliev.MessagingContracts\generated\csharp\Contracts\Pricing\PriceCalculatedEvent.cs(47,20): warning CS1591: Missing XML comment for publicly visible type or member 'PriceBreakdownContract.MarginAmount' [B:\maliev\Maliev.MessagingContracts\generated\csharp\Maliev.MessagingContracts.csproj]
B:\maliev\Maliev.MessagingContracts\generated\csharp\Contracts\Pricing\PriceCalculatedEvent.cs(48,20): warning CS1591: Missing XML comment for publicly visible type or member 'PriceBreakdownContract.TotalPrice' [B:\maliev\Maliev.MessagingContracts\generated\csharp\Maliev.MessagingContracts.csproj]
B:\maliev\Maliev.MessagingContracts\generated\csharp\Contracts\MessagingContracts.cs(82,21): warning CS1573: Parameter 'MessageId' has no matching param tag in the XML comment for 'TransactionPostedEvent.TransactionPostedEvent(Guid, string, MessageType, string, string, IReadOnlyList<string>, Guid, Guid?, DateTimeOffset, bool, TransactionPostedEventPayload)' (but other parameters do) [B:\maliev\Maliev.MessagingContracts\generated\csharp\Maliev.MessagingContracts.csproj]
B:\maliev\Maliev.MessagingContracts\generated\csharp\Contracts\MessagingContracts.cs(83,16): warning CS1573: Parameter 'MessageName' has no matching param tag in the XML comment for 'TransactionPostedEvent.TransactionPostedEvent(Guid, string, MessageType, string, string, IReadOnlyList<string>, Guid, Guid?, DateTimeOffset, bool, TransactionPostedEventPayload)' (but other parameters do) [B:\maliev\Maliev.MessagingContracts\generated\csharp\Maliev.MessagingContracts.csproj]
B:\maliev\Maliev.MessagingContracts\generated\csharp\Contracts\MessagingContracts.cs(84,21): warning CS1573: Parameter 'MessageType' has no matching param tag in the XML comment for 'TransactionPostedEvent.TransactionPostedEvent(Guid, string, MessageType, string, string, IReadOnlyList<string>, Guid, Guid?, DateTimeOffset, bool, TransactionPostedEventPayload)' (but other parameters do) [B:\maliev\Maliev.MessagingContracts\generated\csharp\Maliev.MessagingContracts.csproj]
B:\maliev\Maliev.MessagingContracts\generated\csharp\Contracts\MessagingContracts.cs(85,16): warning CS1573: Parameter 'MessageVersion' has no matching param tag in the XML comment for 'TransactionPostedEvent.TransactionPostedEvent(Guid, string, MessageType, string, string, IReadOnlyList<string>, Guid, Guid?, DateTimeOffset, bool, TransactionPostedEventPayload)' (but other parameters do) [B:\maliev\Maliev.MessagingContracts\generated\csharp\Maliev.MessagingContracts.csproj]
B:\maliev\Maliev.MessagingContracts\generated\csharp\Contracts\MessagingContracts.cs(86,16): warning CS1573: Parameter 'PublishedBy' has no matching param tag in the XML comment for 'TransactionPostedEvent.TransactionPostedEvent(Guid, string, MessageType, string, string, IReadOnlyList<string>, Guid, Guid?, DateTimeOffset, bool, TransactionPostedEventPayload)' (but other parameters do) [B:\maliev\Maliev.MessagingContracts\generated\csharp\Maliev.MessagingContracts.csproj]
B:\maliev\Maliev.MessagingContracts\generated\csharp\Contracts\MessagingContracts.cs(87,58): warning CS1573: Parameter 'ConsumedBy' has no matching param tag in the XML comment for 'TransactionPostedEvent.TransactionPostedEvent(Guid, string, MessageType, string, string, IReadOnlyList<string>, Guid, Guid?, DateTimeOffset, bool, TransactionPostedEventPayload)' (but other parameters do) [B:\maliev\Maliev.MessagingContracts\generated\csharp\Maliev.MessagingContracts.csproj]
B:\maliev\Maliev.MessagingContracts\generated\csharp\Contracts\MessagingContracts.cs(88,21): warning CS1573: Parameter 'CorrelationId' has no matching param tag in the XML comment for 'TransactionPostedEvent.TransactionPostedEvent(Guid, string, MessageType, string, string, IReadOnlyList<string>, Guid, Guid?, DateTimeOffset, bool, TransactionPostedEventPayload)' (but other parameters do) [B:\maliev\Maliev.MessagingContracts\generated\csharp\Maliev.MessagingContracts.csproj]
B:\maliev\Maliev.MessagingContracts\generated\csharp\Contracts\MessagingContracts.cs(89,22): warning CS1573: Parameter 'CausationId' has no matching param tag in the XML comment for 'TransactionPostedEvent.TransactionPostedEvent(Guid, string, MessageType, string, string, IReadOnlyList<string>, Guid, Guid?, DateTimeOffset, bool, TransactionPostedEventPayload)' (but other parameters do) [B:\maliev\Maliev.MessagingContracts\generated\csharp\Maliev.MessagingContracts.csproj]
B:\maliev\Maliev.MessagingContracts\generated\csharp\Contracts\MessagingContracts.cs(90,31): warning CS1573: Parameter 'OccurredAtUtc' has no matching param tag in the XML comment for 'TransactionPostedEvent.TransactionPostedEvent(Guid, string, MessageType, string, string, IReadOnlyList<string>, Guid, Guid?, DateTimeOffset, bool, TransactionPostedEventPayload)' (but other parameters do) [B:\maliev\Maliev.MessagingContracts\generated\csharp\Maliev.MessagingContracts.csproj]
B:\maliev\Maliev.MessagingContracts\generated\csharp\Contracts\MessagingContracts.cs(91,14): warning CS1573: Parameter 'IsPublic' has no matching param tag in the XML comment for 'TransactionPostedEvent.TransactionPostedEvent(Guid, string, MessageType, string, string, IReadOnlyList<string>, Guid, Guid?, DateTimeOffset, bool, TransactionPostedEventPayload)' (but other parameters do) [B:\maliev\Maliev.MessagingContracts\generated\csharp\Maliev.MessagingContracts.csproj]
B:\maliev\Maliev.MessagingContracts\generated\csharp\Contracts\MessagingContracts.cs(127,21): warning CS1573: Parameter 'MessageId' has no matching param tag in the XML comment for 'InventoryMovementEvent.InventoryMovementEvent(Guid, string, MessageType, string, string, IReadOnlyList<string>, Guid, Guid?, DateTimeOffset, bool, InventoryMovementEventPayload)' (but other parameters do) [B:\maliev\Maliev.MessagingContracts\generated\csharp\Maliev.MessagingContracts.csproj]
B:\maliev\Maliev.MessagingContracts\generated\csharp\Contracts\MessagingContracts.cs(128,16): warning CS1573: Parameter 'MessageName' has no matching param tag in the XML comment for 'InventoryMovementEvent.InventoryMovementEvent(Guid, string, MessageType, string, string, IReadOnlyList<string>, Guid, Guid?, DateTimeOffset, bool, InventoryMovementEventPayload)' (but other parameters do) [B:\maliev\Maliev.MessagingContracts\generated\csharp\Maliev.MessagingContracts.csproj]
B:\maliev\Maliev.MessagingContracts\generated\csharp\Contracts\MessagingContracts.cs(129,21): warning CS1573: Parameter 'MessageType' has no matching param tag in the XML comment for 'InventoryMovementEvent.InventoryMovementEvent(Guid, string, MessageType, string, string, IReadOnlyList<string>, Guid, Guid?, DateTimeOffset, bool, InventoryMovementEventPayload)' (but other parameters do) [B:\maliev\Maliev.MessagingContracts\generated\csharp\Maliev.MessagingContracts.csproj]
B:\maliev\Maliev.MessagingContracts\generated\csharp\Contracts\MessagingContracts.cs(130,16): warning CS1573: Parameter 'MessageVersion' has no matching param tag in the XML comment for 'InventoryMovementEvent.InventoryMovementEvent(Guid, string, MessageType, string, string, IReadOnlyList<string>, Guid, Guid?, DateTimeOffset, bool, InventoryMovementEventPayload)' (but other parameters do) [B:\maliev\Maliev.MessagingContracts\generated\csharp\Maliev.MessagingContracts.csproj]
B:\maliev\Maliev.MessagingContracts\generated\csharp\Contracts\MessagingContracts.cs(131,16): warning CS1573: Parameter 'PublishedBy' has no matching param tag in the XML comment for 'InventoryMovementEvent.InventoryMovementEvent(Guid, string, MessageType, string, string, IReadOnlyList<string>, Guid, Guid?, DateTimeOffset, bool, InventoryMovementEventPayload)' (but other parameters do) [B:\maliev\Maliev.MessagingContracts\generated\csharp\Maliev.MessagingContracts.csproj]
B:\maliev\Maliev.MessagingContracts\generated\csharp\Contracts\MessagingContracts.cs(132,58): warning CS1573: Parameter 'ConsumedBy' has no matching param tag in the XML comment for 'InventoryMovementEvent.InventoryMovementEvent(Guid, string, MessageType, string, string, IReadOnlyList<string>, Guid, Guid?, DateTimeOffset, bool, InventoryMovementEventPayload)' (but other parameters do) [B:\maliev\Maliev.MessagingContracts\generated\csharp\Maliev.MessagingContracts.csproj]
B:\maliev\Maliev.MessagingContracts\generated\csharp\Contracts\MessagingContracts.cs(133,21): warning CS1573: Parameter 'CorrelationId' has no matching param tag in the XML comment for 'InventoryMovementEvent.InventoryMovementEvent(Guid, string, MessageType, string, string, IReadOnlyList<string>, Guid, Guid?, DateTimeOffset, bool, InventoryMovementEventPayload)' (but other parameters do) [B:\maliev\Maliev.MessagingContracts\generated\csharp\Maliev.MessagingContracts.csproj]
B:\maliev\Maliev.MessagingContracts\generated\csharp\Contracts\MessagingContracts.cs(134,22): warning CS1573: Parameter 'CausationId' has no matching param tag in the XML comment for 'InventoryMovementEvent.InventoryMovementEvent(Guid, string, MessageType, string, string, IReadOnlyList<string>, Guid, Guid?, DateTimeOffset, bool, InventoryMovementEventPayload)' (but other parameters do) [B:\maliev\Maliev.MessagingContracts\generated\csharp\Maliev.MessagingContracts.csproj]
B:\maliev\Maliev.MessagingContracts\generated\csharp\Contracts\MessagingContracts.cs(135,31): warning CS1573: Parameter 'OccurredAtUtc' has no matching param tag in the XML comment for 'InventoryMovementEvent.InventoryMovementEvent(Guid, string, MessageType, string, string, IReadOnlyList<string>, Guid, Guid?, DateTimeOffset, bool, InventoryMovementEventPayload)' (but other parameters do) [B:\maliev\Maliev.MessagingContracts\generated\csharp\Maliev.MessagingContracts.csproj]
B:\maliev\Maliev.MessagingContracts\generated\csharp\Contracts\MessagingContracts.cs(136,14): warning CS1573: Parameter 'IsPublic' has no matching param tag in the XML comment for 'InventoryMovementEvent.InventoryMovementEvent(Guid, string, MessageType, string, string, IReadOnlyList<string>, Guid, Guid?, DateTimeOffset, bool, InventoryMovementEventPayload)' (but other parameters do) [B:\maliev\Maliev.MessagingContracts\generated\csharp\Maliev.MessagingContracts.csproj]
B:\maliev\Maliev.MessagingContracts\generated\csharp\Contracts\MessagingContracts.cs(173,21): warning CS1573: Parameter 'MessageId' has no matching param tag in the XML comment for 'PayrollProcessedEvent.PayrollProcessedEvent(Guid, string, MessageType, string, string, IReadOnlyList<string>, Guid, Guid?, DateTimeOffset, bool, PayrollProcessedEventPayload)' (but other parameters do) [B:\maliev\Maliev.MessagingContracts\generated\csharp\Maliev.MessagingContracts.csproj]
B:\maliev\Maliev.MessagingContracts\generated\csharp\Contracts\MessagingContracts.cs(174,16): warning CS1573: Parameter 'MessageName' has no matching param tag in the XML comment for 'PayrollProcessedEvent.PayrollProcessedEvent(Guid, string, MessageType, string, string, IReadOnlyList<string>, Guid, Guid?, DateTimeOffset, bool, PayrollProcessedEventPayload)' (but other parameters do) [B:\maliev\Maliev.MessagingContracts\generated\csharp\Maliev.MessagingContracts.csproj]
B:\maliev\Maliev.MessagingContracts\generated\csharp\Contracts\MessagingContracts.cs(175,21): warning CS1573: Parameter 'MessageType' has no matching param tag in the XML comment for 'PayrollProcessedEvent.PayrollProcessedEvent(Guid, string, MessageType, string, string, IReadOnlyList<string>, Guid, Guid?, DateTimeOffset, bool, PayrollProcessedEventPayload)' (but other parameters do) [B:\maliev\Maliev.MessagingContracts\generated\csharp\Maliev.MessagingContracts.csproj]
B:\maliev\Maliev.MessagingContracts\generated\csharp\Contracts\MessagingContracts.cs(176,16): warning CS1573: Parameter 'MessageVersion' has no matching param tag in the XML comment for 'PayrollProcessedEvent.PayrollProcessedEvent(Guid, string, MessageType, string, string, IReadOnlyList<string>, Guid, Guid?, DateTimeOffset, bool, PayrollProcessedEventPayload)' (but other parameters do) [B:\maliev\Maliev.MessagingContracts\generated\csharp\Maliev.MessagingContracts.csproj]
B:\maliev\Maliev.MessagingContracts\generated\csharp\Contracts\MessagingContracts.cs(177,16): warning CS1573: Parameter 'PublishedBy' has no matching param tag in the XML comment for 'PayrollProcessedEvent.PayrollProcessedEvent(Guid, string, MessageType, string, string, IReadOnlyList<string>, Guid, Guid?, DateTimeOffset, bool, PayrollProcessedEventPayload)' (but other parameters do) [B:\maliev\Maliev.MessagingContracts\generated\csharp\Maliev.MessagingContracts.csproj]
B:\maliev\Maliev.MessagingContracts\generated\csharp\Contracts\MessagingContracts.cs(178,58): warning CS1573: Parameter 'ConsumedBy' has no matching param tag in the XML comment for 'PayrollProcessedEvent.PayrollProcessedEvent(Guid, string, MessageType, string, string, IReadOnlyList<string>, Guid, Guid?, DateTimeOffset, bool, PayrollProcessedEventPayload)' (but other parameters do) [B:\maliev\Maliev.MessagingContracts\generated\csharp\Maliev.MessagingContracts.csproj]
B:\maliev\Maliev.MessagingContracts\generated\csharp\Contracts\MessagingContracts.cs(179,21): warning CS1573: Parameter 'CorrelationId' has no matching param tag in the XML comment for 'PayrollProcessedEvent.PayrollProcessedEvent(Guid, string, MessageType, string, string, IReadOnlyList<string>, Guid, Guid?, DateTimeOffset, bool, PayrollProcessedEventPayload)' (but other parameters do) [B:\maliev\Maliev.MessagingContracts\generated\csharp\Maliev.MessagingContracts.csproj]
B:\maliev\Maliev.MessagingContracts\generated\csharp\Contracts\MessagingContracts.cs(180,22): warning CS1573: Parameter 'CausationId' has no matching param tag in the XML comment for 'PayrollProcessedEvent.PayrollProcessedEvent(Guid, string, MessageType, string, string, IReadOnlyList<string>, Guid, Guid?, DateTimeOffset, bool, PayrollProcessedEventPayload)' (but other parameters do) [B:\maliev\Maliev.MessagingContracts\generated\csharp\Maliev.MessagingContracts.csproj]
B:\maliev\Maliev.MessagingContracts\generated\csharp\Contracts\MessagingContracts.cs(181,31): warning CS1573: Parameter 'OccurredAtUtc' has no matching param tag in the XML comment for 'PayrollProcessedEvent.PayrollProcessedEvent(Guid, string, MessageType, string, string, IReadOnlyList<string>, Guid, Guid?, DateTimeOffset, bool, PayrollProcessedEventPayload)' (but other parameters do) [B:\maliev\Maliev.MessagingContracts\generated\csharp\Maliev.MessagingContracts.csproj]
B:\maliev\Maliev.MessagingContracts\generated\csharp\Contracts\MessagingContracts.cs(182,14): warning CS1573: Parameter 'IsPublic' has no matching param tag in the XML comment for 'PayrollProcessedEvent.PayrollProcessedEvent(Guid, string, MessageType, string, string, IReadOnlyList<string>, Guid, Guid?, DateTimeOffset, bool, PayrollProcessedEventPayload)' (but other parameters do) [B:\maliev\Maliev.MessagingContracts\generated\csharp\Maliev.MessagingContracts.csproj]
B:\maliev\Maliev.MessagingContracts\generated\csharp\Contracts\MessagingContracts.cs(216,21): warning CS1573: Parameter 'MessageId' has no matching param tag in the XML comment for 'SupplierInvoiceReceivedEvent.SupplierInvoiceReceivedEvent(Guid, string, MessageType, string, string, IReadOnlyList<string>, Guid, Guid?, DateTimeOffset, bool, SupplierInvoiceReceivedEventPayload)' (but other parameters do) [B:\maliev\Maliev.MessagingContracts\generated\csharp\Maliev.MessagingContracts.csproj]
B:\maliev\Maliev.MessagingContracts\generated\csharp\Contracts\MessagingContracts.cs(217,16): warning CS1573: Parameter 'MessageName' has no matching param tag in the XML comment for 'SupplierInvoiceReceivedEvent.SupplierInvoiceReceivedEvent(Guid, string, MessageType, string, string, IReadOnlyList<string>, Guid, Guid?, DateTimeOffset, bool, SupplierInvoiceReceivedEventPayload)' (but other parameters do) [B:\maliev\Maliev.MessagingContracts\generated\csharp\Maliev.MessagingContracts.csproj]
B:\maliev\Maliev.MessagingContracts\generated\csharp\Contracts\MessagingContracts.cs(218,21): warning CS1573: Parameter 'MessageType' has no matching param tag in the XML comment for 'SupplierInvoiceReceivedEvent.SupplierInvoiceReceivedEvent(Guid, string, MessageType, string, string, IReadOnlyList<string>, Guid, Guid?, DateTimeOffset, bool, SupplierInvoiceReceivedEventPayload)' (but other parameters do) [B:\maliev\Maliev.MessagingContracts\generated\csharp\Maliev.MessagingContracts.csproj]
B:\maliev\Maliev.MessagingContracts\generated\csharp\Contracts\MessagingContracts.cs(219,16): warning CS1573: Parameter 'MessageVersion' has no matching param tag in the XML comment for 'SupplierInvoiceReceivedEvent.SupplierInvoiceReceivedEvent(Guid, string, MessageType, string, string, IReadOnlyList<string>, Guid, Guid?, DateTimeOffset, bool, SupplierInvoiceReceivedEventPayload)' (but other parameters do) [B:\maliev\Maliev.MessagingContracts\generated\csharp\Maliev.MessagingContracts.csproj]
B:\maliev\Maliev.MessagingContracts\generated\csharp\Contracts\MessagingContracts.cs(220,16): warning CS1573: Parameter 'PublishedBy' has no matching param tag in the XML comment for 'SupplierInvoiceReceivedEvent.SupplierInvoiceReceivedEvent(Guid, string, MessageType, string, string, IReadOnlyList<string>, Guid, Guid?, DateTimeOffset, bool, SupplierInvoiceReceivedEventPayload)' (but other parameters do) [B:\maliev\Maliev.MessagingContracts\generated\csharp\Maliev.MessagingContracts.csproj]
B:\maliev\Maliev.MessagingContracts\generated\csharp\Contracts\MessagingContracts.cs(221,58): warning CS1573: Parameter 'ConsumedBy' has no matching param tag in the XML comment for 'SupplierInvoiceReceivedEvent.SupplierInvoiceReceivedEvent(Guid, string, MessageType, string, string, IReadOnlyList<string>, Guid, Guid?, DateTimeOffset, bool, SupplierInvoiceReceivedEventPayload)' (but other parameters do) [B:\maliev\Maliev.MessagingContracts\generated\csharp\Maliev.MessagingContracts.csproj]
B:\maliev\Maliev.MessagingContracts\generated\csharp\Contracts\MessagingContracts.cs(222,21): warning CS1573: Parameter 'CorrelationId' has no matching param tag in the XML comment for 'SupplierInvoiceReceivedEvent.SupplierInvoiceReceivedEvent(Guid, string, MessageType, string, string, IReadOnlyList<string>, Guid, Guid?, DateTimeOffset, bool, SupplierInvoiceReceivedEventPayload)' (but other parameters do) [B:\maliev\Maliev.MessagingContracts\generated\csharp\Maliev.MessagingContracts.csproj]
B:\maliev\Maliev.MessagingContracts\generated\csharp\Contracts\MessagingContracts.cs(223,22): warning CS1573: Parameter 'CausationId' has no matching param tag in the XML comment for 'SupplierInvoiceReceivedEvent.SupplierInvoiceReceivedEvent(Guid, string, MessageType, string, string, IReadOnlyList<string>, Guid, Guid?, DateTimeOffset, bool, SupplierInvoiceReceivedEventPayload)' (but other parameters do) [B:\maliev\Maliev.MessagingContracts\generated\csharp\Maliev.MessagingContracts.csproj]
B:\maliev\Maliev.MessagingContracts\generated\csharp\Contracts\MessagingContracts.cs(224,31): warning CS1573: Parameter 'OccurredAtUtc' has no matching param tag in the XML comment for 'SupplierInvoiceReceivedEvent.SupplierInvoiceReceivedEvent(Guid, string, MessageType, string, string, IReadOnlyList<string>, Guid, Guid?, DateTimeOffset, bool, SupplierInvoiceReceivedEventPayload)' (but other parameters do) [B:\maliev\Maliev.MessagingContracts\generated\csharp\Maliev.MessagingContracts.csproj]
B:\maliev\Maliev.MessagingContracts\generated\csharp\Contracts\MessagingContracts.cs(225,14): warning CS1573: Parameter 'IsPublic' has no matching param tag in the XML comment for 'SupplierInvoiceReceivedEvent.SupplierInvoiceReceivedEvent(Guid, string, MessageType, string, string, IReadOnlyList<string>, Guid, Guid?, DateTimeOffset, bool, SupplierInvoiceReceivedEventPayload)' (but other parameters do) [B:\maliev\Maliev.MessagingContracts\generated\csharp\Maliev.MessagingContracts.csproj]
B:\maliev\Maliev.MessagingContracts\generated\csharp\Contracts\MessagingContracts.cs(259,21): warning CS1573: Parameter 'MessageId' has no matching param tag in the XML comment for 'PaymentRecordedEvent.PaymentRecordedEvent(Guid, string, MessageType, string, string, IReadOnlyList<string>, Guid, Guid?, DateTimeOffset, bool, PaymentRecordedEventPayload)' (but other parameters do) [B:\maliev\Maliev.MessagingContracts\generated\csharp\Maliev.MessagingContracts.csproj]
B:\maliev\Maliev.MessagingContracts\generated\csharp\Contracts\MessagingContracts.cs(260,16): warning CS1573: Parameter 'MessageName' has no matching param tag in the XML comment for 'PaymentRecordedEvent.PaymentRecordedEvent(Guid, string, MessageType, string, string, IReadOnlyList<string>, Guid, Guid?, DateTimeOffset, bool, PaymentRecordedEventPayload)' (but other parameters do) [B:\maliev\Maliev.MessagingContracts\generated\csharp\Maliev.MessagingContracts.csproj]
B:\maliev\Maliev.MessagingContracts\generated\csharp\Contracts\MessagingContracts.cs(261,21): warning CS1573: Parameter 'MessageType' has no matching param tag in the XML comment for 'PaymentRecordedEvent.PaymentRecordedEvent(Guid, string, MessageType, string, string, IReadOnlyList<string>, Guid, Guid?, DateTimeOffset, bool, PaymentRecordedEventPayload)' (but other parameters do) [B:\maliev\Maliev.MessagingContracts\generated\csharp\Maliev.MessagingContracts.csproj]
B:\maliev\Maliev.MessagingContracts\generated\csharp\Contracts\MessagingContracts.cs(262,16): warning CS1573: Parameter 'MessageVersion' has no matching param tag in the XML comment for 'PaymentRecordedEvent.PaymentRecordedEvent(Guid, string, MessageType, string, string, IReadOnlyList<string>, Guid, Guid?, DateTimeOffset, bool, PaymentRecordedEventPayload)' (but other parameters do) [B:\maliev\Maliev.MessagingContracts\generated\csharp\Maliev.MessagingContracts.csproj]
B:\maliev\Maliev.MessagingContracts\generated\csharp\Contracts\MessagingContracts.cs(263,16): warning CS1573: Parameter 'PublishedBy' has no matching param tag in the XML comment for 'PaymentRecordedEvent.PaymentRecordedEvent(Guid, string, MessageType, string, string, IReadOnlyList<string>, Guid, Guid?, DateTimeOffset, bool, PaymentRecordedEventPayload)' (but other parameters do) [B:\maliev\Maliev.MessagingContracts\generated\csharp\Maliev.MessagingContracts.csproj]
B:\maliev\Maliev.MessagingContracts\generated\csharp\Contracts\MessagingContracts.cs(264,58): warning CS1573: Parameter 'ConsumedBy' has no matching param tag in the XML comment for 'PaymentRecordedEvent.PaymentRecordedEvent(Guid, string, MessageType, string, string, IReadOnlyList<string>, Guid, Guid?, DateTimeOffset, bool, PaymentRecordedEventPayload)' (but other parameters do) [B:\maliev\Maliev.MessagingContracts\generated\csharp\Maliev.MessagingContracts.csproj]
B:\maliev\Maliev.MessagingContracts\generated\csharp\Contracts\MessagingContracts.cs(265,21): warning CS1573: Parameter 'CorrelationId' has no matching param tag in the XML comment for 'PaymentRecordedEvent.PaymentRecordedEvent(Guid, string, MessageType, string, string, IReadOnlyList<string>, Guid, Guid?, DateTimeOffset, bool, PaymentRecordedEventPayload)' (but other parameters do) [B:\maliev\Maliev.MessagingContracts\generated\csharp\Maliev.MessagingContracts.csproj]
B:\maliev\Maliev.MessagingContracts\generated\csharp\Contracts\MessagingContracts.cs(266,22): warning CS1573: Parameter 'CausationId' has no matching param tag in the XML comment for 'PaymentRecordedEvent.PaymentRecordedEvent(Guid, string, MessageType, string, string, IReadOnlyList<string>, Guid, Guid?, DateTimeOffset, bool, PaymentRecordedEventPayload)' (but other parameters do) [B:\maliev\Maliev.MessagingContracts\generated\csharp\Maliev.MessagingContracts.csproj]
B:\maliev\Maliev.MessagingContracts\generated\csharp\Contracts\MessagingContracts.cs(267,31): warning CS1573: Parameter 'OccurredAtUtc' has no matching param tag in the XML comment for 'PaymentRecordedEvent.PaymentRecordedEvent(Guid, string, MessageType, string, string, IReadOnlyList<string>, Guid, Guid?, DateTimeOffset, bool, PaymentRecordedEventPayload)' (but other parameters do) [B:\maliev\Maliev.MessagingContracts\generated\csharp\Maliev.MessagingContracts.csproj]
B:\maliev\Maliev.MessagingContracts\generated\csharp\Contracts\MessagingContracts.cs(268,14): warning CS1573: Parameter 'IsPublic' has no matching param tag in the XML comment for 'PaymentRecordedEvent.PaymentRecordedEvent(Guid, string, MessageType, string, string, IReadOnlyList<string>, Guid, Guid?, DateTimeOffset, bool, PaymentRecordedEventPayload)' (but other parameters do) [B:\maliev\Maliev.MessagingContracts\generated\csharp\Maliev.MessagingContracts.csproj]
B:\maliev\Maliev.MessagingContracts\generated\csharp\Contracts\MessagingContracts.cs(291,74): warning CS1573: Parameter 'LoggedInAt' has no matching param tag in the XML comment for 'UserLoggedInEventPayload.UserLoggedInEventPayload(string, string?, string, string?, string, DateTimeOffset)' (but other parameters do) [B:\maliev\Maliev.MessagingContracts\generated\csharp\Maliev.MessagingContracts.csproj]
B:\maliev\Maliev.MessagingContracts\generated\csharp\Contracts\MessagingContracts.cs(303,21): warning CS1573: Parameter 'MessageId' has no matching param tag in the XML comment for 'UserLoggedInEvent.UserLoggedInEvent(Guid, string, MessageType, string, string, IReadOnlyList<string>, Guid, Guid?, DateTimeOffset, bool, UserLoggedInEventPayload)' (but other parameters do) [B:\maliev\Maliev.MessagingContracts\generated\csharp\Maliev.MessagingContracts.csproj]
B:\maliev\Maliev.MessagingContracts\generated\csharp\Contracts\MessagingContracts.cs(304,16): warning CS1573: Parameter 'MessageName' has no matching param tag in the XML comment for 'UserLoggedInEvent.UserLoggedInEvent(Guid, string, MessageType, string, string, IReadOnlyList<string>, Guid, Guid?, DateTimeOffset, bool, UserLoggedInEventPayload)' (but other parameters do) [B:\maliev\Maliev.MessagingContracts\generated\csharp\Maliev.MessagingContracts.csproj]
B:\maliev\Maliev.MessagingContracts\generated\csharp\Contracts\MessagingContracts.cs(305,21): warning CS1573: Parameter 'MessageType' has no matching param tag in the XML comment for 'UserLoggedInEvent.UserLoggedInEvent(Guid, string, MessageType, string, string, IReadOnlyList<string>, Guid, Guid?, DateTimeOffset, bool, UserLoggedInEventPayload)' (but other parameters do) [B:\maliev\Maliev.MessagingContracts\generated\csharp\Maliev.MessagingContracts.csproj]
B:\maliev\Maliev.MessagingContracts\generated\csharp\Contracts\MessagingContracts.cs(306,16): warning CS1573: Parameter 'MessageVersion' has no matching param tag in the XML comment for 'UserLoggedInEvent.UserLoggedInEvent(Guid, string, MessageType, string, string, IReadOnlyList<string>, Guid, Guid?, DateTimeOffset, bool, UserLoggedInEventPayload)' (but other parameters do) [B:\maliev\Maliev.MessagingContracts\generated\csharp\Maliev.MessagingContracts.csproj]
B:\maliev\Maliev.MessagingContracts\generated\csharp\Contracts\MessagingContracts.cs(307,16): warning CS1573: Parameter 'PublishedBy' has no matching param tag in the XML comment for 'UserLoggedInEvent.UserLoggedInEvent(Guid, string, MessageType, string, string, IReadOnlyList<string>, Guid, Guid?, DateTimeOffset, bool, UserLoggedInEventPayload)' (but other parameters do) [B:\maliev\Maliev.MessagingContracts\generated\csharp\Maliev.MessagingContracts.csproj]
B:\maliev\Maliev.MessagingContracts\generated\csharp\Contracts\MessagingContracts.cs(308,58): warning CS1573: Parameter 'ConsumedBy' has no matching param tag in the XML comment for 'UserLoggedInEvent.UserLoggedInEvent(Guid, string, MessageType, string, string, IReadOnlyList<string>, Guid, Guid?, DateTimeOffset, bool, UserLoggedInEventPayload)' (but other parameters do) [B:\maliev\Maliev.MessagingContracts\generated\csharp\Maliev.MessagingContracts.csproj]
B:\maliev\Maliev.MessagingContracts\generated\csharp\Contracts\MessagingContracts.cs(309,21): warning CS1573: Parameter 'CorrelationId' has no matching param tag in the XML comment for 'UserLoggedInEvent.UserLoggedInEvent(Guid, string, MessageType, string, string, IReadOnlyList<string>, Guid, Guid?, DateTimeOffset, bool, UserLoggedInEventPayload)' (but other parameters do) [B:\maliev\Maliev.MessagingContracts\generated\csharp\Maliev.MessagingContracts.csproj]
B:\maliev\Maliev.MessagingContracts\generated\csharp\Contracts\MessagingContracts.cs(310,22): warning CS1573: Parameter 'CausationId' has no matching param tag in the XML comment for 'UserLoggedInEvent.UserLoggedInEvent(Guid, string, MessageType, string, string, IReadOnlyList<string>, Guid, Guid?, DateTimeOffset, bool, UserLoggedInEventPayload)' (but other parameters do) [B:\maliev\Maliev.MessagingContracts\generated\csharp\Maliev.MessagingContracts.csproj]
B:\maliev\Maliev.MessagingContracts\generated\csharp\Contracts\MessagingContracts.cs(311,31): warning CS1573: Parameter 'OccurredAtUtc' has no matching param tag in the XML comment for 'UserLoggedInEvent.UserLoggedInEvent(Guid, string, MessageType, string, string, IReadOnlyList<string>, Guid, Guid?, DateTimeOffset, bool, UserLoggedInEventPayload)' (but other parameters do) [B:\maliev\Maliev.MessagingContracts\generated\csharp\Maliev.MessagingContracts.csproj]
B:\maliev\Maliev.MessagingContracts\generated\csharp\Contracts\MessagingContracts.cs(312,14): warning CS1573: Parameter 'IsPublic' has no matching param tag in the XML comment for 'UserLoggedInEvent.UserLoggedInEvent(Guid, string, MessageType, string, string, IReadOnlyList<string>, Guid, Guid?, DateTimeOffset, bool, UserLoggedInEventPayload)' (but other parameters do) [B:\maliev\Maliev.MessagingContracts\generated\csharp\Maliev.MessagingContracts.csproj]
B:\maliev\Maliev.MessagingContracts\generated\csharp\Contracts\MessagingContracts.cs(327,57): warning CS1573: Parameter 'UserType' has no matching param tag in the XML comment for 'UserLoggedOutEventPayload.UserLoggedOutEventPayload(string, string, DateTimeOffset)' (but other parameters do) [B:\maliev\Maliev.MessagingContracts\generated\csharp\Maliev.MessagingContracts.csproj]
B:\maliev\Maliev.MessagingContracts\generated\csharp\Contracts\MessagingContracts.cs(328,75): warning CS1573: Parameter 'LoggedOutAt' has no matching param tag in the XML comment for 'UserLoggedOutEventPayload.UserLoggedOutEventPayload(string, string, DateTimeOffset)' (but other parameters do) [B:\maliev\Maliev.MessagingContracts\generated\csharp\Maliev.MessagingContracts.csproj]
B:\maliev\Maliev.MessagingContracts\generated\csharp\Contracts\MessagingContracts.cs(340,21): warning CS1573: Parameter 'MessageId' has no matching param tag in the XML comment for 'UserLoggedOutEvent.UserLoggedOutEvent(Guid, string, MessageType, string, string, IReadOnlyList<string>, Guid, Guid?, DateTimeOffset, bool, UserLoggedOutEventPayload)' (but other parameters do) [B:\maliev\Maliev.MessagingContracts\generated\csharp\Maliev.MessagingContracts.csproj]
B:\maliev\Maliev.MessagingContracts\generated\csharp\Contracts\MessagingContracts.cs(341,16): warning CS1573: Parameter 'MessageName' has no matching param tag in the XML comment for 'UserLoggedOutEvent.UserLoggedOutEvent(Guid, string, MessageType, string, string, IReadOnlyList<string>, Guid, Guid?, DateTimeOffset, bool, UserLoggedOutEventPayload)' (but other parameters do) [B:\maliev\Maliev.MessagingContracts\generated\csharp\Maliev.MessagingContracts.csproj]
B:\maliev\Maliev.MessagingContracts\generated\csharp\Contracts\MessagingContracts.cs(342,21): warning CS1573: Parameter 'MessageType' has no matching param tag in the XML comment for 'UserLoggedOutEvent.UserLoggedOutEvent(Guid, string, MessageType, string, string, IReadOnlyList<string>, Guid, Guid?, DateTimeOffset, bool, UserLoggedOutEventPayload)' (but other parameters do) [B:\maliev\Maliev.MessagingContracts\generated\csharp\Maliev.MessagingContracts.csproj]
B:\maliev\Maliev.MessagingContracts\generated\csharp\Contracts\MessagingContracts.cs(343,16): warning CS1573: Parameter 'MessageVersion' has no matching param tag in the XML comment for 'UserLoggedOutEvent.UserLoggedOutEvent(Guid, string, MessageType, string, string, IReadOnlyList<string>, Guid, Guid?, DateTimeOffset, bool, UserLoggedOutEventPayload)' (but other parameters do) [B:\maliev\Maliev.MessagingContracts\generated\csharp\Maliev.MessagingContracts.csproj]
B:\maliev\Maliev.MessagingContracts\generated\csharp\Contracts\MessagingContracts.cs(344,16): warning CS1573: Parameter 'PublishedBy' has no matching param tag in the XML comment for 'UserLoggedOutEvent.UserLoggedOutEvent(Guid, string, MessageType, string, string, IReadOnlyList<string>, Guid, Guid?, DateTimeOffset, bool, UserLoggedOutEventPayload)' (but other parameters do) [B:\maliev\Maliev.MessagingContracts\generated\csharp\Maliev.MessagingContracts.csproj]
B:\maliev\Maliev.MessagingContracts\generated\csharp\Contracts\MessagingContracts.cs(345,58): warning CS1573: Parameter 'ConsumedBy' has no matching param tag in the XML comment for 'UserLoggedOutEvent.UserLoggedOutEvent(Guid, string, MessageType, string, string, IReadOnlyList<string>, Guid, Guid?, DateTimeOffset, bool, UserLoggedOutEventPayload)' (but other parameters do) [B:\maliev\Maliev.MessagingContracts\generated\csharp\Maliev.MessagingContracts.csproj]
B:\maliev\Maliev.MessagingContracts\generated\csharp\Contracts\MessagingContracts.cs(346,21): warning CS1573: Parameter 'CorrelationId' has no matching param tag in the XML comment for 'UserLoggedOutEvent.UserLoggedOutEvent(Guid, string, MessageType, string, string, IReadOnlyList<string>, Guid, Guid?, DateTimeOffset, bool, UserLoggedOutEventPayload)' (but other parameters do) [B:\maliev\Maliev.MessagingContracts\generated\csharp\Maliev.MessagingContracts.csproj]
B:\maliev\Maliev.MessagingContracts\generated\csharp\Contracts\MessagingContracts.cs(347,22): warning CS1573: Parameter 'CausationId' has no matching param tag in the XML comment for 'UserLoggedOutEvent.UserLoggedOutEvent(Guid, string, MessageType, string, string, IReadOnlyList<string>, Guid, Guid?, DateTimeOffset, bool, UserLoggedOutEventPayload)' (but other parameters do) [B:\maliev\Maliev.MessagingContracts\generated\csharp\Maliev.MessagingContracts.csproj]
B:\maliev\Maliev.MessagingContracts\generated\csharp\Contracts\MessagingContracts.cs(348,31): warning CS1573: Parameter 'OccurredAtUtc' has no matching param tag in the XML comment for 'UserLoggedOutEvent.UserLoggedOutEvent(Guid, string, MessageType, string, string, IReadOnlyList<string>, Guid, Guid?, DateTimeOffset, bool, UserLoggedOutEventPayload)' (but other parameters do) [B:\maliev\Maliev.MessagingContracts\generated\csharp\Maliev.MessagingContracts.csproj]
B:\maliev\Maliev.MessagingContracts\generated\csharp\Contracts\MessagingContracts.cs(349,14): warning CS1573: Parameter 'IsPublic' has no matching param tag in the XML comment for 'UserLoggedOutEvent.UserLoggedOutEvent(Guid, string, MessageType, string, string, IReadOnlyList<string>, Guid, Guid?, DateTimeOffset, bool, UserLoggedOutEventPayload)' (but other parameters do) [B:\maliev\Maliev.MessagingContracts\generated\csharp\Maliev.MessagingContracts.csproj]
B:\maliev\Maliev.MessagingContracts\generated\csharp\Contracts\MessagingContracts.cs(372,75): warning CS1573: Parameter 'AttemptedAt' has no matching param tag in the XML comment for 'LoginFailedEventPayload.LoginFailedEventPayload(string, string?, string, string?, string, DateTimeOffset)' (but other parameters do) [B:\maliev\Maliev.MessagingContracts\generated\csharp\Maliev.MessagingContracts.csproj]
B:\maliev\Maliev.MessagingContracts\generated\csharp\Contracts\MessagingContracts.cs(384,21): warning CS1573: Parameter 'MessageId' has no matching param tag in the XML comment for 'LoginFailedEvent.LoginFailedEvent(Guid, string, MessageType, string, string, IReadOnlyList<string>, Guid, Guid?, DateTimeOffset, bool, LoginFailedEventPayload)' (but other parameters do) [B:\maliev\Maliev.MessagingContracts\generated\csharp\Maliev.MessagingContracts.csproj]
B:\maliev\Maliev.MessagingContracts\generated\csharp\Contracts\MessagingContracts.cs(385,16): warning CS1573: Parameter 'MessageName' has no matching param tag in the XML comment for 'LoginFailedEvent.LoginFailedEvent(Guid, string, MessageType, string, string, IReadOnlyList<string>, Guid, Guid?, DateTimeOffset, bool, LoginFailedEventPayload)' (but other parameters do) [B:\maliev\Maliev.MessagingContracts\generated\csharp\Maliev.MessagingContracts.csproj]
B:\maliev\Maliev.MessagingContracts\generated\csharp\Contracts\MessagingContracts.cs(386,21): warning CS1573: Parameter 'MessageType' has no matching param tag in the XML comment for 'LoginFailedEvent.LoginFailedEvent(Guid, string, MessageType, string, string, IReadOnlyList<string>, Guid, Guid?, DateTimeOffset, bool, LoginFailedEventPayload)' (but other parameters do) [B:\maliev\Maliev.MessagingContracts\generated\csharp\Maliev.MessagingContracts.csproj]
B:\maliev\Maliev.MessagingContracts\generated\csharp\Contracts\MessagingContracts.cs(387,16): warning CS1573: Parameter 'MessageVersion' has no matching param tag in the XML comment for 'LoginFailedEvent.LoginFailedEvent(Guid, string, MessageType, string, string, IReadOnlyList<string>, Guid, Guid?, DateTimeOffset, bool, LoginFailedEventPayload)' (but other parameters do) [B:\maliev\Maliev.MessagingContracts\generated\csharp\Maliev.MessagingContracts.csproj]
B:\maliev\Maliev.MessagingContracts\generated\csharp\Contracts\MessagingContracts.cs(388,16): warning CS1573: Parameter 'PublishedBy' has no matching param tag in the XML comment for 'LoginFailedEvent.LoginFailedEvent(Guid, string, MessageType, string, string, IReadOnlyList<string>, Guid, Guid?, DateTimeOffset, bool, LoginFailedEventPayload)' (but other parameters do) [B:\maliev\Maliev.MessagingContracts\generated\csharp\Maliev.MessagingContracts.csproj]
B:\maliev\Maliev.MessagingContracts\generated\csharp\Contracts\MessagingContracts.cs(389,58): warning CS1573: Parameter 'ConsumedBy' has no matching param tag in the XML comment for 'LoginFailedEvent.LoginFailedEvent(Guid, string, MessageType, string, string, IReadOnlyList<string>, Guid, Guid?, DateTimeOffset, bool, LoginFailedEventPayload)' (but other parameters do) [B:\maliev\Maliev.MessagingContracts\generated\csharp\Maliev.MessagingContracts.csproj]
B:\maliev\Maliev.MessagingContracts\generated\csharp\Contracts\MessagingContracts.cs(390,21): warning CS1573: Parameter 'CorrelationId' has no matching param tag in the XML comment for 'LoginFailedEvent.LoginFailedEvent(Guid, string, MessageType, string, string, IReadOnlyList<string>, Guid, Guid?, DateTimeOffset, bool, LoginFailedEventPayload)' (but other parameters do) [B:\maliev\Maliev.MessagingContracts\generated\csharp\Maliev.MessagingContracts.csproj]
B:\maliev\Maliev.MessagingContracts\generated\csharp\Contracts\MessagingContracts.cs(391,22): warning CS1573: Parameter 'CausationId' has no matching param tag in the XML comment for 'LoginFailedEvent.LoginFailedEvent(Guid, string, MessageType, string, string, IReadOnlyList<string>, Guid, Guid?, DateTimeOffset, bool, LoginFailedEventPayload)' (but other parameters do) [B:\maliev\Maliev.MessagingContracts\generated\csharp\Maliev.MessagingContracts.csproj]
B:\maliev\Maliev.MessagingContracts\generated\csharp\Contracts\MessagingContracts.cs(392,31): warning CS1573: Parameter 'OccurredAtUtc' has no matching param tag in the XML comment for 'LoginFailedEvent.LoginFailedEvent(Guid, string, MessageType, string, string, IReadOnlyList<string>, Guid, Guid?, DateTimeOffset, bool, LoginFailedEventPayload)' (but other parameters do) [B:\maliev\Maliev.MessagingContracts\generated\csharp\Maliev.MessagingContracts.csproj]
B:\maliev\Maliev.MessagingContracts\generated\csharp\Contracts\MessagingContracts.cs(393,14): warning CS1573: Parameter 'IsPublic' has no matching param tag in the XML comment for 'LoginFailedEvent.LoginFailedEvent(Guid, string, MessageType, string, string, IReadOnlyList<string>, Guid, Guid?, DateTimeOffset, bool, LoginFailedEventPayload)' (but other parameters do) [B:\maliev\Maliev.MessagingContracts\generated\csharp\Maliev.MessagingContracts.csproj]
B:\maliev\Maliev.MessagingContracts\generated\csharp\Contracts\MessagingContracts.cs(408,57): warning CS1573: Parameter 'UserType' has no matching param tag in the XML comment for 'UserAccountLockedEventPayload.UserAccountLockedEventPayload(string, string, int, DateTimeOffset, DateTimeOffset)' (but other parameters do) [B:\maliev\Maliev.MessagingContracts\generated\csharp\Maliev.MessagingContracts.csproj]
B:\maliev\Maliev.MessagingContracts\generated\csharp\Contracts\MessagingContracts.cs(409,64): warning CS1573: Parameter 'FailedAttemptCount' has no matching param tag in the XML comment for 'UserAccountLockedEventPayload.UserAccountLockedEventPayload(string, string, int, DateTimeOffset, DateTimeOffset)' (but other parameters do) [B:\maliev\Maliev.MessagingContracts\generated\csharp\Maliev.MessagingContracts.csproj]
B:\maliev\Maliev.MessagingContracts\generated\csharp\Contracts\MessagingContracts.cs(410,75): warning CS1573: Parameter 'LockedUntil' has no matching param tag in the XML comment for 'UserAccountLockedEventPayload.UserAccountLockedEventPayload(string, string, int, DateTimeOffset, DateTimeOffset)' (but other parameters do) [B:\maliev\Maliev.MessagingContracts\generated\csharp\Maliev.MessagingContracts.csproj]
B:\maliev\Maliev.MessagingContracts\generated\csharp\Contracts\MessagingContracts.cs(411,72): warning CS1573: Parameter 'LockedAt' has no matching param tag in the XML comment for 'UserAccountLockedEventPayload.UserAccountLockedEventPayload(string, string, int, DateTimeOffset, DateTimeOffset)' (but other parameters do) [B:\maliev\Maliev.MessagingContracts\generated\csharp\Maliev.MessagingContracts.csproj]
B:\maliev\Maliev.MessagingContracts\generated\csharp\Contracts\MessagingContracts.cs(423,21): warning CS1573: Parameter 'MessageId' has no matching param tag in the XML comment for 'UserAccountLockedEvent.UserAccountLockedEvent(Guid, string, MessageType, string, string, IReadOnlyList<string>, Guid, Guid?, DateTimeOffset, bool, UserAccountLockedEventPayload)' (but other parameters do) [B:\maliev\Maliev.MessagingContracts\generated\csharp\Maliev.MessagingContracts.csproj]
B:\maliev\Maliev.MessagingContracts\generated\csharp\Contracts\MessagingContracts.cs(424,16): warning CS1573: Parameter 'MessageName' has no matching param tag in the XML comment for 'UserAccountLockedEvent.UserAccountLockedEvent(Guid, string, MessageType, string, string, IReadOnlyList<string>, Guid, Guid?, DateTimeOffset, bool, UserAccountLockedEventPayload)' (but other parameters do) [B:\maliev\Maliev.MessagingContracts\generated\csharp\Maliev.MessagingContracts.csproj]
B:\maliev\Maliev.MessagingContracts\generated\csharp\Contracts\MessagingContracts.cs(425,21): warning CS1573: Parameter 'MessageType' has no matching param tag in the XML comment for 'UserAccountLockedEvent.UserAccountLockedEvent(Guid, string, MessageType, string, string, IReadOnlyList<string>, Guid, Guid?, DateTimeOffset, bool, UserAccountLockedEventPayload)' (but other parameters do) [B:\maliev\Maliev.MessagingContracts\generated\csharp\Maliev.MessagingContracts.csproj]
B:\maliev\Maliev.MessagingContracts\generated\csharp\Contracts\MessagingContracts.cs(426,16): warning CS1573: Parameter 'MessageVersion' has no matching param tag in the XML comment for 'UserAccountLockedEvent.UserAccountLockedEvent(Guid, string, MessageType, string, string, IReadOnlyList<string>, Guid, Guid?, DateTimeOffset, bool, UserAccountLockedEventPayload)' (but other parameters do) [B:\maliev\Maliev.MessagingContracts\generated\csharp\Maliev.MessagingContracts.csproj]
B:\maliev\Maliev.MessagingContracts\generated\csharp\Contracts\MessagingContracts.cs(427,16): warning CS1573: Parameter 'PublishedBy' has no matching param tag in the XML comment for 'UserAccountLockedEvent.UserAccountLockedEvent(Guid, string, MessageType, string, string, IReadOnlyList<string>, Guid, Guid?, DateTimeOffset, bool, UserAccountLockedEventPayload)' (but other parameters do) [B:\maliev\Maliev.MessagingContracts\generated\csharp\Maliev.MessagingContracts.csproj]
B:\maliev\Maliev.MessagingContracts\generated\csharp\Contracts\MessagingContracts.cs(428,58): warning CS1573: Parameter 'ConsumedBy' has no matching param tag in the XML comment for 'UserAccountLockedEvent.UserAccountLockedEvent(Guid, string, MessageType, string, string, IReadOnlyList<string>, Guid, Guid?, DateTimeOffset, bool, UserAccountLockedEventPayload)' (but other parameters do) [B:\maliev\Maliev.MessagingContracts\generated\csharp\Maliev.MessagingContracts.csproj]
B:\maliev\Maliev.MessagingContracts\generated\csharp\Contracts\MessagingContracts.cs(429,21): warning CS1573: Parameter 'CorrelationId' has no matching param tag in the XML comment for 'UserAccountLockedEvent.UserAccountLockedEvent(Guid, string, MessageType, string, string, IReadOnlyList<string>, Guid, Guid?, DateTimeOffset, bool, UserAccountLockedEventPayload)' (but other parameters do) [B:\maliev\Maliev.MessagingContracts\generated\csharp\Maliev.MessagingContracts.csproj]
B:\maliev\Maliev.MessagingContracts\generated\csharp\Contracts\MessagingContracts.cs(430,22): warning CS1573: Parameter 'CausationId' has no matching param tag in the XML comment for 'UserAccountLockedEvent.UserAccountLockedEvent(Guid, string, MessageType, string, string, IReadOnlyList<string>, Guid, Guid?, DateTimeOffset, bool, UserAccountLockedEventPayload)' (but other parameters do) [B:\maliev\Maliev.MessagingContracts\generated\csharp\Maliev.MessagingContracts.csproj]
B:\maliev\Maliev.MessagingContracts\generated\csharp\Contracts\MessagingContracts.cs(431,31): warning CS1573: Parameter 'OccurredAtUtc' has no matching param tag in the XML comment for 'UserAccountLockedEvent.UserAccountLockedEvent(Guid, string, MessageType, string, string, IReadOnlyList<string>, Guid, Guid?, DateTimeOffset, bool, UserAccountLockedEventPayload)' (but other parameters do) [B:\maliev\Maliev.MessagingContracts\generated\csharp\Maliev.MessagingContracts.csproj]
B:\maliev\Maliev.MessagingContracts\generated\csharp\Contracts\MessagingContracts.cs(432,14): warning CS1573: Parameter 'IsPublic' has no matching param tag in the XML comment for 'UserAccountLockedEvent.UserAccountLockedEvent(Guid, string, MessageType, string, string, IReadOnlyList<string>, Guid, Guid?, DateTimeOffset, bool, UserAccountLockedEventPayload)' (but other parameters do) [B:\maliev\Maliev.MessagingContracts\generated\csharp\Maliev.MessagingContracts.csproj]
B:\maliev\Maliev.MessagingContracts\generated\csharp\Contracts\MessagingContracts.cs(448,57): warning CS1573: Parameter 'UserType' has no matching param tag in the XML comment for 'RefreshTokenRevokedEventPayload.RefreshTokenRevokedEventPayload(string, string, string, string, DateTimeOffset)' (but other parameters do) [B:\maliev\Maliev.MessagingContracts\generated\csharp\Maliev.MessagingContracts.csproj]
B:\maliev\Maliev.MessagingContracts\generated\csharp\Contracts\MessagingContracts.cs(450,65): warning CS1573: Parameter 'RevocationReason' has no matching param tag in the XML comment for 'RefreshTokenRevokedEventPayload.RefreshTokenRevokedEventPayload(string, string, string, string, DateTimeOffset)' (but other parameters do) [B:\maliev\Maliev.MessagingContracts\generated\csharp\Maliev.MessagingContracts.csproj]
B:\maliev\Maliev.MessagingContracts\generated\csharp\Contracts\MessagingContracts.cs(451,73): warning CS1573: Parameter 'RevokedAt' has no matching param tag in the XML comment for 'RefreshTokenRevokedEventPayload.RefreshTokenRevokedEventPayload(string, string, string, string, DateTimeOffset)' (but other parameters do) [B:\maliev\Maliev.MessagingContracts\generated\csharp\Maliev.MessagingContracts.csproj]
B:\maliev\Maliev.MessagingContracts\generated\csharp\Contracts\MessagingContracts.cs(463,21): warning CS1573: Parameter 'MessageId' has no matching param tag in the XML comment for 'RefreshTokenRevokedEvent.RefreshTokenRevokedEvent(Guid, string, MessageType, string, string, IReadOnlyList<string>, Guid, Guid?, DateTimeOffset, bool, RefreshTokenRevokedEventPayload)' (but other parameters do) [B:\maliev\Maliev.MessagingContracts\generated\csharp\Maliev.MessagingContracts.csproj]
B:\maliev\Maliev.MessagingContracts\generated\csharp\Contracts\MessagingContracts.cs(464,16): warning CS1573: Parameter 'MessageName' has no matching param tag in the XML comment for 'RefreshTokenRevokedEvent.RefreshTokenRevokedEvent(Guid, string, MessageType, string, string, IReadOnlyList<string>, Guid, Guid?, DateTimeOffset, bool, RefreshTokenRevokedEventPayload)' (but other parameters do) [B:\maliev\Maliev.MessagingContracts\generated\csharp\Maliev.MessagingContracts.csproj]
B:\maliev\Maliev.MessagingContracts\generated\csharp\Contracts\MessagingContracts.cs(465,21): warning CS1573: Parameter 'MessageType' has no matching param tag in the XML comment for 'RefreshTokenRevokedEvent.RefreshTokenRevokedEvent(Guid, string, MessageType, string, string, IReadOnlyList<string>, Guid, Guid?, DateTimeOffset, bool, RefreshTokenRevokedEventPayload)' (but other parameters do) [B:\maliev\Maliev.MessagingContracts\generated\csharp\Maliev.MessagingContracts.csproj]
B:\maliev\Maliev.MessagingContracts\generated\csharp\Contracts\MessagingContracts.cs(466,16): warning CS1573: Parameter 'MessageVersion' has no matching param tag in the XML comment for 'RefreshTokenRevokedEvent.RefreshTokenRevokedEvent(Guid, string, MessageType, string, string, IReadOnlyList<string>, Guid, Guid?, DateTimeOffset, bool, RefreshTokenRevokedEventPayload)' (but other parameters do) [B:\maliev\Maliev.MessagingContracts\generated\csharp\Maliev.MessagingContracts.csproj]
B:\maliev\Maliev.MessagingContracts\generated\csharp\Contracts\MessagingContracts.cs(467,16): warning CS1573: Parameter 'PublishedBy' has no matching param tag in the XML comment for 'RefreshTokenRevokedEvent.RefreshTokenRevokedEvent(Guid, string, MessageType, string, string, IReadOnlyList<string>, Guid, Guid?, DateTimeOffset, bool, RefreshTokenRevokedEventPayload)' (but other parameters do) [B:\maliev\Maliev.MessagingContracts\generated\csharp\Maliev.MessagingContracts.csproj]
B:\maliev\Maliev.MessagingContracts\generated\csharp\Contracts\MessagingContracts.cs(468,58): warning CS1573: Parameter 'ConsumedBy' has no matching param tag in the XML comment for 'RefreshTokenRevokedEvent.RefreshTokenRevokedEvent(Guid, string, MessageType, string, string, IReadOnlyList<string>, Guid, Guid?, DateTimeOffset, bool, RefreshTokenRevokedEventPayload)' (but other parameters do) [B:\maliev\Maliev.MessagingContracts\generated\csharp\Maliev.MessagingContracts.csproj]
B:\maliev\Maliev.MessagingContracts\generated\csharp\Contracts\MessagingContracts.cs(469,21): warning CS1573: Parameter 'CorrelationId' has no matching param tag in the XML comment for 'RefreshTokenRevokedEvent.RefreshTokenRevokedEvent(Guid, string, MessageType, string, string, IReadOnlyList<string>, Guid, Guid?, DateTimeOffset, bool, RefreshTokenRevokedEventPayload)' (but other parameters do) [B:\maliev\Maliev.MessagingContracts\generated\csharp\Maliev.MessagingContracts.csproj]
B:\maliev\Maliev.MessagingContracts\generated\csharp\Contracts\MessagingContracts.cs(470,22): warning CS1573: Parameter 'CausationId' has no matching param tag in the XML comment for 'RefreshTokenRevokedEvent.RefreshTokenRevokedEvent(Guid, string, MessageType, string, string, IReadOnlyList<string>, Guid, Guid?, DateTimeOffset, bool, RefreshTokenRevokedEventPayload)' (but other parameters do) [B:\maliev\Maliev.MessagingContracts\generated\csharp\Maliev.MessagingContracts.csproj]
B:\maliev\Maliev.MessagingContracts\generated\csharp\Contracts\MessagingContracts.cs(471,31): warning CS1573: Parameter 'OccurredAtUtc' has no matching param tag in the XML comment for 'RefreshTokenRevokedEvent.RefreshTokenRevokedEvent(Guid, string, MessageType, string, string, IReadOnlyList<string>, Guid, Guid?, DateTimeOffset, bool, RefreshTokenRevokedEventPayload)' (but other parameters do) [B:\maliev\Maliev.MessagingContracts\generated\csharp\Maliev.MessagingContracts.csproj]
B:\maliev\Maliev.MessagingContracts\generated\csharp\Contracts\MessagingContracts.cs(472,14): warning CS1573: Parameter 'IsPublic' has no matching param tag in the XML comment for 'RefreshTokenRevokedEvent.RefreshTokenRevokedEvent(Guid, string, MessageType, string, string, IReadOnlyList<string>, Guid, Guid?, DateTimeOffset, bool, RefreshTokenRevokedEventPayload)' (but other parameters do) [B:\maliev\Maliev.MessagingContracts\generated\csharp\Maliev.MessagingContracts.csproj]
B:\maliev\Maliev.MessagingContracts\generated\csharp\Contracts\MessagingContracts.cs(495,74): warning CS1573: Parameter 'DetectedAt' has no matching param tag in the XML comment for 'SuspiciousActivityDetectedEventPayload.SuspiciousActivityDetectedEventPayload(string?, string?, string, string?, string?, DateTimeOffset)' (but other parameters do) [B:\maliev\Maliev.MessagingContracts\generated\csharp\Maliev.MessagingContracts.csproj]
B:\maliev\Maliev.MessagingContracts\generated\csharp\Contracts\MessagingContracts.cs(507,21): warning CS1573: Parameter 'MessageId' has no matching param tag in the XML comment for 'SuspiciousActivityDetectedEvent.SuspiciousActivityDetectedEvent(Guid, string, MessageType, string, string, IReadOnlyList<string>, Guid, Guid?, DateTimeOffset, bool, SuspiciousActivityDetectedEventPayload)' (but other parameters do) [B:\maliev\Maliev.MessagingContracts\generated\csharp\Maliev.MessagingContracts.csproj]
B:\maliev\Maliev.MessagingContracts\generated\csharp\Contracts\MessagingContracts.cs(508,16): warning CS1573: Parameter 'MessageName' has no matching param tag in the XML comment for 'SuspiciousActivityDetectedEvent.SuspiciousActivityDetectedEvent(Guid, string, MessageType, string, string, IReadOnlyList<string>, Guid, Guid?, DateTimeOffset, bool, SuspiciousActivityDetectedEventPayload)' (but other parameters do) [B:\maliev\Maliev.MessagingContracts\generated\csharp\Maliev.MessagingContracts.csproj]
B:\maliev\Maliev.MessagingContracts\generated\csharp\Contracts\MessagingContracts.cs(509,21): warning CS1573: Parameter 'MessageType' has no matching param tag in the XML comment for 'SuspiciousActivityDetectedEvent.SuspiciousActivityDetectedEvent(Guid, string, MessageType, string, string, IReadOnlyList<string>, Guid, Guid?, DateTimeOffset, bool, SuspiciousActivityDetectedEventPayload)' (but other parameters do) [B:\maliev\Maliev.MessagingContracts\generated\csharp\Maliev.MessagingContracts.csproj]
B:\maliev\Maliev.MessagingContracts\generated\csharp\Contracts\MessagingContracts.cs(510,16): warning CS1573: Parameter 'MessageVersion' has no matching param tag in the XML comment for 'SuspiciousActivityDetectedEvent.SuspiciousActivityDetectedEvent(Guid, string, MessageType, string, string, IReadOnlyList<string>, Guid, Guid?, DateTimeOffset, bool, SuspiciousActivityDetectedEventPayload)' (but other parameters do) [B:\maliev\Maliev.MessagingContracts\generated\csharp\Maliev.MessagingContracts.csproj]
B:\maliev\Maliev.MessagingContracts\generated\csharp\Contracts\MessagingContracts.cs(511,16): warning CS1573: Parameter 'PublishedBy' has no matching param tag in the XML comment for 'SuspiciousActivityDetectedEvent.SuspiciousActivityDetectedEvent(Guid, string, MessageType, string, string, IReadOnlyList<string>, Guid, Guid?, DateTimeOffset, bool, SuspiciousActivityDetectedEventPayload)' (but other parameters do) [B:\maliev\Maliev.MessagingContracts\generated\csharp\Maliev.MessagingContracts.csproj]
B:\maliev\Maliev.MessagingContracts\generated\csharp\Contracts\MessagingContracts.cs(512,58): warning CS1573: Parameter 'ConsumedBy' has no matching param tag in the XML comment for 'SuspiciousActivityDetectedEvent.SuspiciousActivityDetectedEvent(Guid, string, MessageType, string, string, IReadOnlyList<string>, Guid, Guid?, DateTimeOffset, bool, SuspiciousActivityDetectedEventPayload)' (but other parameters do) [B:\maliev\Maliev.MessagingContracts\generated\csharp\Maliev.MessagingContracts.csproj]
B:\maliev\Maliev.MessagingContracts\generated\csharp\Contracts\MessagingContracts.cs(513,21): warning CS1573: Parameter 'CorrelationId' has no matching param tag in the XML comment for 'SuspiciousActivityDetectedEvent.SuspiciousActivityDetectedEvent(Guid, string, MessageType, string, string, IReadOnlyList<string>, Guid, Guid?, DateTimeOffset, bool, SuspiciousActivityDetectedEventPayload)' (but other parameters do) [B:\maliev\Maliev.MessagingContracts\generated\csharp\Maliev.MessagingContracts.csproj]
B:\maliev\Maliev.MessagingContracts\generated\csharp\Contracts\MessagingContracts.cs(514,22): warning CS1573: Parameter 'CausationId' has no matching param tag in the XML comment for 'SuspiciousActivityDetectedEvent.SuspiciousActivityDetectedEvent(Guid, string, MessageType, string, string, IReadOnlyList<string>, Guid, Guid?, DateTimeOffset, bool, SuspiciousActivityDetectedEventPayload)' (but other parameters do) [B:\maliev\Maliev.MessagingContracts\generated\csharp\Maliev.MessagingContracts.csproj]
B:\maliev\Maliev.MessagingContracts\generated\csharp\Contracts\MessagingContracts.cs(515,31): warning CS1573: Parameter 'OccurredAtUtc' has no matching param tag in the XML comment for 'SuspiciousActivityDetectedEvent.SuspiciousActivityDetectedEvent(Guid, string, MessageType, string, string, IReadOnlyList<string>, Guid, Guid?, DateTimeOffset, bool, SuspiciousActivityDetectedEventPayload)' (but other parameters do) [B:\maliev\Maliev.MessagingContracts\generated\csharp\Maliev.MessagingContracts.csproj]
B:\maliev\Maliev.MessagingContracts\generated\csharp\Contracts\MessagingContracts.cs(516,14): warning CS1573: Parameter 'IsPublic' has no matching param tag in the XML comment for 'SuspiciousActivityDetectedEvent.SuspiciousActivityDetectedEvent(Guid, string, MessageType, string, string, IReadOnlyList<string>, Guid, Guid?, DateTimeOffset, bool, SuspiciousActivityDetectedEventPayload)' (but other parameters do) [B:\maliev\Maliev.MessagingContracts\generated\csharp\Maliev.MessagingContracts.csproj]
B:\maliev\Maliev.MessagingContracts\generated\csharp\Contracts\MessagingContracts.cs(533,73): warning CS1573: Parameter 'RevokedAt' has no matching param tag in the XML comment for 'AccessTokenRevokedEventPayload.AccessTokenRevokedEventPayload(string, string, DateTimeOffset)' (but other parameters do) [B:\maliev\Maliev.MessagingContracts\generated\csharp\Maliev.MessagingContracts.csproj]
B:\maliev\Maliev.MessagingContracts\generated\csharp\Contracts\MessagingContracts.cs(545,21): warning CS1573: Parameter 'MessageId' has no matching param tag in the XML comment for 'AccessTokenRevokedEvent.AccessTokenRevokedEvent(Guid, string, MessageType, string, string, IReadOnlyList<string>, Guid, Guid?, DateTimeOffset, bool, AccessTokenRevokedEventPayload)' (but other parameters do) [B:\maliev\Maliev.MessagingContracts\generated\csharp\Maliev.MessagingContracts.csproj]
B:\maliev\Maliev.MessagingContracts\generated\csharp\Contracts\MessagingContracts.cs(546,16): warning CS1573: Parameter 'MessageName' has no matching param tag in the XML comment for 'AccessTokenRevokedEvent.AccessTokenRevokedEvent(Guid, string, MessageType, string, string, IReadOnlyList<string>, Guid, Guid?, DateTimeOffset, bool, AccessTokenRevokedEventPayload)' (but other parameters do) [B:\maliev\Maliev.MessagingContracts\generated\csharp\Maliev.MessagingContracts.csproj]
B:\maliev\Maliev.MessagingContracts\generated\csharp\Contracts\MessagingContracts.cs(547,21): warning CS1573: Parameter 'MessageType' has no matching param tag in the XML comment for 'AccessTokenRevokedEvent.AccessTokenRevokedEvent(Guid, string, MessageType, string, string, IReadOnlyList<string>, Guid, Guid?, DateTimeOffset, bool, AccessTokenRevokedEventPayload)' (but other parameters do) [B:\maliev\Maliev.MessagingContracts\generated\csharp\Maliev.MessagingContracts.csproj]
B:\maliev\Maliev.MessagingContracts\generated\csharp\Contracts\MessagingContracts.cs(548,16): warning CS1573: Parameter 'MessageVersion' has no matching param tag in the XML comment for 'AccessTokenRevokedEvent.AccessTokenRevokedEvent(Guid, string, MessageType, string, string, IReadOnlyList<string>, Guid, Guid?, DateTimeOffset, bool, AccessTokenRevokedEventPayload)' (but other parameters do) [B:\maliev\Maliev.MessagingContracts\generated\csharp\Maliev.MessagingContracts.csproj]
B:\maliev\Maliev.MessagingContracts\generated\csharp\Contracts\MessagingContracts.cs(549,16): warning CS1573: Parameter 'PublishedBy' has no matching param tag in the XML comment for 'AccessTokenRevokedEvent.AccessTokenRevokedEvent(Guid, string, MessageType, string, string, IReadOnlyList<string>, Guid, Guid?, DateTimeOffset, bool, AccessTokenRevokedEventPayload)' (but other parameters do) [B:\maliev\Maliev.MessagingContracts\generated\csharp\Maliev.MessagingContracts.csproj]
B:\maliev\Maliev.MessagingContracts\generated\csharp\Contracts\MessagingContracts.cs(550,58): warning CS1573: Parameter 'ConsumedBy' has no matching param tag in the XML comment for 'AccessTokenRevokedEvent.AccessTokenRevokedEvent(Guid, string, MessageType, string, string, IReadOnlyList<string>, Guid, Guid?, DateTimeOffset, bool, AccessTokenRevokedEventPayload)' (but other parameters do) [B:\maliev\Maliev.MessagingContracts\generated\csharp\Maliev.MessagingContracts.csproj]
B:\maliev\Maliev.MessagingContracts\generated\csharp\Contracts\MessagingContracts.cs(551,21): warning CS1573: Parameter 'CorrelationId' has no matching param tag in the XML comment for 'AccessTokenRevokedEvent.AccessTokenRevokedEvent(Guid, string, MessageType, string, string, IReadOnlyList<string>, Guid, Guid?, DateTimeOffset, bool, AccessTokenRevokedEventPayload)' (but other parameters do) [B:\maliev\Maliev.MessagingContracts\generated\csharp\Maliev.MessagingContracts.csproj]
B:\maliev\Maliev.MessagingContracts\generated\csharp\Contracts\MessagingContracts.cs(552,22): warning CS1573: Parameter 'CausationId' has no matching param tag in the XML comment for 'AccessTokenRevokedEvent.AccessTokenRevokedEvent(Guid, string, MessageType, string, string, IReadOnlyList<string>, Guid, Guid?, DateTimeOffset, bool, AccessTokenRevokedEventPayload)' (but other parameters do) [B:\maliev\Maliev.MessagingContracts\generated\csharp\Maliev.MessagingContracts.csproj]
B:\maliev\Maliev.MessagingContracts\generated\csharp\Contracts\MessagingContracts.cs(553,31): warning CS1573: Parameter 'OccurredAtUtc' has no matching param tag in the XML comment for 'AccessTokenRevokedEvent.AccessTokenRevokedEvent(Guid, string, MessageType, string, string, IReadOnlyList<string>, Guid, Guid?, DateTimeOffset, bool, AccessTokenRevokedEventPayload)' (but other parameters do) [B:\maliev\Maliev.MessagingContracts\generated\csharp\Maliev.MessagingContracts.csproj]
B:\maliev\Maliev.MessagingContracts\generated\csharp\Contracts\MessagingContracts.cs(554,14): warning CS1573: Parameter 'IsPublic' has no matching param tag in the XML comment for 'AccessTokenRevokedEvent.AccessTokenRevokedEvent(Guid, string, MessageType, string, string, IReadOnlyList<string>, Guid, Guid?, DateTimeOffset, bool, AccessTokenRevokedEventPayload)' (but other parameters do) [B:\maliev\Maliev.MessagingContracts\generated\csharp\Maliev.MessagingContracts.csproj]
B:\maliev\Maliev.MessagingContracts\generated\csharp\Contracts\MessagingContracts.cs(582,21): warning CS1573: Parameter 'MessageId' has no matching param tag in the XML comment for 'TrainingEnrolledEvent.TrainingEnrolledEvent(Guid, string, MessageType, string, string, IReadOnlyList<string>, Guid, Guid?, DateTimeOffset, bool, TrainingEnrolledEventPayload)' (but other parameters do) [B:\maliev\Maliev.MessagingContracts\generated\csharp\Maliev.MessagingContracts.csproj]
B:\maliev\Maliev.MessagingContracts\generated\csharp\Contracts\MessagingContracts.cs(583,16): warning CS1573: Parameter 'MessageName' has no matching param tag in the XML comment for 'TrainingEnrolledEvent.TrainingEnrolledEvent(Guid, string, MessageType, string, string, IReadOnlyList<string>, Guid, Guid?, DateTimeOffset, bool, TrainingEnrolledEventPayload)' (but other parameters do) [B:\maliev\Maliev.MessagingContracts\generated\csharp\Maliev.MessagingContracts.csproj]
B:\maliev\Maliev.MessagingContracts\generated\csharp\Contracts\MessagingContracts.cs(584,21): warning CS1573: Parameter 'MessageType' has no matching param tag in the XML comment for 'TrainingEnrolledEvent.TrainingEnrolledEvent(Guid, string, MessageType, string, string, IReadOnlyList<string>, Guid, Guid?, DateTimeOffset, bool, TrainingEnrolledEventPayload)' (but other parameters do) [B:\maliev\Maliev.MessagingContracts\generated\csharp\Maliev.MessagingContracts.csproj]
B:\maliev\Maliev.MessagingContracts\generated\csharp\Contracts\MessagingContracts.cs(585,16): warning CS1573: Parameter 'MessageVersion' has no matching param tag in the XML comment for 'TrainingEnrolledEvent.TrainingEnrolledEvent(Guid, string, MessageType, string, string, IReadOnlyList<string>, Guid, Guid?, DateTimeOffset, bool, TrainingEnrolledEventPayload)' (but other parameters do) [B:\maliev\Maliev.MessagingContracts\generated\csharp\Maliev.MessagingContracts.csproj]
B:\maliev\Maliev.MessagingContracts\generated\csharp\Contracts\MessagingContracts.cs(586,16): warning CS1573: Parameter 'PublishedBy' has no matching param tag in the XML comment for 'TrainingEnrolledEvent.TrainingEnrolledEvent(Guid, string, MessageType, string, string, IReadOnlyList<string>, Guid, Guid?, DateTimeOffset, bool, TrainingEnrolledEventPayload)' (but other parameters do) [B:\maliev\Maliev.MessagingContracts\generated\csharp\Maliev.MessagingContracts.csproj]
B:\maliev\Maliev.MessagingContracts\generated\csharp\Contracts\MessagingContracts.cs(587,58): warning CS1573: Parameter 'ConsumedBy' has no matching param tag in the XML comment for 'TrainingEnrolledEvent.TrainingEnrolledEvent(Guid, string, MessageType, string, string, IReadOnlyList<string>, Guid, Guid?, DateTimeOffset, bool, TrainingEnrolledEventPayload)' (but other parameters do) [B:\maliev\Maliev.MessagingContracts\generated\csharp\Maliev.MessagingContracts.csproj]
B:\maliev\Maliev.MessagingContracts\generated\csharp\Contracts\MessagingContracts.cs(588,21): warning CS1573: Parameter 'CorrelationId' has no matching param tag in the XML comment for 'TrainingEnrolledEvent.TrainingEnrolledEvent(Guid, string, MessageType, string, string, IReadOnlyList<string>, Guid, Guid?, DateTimeOffset, bool, TrainingEnrolledEventPayload)' (but other parameters do) [B:\maliev\Maliev.MessagingContracts\generated\csharp\Maliev.MessagingContracts.csproj]
B:\maliev\Maliev.MessagingContracts\generated\csharp\Contracts\MessagingContracts.cs(589,22): warning CS1573: Parameter 'CausationId' has no matching param tag in the XML comment for 'TrainingEnrolledEvent.TrainingEnrolledEvent(Guid, string, MessageType, string, string, IReadOnlyList<string>, Guid, Guid?, DateTimeOffset, bool, TrainingEnrolledEventPayload)' (but other parameters do) [B:\maliev\Maliev.MessagingContracts\generated\csharp\Maliev.MessagingContracts.csproj]
B:\maliev\Maliev.MessagingContracts\generated\csharp\Contracts\MessagingContracts.cs(590,31): warning CS1573: Parameter 'OccurredAtUtc' has no matching param tag in the XML comment for 'TrainingEnrolledEvent.TrainingEnrolledEvent(Guid, string, MessageType, string, string, IReadOnlyList<string>, Guid, Guid?, DateTimeOffset, bool, TrainingEnrolledEventPayload)' (but other parameters do) [B:\maliev\Maliev.MessagingContracts\generated\csharp\Maliev.MessagingContracts.csproj]
B:\maliev\Maliev.MessagingContracts\generated\csharp\Contracts\MessagingContracts.cs(591,14): warning CS1573: Parameter 'IsPublic' has no matching param tag in the XML comment for 'TrainingEnrolledEvent.TrainingEnrolledEvent(Guid, string, MessageType, string, string, IReadOnlyList<string>, Guid, Guid?, DateTimeOffset, bool, TrainingEnrolledEventPayload)' (but other parameters do) [B:\maliev\Maliev.MessagingContracts\generated\csharp\Maliev.MessagingContracts.csproj]
B:\maliev\Maliev.MessagingContracts\generated\csharp\Contracts\MessagingContracts.cs(620,21): warning CS1573: Parameter 'MessageId' has no matching param tag in the XML comment for 'TrainingCompletedEvent.TrainingCompletedEvent(Guid, string, MessageType, string, string, IReadOnlyList<string>, Guid, Guid?, DateTimeOffset, bool, TrainingCompletedEventPayload)' (but other parameters do) [B:\maliev\Maliev.MessagingContracts\generated\csharp\Maliev.MessagingContracts.csproj]
B:\maliev\Maliev.MessagingContracts\generated\csharp\Contracts\MessagingContracts.cs(621,16): warning CS1573: Parameter 'MessageName' has no matching param tag in the XML comment for 'TrainingCompletedEvent.TrainingCompletedEvent(Guid, string, MessageType, string, string, IReadOnlyList<string>, Guid, Guid?, DateTimeOffset, bool, TrainingCompletedEventPayload)' (but other parameters do) [B:\maliev\Maliev.MessagingContracts\generated\csharp\Maliev.MessagingContracts.csproj]
B:\maliev\Maliev.MessagingContracts\generated\csharp\Contracts\MessagingContracts.cs(622,21): warning CS1573: Parameter 'MessageType' has no matching param tag in the XML comment for 'TrainingCompletedEvent.TrainingCompletedEvent(Guid, string, MessageType, string, string, IReadOnlyList<string>, Guid, Guid?, DateTimeOffset, bool, TrainingCompletedEventPayload)' (but other parameters do) [B:\maliev\Maliev.MessagingContracts\generated\csharp\Maliev.MessagingContracts.csproj]
B:\maliev\Maliev.MessagingContracts\generated\csharp\Contracts\MessagingContracts.cs(623,16): warning CS1573: Parameter 'MessageVersion' has no matching param tag in the XML comment for 'TrainingCompletedEvent.TrainingCompletedEvent(Guid, string, MessageType, string, string, IReadOnlyList<string>, Guid, Guid?, DateTimeOffset, bool, TrainingCompletedEventPayload)' (but other parameters do) [B:\maliev\Maliev.MessagingContracts\generated\csharp\Maliev.MessagingContracts.csproj]
B:\maliev\Maliev.MessagingContracts\generated\csharp\Contracts\MessagingContracts.cs(624,16): warning CS1573: Parameter 'PublishedBy' has no matching param tag in the XML comment for 'TrainingCompletedEvent.TrainingCompletedEvent(Guid, string, MessageType, string, string, IReadOnlyList<string>, Guid, Guid?, DateTimeOffset, bool, TrainingCompletedEventPayload)' (but other parameters do) [B:\maliev\Maliev.MessagingContracts\generated\csharp\Maliev.MessagingContracts.csproj]
B:\maliev\Maliev.MessagingContracts\generated\csharp\Contracts\MessagingContracts.cs(625,58): warning CS1573: Parameter 'ConsumedBy' has no matching param tag in the XML comment for 'TrainingCompletedEvent.TrainingCompletedEvent(Guid, string, MessageType, string, string, IReadOnlyList<string>, Guid, Guid?, DateTimeOffset, bool, TrainingCompletedEventPayload)' (but other parameters do) [B:\maliev\Maliev.MessagingContracts\generated\csharp\Maliev.MessagingContracts.csproj]
B:\maliev\Maliev.MessagingContracts\generated\csharp\Contracts\MessagingContracts.cs(626,21): warning CS1573: Parameter 'CorrelationId' has no matching param tag in the XML comment for 'TrainingCompletedEvent.TrainingCompletedEvent(Guid, string, MessageType, string, string, IReadOnlyList<string>, Guid, Guid?, DateTimeOffset, bool, TrainingCompletedEventPayload)' (but other parameters do) [B:\maliev\Maliev.MessagingContracts\generated\csharp\Maliev.MessagingContracts.csproj]
B:\maliev\Maliev.MessagingContracts\generated\csharp\Contracts\MessagingContracts.cs(627,22): warning CS1573: Parameter 'CausationId' has no matching param tag in the XML comment for 'TrainingCompletedEvent.TrainingCompletedEvent(Guid, string, MessageType, string, string, IReadOnlyList<string>, Guid, Guid?, DateTimeOffset, bool, TrainingCompletedEventPayload)' (but other parameters do) [B:\maliev\Maliev.MessagingContracts\generated\csharp\Maliev.MessagingContracts.csproj]
B:\maliev\Maliev.MessagingContracts\generated\csharp\Contracts\MessagingContracts.cs(628,31): warning CS1573: Parameter 'OccurredAtUtc' has no matching param tag in the XML comment for 'TrainingCompletedEvent.TrainingCompletedEvent(Guid, string, MessageType, string, string, IReadOnlyList<string>, Guid, Guid?, DateTimeOffset, bool, TrainingCompletedEventPayload)' (but other parameters do) [B:\maliev\Maliev.MessagingContracts\generated\csharp\Maliev.MessagingContracts.csproj]
B:\maliev\Maliev.MessagingContracts\generated\csharp\Contracts\MessagingContracts.cs(629,14): warning CS1573: Parameter 'IsPublic' has no matching param tag in the XML comment for 'TrainingCompletedEvent.TrainingCompletedEvent(Guid, string, MessageType, string, string, IReadOnlyList<string>, Guid, Guid?, DateTimeOffset, bool, TrainingCompletedEventPayload)' (but other parameters do) [B:\maliev\Maliev.MessagingContracts\generated\csharp\Maliev.MessagingContracts.csproj]
B:\maliev\Maliev.MessagingContracts\generated\csharp\Contracts\MessagingContracts.cs(658,21): warning CS1573: Parameter 'MessageId' has no matching param tag in the XML comment for 'CertificationAwardedEvent.CertificationAwardedEvent(Guid, string, MessageType, string, string, IReadOnlyList<string>, Guid, Guid?, DateTimeOffset, bool, CertificationAwardedEventPayload)' (but other parameters do) [B:\maliev\Maliev.MessagingContracts\generated\csharp\Maliev.MessagingContracts.csproj]
B:\maliev\Maliev.MessagingContracts\generated\csharp\Contracts\MessagingContracts.cs(659,16): warning CS1573: Parameter 'MessageName' has no matching param tag in the XML comment for 'CertificationAwardedEvent.CertificationAwardedEvent(Guid, string, MessageType, string, string, IReadOnlyList<string>, Guid, Guid?, DateTimeOffset, bool, CertificationAwardedEventPayload)' (but other parameters do) [B:\maliev\Maliev.MessagingContracts\generated\csharp\Maliev.MessagingContracts.csproj]
B:\maliev\Maliev.MessagingContracts\generated\csharp\Contracts\MessagingContracts.cs(660,21): warning CS1573: Parameter 'MessageType' has no matching param tag in the XML comment for 'CertificationAwardedEvent.CertificationAwardedEvent(Guid, string, MessageType, string, string, IReadOnlyList<string>, Guid, Guid?, DateTimeOffset, bool, CertificationAwardedEventPayload)' (but other parameters do) [B:\maliev\Maliev.MessagingContracts\generated\csharp\Maliev.MessagingContracts.csproj]
B:\maliev\Maliev.MessagingContracts\generated\csharp\Contracts\MessagingContracts.cs(661,16): warning CS1573: Parameter 'MessageVersion' has no matching param tag in the XML comment for 'CertificationAwardedEvent.CertificationAwardedEvent(Guid, string, MessageType, string, string, IReadOnlyList<string>, Guid, Guid?, DateTimeOffset, bool, CertificationAwardedEventPayload)' (but other parameters do) [B:\maliev\Maliev.MessagingContracts\generated\csharp\Maliev.MessagingContracts.csproj]
B:\maliev\Maliev.MessagingContracts\generated\csharp\Contracts\MessagingContracts.cs(662,16): warning CS1573: Parameter 'PublishedBy' has no matching param tag in the XML comment for 'CertificationAwardedEvent.CertificationAwardedEvent(Guid, string, MessageType, string, string, IReadOnlyList<string>, Guid, Guid?, DateTimeOffset, bool, CertificationAwardedEventPayload)' (but other parameters do) [B:\maliev\Maliev.MessagingContracts\generated\csharp\Maliev.MessagingContracts.csproj]
B:\maliev\Maliev.MessagingContracts\generated\csharp\Contracts\MessagingContracts.cs(663,58): warning CS1573: Parameter 'ConsumedBy' has no matching param tag in the XML comment for 'CertificationAwardedEvent.CertificationAwardedEvent(Guid, string, MessageType, string, string, IReadOnlyList<string>, Guid, Guid?, DateTimeOffset, bool, CertificationAwardedEventPayload)' (but other parameters do) [B:\maliev\Maliev.MessagingContracts\generated\csharp\Maliev.MessagingContracts.csproj]
B:\maliev\Maliev.MessagingContracts\generated\csharp\Contracts\MessagingContracts.cs(664,21): warning CS1573: Parameter 'CorrelationId' has no matching param tag in the XML comment for 'CertificationAwardedEvent.CertificationAwardedEvent(Guid, string, MessageType, string, string, IReadOnlyList<string>, Guid, Guid?, DateTimeOffset, bool, CertificationAwardedEventPayload)' (but other parameters do) [B:\maliev\Maliev.MessagingContracts\generated\csharp\Maliev.MessagingContracts.csproj]
B:\maliev\Maliev.MessagingContracts\generated\csharp\Contracts\MessagingContracts.cs(665,22): warning CS1573: Parameter 'CausationId' has no matching param tag in the XML comment for 'CertificationAwardedEvent.CertificationAwardedEvent(Guid, string, MessageType, string, string, IReadOnlyList<string>, Guid, Guid?, DateTimeOffset, bool, CertificationAwardedEventPayload)' (but other parameters do) [B:\maliev\Maliev.MessagingContracts\generated\csharp\Maliev.MessagingContracts.csproj]
B:\maliev\Maliev.MessagingContracts\generated\csharp\Contracts\MessagingContracts.cs(666,31): warning CS1573: Parameter 'OccurredAtUtc' has no matching param tag in the XML comment for 'CertificationAwardedEvent.CertificationAwardedEvent(Guid, string, MessageType, string, string, IReadOnlyList<string>, Guid, Guid?, DateTimeOffset, bool, CertificationAwardedEventPayload)' (but other parameters do) [B:\maliev\Maliev.MessagingContracts\generated\csharp\Maliev.MessagingContracts.csproj]
B:\maliev\Maliev.MessagingContracts\generated\csharp\Contracts\MessagingContracts.cs(667,14): warning CS1573: Parameter 'IsPublic' has no matching param tag in the XML comment for 'CertificationAwardedEvent.CertificationAwardedEvent(Guid, string, MessageType, string, string, IReadOnlyList<string>, Guid, Guid?, DateTimeOffset, bool, CertificationAwardedEventPayload)' (but other parameters do) [B:\maliev\Maliev.MessagingContracts\generated\csharp\Maliev.MessagingContracts.csproj]
B:\maliev\Maliev.MessagingContracts\generated\csharp\Contracts\MessagingContracts.cs(695,21): warning CS1573: Parameter 'MessageId' has no matching param tag in the XML comment for 'CertificationExpiredEvent.CertificationExpiredEvent(Guid, string, MessageType, string, string, IReadOnlyList<string>, Guid, Guid?, DateTimeOffset, bool, CertificationExpiredEventPayload)' (but other parameters do) [B:\maliev\Maliev.MessagingContracts\generated\csharp\Maliev.MessagingContracts.csproj]
B:\maliev\Maliev.MessagingContracts\generated\csharp\Contracts\MessagingContracts.cs(696,16): warning CS1573: Parameter 'MessageName' has no matching param tag in the XML comment for 'CertificationExpiredEvent.CertificationExpiredEvent(Guid, string, MessageType, string, string, IReadOnlyList<string>, Guid, Guid?, DateTimeOffset, bool, CertificationExpiredEventPayload)' (but other parameters do) [B:\maliev\Maliev.MessagingContracts\generated\csharp\Maliev.MessagingContracts.csproj]
B:\maliev\Maliev.MessagingContracts\generated\csharp\Contracts\MessagingContracts.cs(697,21): warning CS1573: Parameter 'MessageType' has no matching param tag in the XML comment for 'CertificationExpiredEvent.CertificationExpiredEvent(Guid, string, MessageType, string, string, IReadOnlyList<string>, Guid, Guid?, DateTimeOffset, bool, CertificationExpiredEventPayload)' (but other parameters do) [B:\maliev\Maliev.MessagingContracts\generated\csharp\Maliev.MessagingContracts.csproj]
B:\maliev\Maliev.MessagingContracts\generated\csharp\Contracts\MessagingContracts.cs(698,16): warning CS1573: Parameter 'MessageVersion' has no matching param tag in the XML comment for 'CertificationExpiredEvent.CertificationExpiredEvent(Guid, string, MessageType, string, string, IReadOnlyList<string>, Guid, Guid?, DateTimeOffset, bool, CertificationExpiredEventPayload)' (but other parameters do) [B:\maliev\Maliev.MessagingContracts\generated\csharp\Maliev.MessagingContracts.csproj]
B:\maliev\Maliev.MessagingContracts\generated\csharp\Contracts\MessagingContracts.cs(699,16): warning CS1573: Parameter 'PublishedBy' has no matching param tag in the XML comment for 'CertificationExpiredEvent.CertificationExpiredEvent(Guid, string, MessageType, string, string, IReadOnlyList<string>, Guid, Guid?, DateTimeOffset, bool, CertificationExpiredEventPayload)' (but other parameters do) [B:\maliev\Maliev.MessagingContracts\generated\csharp\Maliev.MessagingContracts.csproj]
B:\maliev\Maliev.MessagingContracts\generated\csharp\Contracts\MessagingContracts.cs(700,58): warning CS1573: Parameter 'ConsumedBy' has no matching param tag in the XML comment for 'CertificationExpiredEvent.CertificationExpiredEvent(Guid, string, MessageType, string, string, IReadOnlyList<string>, Guid, Guid?, DateTimeOffset, bool, CertificationExpiredEventPayload)' (but other parameters do) [B:\maliev\Maliev.MessagingContracts\generated\csharp\Maliev.MessagingContracts.csproj]
B:\maliev\Maliev.MessagingContracts\generated\csharp\Contracts\MessagingContracts.cs(701,21): warning CS1573: Parameter 'CorrelationId' has no matching param tag in the XML comment for 'CertificationExpiredEvent.CertificationExpiredEvent(Guid, string, MessageType, string, string, IReadOnlyList<string>, Guid, Guid?, DateTimeOffset, bool, CertificationExpiredEventPayload)' (but other parameters do) [B:\maliev\Maliev.MessagingContracts\generated\csharp\Maliev.MessagingContracts.csproj]
B:\maliev\Maliev.MessagingContracts\generated\csharp\Contracts\MessagingContracts.cs(702,22): warning CS1573: Parameter 'CausationId' has no matching param tag in the XML comment for 'CertificationExpiredEvent.CertificationExpiredEvent(Guid, string, MessageType, string, string, IReadOnlyList<string>, Guid, Guid?, DateTimeOffset, bool, CertificationExpiredEventPayload)' (but other parameters do) [B:\maliev\Maliev.MessagingContracts\generated\csharp\Maliev.MessagingContracts.csproj]
B:\maliev\Maliev.MessagingContracts\generated\csharp\Contracts\MessagingContracts.cs(703,31): warning CS1573: Parameter 'OccurredAtUtc' has no matching param tag in the XML comment for 'CertificationExpiredEvent.CertificationExpiredEvent(Guid, string, MessageType, string, string, IReadOnlyList<string>, Guid, Guid?, DateTimeOffset, bool, CertificationExpiredEventPayload)' (but other parameters do) [B:\maliev\Maliev.MessagingContracts\generated\csharp\Maliev.MessagingContracts.csproj]
B:\maliev\Maliev.MessagingContracts\generated\csharp\Contracts\MessagingContracts.cs(704,14): warning CS1573: Parameter 'IsPublic' has no matching param tag in the XML comment for 'CertificationExpiredEvent.CertificationExpiredEvent(Guid, string, MessageType, string, string, IReadOnlyList<string>, Guid, Guid?, DateTimeOffset, bool, CertificationExpiredEventPayload)' (but other parameters do) [B:\maliev\Maliev.MessagingContracts\generated\csharp\Maliev.MessagingContracts.csproj]
B:\maliev\Maliev.MessagingContracts\generated\csharp\Contracts\MessagingContracts.cs(733,21): warning CS1573: Parameter 'MessageId' has no matching param tag in the XML comment for 'MandatoryTrainingOverdueEvent.MandatoryTrainingOverdueEvent(Guid, string, MessageType, string, string, IReadOnlyList<string>, Guid, Guid?, DateTimeOffset, bool, MandatoryTrainingOverdueEventPayload)' (but other parameters do) [B:\maliev\Maliev.MessagingContracts\generated\csharp\Maliev.MessagingContracts.csproj]
B:\maliev\Maliev.MessagingContracts\generated\csharp\Contracts\MessagingContracts.cs(734,16): warning CS1573: Parameter 'MessageName' has no matching param tag in the XML comment for 'MandatoryTrainingOverdueEvent.MandatoryTrainingOverdueEvent(Guid, string, MessageType, string, string, IReadOnlyList<string>, Guid, Guid?, DateTimeOffset, bool, MandatoryTrainingOverdueEventPayload)' (but other parameters do) [B:\maliev\Maliev.MessagingContracts\generated\csharp\Maliev.MessagingContracts.csproj]
B:\maliev\Maliev.MessagingContracts\generated\csharp\Contracts\MessagingContracts.cs(735,21): warning CS1573: Parameter 'MessageType' has no matching param tag in the XML comment for 'MandatoryTrainingOverdueEvent.MandatoryTrainingOverdueEvent(Guid, string, MessageType, string, string, IReadOnlyList<string>, Guid, Guid?, DateTimeOffset, bool, MandatoryTrainingOverdueEventPayload)' (but other parameters do) [B:\maliev\Maliev.MessagingContracts\generated\csharp\Maliev.MessagingContracts.csproj]
B:\maliev\Maliev.MessagingContracts\generated\csharp\Contracts\MessagingContracts.cs(736,16): warning CS1573: Parameter 'MessageVersion' has no matching param tag in the XML comment for 'MandatoryTrainingOverdueEvent.MandatoryTrainingOverdueEvent(Guid, string, MessageType, string, string, IReadOnlyList<string>, Guid, Guid?, DateTimeOffset, bool, MandatoryTrainingOverdueEventPayload)' (but other parameters do) [B:\maliev\Maliev.MessagingContracts\generated\csharp\Maliev.MessagingContracts.csproj]
B:\maliev\Maliev.MessagingContracts\generated\csharp\Contracts\MessagingContracts.cs(737,16): warning CS1573: Parameter 'PublishedBy' has no matching param tag in the XML comment for 'MandatoryTrainingOverdueEvent.MandatoryTrainingOverdueEvent(Guid, string, MessageType, string, string, IReadOnlyList<string>, Guid, Guid?, DateTimeOffset, bool, MandatoryTrainingOverdueEventPayload)' (but other parameters do) [B:\maliev\Maliev.MessagingContracts\generated\csharp\Maliev.MessagingContracts.csproj]
B:\maliev\Maliev.MessagingContracts\generated\csharp\Contracts\MessagingContracts.cs(738,58): warning CS1573: Parameter 'ConsumedBy' has no matching param tag in the XML comment for 'MandatoryTrainingOverdueEvent.MandatoryTrainingOverdueEvent(Guid, string, MessageType, string, string, IReadOnlyList<string>, Guid, Guid?, DateTimeOffset, bool, MandatoryTrainingOverdueEventPayload)' (but other parameters do) [B:\maliev\Maliev.MessagingContracts\generated\csharp\Maliev.MessagingContracts.csproj]
B:\maliev\Maliev.MessagingContracts\generated\csharp\Contracts\MessagingContracts.cs(739,21): warning CS1573: Parameter 'CorrelationId' has no matching param tag in the XML comment for 'MandatoryTrainingOverdueEvent.MandatoryTrainingOverdueEvent(Guid, string, MessageType, string, string, IReadOnlyList<string>, Guid, Guid?, DateTimeOffset, bool, MandatoryTrainingOverdueEventPayload)' (but other parameters do) [B:\maliev\Maliev.MessagingContracts\generated\csharp\Maliev.MessagingContracts.csproj]
B:\maliev\Maliev.MessagingContracts\generated\csharp\Contracts\MessagingContracts.cs(740,22): warning CS1573: Parameter 'CausationId' has no matching param tag in the XML comment for 'MandatoryTrainingOverdueEvent.MandatoryTrainingOverdueEvent(Guid, string, MessageType, string, string, IReadOnlyList<string>, Guid, Guid?, DateTimeOffset, bool, MandatoryTrainingOverdueEventPayload)' (but other parameters do) [B:\maliev\Maliev.MessagingContracts\generated\csharp\Maliev.MessagingContracts.csproj]
B:\maliev\Maliev.MessagingContracts\generated\csharp\Contracts\MessagingContracts.cs(741,31): warning CS1573: Parameter 'OccurredAtUtc' has no matching param tag in the XML comment for 'MandatoryTrainingOverdueEvent.MandatoryTrainingOverdueEvent(Guid, string, MessageType, string, string, IReadOnlyList<string>, Guid, Guid?, DateTimeOffset, bool, MandatoryTrainingOverdueEventPayload)' (but other parameters do) [B:\maliev\Maliev.MessagingContracts\generated\csharp\Maliev.MessagingContracts.csproj]
B:\maliev\Maliev.MessagingContracts\generated\csharp\Contracts\MessagingContracts.cs(742,14): warning CS1573: Parameter 'IsPublic' has no matching param tag in the XML comment for 'MandatoryTrainingOverdueEvent.MandatoryTrainingOverdueEvent(Guid, string, MessageType, string, string, IReadOnlyList<string>, Guid, Guid?, DateTimeOffset, bool, MandatoryTrainingOverdueEventPayload)' (but other parameters do) [B:\maliev\Maliev.MessagingContracts\generated\csharp\Maliev.MessagingContracts.csproj]
B:\maliev\Maliev.MessagingContracts\generated\csharp\Contracts\MessagingContracts.cs(771,21): warning CS1573: Parameter 'MessageId' has no matching param tag in the XML comment for 'CertificationExpiringEvent.CertificationExpiringEvent(Guid, string, MessageType, string, string, IReadOnlyList<string>, Guid, Guid?, DateTimeOffset, bool, CertificationExpiringEventPayload)' (but other parameters do) [B:\maliev\Maliev.MessagingContracts\generated\csharp\Maliev.MessagingContracts.csproj]
B:\maliev\Maliev.MessagingContracts\generated\csharp\Contracts\MessagingContracts.cs(772,16): warning CS1573: Parameter 'MessageName' has no matching param tag in the XML comment for 'CertificationExpiringEvent.CertificationExpiringEvent(Guid, string, MessageType, string, string, IReadOnlyList<string>, Guid, Guid?, DateTimeOffset, bool, CertificationExpiringEventPayload)' (but other parameters do) [B:\maliev\Maliev.MessagingContracts\generated\csharp\Maliev.MessagingContracts.csproj]
B:\maliev\Maliev.MessagingContracts\generated\csharp\Contracts\MessagingContracts.cs(773,21): warning CS1573: Parameter 'MessageType' has no matching param tag in the XML comment for 'CertificationExpiringEvent.CertificationExpiringEvent(Guid, string, MessageType, string, string, IReadOnlyList<string>, Guid, Guid?, DateTimeOffset, bool, CertificationExpiringEventPayload)' (but other parameters do) [B:\maliev\Maliev.MessagingContracts\generated\csharp\Maliev.MessagingContracts.csproj]
B:\maliev\Maliev.MessagingContracts\generated\csharp\Contracts\MessagingContracts.cs(774,16): warning CS1573: Parameter 'MessageVersion' has no matching param tag in the XML comment for 'CertificationExpiringEvent.CertificationExpiringEvent(Guid, string, MessageType, string, string, IReadOnlyList<string>, Guid, Guid?, DateTimeOffset, bool, CertificationExpiringEventPayload)' (but other parameters do) [B:\maliev\Maliev.MessagingContracts\generated\csharp\Maliev.MessagingContracts.csproj]
B:\maliev\Maliev.MessagingContracts\generated\csharp\Contracts\MessagingContracts.cs(775,16): warning CS1573: Parameter 'PublishedBy' has no matching param tag in the XML comment for 'CertificationExpiringEvent.CertificationExpiringEvent(Guid, string, MessageType, string, string, IReadOnlyList<string>, Guid, Guid?, DateTimeOffset, bool, CertificationExpiringEventPayload)' (but other parameters do) [B:\maliev\Maliev.MessagingContracts\generated\csharp\Maliev.MessagingContracts.csproj]
B:\maliev\Maliev.MessagingContracts\generated\csharp\Contracts\MessagingContracts.cs(776,58): warning CS1573: Parameter 'ConsumedBy' has no matching param tag in the XML comment for 'CertificationExpiringEvent.CertificationExpiringEvent(Guid, string, MessageType, string, string, IReadOnlyList<string>, Guid, Guid?, DateTimeOffset, bool, CertificationExpiringEventPayload)' (but other parameters do) [B:\maliev\Maliev.MessagingContracts\generated\csharp\Maliev.MessagingContracts.csproj]
B:\maliev\Maliev.MessagingContracts\generated\csharp\Contracts\MessagingContracts.cs(777,21): warning CS1573: Parameter 'CorrelationId' has no matching param tag in the XML comment for 'CertificationExpiringEvent.CertificationExpiringEvent(Guid, string, MessageType, string, string, IReadOnlyList<string>, Guid, Guid?, DateTimeOffset, bool, CertificationExpiringEventPayload)' (but other parameters do) [B:\maliev\Maliev.MessagingContracts\generated\csharp\Maliev.MessagingContracts.csproj]
B:\maliev\Maliev.MessagingContracts\generated\csharp\Contracts\MessagingContracts.cs(778,22): warning CS1573: Parameter 'CausationId' has no matching param tag in the XML comment for 'CertificationExpiringEvent.CertificationExpiringEvent(Guid, string, MessageType, string, string, IReadOnlyList<string>, Guid, Guid?, DateTimeOffset, bool, CertificationExpiringEventPayload)' (but other parameters do) [B:\maliev\Maliev.MessagingContracts\generated\csharp\Maliev.MessagingContracts.csproj]
B:\maliev\Maliev.MessagingContracts\generated\csharp\Contracts\MessagingContracts.cs(779,31): warning CS1573: Parameter 'OccurredAtUtc' has no matching param tag in the XML comment for 'CertificationExpiringEvent.CertificationExpiringEvent(Guid, string, MessageType, string, string, IReadOnlyList<string>, Guid, Guid?, DateTimeOffset, bool, CertificationExpiringEventPayload)' (but other parameters do) [B:\maliev\Maliev.MessagingContracts\generated\csharp\Maliev.MessagingContracts.csproj]
B:\maliev\Maliev.MessagingContracts\generated\csharp\Contracts\MessagingContracts.cs(780,14): warning CS1573: Parameter 'IsPublic' has no matching param tag in the XML comment for 'CertificationExpiringEvent.CertificationExpiringEvent(Guid, string, MessageType, string, string, IReadOnlyList<string>, Guid, Guid?, DateTimeOffset, bool, CertificationExpiringEventPayload)' (but other parameters do) [B:\maliev\Maliev.MessagingContracts\generated\csharp\Maliev.MessagingContracts.csproj]
B:\maliev\Maliev.MessagingContracts\generated\csharp\Contracts\MessagingContracts.cs(826,21): warning CS1573: Parameter 'MessageId' has no matching param tag in the XML comment for 'CandidateAcceptedEvent.CandidateAcceptedEvent(Guid, string, MessageType, string, string, IReadOnlyList<string>, Guid, Guid?, DateTimeOffset, bool, CandidateAcceptedEventPayload)' (but other parameters do) [B:\maliev\Maliev.MessagingContracts\generated\csharp\Maliev.MessagingContracts.csproj]
B:\maliev\Maliev.MessagingContracts\generated\csharp\Contracts\MessagingContracts.cs(827,16): warning CS1573: Parameter 'MessageName' has no matching param tag in the XML comment for 'CandidateAcceptedEvent.CandidateAcceptedEvent(Guid, string, MessageType, string, string, IReadOnlyList<string>, Guid, Guid?, DateTimeOffset, bool, CandidateAcceptedEventPayload)' (but other parameters do) [B:\maliev\Maliev.MessagingContracts\generated\csharp\Maliev.MessagingContracts.csproj]
B:\maliev\Maliev.MessagingContracts\generated\csharp\Contracts\MessagingContracts.cs(828,21): warning CS1573: Parameter 'MessageType' has no matching param tag in the XML comment for 'CandidateAcceptedEvent.CandidateAcceptedEvent(Guid, string, MessageType, string, string, IReadOnlyList<string>, Guid, Guid?, DateTimeOffset, bool, CandidateAcceptedEventPayload)' (but other parameters do) [B:\maliev\Maliev.MessagingContracts\generated\csharp\Maliev.MessagingContracts.csproj]
B:\maliev\Maliev.MessagingContracts\generated\csharp\Contracts\MessagingContracts.cs(829,16): warning CS1573: Parameter 'MessageVersion' has no matching param tag in the XML comment for 'CandidateAcceptedEvent.CandidateAcceptedEvent(Guid, string, MessageType, string, string, IReadOnlyList<string>, Guid, Guid?, DateTimeOffset, bool, CandidateAcceptedEventPayload)' (but other parameters do) [B:\maliev\Maliev.MessagingContracts\generated\csharp\Maliev.MessagingContracts.csproj]
B:\maliev\Maliev.MessagingContracts\generated\csharp\Contracts\MessagingContracts.cs(830,16): warning CS1573: Parameter 'PublishedBy' has no matching param tag in the XML comment for 'CandidateAcceptedEvent.CandidateAcceptedEvent(Guid, string, MessageType, string, string, IReadOnlyList<string>, Guid, Guid?, DateTimeOffset, bool, CandidateAcceptedEventPayload)' (but other parameters do) [B:\maliev\Maliev.MessagingContracts\generated\csharp\Maliev.MessagingContracts.csproj]
B:\maliev\Maliev.MessagingContracts\generated\csharp\Contracts\MessagingContracts.cs(831,58): warning CS1573: Parameter 'ConsumedBy' has no matching param tag in the XML comment for 'CandidateAcceptedEvent.CandidateAcceptedEvent(Guid, string, MessageType, string, string, IReadOnlyList<string>, Guid, Guid?, DateTimeOffset, bool, CandidateAcceptedEventPayload)' (but other parameters do) [B:\maliev\Maliev.MessagingContracts\generated\csharp\Maliev.MessagingContracts.csproj]
B:\maliev\Maliev.MessagingContracts\generated\csharp\Contracts\MessagingContracts.cs(832,21): warning CS1573: Parameter 'CorrelationId' has no matching param tag in the XML comment for 'CandidateAcceptedEvent.CandidateAcceptedEvent(Guid, string, MessageType, string, string, IReadOnlyList<string>, Guid, Guid?, DateTimeOffset, bool, CandidateAcceptedEventPayload)' (but other parameters do) [B:\maliev\Maliev.MessagingContracts\generated\csharp\Maliev.MessagingContracts.csproj]
B:\maliev\Maliev.MessagingContracts\generated\csharp\Contracts\MessagingContracts.cs(833,22): warning CS1573: Parameter 'CausationId' has no matching param tag in the XML comment for 'CandidateAcceptedEvent.CandidateAcceptedEvent(Guid, string, MessageType, string, string, IReadOnlyList<string>, Guid, Guid?, DateTimeOffset, bool, CandidateAcceptedEventPayload)' (but other parameters do) [B:\maliev\Maliev.MessagingContracts\generated\csharp\Maliev.MessagingContracts.csproj]
B:\maliev\Maliev.MessagingContracts\generated\csharp\Contracts\MessagingContracts.cs(834,31): warning CS1573: Parameter 'OccurredAtUtc' has no matching param tag in the XML comment for 'CandidateAcceptedEvent.CandidateAcceptedEvent(Guid, string, MessageType, string, string, IReadOnlyList<string>, Guid, Guid?, DateTimeOffset, bool, CandidateAcceptedEventPayload)' (but other parameters do) [B:\maliev\Maliev.MessagingContracts\generated\csharp\Maliev.MessagingContracts.csproj]
B:\maliev\Maliev.MessagingContracts\generated\csharp\Contracts\MessagingContracts.cs(835,14): warning CS1573: Parameter 'IsPublic' has no matching param tag in the XML comment for 'CandidateAcceptedEvent.CandidateAcceptedEvent(Guid, string, MessageType, string, string, IReadOnlyList<string>, Guid, Guid?, DateTimeOffset, bool, CandidateAcceptedEventPayload)' (but other parameters do) [B:\maliev\Maliev.MessagingContracts\generated\csharp\Maliev.MessagingContracts.csproj]
B:\maliev\Maliev.MessagingContracts\generated\csharp\Contracts\MessagingContracts.cs(851,67): warning CS1573: Parameter 'ApplicationId' has no matching param tag in the XML comment for 'JobApplicationSubmittedEventPayload.JobApplicationSubmittedEventPayload(Guid, Guid, string, string, string)' (but other parameters do) [B:\maliev\Maliev.MessagingContracts\generated\csharp\Maliev.MessagingContracts.csproj]
B:\maliev\Maliev.MessagingContracts\generated\csharp\Contracts\MessagingContracts.cs(852,66): warning CS1573: Parameter 'JobPostingId' has no matching param tag in the XML comment for 'JobApplicationSubmittedEventPayload.JobApplicationSubmittedEventPayload(Guid, Guid, string, string, string)' (but other parameters do) [B:\maliev\Maliev.MessagingContracts\generated\csharp\Maliev.MessagingContracts.csproj]
B:\maliev\Maliev.MessagingContracts\generated\csharp\Contracts\MessagingContracts.cs(867,21): warning CS1573: Parameter 'MessageId' has no matching param tag in the XML comment for 'JobApplicationSubmittedEvent.JobApplicationSubmittedEvent(Guid, string, MessageType, string, string, IReadOnlyList<string>, Guid, Guid?, DateTimeOffset, bool, JobApplicationSubmittedEventPayload)' (but other parameters do) [B:\maliev\Maliev.MessagingContracts\generated\csharp\Maliev.MessagingContracts.csproj]
B:\maliev\Maliev.MessagingContracts\generated\csharp\Contracts\MessagingContracts.cs(868,16): warning CS1573: Parameter 'MessageName' has no matching param tag in the XML comment for 'JobApplicationSubmittedEvent.JobApplicationSubmittedEvent(Guid, string, MessageType, string, string, IReadOnlyList<string>, Guid, Guid?, DateTimeOffset, bool, JobApplicationSubmittedEventPayload)' (but other parameters do) [B:\maliev\Maliev.MessagingContracts\generated\csharp\Maliev.MessagingContracts.csproj]
B:\maliev\Maliev.MessagingContracts\generated\csharp\Contracts\MessagingContracts.cs(869,21): warning CS1573: Parameter 'MessageType' has no matching param tag in the XML comment for 'JobApplicationSubmittedEvent.JobApplicationSubmittedEvent(Guid, string, MessageType, string, string, IReadOnlyList<string>, Guid, Guid?, DateTimeOffset, bool, JobApplicationSubmittedEventPayload)' (but other parameters do) [B:\maliev\Maliev.MessagingContracts\generated\csharp\Maliev.MessagingContracts.csproj]
B:\maliev\Maliev.MessagingContracts\generated\csharp\Contracts\MessagingContracts.cs(870,16): warning CS1573: Parameter 'MessageVersion' has no matching param tag in the XML comment for 'JobApplicationSubmittedEvent.JobApplicationSubmittedEvent(Guid, string, MessageType, string, string, IReadOnlyList<string>, Guid, Guid?, DateTimeOffset, bool, JobApplicationSubmittedEventPayload)' (but other parameters do) [B:\maliev\Maliev.MessagingContracts\generated\csharp\Maliev.MessagingContracts.csproj]
B:\maliev\Maliev.MessagingContracts\generated\csharp\Contracts\MessagingContracts.cs(871,16): warning CS1573: Parameter 'PublishedBy' has no matching param tag in the XML comment for 'JobApplicationSubmittedEvent.JobApplicationSubmittedEvent(Guid, string, MessageType, string, string, IReadOnlyList<string>, Guid, Guid?, DateTimeOffset, bool, JobApplicationSubmittedEventPayload)' (but other parameters do) [B:\maliev\Maliev.MessagingContracts\generated\csharp\Maliev.MessagingContracts.csproj]
B:\maliev\Maliev.MessagingContracts\generated\csharp\Contracts\MessagingContracts.cs(872,58): warning CS1573: Parameter 'ConsumedBy' has no matching param tag in the XML comment for 'JobApplicationSubmittedEvent.JobApplicationSubmittedEvent(Guid, string, MessageType, string, string, IReadOnlyList<string>, Guid, Guid?, DateTimeOffset, bool, JobApplicationSubmittedEventPayload)' (but other parameters do) [B:\maliev\Maliev.MessagingContracts\generated\csharp\Maliev.MessagingContracts.csproj]
B:\maliev\Maliev.MessagingContracts\generated\csharp\Contracts\MessagingContracts.cs(873,21): warning CS1573: Parameter 'CorrelationId' has no matching param tag in the XML comment for 'JobApplicationSubmittedEvent.JobApplicationSubmittedEvent(Guid, string, MessageType, string, string, IReadOnlyList<string>, Guid, Guid?, DateTimeOffset, bool, JobApplicationSubmittedEventPayload)' (but other parameters do) [B:\maliev\Maliev.MessagingContracts\generated\csharp\Maliev.MessagingContracts.csproj]
B:\maliev\Maliev.MessagingContracts\generated\csharp\Contracts\MessagingContracts.cs(874,22): warning CS1573: Parameter 'CausationId' has no matching param tag in the XML comment for 'JobApplicationSubmittedEvent.JobApplicationSubmittedEvent(Guid, string, MessageType, string, string, IReadOnlyList<string>, Guid, Guid?, DateTimeOffset, bool, JobApplicationSubmittedEventPayload)' (but other parameters do) [B:\maliev\Maliev.MessagingContracts\generated\csharp\Maliev.MessagingContracts.csproj]
B:\maliev\Maliev.MessagingContracts\generated\csharp\Contracts\MessagingContracts.cs(875,31): warning CS1573: Parameter 'OccurredAtUtc' has no matching param tag in the XML comment for 'JobApplicationSubmittedEvent.JobApplicationSubmittedEvent(Guid, string, MessageType, string, string, IReadOnlyList<string>, Guid, Guid?, DateTimeOffset, bool, JobApplicationSubmittedEventPayload)' (but other parameters do) [B:\maliev\Maliev.MessagingContracts\generated\csharp\Maliev.MessagingContracts.csproj]
B:\maliev\Maliev.MessagingContracts\generated\csharp\Contracts\MessagingContracts.cs(876,14): warning CS1573: Parameter 'IsPublic' has no matching param tag in the XML comment for 'JobApplicationSubmittedEvent.JobApplicationSubmittedEvent(Guid, string, MessageType, string, string, IReadOnlyList<string>, Guid, Guid?, DateTimeOffset, bool, JobApplicationSubmittedEventPayload)' (but other parameters do) [B:\maliev\Maliev.MessagingContracts\generated\csharp\Maliev.MessagingContracts.csproj]
B:\maliev\Maliev.MessagingContracts\generated\csharp\Contracts\MessagingContracts.cs(914,19): warning CS1591: Missing XML comment for publicly visible type or member 'ChatbotMessageReceivedEvent' [B:\maliev\Maliev.MessagingContracts\generated\csharp\Maliev.MessagingContracts.csproj]
B:\maliev\Maliev.MessagingContracts\generated\csharp\Contracts\MessagingContracts.cs(914,19): warning CS1591: Missing XML comment for publicly visible type or member 'ChatbotMessageReceivedEvent.ChatbotMessageReceivedEvent(Guid, string, MessageType, string, string, IReadOnlyList<string>, Guid, Guid?, DateTimeOffset, bool, ChatbotMessageReceivedEventPayload)' [B:\maliev\Maliev.MessagingContracts\generated\csharp\Maliev.MessagingContracts.csproj]
B:\maliev\Maliev.MessagingContracts\generated\csharp\Contracts\MessagingContracts.cs(925,84): warning CS1591: Missing XML comment for publicly visible type or member 'ChatbotMessageReceivedEvent.Payload' [B:\maliev\Maliev.MessagingContracts\generated\csharp\Maliev.MessagingContracts.csproj]
B:\maliev\Maliev.MessagingContracts\generated\csharp\Contracts\MessagingContracts.cs(959,19): warning CS1591: Missing XML comment for publicly visible type or member 'ChatbotRateLimitExceededEvent' [B:\maliev\Maliev.MessagingContracts\generated\csharp\Maliev.MessagingContracts.csproj]
B:\maliev\Maliev.MessagingContracts\generated\csharp\Contracts\MessagingContracts.cs(959,19): warning CS1591: Missing XML comment for publicly visible type or member 'ChatbotRateLimitExceededEvent.ChatbotRateLimitExceededEvent(Guid, string, MessageType, string, string, IReadOnlyList<string>, Guid, Guid?, DateTimeOffset, bool, ChatbotRateLimitExceededEventPayload)' [B:\maliev\Maliev.MessagingContracts\generated\csharp\Maliev.MessagingContracts.csproj]
B:\maliev\Maliev.MessagingContracts\generated\csharp\Contracts\MessagingContracts.cs(970,86): warning CS1591: Missing XML comment for publicly visible type or member 'ChatbotRateLimitExceededEvent.Payload' [B:\maliev\Maliev.MessagingContracts\generated\csharp\Maliev.MessagingContracts.csproj]
B:\maliev\Maliev.MessagingContracts\generated\csharp\Contracts\MessagingContracts.cs(1006,19): warning CS1591: Missing XML comment for publicly visible type or member 'ChatbotSessionClosedEvent' [B:\maliev\Maliev.MessagingContracts\generated\csharp\Maliev.MessagingContracts.csproj]
B:\maliev\Maliev.MessagingContracts\generated\csharp\Contracts\MessagingContracts.cs(1006,19): warning CS1591: Missing XML comment for publicly visible type or member 'ChatbotSessionClosedEvent.ChatbotSessionClosedEvent(Guid, string, MessageType, string, string, IReadOnlyList<string>, Guid, Guid?, DateTimeOffset, bool, ChatbotSessionClosedEventPayload)' [B:\maliev\Maliev.MessagingContracts\generated\csharp\Maliev.MessagingContracts.csproj]
B:\maliev\Maliev.MessagingContracts\generated\csharp\Contracts\MessagingContracts.cs(1017,82): warning CS1591: Missing XML comment for publicly visible type or member 'ChatbotSessionClosedEvent.Payload' [B:\maliev\Maliev.MessagingContracts\generated\csharp\Maliev.MessagingContracts.csproj]
B:\maliev\Maliev.MessagingContracts\generated\csharp\Contracts\MessagingContracts.cs(1051,19): warning CS1591: Missing XML comment for publicly visible type or member 'ChatbotSessionCreatedEvent' [B:\maliev\Maliev.MessagingContracts\generated\csharp\Maliev.MessagingContracts.csproj]
B:\maliev\Maliev.MessagingContracts\generated\csharp\Contracts\MessagingContracts.cs(1051,19): warning CS1591: Missing XML comment for publicly visible type or member 'ChatbotSessionCreatedEvent.ChatbotSessionCreatedEvent(Guid, string, MessageType, string, string, IReadOnlyList<string>, Guid, Guid?, DateTimeOffset, bool, ChatbotSessionCreatedEventPayload)' [B:\maliev\Maliev.MessagingContracts\generated\csharp\Maliev.MessagingContracts.csproj]
B:\maliev\Maliev.MessagingContracts\generated\csharp\Contracts\MessagingContracts.cs(1062,83): warning CS1591: Missing XML comment for publicly visible type or member 'ChatbotSessionCreatedEvent.Payload' [B:\maliev\Maliev.MessagingContracts\generated\csharp\Maliev.MessagingContracts.csproj]
B:\maliev\Maliev.MessagingContracts\generated\csharp\Contracts\MessagingContracts.cs(1086,19): warning CS1591: Missing XML comment for publicly visible type or member 'CreateUserCommand' [B:\maliev\Maliev.MessagingContracts\generated\csharp\Maliev.MessagingContracts.csproj]
B:\maliev\Maliev.MessagingContracts\generated\csharp\Contracts\MessagingContracts.cs(1086,19): warning CS1591: Missing XML comment for publicly visible type or member 'CreateUserCommand.CreateUserCommand(Guid, string, MessageType, string, string, IReadOnlyList<string>, Guid, Guid?, DateTimeOffset, bool, CreateUserCommandPayload)' [B:\maliev\Maliev.MessagingContracts\generated\csharp\Maliev.MessagingContracts.csproj]
B:\maliev\Maliev.MessagingContracts\generated\csharp\Contracts\MessagingContracts.cs(1097,74): warning CS1591: Missing XML comment for publicly visible type or member 'CreateUserCommand.Payload' [B:\maliev\Maliev.MessagingContracts\generated\csharp\Maliev.MessagingContracts.csproj]
B:\maliev\Maliev.MessagingContracts\generated\csharp\Contracts\MessagingContracts.cs(1128,21): warning CS1573: Parameter 'MessageId' has no matching param tag in the XML comment for 'SalaryChangedEvent.SalaryChangedEvent(Guid, string, MessageType, string, string, IReadOnlyList<string>, Guid, Guid?, DateTimeOffset, bool, SalaryChangedEventPayload)' (but other parameters do) [B:\maliev\Maliev.MessagingContracts\generated\csharp\Maliev.MessagingContracts.csproj]
B:\maliev\Maliev.MessagingContracts\generated\csharp\Contracts\MessagingContracts.cs(1129,16): warning CS1573: Parameter 'MessageName' has no matching param tag in the XML comment for 'SalaryChangedEvent.SalaryChangedEvent(Guid, string, MessageType, string, string, IReadOnlyList<string>, Guid, Guid?, DateTimeOffset, bool, SalaryChangedEventPayload)' (but other parameters do) [B:\maliev\Maliev.MessagingContracts\generated\csharp\Maliev.MessagingContracts.csproj]
B:\maliev\Maliev.MessagingContracts\generated\csharp\Contracts\MessagingContracts.cs(1130,21): warning CS1573: Parameter 'MessageType' has no matching param tag in the XML comment for 'SalaryChangedEvent.SalaryChangedEvent(Guid, string, MessageType, string, string, IReadOnlyList<string>, Guid, Guid?, DateTimeOffset, bool, SalaryChangedEventPayload)' (but other parameters do) [B:\maliev\Maliev.MessagingContracts\generated\csharp\Maliev.MessagingContracts.csproj]
B:\maliev\Maliev.MessagingContracts\generated\csharp\Contracts\MessagingContracts.cs(1131,16): warning CS1573: Parameter 'MessageVersion' has no matching param tag in the XML comment for 'SalaryChangedEvent.SalaryChangedEvent(Guid, string, MessageType, string, string, IReadOnlyList<string>, Guid, Guid?, DateTimeOffset, bool, SalaryChangedEventPayload)' (but other parameters do) [B:\maliev\Maliev.MessagingContracts\generated\csharp\Maliev.MessagingContracts.csproj]
B:\maliev\Maliev.MessagingContracts\generated\csharp\Contracts\MessagingContracts.cs(1132,16): warning CS1573: Parameter 'PublishedBy' has no matching param tag in the XML comment for 'SalaryChangedEvent.SalaryChangedEvent(Guid, string, MessageType, string, string, IReadOnlyList<string>, Guid, Guid?, DateTimeOffset, bool, SalaryChangedEventPayload)' (but other parameters do) [B:\maliev\Maliev.MessagingContracts\generated\csharp\Maliev.MessagingContracts.csproj]
B:\maliev\Maliev.MessagingContracts\generated\csharp\Contracts\MessagingContracts.cs(1133,58): warning CS1573: Parameter 'ConsumedBy' has no matching param tag in the XML comment for 'SalaryChangedEvent.SalaryChangedEvent(Guid, string, MessageType, string, string, IReadOnlyList<string>, Guid, Guid?, DateTimeOffset, bool, SalaryChangedEventPayload)' (but other parameters do) [B:\maliev\Maliev.MessagingContracts\generated\csharp\Maliev.MessagingContracts.csproj]
B:\maliev\Maliev.MessagingContracts\generated\csharp\Contracts\MessagingContracts.cs(1134,21): warning CS1573: Parameter 'CorrelationId' has no matching param tag in the XML comment for 'SalaryChangedEvent.SalaryChangedEvent(Guid, string, MessageType, string, string, IReadOnlyList<string>, Guid, Guid?, DateTimeOffset, bool, SalaryChangedEventPayload)' (but other parameters do) [B:\maliev\Maliev.MessagingContracts\generated\csharp\Maliev.MessagingContracts.csproj]
B:\maliev\Maliev.MessagingContracts\generated\csharp\Contracts\MessagingContracts.cs(1135,22): warning CS1573: Parameter 'CausationId' has no matching param tag in the XML comment for 'SalaryChangedEvent.SalaryChangedEvent(Guid, string, MessageType, string, string, IReadOnlyList<string>, Guid, Guid?, DateTimeOffset, bool, SalaryChangedEventPayload)' (but other parameters do) [B:\maliev\Maliev.MessagingContracts\generated\csharp\Maliev.MessagingContracts.csproj]
B:\maliev\Maliev.MessagingContracts\generated\csharp\Contracts\MessagingContracts.cs(1136,31): warning CS1573: Parameter 'OccurredAtUtc' has no matching param tag in the XML comment for 'SalaryChangedEvent.SalaryChangedEvent(Guid, string, MessageType, string, string, IReadOnlyList<string>, Guid, Guid?, DateTimeOffset, bool, SalaryChangedEventPayload)' (but other parameters do) [B:\maliev\Maliev.MessagingContracts\generated\csharp\Maliev.MessagingContracts.csproj]
B:\maliev\Maliev.MessagingContracts\generated\csharp\Contracts\MessagingContracts.cs(1137,14): warning CS1573: Parameter 'IsPublic' has no matching param tag in the XML comment for 'SalaryChangedEvent.SalaryChangedEvent(Guid, string, MessageType, string, string, IReadOnlyList<string>, Guid, Guid?, DateTimeOffset, bool, SalaryChangedEventPayload)' (but other parameters do) [B:\maliev\Maliev.MessagingContracts\generated\csharp\Maliev.MessagingContracts.csproj]
B:\maliev\Maliev.MessagingContracts\generated\csharp\Contracts\MessagingContracts.cs(1167,21): warning CS1573: Parameter 'MessageId' has no matching param tag in the XML comment for 'BonusAwardedEvent.BonusAwardedEvent(Guid, string, MessageType, string, string, IReadOnlyList<string>, Guid, Guid?, DateTimeOffset, bool, BonusAwardedEventPayload)' (but other parameters do) [B:\maliev\Maliev.MessagingContracts\generated\csharp\Maliev.MessagingContracts.csproj]
B:\maliev\Maliev.MessagingContracts\generated\csharp\Contracts\MessagingContracts.cs(1168,16): warning CS1573: Parameter 'MessageName' has no matching param tag in the XML comment for 'BonusAwardedEvent.BonusAwardedEvent(Guid, string, MessageType, string, string, IReadOnlyList<string>, Guid, Guid?, DateTimeOffset, bool, BonusAwardedEventPayload)' (but other parameters do) [B:\maliev\Maliev.MessagingContracts\generated\csharp\Maliev.MessagingContracts.csproj]
B:\maliev\Maliev.MessagingContracts\generated\csharp\Contracts\MessagingContracts.cs(1169,21): warning CS1573: Parameter 'MessageType' has no matching param tag in the XML comment for 'BonusAwardedEvent.BonusAwardedEvent(Guid, string, MessageType, string, string, IReadOnlyList<string>, Guid, Guid?, DateTimeOffset, bool, BonusAwardedEventPayload)' (but other parameters do) [B:\maliev\Maliev.MessagingContracts\generated\csharp\Maliev.MessagingContracts.csproj]
B:\maliev\Maliev.MessagingContracts\generated\csharp\Contracts\MessagingContracts.cs(1170,16): warning CS1573: Parameter 'MessageVersion' has no matching param tag in the XML comment for 'BonusAwardedEvent.BonusAwardedEvent(Guid, string, MessageType, string, string, IReadOnlyList<string>, Guid, Guid?, DateTimeOffset, bool, BonusAwardedEventPayload)' (but other parameters do) [B:\maliev\Maliev.MessagingContracts\generated\csharp\Maliev.MessagingContracts.csproj]
B:\maliev\Maliev.MessagingContracts\generated\csharp\Contracts\MessagingContracts.cs(1171,16): warning CS1573: Parameter 'PublishedBy' has no matching param tag in the XML comment for 'BonusAwardedEvent.BonusAwardedEvent(Guid, string, MessageType, string, string, IReadOnlyList<string>, Guid, Guid?, DateTimeOffset, bool, BonusAwardedEventPayload)' (but other parameters do) [B:\maliev\Maliev.MessagingContracts\generated\csharp\Maliev.MessagingContracts.csproj]
B:\maliev\Maliev.MessagingContracts\generated\csharp\Contracts\MessagingContracts.cs(1172,58): warning CS1573: Parameter 'ConsumedBy' has no matching param tag in the XML comment for 'BonusAwardedEvent.BonusAwardedEvent(Guid, string, MessageType, string, string, IReadOnlyList<string>, Guid, Guid?, DateTimeOffset, bool, BonusAwardedEventPayload)' (but other parameters do) [B:\maliev\Maliev.MessagingContracts\generated\csharp\Maliev.MessagingContracts.csproj]
B:\maliev\Maliev.MessagingContracts\generated\csharp\Contracts\MessagingContracts.cs(1173,21): warning CS1573: Parameter 'CorrelationId' has no matching param tag in the XML comment for 'BonusAwardedEvent.BonusAwardedEvent(Guid, string, MessageType, string, string, IReadOnlyList<string>, Guid, Guid?, DateTimeOffset, bool, BonusAwardedEventPayload)' (but other parameters do) [B:\maliev\Maliev.MessagingContracts\generated\csharp\Maliev.MessagingContracts.csproj]
B:\maliev\Maliev.MessagingContracts\generated\csharp\Contracts\MessagingContracts.cs(1174,22): warning CS1573: Parameter 'CausationId' has no matching param tag in the XML comment for 'BonusAwardedEvent.BonusAwardedEvent(Guid, string, MessageType, string, string, IReadOnlyList<string>, Guid, Guid?, DateTimeOffset, bool, BonusAwardedEventPayload)' (but other parameters do) [B:\maliev\Maliev.MessagingContracts\generated\csharp\Maliev.MessagingContracts.csproj]
B:\maliev\Maliev.MessagingContracts\generated\csharp\Contracts\MessagingContracts.cs(1175,31): warning CS1573: Parameter 'OccurredAtUtc' has no matching param tag in the XML comment for 'BonusAwardedEvent.BonusAwardedEvent(Guid, string, MessageType, string, string, IReadOnlyList<string>, Guid, Guid?, DateTimeOffset, bool, BonusAwardedEventPayload)' (but other parameters do) [B:\maliev\Maliev.MessagingContracts\generated\csharp\Maliev.MessagingContracts.csproj]
B:\maliev\Maliev.MessagingContracts\generated\csharp\Contracts\MessagingContracts.cs(1176,14): warning CS1573: Parameter 'IsPublic' has no matching param tag in the XML comment for 'BonusAwardedEvent.BonusAwardedEvent(Guid, string, MessageType, string, string, IReadOnlyList<string>, Guid, Guid?, DateTimeOffset, bool, BonusAwardedEventPayload)' (but other parameters do) [B:\maliev\Maliev.MessagingContracts\generated\csharp\Maliev.MessagingContracts.csproj]
B:\maliev\Maliev.MessagingContracts\generated\csharp\Contracts\MessagingContracts.cs(1204,21): warning CS1573: Parameter 'MessageId' has no matching param tag in the XML comment for 'BenefitEnrolledEvent.BenefitEnrolledEvent(Guid, string, MessageType, string, string, IReadOnlyList<string>, Guid, Guid?, DateTimeOffset, bool, BenefitEnrolledEventPayload)' (but other parameters do) [B:\maliev\Maliev.MessagingContracts\generated\csharp\Maliev.MessagingContracts.csproj]
B:\maliev\Maliev.MessagingContracts\generated\csharp\Contracts\MessagingContracts.cs(1205,16): warning CS1573: Parameter 'MessageName' has no matching param tag in the XML comment for 'BenefitEnrolledEvent.BenefitEnrolledEvent(Guid, string, MessageType, string, string, IReadOnlyList<string>, Guid, Guid?, DateTimeOffset, bool, BenefitEnrolledEventPayload)' (but other parameters do) [B:\maliev\Maliev.MessagingContracts\generated\csharp\Maliev.MessagingContracts.csproj]
B:\maliev\Maliev.MessagingContracts\generated\csharp\Contracts\MessagingContracts.cs(1206,21): warning CS1573: Parameter 'MessageType' has no matching param tag in the XML comment for 'BenefitEnrolledEvent.BenefitEnrolledEvent(Guid, string, MessageType, string, string, IReadOnlyList<string>, Guid, Guid?, DateTimeOffset, bool, BenefitEnrolledEventPayload)' (but other parameters do) [B:\maliev\Maliev.MessagingContracts\generated\csharp\Maliev.MessagingContracts.csproj]
B:\maliev\Maliev.MessagingContracts\generated\csharp\Contracts\MessagingContracts.cs(1207,16): warning CS1573: Parameter 'MessageVersion' has no matching param tag in the XML comment for 'BenefitEnrolledEvent.BenefitEnrolledEvent(Guid, string, MessageType, string, string, IReadOnlyList<string>, Guid, Guid?, DateTimeOffset, bool, BenefitEnrolledEventPayload)' (but other parameters do) [B:\maliev\Maliev.MessagingContracts\generated\csharp\Maliev.MessagingContracts.csproj]
B:\maliev\Maliev.MessagingContracts\generated\csharp\Contracts\MessagingContracts.cs(1208,16): warning CS1573: Parameter 'PublishedBy' has no matching param tag in the XML comment for 'BenefitEnrolledEvent.BenefitEnrolledEvent(Guid, string, MessageType, string, string, IReadOnlyList<string>, Guid, Guid?, DateTimeOffset, bool, BenefitEnrolledEventPayload)' (but other parameters do) [B:\maliev\Maliev.MessagingContracts\generated\csharp\Maliev.MessagingContracts.csproj]
B:\maliev\Maliev.MessagingContracts\generated\csharp\Contracts\MessagingContracts.cs(1209,58): warning CS1573: Parameter 'ConsumedBy' has no matching param tag in the XML comment for 'BenefitEnrolledEvent.BenefitEnrolledEvent(Guid, string, MessageType, string, string, IReadOnlyList<string>, Guid, Guid?, DateTimeOffset, bool, BenefitEnrolledEventPayload)' (but other parameters do) [B:\maliev\Maliev.MessagingContracts\generated\csharp\Maliev.MessagingContracts.csproj]
B:\maliev\Maliev.MessagingContracts\generated\csharp\Contracts\MessagingContracts.cs(1210,21): warning CS1573: Parameter 'CorrelationId' has no matching param tag in the XML comment for 'BenefitEnrolledEvent.BenefitEnrolledEvent(Guid, string, MessageType, string, string, IReadOnlyList<string>, Guid, Guid?, DateTimeOffset, bool, BenefitEnrolledEventPayload)' (but other parameters do) [B:\maliev\Maliev.MessagingContracts\generated\csharp\Maliev.MessagingContracts.csproj]
B:\maliev\Maliev.MessagingContracts\generated\csharp\Contracts\MessagingContracts.cs(1211,22): warning CS1573: Parameter 'CausationId' has no matching param tag in the XML comment for 'BenefitEnrolledEvent.BenefitEnrolledEvent(Guid, string, MessageType, string, string, IReadOnlyList<string>, Guid, Guid?, DateTimeOffset, bool, BenefitEnrolledEventPayload)' (but other parameters do) [B:\maliev\Maliev.MessagingContracts\generated\csharp\Maliev.MessagingContracts.csproj]
B:\maliev\Maliev.MessagingContracts\generated\csharp\Contracts\MessagingContracts.cs(1212,31): warning CS1573: Parameter 'OccurredAtUtc' has no matching param tag in the XML comment for 'BenefitEnrolledEvent.BenefitEnrolledEvent(Guid, string, MessageType, string, string, IReadOnlyList<string>, Guid, Guid?, DateTimeOffset, bool, BenefitEnrolledEventPayload)' (but other parameters do) [B:\maliev\Maliev.MessagingContracts\generated\csharp\Maliev.MessagingContracts.csproj]
B:\maliev\Maliev.MessagingContracts\generated\csharp\Contracts\MessagingContracts.cs(1213,14): warning CS1573: Parameter 'IsPublic' has no matching param tag in the XML comment for 'BenefitEnrolledEvent.BenefitEnrolledEvent(Guid, string, MessageType, string, string, IReadOnlyList<string>, Guid, Guid?, DateTimeOffset, bool, BenefitEnrolledEventPayload)' (but other parameters do) [B:\maliev\Maliev.MessagingContracts\generated\csharp\Maliev.MessagingContracts.csproj]
B:\maliev\Maliev.MessagingContracts\generated\csharp\Contracts\MessagingContracts.cs(1241,21): warning CS1573: Parameter 'MessageId' has no matching param tag in the XML comment for 'BulkSalaryIncreaseCompletedEvent.BulkSalaryIncreaseCompletedEvent(Guid, string, MessageType, string, string, IReadOnlyList<string>, Guid, Guid?, DateTimeOffset, bool, BulkSalaryIncreaseCompletedEventPayload)' (but other parameters do) [B:\maliev\Maliev.MessagingContracts\generated\csharp\Maliev.MessagingContracts.csproj]
B:\maliev\Maliev.MessagingContracts\generated\csharp\Contracts\MessagingContracts.cs(1242,16): warning CS1573: Parameter 'MessageName' has no matching param tag in the XML comment for 'BulkSalaryIncreaseCompletedEvent.BulkSalaryIncreaseCompletedEvent(Guid, string, MessageType, string, string, IReadOnlyList<string>, Guid, Guid?, DateTimeOffset, bool, BulkSalaryIncreaseCompletedEventPayload)' (but other parameters do) [B:\maliev\Maliev.MessagingContracts\generated\csharp\Maliev.MessagingContracts.csproj]
B:\maliev\Maliev.MessagingContracts\generated\csharp\Contracts\MessagingContracts.cs(1243,21): warning CS1573: Parameter 'MessageType' has no matching param tag in the XML comment for 'BulkSalaryIncreaseCompletedEvent.BulkSalaryIncreaseCompletedEvent(Guid, string, MessageType, string, string, IReadOnlyList<string>, Guid, Guid?, DateTimeOffset, bool, BulkSalaryIncreaseCompletedEventPayload)' (but other parameters do) [B:\maliev\Maliev.MessagingContracts\generated\csharp\Maliev.MessagingContracts.csproj]
B:\maliev\Maliev.MessagingContracts\generated\csharp\Contracts\MessagingContracts.cs(1244,16): warning CS1573: Parameter 'MessageVersion' has no matching param tag in the XML comment for 'BulkSalaryIncreaseCompletedEvent.BulkSalaryIncreaseCompletedEvent(Guid, string, MessageType, string, string, IReadOnlyList<string>, Guid, Guid?, DateTimeOffset, bool, BulkSalaryIncreaseCompletedEventPayload)' (but other parameters do) [B:\maliev\Maliev.MessagingContracts\generated\csharp\Maliev.MessagingContracts.csproj]
B:\maliev\Maliev.MessagingContracts\generated\csharp\Contracts\MessagingContracts.cs(1245,16): warning CS1573: Parameter 'PublishedBy' has no matching param tag in the XML comment for 'BulkSalaryIncreaseCompletedEvent.BulkSalaryIncreaseCompletedEvent(Guid, string, MessageType, string, string, IReadOnlyList<string>, Guid, Guid?, DateTimeOffset, bool, BulkSalaryIncreaseCompletedEventPayload)' (but other parameters do) [B:\maliev\Maliev.MessagingContracts\generated\csharp\Maliev.MessagingContracts.csproj]
B:\maliev\Maliev.MessagingContracts\generated\csharp\Contracts\MessagingContracts.cs(1246,58): warning CS1573: Parameter 'ConsumedBy' has no matching param tag in the XML comment for 'BulkSalaryIncreaseCompletedEvent.BulkSalaryIncreaseCompletedEvent(Guid, string, MessageType, string, string, IReadOnlyList<string>, Guid, Guid?, DateTimeOffset, bool, BulkSalaryIncreaseCompletedEventPayload)' (but other parameters do) [B:\maliev\Maliev.MessagingContracts\generated\csharp\Maliev.MessagingContracts.csproj]
B:\maliev\Maliev.MessagingContracts\generated\csharp\Contracts\MessagingContracts.cs(1247,21): warning CS1573: Parameter 'CorrelationId' has no matching param tag in the XML comment for 'BulkSalaryIncreaseCompletedEvent.BulkSalaryIncreaseCompletedEvent(Guid, string, MessageType, string, string, IReadOnlyList<string>, Guid, Guid?, DateTimeOffset, bool, BulkSalaryIncreaseCompletedEventPayload)' (but other parameters do) [B:\maliev\Maliev.MessagingContracts\generated\csharp\Maliev.MessagingContracts.csproj]
B:\maliev\Maliev.MessagingContracts\generated\csharp\Contracts\MessagingContracts.cs(1248,22): warning CS1573: Parameter 'CausationId' has no matching param tag in the XML comment for 'BulkSalaryIncreaseCompletedEvent.BulkSalaryIncreaseCompletedEvent(Guid, string, MessageType, string, string, IReadOnlyList<string>, Guid, Guid?, DateTimeOffset, bool, BulkSalaryIncreaseCompletedEventPayload)' (but other parameters do) [B:\maliev\Maliev.MessagingContracts\generated\csharp\Maliev.MessagingContracts.csproj]
B:\maliev\Maliev.MessagingContracts\generated\csharp\Contracts\MessagingContracts.cs(1249,31): warning CS1573: Parameter 'OccurredAtUtc' has no matching param tag in the XML comment for 'BulkSalaryIncreaseCompletedEvent.BulkSalaryIncreaseCompletedEvent(Guid, string, MessageType, string, string, IReadOnlyList<string>, Guid, Guid?, DateTimeOffset, bool, BulkSalaryIncreaseCompletedEventPayload)' (but other parameters do) [B:\maliev\Maliev.MessagingContracts\generated\csharp\Maliev.MessagingContracts.csproj]
B:\maliev\Maliev.MessagingContracts\generated\csharp\Contracts\MessagingContracts.cs(1250,14): warning CS1573: Parameter 'IsPublic' has no matching param tag in the XML comment for 'BulkSalaryIncreaseCompletedEvent.BulkSalaryIncreaseCompletedEvent(Guid, string, MessageType, string, string, IReadOnlyList<string>, Guid, Guid?, DateTimeOffset, bool, BulkSalaryIncreaseCompletedEventPayload)' (but other parameters do) [B:\maliev\Maliev.MessagingContracts\generated\csharp\Maliev.MessagingContracts.csproj]
B:\maliev\Maliev.MessagingContracts\generated\csharp\Contracts\MessagingContracts.cs(1276,21): warning CS1573: Parameter 'MessageId' has no matching param tag in the XML comment for 'CompensationArchivedEvent.CompensationArchivedEvent(Guid, string, MessageType, string, string, IReadOnlyList<string>, Guid, Guid?, DateTimeOffset, bool, CompensationArchivedEventPayload)' (but other parameters do) [B:\maliev\Maliev.MessagingContracts\generated\csharp\Maliev.MessagingContracts.csproj]
B:\maliev\Maliev.MessagingContracts\generated\csharp\Contracts\MessagingContracts.cs(1277,16): warning CS1573: Parameter 'MessageName' has no matching param tag in the XML comment for 'CompensationArchivedEvent.CompensationArchivedEvent(Guid, string, MessageType, string, string, IReadOnlyList<string>, Guid, Guid?, DateTimeOffset, bool, CompensationArchivedEventPayload)' (but other parameters do) [B:\maliev\Maliev.MessagingContracts\generated\csharp\Maliev.MessagingContracts.csproj]
B:\maliev\Maliev.MessagingContracts\generated\csharp\Contracts\MessagingContracts.cs(1278,21): warning CS1573: Parameter 'MessageType' has no matching param tag in the XML comment for 'CompensationArchivedEvent.CompensationArchivedEvent(Guid, string, MessageType, string, string, IReadOnlyList<string>, Guid, Guid?, DateTimeOffset, bool, CompensationArchivedEventPayload)' (but other parameters do) [B:\maliev\Maliev.MessagingContracts\generated\csharp\Maliev.MessagingContracts.csproj]
B:\maliev\Maliev.MessagingContracts\generated\csharp\Contracts\MessagingContracts.cs(1279,16): warning CS1573: Parameter 'MessageVersion' has no matching param tag in the XML comment for 'CompensationArchivedEvent.CompensationArchivedEvent(Guid, string, MessageType, string, string, IReadOnlyList<string>, Guid, Guid?, DateTimeOffset, bool, CompensationArchivedEventPayload)' (but other parameters do) [B:\maliev\Maliev.MessagingContracts\generated\csharp\Maliev.MessagingContracts.csproj]
B:\maliev\Maliev.MessagingContracts\generated\csharp\Contracts\MessagingContracts.cs(1280,16): warning CS1573: Parameter 'PublishedBy' has no matching param tag in the XML comment for 'CompensationArchivedEvent.CompensationArchivedEvent(Guid, string, MessageType, string, string, IReadOnlyList<string>, Guid, Guid?, DateTimeOffset, bool, CompensationArchivedEventPayload)' (but other parameters do) [B:\maliev\Maliev.MessagingContracts\generated\csharp\Maliev.MessagingContracts.csproj]
B:\maliev\Maliev.MessagingContracts\generated\csharp\Contracts\MessagingContracts.cs(1281,58): warning CS1573: Parameter 'ConsumedBy' has no matching param tag in the XML comment for 'CompensationArchivedEvent.CompensationArchivedEvent(Guid, string, MessageType, string, string, IReadOnlyList<string>, Guid, Guid?, DateTimeOffset, bool, CompensationArchivedEventPayload)' (but other parameters do) [B:\maliev\Maliev.MessagingContracts\generated\csharp\Maliev.MessagingContracts.csproj]
B:\maliev\Maliev.MessagingContracts\generated\csharp\Contracts\MessagingContracts.cs(1282,21): warning CS1573: Parameter 'CorrelationId' has no matching param tag in the XML comment for 'CompensationArchivedEvent.CompensationArchivedEvent(Guid, string, MessageType, string, string, IReadOnlyList<string>, Guid, Guid?, DateTimeOffset, bool, CompensationArchivedEventPayload)' (but other parameters do) [B:\maliev\Maliev.MessagingContracts\generated\csharp\Maliev.MessagingContracts.csproj]
B:\maliev\Maliev.MessagingContracts\generated\csharp\Contracts\MessagingContracts.cs(1283,22): warning CS1573: Parameter 'CausationId' has no matching param tag in the XML comment for 'CompensationArchivedEvent.CompensationArchivedEvent(Guid, string, MessageType, string, string, IReadOnlyList<string>, Guid, Guid?, DateTimeOffset, bool, CompensationArchivedEventPayload)' (but other parameters do) [B:\maliev\Maliev.MessagingContracts\generated\csharp\Maliev.MessagingContracts.csproj]
B:\maliev\Maliev.MessagingContracts\generated\csharp\Contracts\MessagingContracts.cs(1284,31): warning CS1573: Parameter 'OccurredAtUtc' has no matching param tag in the XML comment for 'CompensationArchivedEvent.CompensationArchivedEvent(Guid, string, MessageType, string, string, IReadOnlyList<string>, Guid, Guid?, DateTimeOffset, bool, CompensationArchivedEventPayload)' (but other parameters do) [B:\maliev\Maliev.MessagingContracts\generated\csharp\Maliev.MessagingContracts.csproj]
B:\maliev\Maliev.MessagingContracts\generated\csharp\Contracts\MessagingContracts.cs(1285,14): warning CS1573: Parameter 'IsPublic' has no matching param tag in the XML comment for 'CompensationArchivedEvent.CompensationArchivedEvent(Guid, string, MessageType, string, string, IReadOnlyList<string>, Guid, Guid?, DateTimeOffset, bool, CompensationArchivedEventPayload)' (but other parameters do) [B:\maliev\Maliev.MessagingContracts\generated\csharp\Maliev.MessagingContracts.csproj]
B:\maliev\Maliev.MessagingContracts\generated\csharp\Contracts\MessagingContracts.cs(1314,21): warning CS1573: Parameter 'MessageId' has no matching param tag in the XML comment for 'WorkAuthorizationExpiringEvent.WorkAuthorizationExpiringEvent(Guid, string, MessageType, string, string, IReadOnlyList<string>, Guid, Guid?, DateTimeOffset, bool, WorkAuthorizationExpiringEventPayload)' (but other parameters do) [B:\maliev\Maliev.MessagingContracts\generated\csharp\Maliev.MessagingContracts.csproj]
B:\maliev\Maliev.MessagingContracts\generated\csharp\Contracts\MessagingContracts.cs(1315,16): warning CS1573: Parameter 'MessageName' has no matching param tag in the XML comment for 'WorkAuthorizationExpiringEvent.WorkAuthorizationExpiringEvent(Guid, string, MessageType, string, string, IReadOnlyList<string>, Guid, Guid?, DateTimeOffset, bool, WorkAuthorizationExpiringEventPayload)' (but other parameters do) [B:\maliev\Maliev.MessagingContracts\generated\csharp\Maliev.MessagingContracts.csproj]
B:\maliev\Maliev.MessagingContracts\generated\csharp\Contracts\MessagingContracts.cs(1316,21): warning CS1573: Parameter 'MessageType' has no matching param tag in the XML comment for 'WorkAuthorizationExpiringEvent.WorkAuthorizationExpiringEvent(Guid, string, MessageType, string, string, IReadOnlyList<string>, Guid, Guid?, DateTimeOffset, bool, WorkAuthorizationExpiringEventPayload)' (but other parameters do) [B:\maliev\Maliev.MessagingContracts\generated\csharp\Maliev.MessagingContracts.csproj]
B:\maliev\Maliev.MessagingContracts\generated\csharp\Contracts\MessagingContracts.cs(1317,16): warning CS1573: Parameter 'MessageVersion' has no matching param tag in the XML comment for 'WorkAuthorizationExpiringEvent.WorkAuthorizationExpiringEvent(Guid, string, MessageType, string, string, IReadOnlyList<string>, Guid, Guid?, DateTimeOffset, bool, WorkAuthorizationExpiringEventPayload)' (but other parameters do) [B:\maliev\Maliev.MessagingContracts\generated\csharp\Maliev.MessagingContracts.csproj]
B:\maliev\Maliev.MessagingContracts\generated\csharp\Contracts\MessagingContracts.cs(1318,16): warning CS1573: Parameter 'PublishedBy' has no matching param tag in the XML comment for 'WorkAuthorizationExpiringEvent.WorkAuthorizationExpiringEvent(Guid, string, MessageType, string, string, IReadOnlyList<string>, Guid, Guid?, DateTimeOffset, bool, WorkAuthorizationExpiringEventPayload)' (but other parameters do) [B:\maliev\Maliev.MessagingContracts\generated\csharp\Maliev.MessagingContracts.csproj]
B:\maliev\Maliev.MessagingContracts\generated\csharp\Contracts\MessagingContracts.cs(1319,58): warning CS1573: Parameter 'ConsumedBy' has no matching param tag in the XML comment for 'WorkAuthorizationExpiringEvent.WorkAuthorizationExpiringEvent(Guid, string, MessageType, string, string, IReadOnlyList<string>, Guid, Guid?, DateTimeOffset, bool, WorkAuthorizationExpiringEventPayload)' (but other parameters do) [B:\maliev\Maliev.MessagingContracts\generated\csharp\Maliev.MessagingContracts.csproj]
B:\maliev\Maliev.MessagingContracts\generated\csharp\Contracts\MessagingContracts.cs(1320,21): warning CS1573: Parameter 'CorrelationId' has no matching param tag in the XML comment for 'WorkAuthorizationExpiringEvent.WorkAuthorizationExpiringEvent(Guid, string, MessageType, string, string, IReadOnlyList<string>, Guid, Guid?, DateTimeOffset, bool, WorkAuthorizationExpiringEventPayload)' (but other parameters do) [B:\maliev\Maliev.MessagingContracts\generated\csharp\Maliev.MessagingContracts.csproj]
B:\maliev\Maliev.MessagingContracts\generated\csharp\Contracts\MessagingContracts.cs(1321,22): warning CS1573: Parameter 'CausationId' has no matching param tag in the XML comment for 'WorkAuthorizationExpiringEvent.WorkAuthorizationExpiringEvent(Guid, string, MessageType, string, string, IReadOnlyList<string>, Guid, Guid?, DateTimeOffset, bool, WorkAuthorizationExpiringEventPayload)' (but other parameters do) [B:\maliev\Maliev.MessagingContracts\generated\csharp\Maliev.MessagingContracts.csproj]
B:\maliev\Maliev.MessagingContracts\generated\csharp\Contracts\MessagingContracts.cs(1322,31): warning CS1573: Parameter 'OccurredAtUtc' has no matching param tag in the XML comment for 'WorkAuthorizationExpiringEvent.WorkAuthorizationExpiringEvent(Guid, string, MessageType, string, string, IReadOnlyList<string>, Guid, Guid?, DateTimeOffset, bool, WorkAuthorizationExpiringEventPayload)' (but other parameters do) [B:\maliev\Maliev.MessagingContracts\generated\csharp\Maliev.MessagingContracts.csproj]
B:\maliev\Maliev.MessagingContracts\generated\csharp\Contracts\MessagingContracts.cs(1323,14): warning CS1573: Parameter 'IsPublic' has no matching param tag in the XML comment for 'WorkAuthorizationExpiringEvent.WorkAuthorizationExpiringEvent(Guid, string, MessageType, string, string, IReadOnlyList<string>, Guid, Guid?, DateTimeOffset, bool, WorkAuthorizationExpiringEventPayload)' (but other parameters do) [B:\maliev\Maliev.MessagingContracts\generated\csharp\Maliev.MessagingContracts.csproj]
B:\maliev\Maliev.MessagingContracts\generated\csharp\Contracts\MessagingContracts.cs(1351,21): warning CS1573: Parameter 'MessageId' has no matching param tag in the XML comment for 'WorkAuthorizationExpiredEvent.WorkAuthorizationExpiredEvent(Guid, string, MessageType, string, string, IReadOnlyList<string>, Guid, Guid?, DateTimeOffset, bool, WorkAuthorizationExpiredEventPayload)' (but other parameters do) [B:\maliev\Maliev.MessagingContracts\generated\csharp\Maliev.MessagingContracts.csproj]
B:\maliev\Maliev.MessagingContracts\generated\csharp\Contracts\MessagingContracts.cs(1352,16): warning CS1573: Parameter 'MessageName' has no matching param tag in the XML comment for 'WorkAuthorizationExpiredEvent.WorkAuthorizationExpiredEvent(Guid, string, MessageType, string, string, IReadOnlyList<string>, Guid, Guid?, DateTimeOffset, bool, WorkAuthorizationExpiredEventPayload)' (but other parameters do) [B:\maliev\Maliev.MessagingContracts\generated\csharp\Maliev.MessagingContracts.csproj]
B:\maliev\Maliev.MessagingContracts\generated\csharp\Contracts\MessagingContracts.cs(1353,21): warning CS1573: Parameter 'MessageType' has no matching param tag in the XML comment for 'WorkAuthorizationExpiredEvent.WorkAuthorizationExpiredEvent(Guid, string, MessageType, string, string, IReadOnlyList<string>, Guid, Guid?, DateTimeOffset, bool, WorkAuthorizationExpiredEventPayload)' (but other parameters do) [B:\maliev\Maliev.MessagingContracts\generated\csharp\Maliev.MessagingContracts.csproj]
B:\maliev\Maliev.MessagingContracts\generated\csharp\Contracts\MessagingContracts.cs(1354,16): warning CS1573: Parameter 'MessageVersion' has no matching param tag in the XML comment for 'WorkAuthorizationExpiredEvent.WorkAuthorizationExpiredEvent(Guid, string, MessageType, string, string, IReadOnlyList<string>, Guid, Guid?, DateTimeOffset, bool, WorkAuthorizationExpiredEventPayload)' (but other parameters do) [B:\maliev\Maliev.MessagingContracts\generated\csharp\Maliev.MessagingContracts.csproj]
B:\maliev\Maliev.MessagingContracts\generated\csharp\Contracts\MessagingContracts.cs(1355,16): warning CS1573: Parameter 'PublishedBy' has no matching param tag in the XML comment for 'WorkAuthorizationExpiredEvent.WorkAuthorizationExpiredEvent(Guid, string, MessageType, string, string, IReadOnlyList<string>, Guid, Guid?, DateTimeOffset, bool, WorkAuthorizationExpiredEventPayload)' (but other parameters do) [B:\maliev\Maliev.MessagingContracts\generated\csharp\Maliev.MessagingContracts.csproj]
B:\maliev\Maliev.MessagingContracts\generated\csharp\Contracts\MessagingContracts.cs(1356,58): warning CS1573: Parameter 'ConsumedBy' has no matching param tag in the XML comment for 'WorkAuthorizationExpiredEvent.WorkAuthorizationExpiredEvent(Guid, string, MessageType, string, string, IReadOnlyList<string>, Guid, Guid?, DateTimeOffset, bool, WorkAuthorizationExpiredEventPayload)' (but other parameters do) [B:\maliev\Maliev.MessagingContracts\generated\csharp\Maliev.MessagingContracts.csproj]
B:\maliev\Maliev.MessagingContracts\generated\csharp\Contracts\MessagingContracts.cs(1357,21): warning CS1573: Parameter 'CorrelationId' has no matching param tag in the XML comment for 'WorkAuthorizationExpiredEvent.WorkAuthorizationExpiredEvent(Guid, string, MessageType, string, string, IReadOnlyList<string>, Guid, Guid?, DateTimeOffset, bool, WorkAuthorizationExpiredEventPayload)' (but other parameters do) [B:\maliev\Maliev.MessagingContracts\generated\csharp\Maliev.MessagingContracts.csproj]
B:\maliev\Maliev.MessagingContracts\generated\csharp\Contracts\MessagingContracts.cs(1358,22): warning CS1573: Parameter 'CausationId' has no matching param tag in the XML comment for 'WorkAuthorizationExpiredEvent.WorkAuthorizationExpiredEvent(Guid, string, MessageType, string, string, IReadOnlyList<string>, Guid, Guid?, DateTimeOffset, bool, WorkAuthorizationExpiredEventPayload)' (but other parameters do) [B:\maliev\Maliev.MessagingContracts\generated\csharp\Maliev.MessagingContracts.csproj]
B:\maliev\Maliev.MessagingContracts\generated\csharp\Contracts\MessagingContracts.cs(1359,31): warning CS1573: Parameter 'OccurredAtUtc' has no matching param tag in the XML comment for 'WorkAuthorizationExpiredEvent.WorkAuthorizationExpiredEvent(Guid, string, MessageType, string, string, IReadOnlyList<string>, Guid, Guid?, DateTimeOffset, bool, WorkAuthorizationExpiredEventPayload)' (but other parameters do) [B:\maliev\Maliev.MessagingContracts\generated\csharp\Maliev.MessagingContracts.csproj]
B:\maliev\Maliev.MessagingContracts\generated\csharp\Contracts\MessagingContracts.cs(1360,14): warning CS1573: Parameter 'IsPublic' has no matching param tag in the XML comment for 'WorkAuthorizationExpiredEvent.WorkAuthorizationExpiredEvent(Guid, string, MessageType, string, string, IReadOnlyList<string>, Guid, Guid?, DateTimeOffset, bool, WorkAuthorizationExpiredEventPayload)' (but other parameters do) [B:\maliev\Maliev.MessagingContracts\generated\csharp\Maliev.MessagingContracts.csproj]
B:\maliev\Maliev.MessagingContracts\generated\csharp\Contracts\MessagingContracts.cs(1388,21): warning CS1573: Parameter 'MessageId' has no matching param tag in the XML comment for 'ComplianceDocumentUploadedEvent.ComplianceDocumentUploadedEvent(Guid, string, MessageType, string, string, IReadOnlyList<string>, Guid, Guid?, DateTimeOffset, bool, ComplianceDocumentUploadedEventPayload)' (but other parameters do) [B:\maliev\Maliev.MessagingContracts\generated\csharp\Maliev.MessagingContracts.csproj]
B:\maliev\Maliev.MessagingContracts\generated\csharp\Contracts\MessagingContracts.cs(1389,16): warning CS1573: Parameter 'MessageName' has no matching param tag in the XML comment for 'ComplianceDocumentUploadedEvent.ComplianceDocumentUploadedEvent(Guid, string, MessageType, string, string, IReadOnlyList<string>, Guid, Guid?, DateTimeOffset, bool, ComplianceDocumentUploadedEventPayload)' (but other parameters do) [B:\maliev\Maliev.MessagingContracts\generated\csharp\Maliev.MessagingContracts.csproj]
B:\maliev\Maliev.MessagingContracts\generated\csharp\Contracts\MessagingContracts.cs(1390,21): warning CS1573: Parameter 'MessageType' has no matching param tag in the XML comment for 'ComplianceDocumentUploadedEvent.ComplianceDocumentUploadedEvent(Guid, string, MessageType, string, string, IReadOnlyList<string>, Guid, Guid?, DateTimeOffset, bool, ComplianceDocumentUploadedEventPayload)' (but other parameters do) [B:\maliev\Maliev.MessagingContracts\generated\csharp\Maliev.MessagingContracts.csproj]
B:\maliev\Maliev.MessagingContracts\generated\csharp\Contracts\MessagingContracts.cs(1391,16): warning CS1573: Parameter 'MessageVersion' has no matching param tag in the XML comment for 'ComplianceDocumentUploadedEvent.ComplianceDocumentUploadedEvent(Guid, string, MessageType, string, string, IReadOnlyList<string>, Guid, Guid?, DateTimeOffset, bool, ComplianceDocumentUploadedEventPayload)' (but other parameters do) [B:\maliev\Maliev.MessagingContracts\generated\csharp\Maliev.MessagingContracts.csproj]
B:\maliev\Maliev.MessagingContracts\generated\csharp\Contracts\MessagingContracts.cs(1392,16): warning CS1573: Parameter 'PublishedBy' has no matching param tag in the XML comment for 'ComplianceDocumentUploadedEvent.ComplianceDocumentUploadedEvent(Guid, string, MessageType, string, string, IReadOnlyList<string>, Guid, Guid?, DateTimeOffset, bool, ComplianceDocumentUploadedEventPayload)' (but other parameters do) [B:\maliev\Maliev.MessagingContracts\generated\csharp\Maliev.MessagingContracts.csproj]
B:\maliev\Maliev.MessagingContracts\generated\csharp\Contracts\MessagingContracts.cs(1393,58): warning CS1573: Parameter 'ConsumedBy' has no matching param tag in the XML comment for 'ComplianceDocumentUploadedEvent.ComplianceDocumentUploadedEvent(Guid, string, MessageType, string, string, IReadOnlyList<string>, Guid, Guid?, DateTimeOffset, bool, ComplianceDocumentUploadedEventPayload)' (but other parameters do) [B:\maliev\Maliev.MessagingContracts\generated\csharp\Maliev.MessagingContracts.csproj]
B:\maliev\Maliev.MessagingContracts\generated\csharp\Contracts\MessagingContracts.cs(1394,21): warning CS1573: Parameter 'CorrelationId' has no matching param tag in the XML comment for 'ComplianceDocumentUploadedEvent.ComplianceDocumentUploadedEvent(Guid, string, MessageType, string, string, IReadOnlyList<string>, Guid, Guid?, DateTimeOffset, bool, ComplianceDocumentUploadedEventPayload)' (but other parameters do) [B:\maliev\Maliev.MessagingContracts\generated\csharp\Maliev.MessagingContracts.csproj]
B:\maliev\Maliev.MessagingContracts\generated\csharp\Contracts\MessagingContracts.cs(1395,22): warning CS1573: Parameter 'CausationId' has no matching param tag in the XML comment for 'ComplianceDocumentUploadedEvent.ComplianceDocumentUploadedEvent(Guid, string, MessageType, string, string, IReadOnlyList<string>, Guid, Guid?, DateTimeOffset, bool, ComplianceDocumentUploadedEventPayload)' (but other parameters do) [B:\maliev\Maliev.MessagingContracts\generated\csharp\Maliev.MessagingContracts.csproj]
B:\maliev\Maliev.MessagingContracts\generated\csharp\Contracts\MessagingContracts.cs(1396,31): warning CS1573: Parameter 'OccurredAtUtc' has no matching param tag in the XML comment for 'ComplianceDocumentUploadedEvent.ComplianceDocumentUploadedEvent(Guid, string, MessageType, string, string, IReadOnlyList<string>, Guid, Guid?, DateTimeOffset, bool, ComplianceDocumentUploadedEventPayload)' (but other parameters do) [B:\maliev\Maliev.MessagingContracts\generated\csharp\Maliev.MessagingContracts.csproj]
B:\maliev\Maliev.MessagingContracts\generated\csharp\Contracts\MessagingContracts.cs(1397,14): warning CS1573: Parameter 'IsPublic' has no matching param tag in the XML comment for 'ComplianceDocumentUploadedEvent.ComplianceDocumentUploadedEvent(Guid, string, MessageType, string, string, IReadOnlyList<string>, Guid, Guid?, DateTimeOffset, bool, ComplianceDocumentUploadedEventPayload)' (but other parameters do) [B:\maliev\Maliev.MessagingContracts\generated\csharp\Maliev.MessagingContracts.csproj]
B:\maliev\Maliev.MessagingContracts\generated\csharp\Contracts\MessagingContracts.cs(1422,19): warning CS1591: Missing XML comment for publicly visible type or member 'CustomerDetailsResponse' [B:\maliev\Maliev.MessagingContracts\generated\csharp\Maliev.MessagingContracts.csproj]
B:\maliev\Maliev.MessagingContracts\generated\csharp\Contracts\MessagingContracts.cs(1422,19): warning CS1591: Missing XML comment for publicly visible type or member 'CustomerDetailsResponse.CustomerDetailsResponse(Guid, string, MessageType, string, string, IReadOnlyList<string>, Guid, Guid?, DateTimeOffset, bool, CustomerDetailsResponsePayload)' [B:\maliev\Maliev.MessagingContracts\generated\csharp\Maliev.MessagingContracts.csproj]
B:\maliev\Maliev.MessagingContracts\generated\csharp\Contracts\MessagingContracts.cs(1433,80): warning CS1591: Missing XML comment for publicly visible type or member 'CustomerDetailsResponse.Payload' [B:\maliev\Maliev.MessagingContracts\generated\csharp\Maliev.MessagingContracts.csproj]
B:\maliev\Maliev.MessagingContracts\generated\csharp\Contracts\MessagingContracts.cs(1453,64): warning CS1573: Parameter 'CustomerId' has no matching param tag in the XML comment for 'CustomerCreatedEventPayload.CustomerCreatedEventPayload(Guid, Guid, string, string, string, string?, string?, string?, string, string, Guid?, DateTimeOffset)' (but other parameters do) [B:\maliev\Maliev.MessagingContracts\generated\csharp\Maliev.MessagingContracts.csproj]
B:\maliev\Maliev.MessagingContracts\generated\csharp\Contracts\MessagingContracts.cs(1455,58): warning CS1573: Parameter 'FirstName' has no matching param tag in the XML comment for 'CustomerCreatedEventPayload.CustomerCreatedEventPayload(Guid, Guid, string, string, string, string?, string?, string?, string, string, Guid?, DateTimeOffset)' (but other parameters do) [B:\maliev\Maliev.MessagingContracts\generated\csharp\Maliev.MessagingContracts.csproj]
B:\maliev\Maliev.MessagingContracts\generated\csharp\Contracts\MessagingContracts.cs(1456,57): warning CS1573: Parameter 'LastName' has no matching param tag in the XML comment for 'CustomerCreatedEventPayload.CustomerCreatedEventPayload(Guid, Guid, string, string, string, string?, string?, string?, string, string, Guid?, DateTimeOffset)' (but other parameters do) [B:\maliev\Maliev.MessagingContracts\generated\csharp\Maliev.MessagingContracts.csproj]
B:\maliev\Maliev.MessagingContracts\generated\csharp\Contracts\MessagingContracts.cs(1457,54): warning CS1573: Parameter 'Email' has no matching param tag in the XML comment for 'CustomerCreatedEventPayload.CustomerCreatedEventPayload(Guid, Guid, string, string, string, string?, string?, string?, string, string, Guid?, DateTimeOffset)' (but other parameters do) [B:\maliev\Maliev.MessagingContracts\generated\csharp\Maliev.MessagingContracts.csproj]
B:\maliev\Maliev.MessagingContracts\generated\csharp\Contracts\MessagingContracts.cs(1464,73): warning CS1573: Parameter 'CreatedAt' has no matching param tag in the XML comment for 'CustomerCreatedEventPayload.CustomerCreatedEventPayload(Guid, Guid, string, string, string, string?, string?, string?, string, string, Guid?, DateTimeOffset)' (but other parameters do) [B:\maliev\Maliev.MessagingContracts\generated\csharp\Maliev.MessagingContracts.csproj]
B:\maliev\Maliev.MessagingContracts\generated\csharp\Contracts\MessagingContracts.cs(1476,21): warning CS1573: Parameter 'MessageId' has no matching param tag in the XML comment for 'CustomerCreatedEvent.CustomerCreatedEvent(Guid, string, MessageType, string, string, IReadOnlyList<string>, Guid, Guid?, DateTimeOffset, bool, CustomerCreatedEventPayload)' (but other parameters do) [B:\maliev\Maliev.MessagingContracts\generated\csharp\Maliev.MessagingContracts.csproj]
B:\maliev\Maliev.MessagingContracts\generated\csharp\Contracts\MessagingContracts.cs(1477,16): warning CS1573: Parameter 'MessageName' has no matching param tag in the XML comment for 'CustomerCreatedEvent.CustomerCreatedEvent(Guid, string, MessageType, string, string, IReadOnlyList<string>, Guid, Guid?, DateTimeOffset, bool, CustomerCreatedEventPayload)' (but other parameters do) [B:\maliev\Maliev.MessagingContracts\generated\csharp\Maliev.MessagingContracts.csproj]
B:\maliev\Maliev.MessagingContracts\generated\csharp\Contracts\MessagingContracts.cs(1478,21): warning CS1573: Parameter 'MessageType' has no matching param tag in the XML comment for 'CustomerCreatedEvent.CustomerCreatedEvent(Guid, string, MessageType, string, string, IReadOnlyList<string>, Guid, Guid?, DateTimeOffset, bool, CustomerCreatedEventPayload)' (but other parameters do) [B:\maliev\Maliev.MessagingContracts\generated\csharp\Maliev.MessagingContracts.csproj]
B:\maliev\Maliev.MessagingContracts\generated\csharp\Contracts\MessagingContracts.cs(1479,16): warning CS1573: Parameter 'MessageVersion' has no matching param tag in the XML comment for 'CustomerCreatedEvent.CustomerCreatedEvent(Guid, string, MessageType, string, string, IReadOnlyList<string>, Guid, Guid?, DateTimeOffset, bool, CustomerCreatedEventPayload)' (but other parameters do) [B:\maliev\Maliev.MessagingContracts\generated\csharp\Maliev.MessagingContracts.csproj]
B:\maliev\Maliev.MessagingContracts\generated\csharp\Contracts\MessagingContracts.cs(1480,16): warning CS1573: Parameter 'PublishedBy' has no matching param tag in the XML comment for 'CustomerCreatedEvent.CustomerCreatedEvent(Guid, string, MessageType, string, string, IReadOnlyList<string>, Guid, Guid?, DateTimeOffset, bool, CustomerCreatedEventPayload)' (but other parameters do) [B:\maliev\Maliev.MessagingContracts\generated\csharp\Maliev.MessagingContracts.csproj]
B:\maliev\Maliev.MessagingContracts\generated\csharp\Contracts\MessagingContracts.cs(1481,58): warning CS1573: Parameter 'ConsumedBy' has no matching param tag in the XML comment for 'CustomerCreatedEvent.CustomerCreatedEvent(Guid, string, MessageType, string, string, IReadOnlyList<string>, Guid, Guid?, DateTimeOffset, bool, CustomerCreatedEventPayload)' (but other parameters do) [B:\maliev\Maliev.MessagingContracts\generated\csharp\Maliev.MessagingContracts.csproj]
B:\maliev\Maliev.MessagingContracts\generated\csharp\Contracts\MessagingContracts.cs(1482,21): warning CS1573: Parameter 'CorrelationId' has no matching param tag in the XML comment for 'CustomerCreatedEvent.CustomerCreatedEvent(Guid, string, MessageType, string, string, IReadOnlyList<string>, Guid, Guid?, DateTimeOffset, bool, CustomerCreatedEventPayload)' (but other parameters do) [B:\maliev\Maliev.MessagingContracts\generated\csharp\Maliev.MessagingContracts.csproj]
B:\maliev\Maliev.MessagingContracts\generated\csharp\Contracts\MessagingContracts.cs(1483,22): warning CS1573: Parameter 'CausationId' has no matching param tag in the XML comment for 'CustomerCreatedEvent.CustomerCreatedEvent(Guid, string, MessageType, string, string, IReadOnlyList<string>, Guid, Guid?, DateTimeOffset, bool, CustomerCreatedEventPayload)' (but other parameters do) [B:\maliev\Maliev.MessagingContracts\generated\csharp\Maliev.MessagingContracts.csproj]
B:\maliev\Maliev.MessagingContracts\generated\csharp\Contracts\MessagingContracts.cs(1484,31): warning CS1573: Parameter 'OccurredAtUtc' has no matching param tag in the XML comment for 'CustomerCreatedEvent.CustomerCreatedEvent(Guid, string, MessageType, string, string, IReadOnlyList<string>, Guid, Guid?, DateTimeOffset, bool, CustomerCreatedEventPayload)' (but other parameters do) [B:\maliev\Maliev.MessagingContracts\generated\csharp\Maliev.MessagingContracts.csproj]
B:\maliev\Maliev.MessagingContracts\generated\csharp\Contracts\MessagingContracts.cs(1485,14): warning CS1573: Parameter 'IsPublic' has no matching param tag in the XML comment for 'CustomerCreatedEvent.CustomerCreatedEvent(Guid, string, MessageType, string, string, IReadOnlyList<string>, Guid, Guid?, DateTimeOffset, bool, CustomerCreatedEventPayload)' (but other parameters do) [B:\maliev\Maliev.MessagingContracts\generated\csharp\Maliev.MessagingContracts.csproj]
B:\maliev\Maliev.MessagingContracts\generated\csharp\Contracts\MessagingContracts.cs(1501,64): warning CS1573: Parameter 'CustomerId' has no matching param tag in the XML comment for 'CustomerUpdatedEventPayload.CustomerUpdatedEventPayload(Guid, object, string, string, DateTimeOffset)' (but other parameters do) [B:\maliev\Maliev.MessagingContracts\generated\csharp\Maliev.MessagingContracts.csproj]
B:\maliev\Maliev.MessagingContracts\generated\csharp\Contracts\MessagingContracts.cs(1505,73): warning CS1573: Parameter 'UpdatedAt' has no matching param tag in the XML comment for 'CustomerUpdatedEventPayload.CustomerUpdatedEventPayload(Guid, object, string, string, DateTimeOffset)' (but other parameters do) [B:\maliev\Maliev.MessagingContracts\generated\csharp\Maliev.MessagingContracts.csproj]
B:\maliev\Maliev.MessagingContracts\generated\csharp\Contracts\MessagingContracts.cs(1517,21): warning CS1573: Parameter 'MessageId' has no matching param tag in the XML comment for 'CustomerUpdatedEvent.CustomerUpdatedEvent(Guid, string, MessageType, string, string, IReadOnlyList<string>, Guid, Guid?, DateTimeOffset, bool, CustomerUpdatedEventPayload)' (but other parameters do) [B:\maliev\Maliev.MessagingContracts\generated\csharp\Maliev.MessagingContracts.csproj]
B:\maliev\Maliev.MessagingContracts\generated\csharp\Contracts\MessagingContracts.cs(1518,16): warning CS1573: Parameter 'MessageName' has no matching param tag in the XML comment for 'CustomerUpdatedEvent.CustomerUpdatedEvent(Guid, string, MessageType, string, string, IReadOnlyList<string>, Guid, Guid?, DateTimeOffset, bool, CustomerUpdatedEventPayload)' (but other parameters do) [B:\maliev\Maliev.MessagingContracts\generated\csharp\Maliev.MessagingContracts.csproj]
B:\maliev\Maliev.MessagingContracts\generated\csharp\Contracts\MessagingContracts.cs(1519,21): warning CS1573: Parameter 'MessageType' has no matching param tag in the XML comment for 'CustomerUpdatedEvent.CustomerUpdatedEvent(Guid, string, MessageType, string, string, IReadOnlyList<string>, Guid, Guid?, DateTimeOffset, bool, CustomerUpdatedEventPayload)' (but other parameters do) [B:\maliev\Maliev.MessagingContracts\generated\csharp\Maliev.MessagingContracts.csproj]
B:\maliev\Maliev.MessagingContracts\generated\csharp\Contracts\MessagingContracts.cs(1520,16): warning CS1573: Parameter 'MessageVersion' has no matching param tag in the XML comment for 'CustomerUpdatedEvent.CustomerUpdatedEvent(Guid, string, MessageType, string, string, IReadOnlyList<string>, Guid, Guid?, DateTimeOffset, bool, CustomerUpdatedEventPayload)' (but other parameters do) [B:\maliev\Maliev.MessagingContracts\generated\csharp\Maliev.MessagingContracts.csproj]
B:\maliev\Maliev.MessagingContracts\generated\csharp\Contracts\MessagingContracts.cs(1521,16): warning CS1573: Parameter 'PublishedBy' has no matching param tag in the XML comment for 'CustomerUpdatedEvent.CustomerUpdatedEvent(Guid, string, MessageType, string, string, IReadOnlyList<string>, Guid, Guid?, DateTimeOffset, bool, CustomerUpdatedEventPayload)' (but other parameters do) [B:\maliev\Maliev.MessagingContracts\generated\csharp\Maliev.MessagingContracts.csproj]
B:\maliev\Maliev.MessagingContracts\generated\csharp\Contracts\MessagingContracts.cs(1522,58): warning CS1573: Parameter 'ConsumedBy' has no matching param tag in the XML comment for 'CustomerUpdatedEvent.CustomerUpdatedEvent(Guid, string, MessageType, string, string, IReadOnlyList<string>, Guid, Guid?, DateTimeOffset, bool, CustomerUpdatedEventPayload)' (but other parameters do) [B:\maliev\Maliev.MessagingContracts\generated\csharp\Maliev.MessagingContracts.csproj]
B:\maliev\Maliev.MessagingContracts\generated\csharp\Contracts\MessagingContracts.cs(1523,21): warning CS1573: Parameter 'CorrelationId' has no matching param tag in the XML comment for 'CustomerUpdatedEvent.CustomerUpdatedEvent(Guid, string, MessageType, string, string, IReadOnlyList<string>, Guid, Guid?, DateTimeOffset, bool, CustomerUpdatedEventPayload)' (but other parameters do) [B:\maliev\Maliev.MessagingContracts\generated\csharp\Maliev.MessagingContracts.csproj]
B:\maliev\Maliev.MessagingContracts\generated\csharp\Contracts\MessagingContracts.cs(1524,22): warning CS1573: Parameter 'CausationId' has no matching param tag in the XML comment for 'CustomerUpdatedEvent.CustomerUpdatedEvent(Guid, string, MessageType, string, string, IReadOnlyList<string>, Guid, Guid?, DateTimeOffset, bool, CustomerUpdatedEventPayload)' (but other parameters do) [B:\maliev\Maliev.MessagingContracts\generated\csharp\Maliev.MessagingContracts.csproj]
B:\maliev\Maliev.MessagingContracts\generated\csharp\Contracts\MessagingContracts.cs(1525,31): warning CS1573: Parameter 'OccurredAtUtc' has no matching param tag in the XML comment for 'CustomerUpdatedEvent.CustomerUpdatedEvent(Guid, string, MessageType, string, string, IReadOnlyList<string>, Guid, Guid?, DateTimeOffset, bool, CustomerUpdatedEventPayload)' (but other parameters do) [B:\maliev\Maliev.MessagingContracts\generated\csharp\Maliev.MessagingContracts.csproj]
B:\maliev\Maliev.MessagingContracts\generated\csharp\Contracts\MessagingContracts.cs(1526,14): warning CS1573: Parameter 'IsPublic' has no matching param tag in the XML comment for 'CustomerUpdatedEvent.CustomerUpdatedEvent(Guid, string, MessageType, string, string, IReadOnlyList<string>, Guid, Guid?, DateTimeOffset, bool, CustomerUpdatedEventPayload)' (but other parameters do) [B:\maliev\Maliev.MessagingContracts\generated\csharp\Maliev.MessagingContracts.csproj]
B:\maliev\Maliev.MessagingContracts\generated\csharp\Contracts\MessagingContracts.cs(1541,64): warning CS1573: Parameter 'CustomerId' has no matching param tag in the XML comment for 'CustomerDeletedEventPayload.CustomerDeletedEventPayload(Guid, string, string, DateTimeOffset)' (but other parameters do) [B:\maliev\Maliev.MessagingContracts\generated\csharp\Maliev.MessagingContracts.csproj]
B:\maliev\Maliev.MessagingContracts\generated\csharp\Contracts\MessagingContracts.cs(1544,73): warning CS1573: Parameter 'DeletedAt' has no matching param tag in the XML comment for 'CustomerDeletedEventPayload.CustomerDeletedEventPayload(Guid, string, string, DateTimeOffset)' (but other parameters do) [B:\maliev\Maliev.MessagingContracts\generated\csharp\Maliev.MessagingContracts.csproj]
B:\maliev\Maliev.MessagingContracts\generated\csharp\Contracts\MessagingContracts.cs(1556,21): warning CS1573: Parameter 'MessageId' has no matching param tag in the XML comment for 'CustomerDeletedEvent.CustomerDeletedEvent(Guid, string, MessageType, string, string, IReadOnlyList<string>, Guid, Guid?, DateTimeOffset, bool, CustomerDeletedEventPayload)' (but other parameters do) [B:\maliev\Maliev.MessagingContracts\generated\csharp\Maliev.MessagingContracts.csproj]
B:\maliev\Maliev.MessagingContracts\generated\csharp\Contracts\MessagingContracts.cs(1557,16): warning CS1573: Parameter 'MessageName' has no matching param tag in the XML comment for 'CustomerDeletedEvent.CustomerDeletedEvent(Guid, string, MessageType, string, string, IReadOnlyList<string>, Guid, Guid?, DateTimeOffset, bool, CustomerDeletedEventPayload)' (but other parameters do) [B:\maliev\Maliev.MessagingContracts\generated\csharp\Maliev.MessagingContracts.csproj]
B:\maliev\Maliev.MessagingContracts\generated\csharp\Contracts\MessagingContracts.cs(1558,21): warning CS1573: Parameter 'MessageType' has no matching param tag in the XML comment for 'CustomerDeletedEvent.CustomerDeletedEvent(Guid, string, MessageType, string, string, IReadOnlyList<string>, Guid, Guid?, DateTimeOffset, bool, CustomerDeletedEventPayload)' (but other parameters do) [B:\maliev\Maliev.MessagingContracts\generated\csharp\Maliev.MessagingContracts.csproj]
B:\maliev\Maliev.MessagingContracts\generated\csharp\Contracts\MessagingContracts.cs(1559,16): warning CS1573: Parameter 'MessageVersion' has no matching param tag in the XML comment for 'CustomerDeletedEvent.CustomerDeletedEvent(Guid, string, MessageType, string, string, IReadOnlyList<string>, Guid, Guid?, DateTimeOffset, bool, CustomerDeletedEventPayload)' (but other parameters do) [B:\maliev\Maliev.MessagingContracts\generated\csharp\Maliev.MessagingContracts.csproj]
B:\maliev\Maliev.MessagingContracts\generated\csharp\Contracts\MessagingContracts.cs(1560,16): warning CS1573: Parameter 'PublishedBy' has no matching param tag in the XML comment for 'CustomerDeletedEvent.CustomerDeletedEvent(Guid, string, MessageType, string, string, IReadOnlyList<string>, Guid, Guid?, DateTimeOffset, bool, CustomerDeletedEventPayload)' (but other parameters do) [B:\maliev\Maliev.MessagingContracts\generated\csharp\Maliev.MessagingContracts.csproj]
B:\maliev\Maliev.MessagingContracts\generated\csharp\Contracts\MessagingContracts.cs(1561,58): warning CS1573: Parameter 'ConsumedBy' has no matching param tag in the XML comment for 'CustomerDeletedEvent.CustomerDeletedEvent(Guid, string, MessageType, string, string, IReadOnlyList<string>, Guid, Guid?, DateTimeOffset, bool, CustomerDeletedEventPayload)' (but other parameters do) [B:\maliev\Maliev.MessagingContracts\generated\csharp\Maliev.MessagingContracts.csproj]
B:\maliev\Maliev.MessagingContracts\generated\csharp\Contracts\MessagingContracts.cs(1562,21): warning CS1573: Parameter 'CorrelationId' has no matching param tag in the XML comment for 'CustomerDeletedEvent.CustomerDeletedEvent(Guid, string, MessageType, string, string, IReadOnlyList<string>, Guid, Guid?, DateTimeOffset, bool, CustomerDeletedEventPayload)' (but other parameters do) [B:\maliev\Maliev.MessagingContracts\generated\csharp\Maliev.MessagingContracts.csproj]
B:\maliev\Maliev.MessagingContracts\generated\csharp\Contracts\MessagingContracts.cs(1563,22): warning CS1573: Parameter 'CausationId' has no matching param tag in the XML comment for 'CustomerDeletedEvent.CustomerDeletedEvent(Guid, string, MessageType, string, string, IReadOnlyList<string>, Guid, Guid?, DateTimeOffset, bool, CustomerDeletedEventPayload)' (but other parameters do) [B:\maliev\Maliev.MessagingContracts\generated\csharp\Maliev.MessagingContracts.csproj]
B:\maliev\Maliev.MessagingContracts\generated\csharp\Contracts\MessagingContracts.cs(1564,31): warning CS1573: Parameter 'OccurredAtUtc' has no matching param tag in the XML comment for 'CustomerDeletedEvent.CustomerDeletedEvent(Guid, string, MessageType, string, string, IReadOnlyList<string>, Guid, Guid?, DateTimeOffset, bool, CustomerDeletedEventPayload)' (but other parameters do) [B:\maliev\Maliev.MessagingContracts\generated\csharp\Maliev.MessagingContracts.csproj]
B:\maliev\Maliev.MessagingContracts\generated\csharp\Contracts\MessagingContracts.cs(1565,14): warning CS1573: Parameter 'IsPublic' has no matching param tag in the XML comment for 'CustomerDeletedEvent.CustomerDeletedEvent(Guid, string, MessageType, string, string, IReadOnlyList<string>, Guid, Guid?, DateTimeOffset, bool, CustomerDeletedEventPayload)' (but other parameters do) [B:\maliev\Maliev.MessagingContracts\generated\csharp\Maliev.MessagingContracts.csproj]
B:\maliev\Maliev.MessagingContracts\generated\csharp\Contracts\MessagingContracts.cs(1588,19): warning CS1591: Missing XML comment for publicly visible type or member 'GetCustomerDetailsRequest' [B:\maliev\Maliev.MessagingContracts\generated\csharp\Maliev.MessagingContracts.csproj]
B:\maliev\Maliev.MessagingContracts\generated\csharp\Contracts\MessagingContracts.cs(1588,19): warning CS1591: Missing XML comment for publicly visible type or member 'GetCustomerDetailsRequest.GetCustomerDetailsRequest(Guid, string, MessageType, string, string, IReadOnlyList<string>, Guid, Guid?, DateTimeOffset, bool, GetCustomerDetailsRequestPayload)' [B:\maliev\Maliev.MessagingContracts\generated\csharp\Maliev.MessagingContracts.csproj]
B:\maliev\Maliev.MessagingContracts\generated\csharp\Contracts\MessagingContracts.cs(1599,82): warning CS1591: Missing XML comment for publicly visible type or member 'GetCustomerDetailsRequest.Payload' [B:\maliev\Maliev.MessagingContracts\generated\csharp\Maliev.MessagingContracts.csproj]
B:\maliev\Maliev.MessagingContracts\generated\csharp\Contracts\MessagingContracts.cs(1614,64): warning CS1573: Parameter 'EmployeeId' has no matching param tag in the XML comment for 'EmployeeCreatedEventPayload.EmployeeCreatedEventPayload(Guid, string, Guid, string, string, DateTimeOffset, Guid, Guid?, Guid?)' (but other parameters do) [B:\maliev\Maliev.MessagingContracts\generated\csharp\Maliev.MessagingContracts.csproj]
B:\maliev\Maliev.MessagingContracts\generated\csharp\Contracts\MessagingContracts.cs(1615,63): warning CS1573: Parameter 'EmployeeNumber' has no matching param tag in the XML comment for 'EmployeeCreatedEventPayload.EmployeeCreatedEventPayload(Guid, string, Guid, string, string, DateTimeOffset, Guid, Guid?, Guid?)' (but other parameters do) [B:\maliev\Maliev.MessagingContracts\generated\csharp\Maliev.MessagingContracts.csproj]
B:\maliev\Maliev.MessagingContracts\generated\csharp\Contracts\MessagingContracts.cs(1616,65): warning CS1573: Parameter 'PrincipalId' has no matching param tag in the XML comment for 'EmployeeCreatedEventPayload.EmployeeCreatedEventPayload(Guid, string, Guid, string, string, DateTimeOffset, Guid, Guid?, Guid?)' (but other parameters do) [B:\maliev\Maliev.MessagingContracts\generated\csharp\Maliev.MessagingContracts.csproj]
B:\maliev\Maliev.MessagingContracts\generated\csharp\Contracts\MessagingContracts.cs(1619,73): warning CS1573: Parameter 'StartDate' has no matching param tag in the XML comment for 'EmployeeCreatedEventPayload.EmployeeCreatedEventPayload(Guid, string, Guid, string, string, DateTimeOffset, Guid, Guid?, Guid?)' (but other parameters do) [B:\maliev\Maliev.MessagingContracts\generated\csharp\Maliev.MessagingContracts.csproj]
B:\maliev\Maliev.MessagingContracts\generated\csharp\Contracts\MessagingContracts.cs(1620,66): warning CS1573: Parameter 'DepartmentId' has no matching param tag in the XML comment for 'EmployeeCreatedEventPayload.EmployeeCreatedEventPayload(Guid, string, Guid, string, string, DateTimeOffset, Guid, Guid?, Guid?)' (but other parameters do) [B:\maliev\Maliev.MessagingContracts\generated\csharp\Maliev.MessagingContracts.csproj]
B:\maliev\Maliev.MessagingContracts\generated\csharp\Contracts\MessagingContracts.cs(1621,65): warning CS1573: Parameter 'PositionId' has no matching param tag in the XML comment for 'EmployeeCreatedEventPayload.EmployeeCreatedEventPayload(Guid, string, Guid, string, string, DateTimeOffset, Guid, Guid?, Guid?)' (but other parameters do) [B:\maliev\Maliev.MessagingContracts\generated\csharp\Maliev.MessagingContracts.csproj]
B:\maliev\Maliev.MessagingContracts\generated\csharp\Contracts\MessagingContracts.cs(1622,64): warning CS1573: Parameter 'ManagerId' has no matching param tag in the XML comment for 'EmployeeCreatedEventPayload.EmployeeCreatedEventPayload(Guid, string, Guid, string, string, DateTimeOffset, Guid, Guid?, Guid?)' (but other parameters do) [B:\maliev\Maliev.MessagingContracts\generated\csharp\Maliev.MessagingContracts.csproj]
B:\maliev\Maliev.MessagingContracts\generated\csharp\Contracts\MessagingContracts.cs(1634,21): warning CS1573: Parameter 'MessageId' has no matching param tag in the XML comment for 'EmployeeCreatedEvent.EmployeeCreatedEvent(Guid, string, MessageType, string, string, IReadOnlyList<string>, Guid, Guid?, DateTimeOffset, bool, EmployeeCreatedEventPayload)' (but other parameters do) [B:\maliev\Maliev.MessagingContracts\generated\csharp\Maliev.MessagingContracts.csproj]
B:\maliev\Maliev.MessagingContracts\generated\csharp\Contracts\MessagingContracts.cs(1635,16): warning CS1573: Parameter 'MessageName' has no matching param tag in the XML comment for 'EmployeeCreatedEvent.EmployeeCreatedEvent(Guid, string, MessageType, string, string, IReadOnlyList<string>, Guid, Guid?, DateTimeOffset, bool, EmployeeCreatedEventPayload)' (but other parameters do) [B:\maliev\Maliev.MessagingContracts\generated\csharp\Maliev.MessagingContracts.csproj]
B:\maliev\Maliev.MessagingContracts\generated\csharp\Contracts\MessagingContracts.cs(1636,21): warning CS1573: Parameter 'MessageType' has no matching param tag in the XML comment for 'EmployeeCreatedEvent.EmployeeCreatedEvent(Guid, string, MessageType, string, string, IReadOnlyList<string>, Guid, Guid?, DateTimeOffset, bool, EmployeeCreatedEventPayload)' (but other parameters do) [B:\maliev\Maliev.MessagingContracts\generated\csharp\Maliev.MessagingContracts.csproj]
B:\maliev\Maliev.MessagingContracts\generated\csharp\Contracts\MessagingContracts.cs(1637,16): warning CS1573: Parameter 'MessageVersion' has no matching param tag in the XML comment for 'EmployeeCreatedEvent.EmployeeCreatedEvent(Guid, string, MessageType, string, string, IReadOnlyList<string>, Guid, Guid?, DateTimeOffset, bool, EmployeeCreatedEventPayload)' (but other parameters do) [B:\maliev\Maliev.MessagingContracts\generated\csharp\Maliev.MessagingContracts.csproj]
B:\maliev\Maliev.MessagingContracts\generated\csharp\Contracts\MessagingContracts.cs(1638,16): warning CS1573: Parameter 'PublishedBy' has no matching param tag in the XML comment for 'EmployeeCreatedEvent.EmployeeCreatedEvent(Guid, string, MessageType, string, string, IReadOnlyList<string>, Guid, Guid?, DateTimeOffset, bool, EmployeeCreatedEventPayload)' (but other parameters do) [B:\maliev\Maliev.MessagingContracts\generated\csharp\Maliev.MessagingContracts.csproj]
B:\maliev\Maliev.MessagingContracts\generated\csharp\Contracts\MessagingContracts.cs(1639,58): warning CS1573: Parameter 'ConsumedBy' has no matching param tag in the XML comment for 'EmployeeCreatedEvent.EmployeeCreatedEvent(Guid, string, MessageType, string, string, IReadOnlyList<string>, Guid, Guid?, DateTimeOffset, bool, EmployeeCreatedEventPayload)' (but other parameters do) [B:\maliev\Maliev.MessagingContracts\generated\csharp\Maliev.MessagingContracts.csproj]
B:\maliev\Maliev.MessagingContracts\generated\csharp\Contracts\MessagingContracts.cs(1640,21): warning CS1573: Parameter 'CorrelationId' has no matching param tag in the XML comment for 'EmployeeCreatedEvent.EmployeeCreatedEvent(Guid, string, MessageType, string, string, IReadOnlyList<string>, Guid, Guid?, DateTimeOffset, bool, EmployeeCreatedEventPayload)' (but other parameters do) [B:\maliev\Maliev.MessagingContracts\generated\csharp\Maliev.MessagingContracts.csproj]
B:\maliev\Maliev.MessagingContracts\generated\csharp\Contracts\MessagingContracts.cs(1641,22): warning CS1573: Parameter 'CausationId' has no matching param tag in the XML comment for 'EmployeeCreatedEvent.EmployeeCreatedEvent(Guid, string, MessageType, string, string, IReadOnlyList<string>, Guid, Guid?, DateTimeOffset, bool, EmployeeCreatedEventPayload)' (but other parameters do) [B:\maliev\Maliev.MessagingContracts\generated\csharp\Maliev.MessagingContracts.csproj]
B:\maliev\Maliev.MessagingContracts\generated\csharp\Contracts\MessagingContracts.cs(1642,31): warning CS1573: Parameter 'OccurredAtUtc' has no matching param tag in the XML comment for 'EmployeeCreatedEvent.EmployeeCreatedEvent(Guid, string, MessageType, string, string, IReadOnlyList<string>, Guid, Guid?, DateTimeOffset, bool, EmployeeCreatedEventPayload)' (but other parameters do) [B:\maliev\Maliev.MessagingContracts\generated\csharp\Maliev.MessagingContracts.csproj]
B:\maliev\Maliev.MessagingContracts\generated\csharp\Contracts\MessagingContracts.cs(1643,14): warning CS1573: Parameter 'IsPublic' has no matching param tag in the XML comment for 'EmployeeCreatedEvent.EmployeeCreatedEvent(Guid, string, MessageType, string, string, IReadOnlyList<string>, Guid, Guid?, DateTimeOffset, bool, EmployeeCreatedEventPayload)' (but other parameters do) [B:\maliev\Maliev.MessagingContracts\generated\csharp\Maliev.MessagingContracts.csproj]
B:\maliev\Maliev.MessagingContracts\generated\csharp\Contracts\MessagingContracts.cs(1671,21): warning CS1573: Parameter 'MessageId' has no matching param tag in the XML comment for 'EmployeeTerminatedEvent.EmployeeTerminatedEvent(Guid, string, MessageType, string, string, IReadOnlyList<string>, Guid, Guid?, DateTimeOffset, bool, EmployeeTerminatedEventPayload)' (but other parameters do) [B:\maliev\Maliev.MessagingContracts\generated\csharp\Maliev.MessagingContracts.csproj]
B:\maliev\Maliev.MessagingContracts\generated\csharp\Contracts\MessagingContracts.cs(1672,16): warning CS1573: Parameter 'MessageName' has no matching param tag in the XML comment for 'EmployeeTerminatedEvent.EmployeeTerminatedEvent(Guid, string, MessageType, string, string, IReadOnlyList<string>, Guid, Guid?, DateTimeOffset, bool, EmployeeTerminatedEventPayload)' (but other parameters do) [B:\maliev\Maliev.MessagingContracts\generated\csharp\Maliev.MessagingContracts.csproj]
B:\maliev\Maliev.MessagingContracts\generated\csharp\Contracts\MessagingContracts.cs(1673,21): warning CS1573: Parameter 'MessageType' has no matching param tag in the XML comment for 'EmployeeTerminatedEvent.EmployeeTerminatedEvent(Guid, string, MessageType, string, string, IReadOnlyList<string>, Guid, Guid?, DateTimeOffset, bool, EmployeeTerminatedEventPayload)' (but other parameters do) [B:\maliev\Maliev.MessagingContracts\generated\csharp\Maliev.MessagingContracts.csproj]
B:\maliev\Maliev.MessagingContracts\generated\csharp\Contracts\MessagingContracts.cs(1674,16): warning CS1573: Parameter 'MessageVersion' has no matching param tag in the XML comment for 'EmployeeTerminatedEvent.EmployeeTerminatedEvent(Guid, string, MessageType, string, string, IReadOnlyList<string>, Guid, Guid?, DateTimeOffset, bool, EmployeeTerminatedEventPayload)' (but other parameters do) [B:\maliev\Maliev.MessagingContracts\generated\csharp\Maliev.MessagingContracts.csproj]
B:\maliev\Maliev.MessagingContracts\generated\csharp\Contracts\MessagingContracts.cs(1675,16): warning CS1573: Parameter 'PublishedBy' has no matching param tag in the XML comment for 'EmployeeTerminatedEvent.EmployeeTerminatedEvent(Guid, string, MessageType, string, string, IReadOnlyList<string>, Guid, Guid?, DateTimeOffset, bool, EmployeeTerminatedEventPayload)' (but other parameters do) [B:\maliev\Maliev.MessagingContracts\generated\csharp\Maliev.MessagingContracts.csproj]
B:\maliev\Maliev.MessagingContracts\generated\csharp\Contracts\MessagingContracts.cs(1676,58): warning CS1573: Parameter 'ConsumedBy' has no matching param tag in the XML comment for 'EmployeeTerminatedEvent.EmployeeTerminatedEvent(Guid, string, MessageType, string, string, IReadOnlyList<string>, Guid, Guid?, DateTimeOffset, bool, EmployeeTerminatedEventPayload)' (but other parameters do) [B:\maliev\Maliev.MessagingContracts\generated\csharp\Maliev.MessagingContracts.csproj]
B:\maliev\Maliev.MessagingContracts\generated\csharp\Contracts\MessagingContracts.cs(1677,21): warning CS1573: Parameter 'CorrelationId' has no matching param tag in the XML comment for 'EmployeeTerminatedEvent.EmployeeTerminatedEvent(Guid, string, MessageType, string, string, IReadOnlyList<string>, Guid, Guid?, DateTimeOffset, bool, EmployeeTerminatedEventPayload)' (but other parameters do) [B:\maliev\Maliev.MessagingContracts\generated\csharp\Maliev.MessagingContracts.csproj]
B:\maliev\Maliev.MessagingContracts\generated\csharp\Contracts\MessagingContracts.cs(1678,22): warning CS1573: Parameter 'CausationId' has no matching param tag in the XML comment for 'EmployeeTerminatedEvent.EmployeeTerminatedEvent(Guid, string, MessageType, string, string, IReadOnlyList<string>, Guid, Guid?, DateTimeOffset, bool, EmployeeTerminatedEventPayload)' (but other parameters do) [B:\maliev\Maliev.MessagingContracts\generated\csharp\Maliev.MessagingContracts.csproj]
B:\maliev\Maliev.MessagingContracts\generated\csharp\Contracts\MessagingContracts.cs(1679,31): warning CS1573: Parameter 'OccurredAtUtc' has no matching param tag in the XML comment for 'EmployeeTerminatedEvent.EmployeeTerminatedEvent(Guid, string, MessageType, string, string, IReadOnlyList<string>, Guid, Guid?, DateTimeOffset, bool, EmployeeTerminatedEventPayload)' (but other parameters do) [B:\maliev\Maliev.MessagingContracts\generated\csharp\Maliev.MessagingContracts.csproj]
B:\maliev\Maliev.MessagingContracts\generated\csharp\Contracts\MessagingContracts.cs(1680,14): warning CS1573: Parameter 'IsPublic' has no matching param tag in the XML comment for 'EmployeeTerminatedEvent.EmployeeTerminatedEvent(Guid, string, MessageType, string, string, IReadOnlyList<string>, Guid, Guid?, DateTimeOffset, bool, EmployeeTerminatedEventPayload)' (but other parameters do) [B:\maliev\Maliev.MessagingContracts\generated\csharp\Maliev.MessagingContracts.csproj]
B:\maliev\Maliev.MessagingContracts\generated\csharp\Contracts\MessagingContracts.cs(1708,21): warning CS1573: Parameter 'MessageId' has no matching param tag in the XML comment for 'DepartmentTransferredEvent.DepartmentTransferredEvent(Guid, string, MessageType, string, string, IReadOnlyList<string>, Guid, Guid?, DateTimeOffset, bool, DepartmentTransferredEventPayload)' (but other parameters do) [B:\maliev\Maliev.MessagingContracts\generated\csharp\Maliev.MessagingContracts.csproj]
B:\maliev\Maliev.MessagingContracts\generated\csharp\Contracts\MessagingContracts.cs(1709,16): warning CS1573: Parameter 'MessageName' has no matching param tag in the XML comment for 'DepartmentTransferredEvent.DepartmentTransferredEvent(Guid, string, MessageType, string, string, IReadOnlyList<string>, Guid, Guid?, DateTimeOffset, bool, DepartmentTransferredEventPayload)' (but other parameters do) [B:\maliev\Maliev.MessagingContracts\generated\csharp\Maliev.MessagingContracts.csproj]
B:\maliev\Maliev.MessagingContracts\generated\csharp\Contracts\MessagingContracts.cs(1710,21): warning CS1573: Parameter 'MessageType' has no matching param tag in the XML comment for 'DepartmentTransferredEvent.DepartmentTransferredEvent(Guid, string, MessageType, string, string, IReadOnlyList<string>, Guid, Guid?, DateTimeOffset, bool, DepartmentTransferredEventPayload)' (but other parameters do) [B:\maliev\Maliev.MessagingContracts\generated\csharp\Maliev.MessagingContracts.csproj]
B:\maliev\Maliev.MessagingContracts\generated\csharp\Contracts\MessagingContracts.cs(1711,16): warning CS1573: Parameter 'MessageVersion' has no matching param tag in the XML comment for 'DepartmentTransferredEvent.DepartmentTransferredEvent(Guid, string, MessageType, string, string, IReadOnlyList<string>, Guid, Guid?, DateTimeOffset, bool, DepartmentTransferredEventPayload)' (but other parameters do) [B:\maliev\Maliev.MessagingContracts\generated\csharp\Maliev.MessagingContracts.csproj]
B:\maliev\Maliev.MessagingContracts\generated\csharp\Contracts\MessagingContracts.cs(1712,16): warning CS1573: Parameter 'PublishedBy' has no matching param tag in the XML comment for 'DepartmentTransferredEvent.DepartmentTransferredEvent(Guid, string, MessageType, string, string, IReadOnlyList<string>, Guid, Guid?, DateTimeOffset, bool, DepartmentTransferredEventPayload)' (but other parameters do) [B:\maliev\Maliev.MessagingContracts\generated\csharp\Maliev.MessagingContracts.csproj]
B:\maliev\Maliev.MessagingContracts\generated\csharp\Contracts\MessagingContracts.cs(1713,58): warning CS1573: Parameter 'ConsumedBy' has no matching param tag in the XML comment for 'DepartmentTransferredEvent.DepartmentTransferredEvent(Guid, string, MessageType, string, string, IReadOnlyList<string>, Guid, Guid?, DateTimeOffset, bool, DepartmentTransferredEventPayload)' (but other parameters do) [B:\maliev\Maliev.MessagingContracts\generated\csharp\Maliev.MessagingContracts.csproj]
B:\maliev\Maliev.MessagingContracts\generated\csharp\Contracts\MessagingContracts.cs(1714,21): warning CS1573: Parameter 'CorrelationId' has no matching param tag in the XML comment for 'DepartmentTransferredEvent.DepartmentTransferredEvent(Guid, string, MessageType, string, string, IReadOnlyList<string>, Guid, Guid?, DateTimeOffset, bool, DepartmentTransferredEventPayload)' (but other parameters do) [B:\maliev\Maliev.MessagingContracts\generated\csharp\Maliev.MessagingContracts.csproj]
B:\maliev\Maliev.MessagingContracts\generated\csharp\Contracts\MessagingContracts.cs(1715,22): warning CS1573: Parameter 'CausationId' has no matching param tag in the XML comment for 'DepartmentTransferredEvent.DepartmentTransferredEvent(Guid, string, MessageType, string, string, IReadOnlyList<string>, Guid, Guid?, DateTimeOffset, bool, DepartmentTransferredEventPayload)' (but other parameters do) [B:\maliev\Maliev.MessagingContracts\generated\csharp\Maliev.MessagingContracts.csproj]
B:\maliev\Maliev.MessagingContracts\generated\csharp\Contracts\MessagingContracts.cs(1716,31): warning CS1573: Parameter 'OccurredAtUtc' has no matching param tag in the XML comment for 'DepartmentTransferredEvent.DepartmentTransferredEvent(Guid, string, MessageType, string, string, IReadOnlyList<string>, Guid, Guid?, DateTimeOffset, bool, DepartmentTransferredEventPayload)' (but other parameters do) [B:\maliev\Maliev.MessagingContracts\generated\csharp\Maliev.MessagingContracts.csproj]
B:\maliev\Maliev.MessagingContracts\generated\csharp\Contracts\MessagingContracts.cs(1717,14): warning CS1573: Parameter 'IsPublic' has no matching param tag in the XML comment for 'DepartmentTransferredEvent.DepartmentTransferredEvent(Guid, string, MessageType, string, string, IReadOnlyList<string>, Guid, Guid?, DateTimeOffset, bool, DepartmentTransferredEventPayload)' (but other parameters do) [B:\maliev\Maliev.MessagingContracts\generated\csharp\Maliev.MessagingContracts.csproj]
B:\maliev\Maliev.MessagingContracts\generated\csharp\Contracts\MessagingContracts.cs(1745,21): warning CS1573: Parameter 'MessageId' has no matching param tag in the XML comment for 'EmployeeDepartmentTransferredEvent.EmployeeDepartmentTransferredEvent(Guid, string, MessageType, string, string, IReadOnlyList<string>, Guid, Guid?, DateTimeOffset, bool, EmployeeDepartmentTransferredEventPayload)' (but other parameters do) [B:\maliev\Maliev.MessagingContracts\generated\csharp\Maliev.MessagingContracts.csproj]
B:\maliev\Maliev.MessagingContracts\generated\csharp\Contracts\MessagingContracts.cs(1746,16): warning CS1573: Parameter 'MessageName' has no matching param tag in the XML comment for 'EmployeeDepartmentTransferredEvent.EmployeeDepartmentTransferredEvent(Guid, string, MessageType, string, string, IReadOnlyList<string>, Guid, Guid?, DateTimeOffset, bool, EmployeeDepartmentTransferredEventPayload)' (but other parameters do) [B:\maliev\Maliev.MessagingContracts\generated\csharp\Maliev.MessagingContracts.csproj]
B:\maliev\Maliev.MessagingContracts\generated\csharp\Contracts\MessagingContracts.cs(1747,21): warning CS1573: Parameter 'MessageType' has no matching param tag in the XML comment for 'EmployeeDepartmentTransferredEvent.EmployeeDepartmentTransferredEvent(Guid, string, MessageType, string, string, IReadOnlyList<string>, Guid, Guid?, DateTimeOffset, bool, EmployeeDepartmentTransferredEventPayload)' (but other parameters do) [B:\maliev\Maliev.MessagingContracts\generated\csharp\Maliev.MessagingContracts.csproj]
B:\maliev\Maliev.MessagingContracts\generated\csharp\Contracts\MessagingContracts.cs(1748,16): warning CS1573: Parameter 'MessageVersion' has no matching param tag in the XML comment for 'EmployeeDepartmentTransferredEvent.EmployeeDepartmentTransferredEvent(Guid, string, MessageType, string, string, IReadOnlyList<string>, Guid, Guid?, DateTimeOffset, bool, EmployeeDepartmentTransferredEventPayload)' (but other parameters do) [B:\maliev\Maliev.MessagingContracts\generated\csharp\Maliev.MessagingContracts.csproj]
B:\maliev\Maliev.MessagingContracts\generated\csharp\Contracts\MessagingContracts.cs(1749,16): warning CS1573: Parameter 'PublishedBy' has no matching param tag in the XML comment for 'EmployeeDepartmentTransferredEvent.EmployeeDepartmentTransferredEvent(Guid, string, MessageType, string, string, IReadOnlyList<string>, Guid, Guid?, DateTimeOffset, bool, EmployeeDepartmentTransferredEventPayload)' (but other parameters do) [B:\maliev\Maliev.MessagingContracts\generated\csharp\Maliev.MessagingContracts.csproj]
B:\maliev\Maliev.MessagingContracts\generated\csharp\Contracts\MessagingContracts.cs(1750,58): warning CS1573: Parameter 'ConsumedBy' has no matching param tag in the XML comment for 'EmployeeDepartmentTransferredEvent.EmployeeDepartmentTransferredEvent(Guid, string, MessageType, string, string, IReadOnlyList<string>, Guid, Guid?, DateTimeOffset, bool, EmployeeDepartmentTransferredEventPayload)' (but other parameters do) [B:\maliev\Maliev.MessagingContracts\generated\csharp\Maliev.MessagingContracts.csproj]
B:\maliev\Maliev.MessagingContracts\generated\csharp\Contracts\MessagingContracts.cs(1751,21): warning CS1573: Parameter 'CorrelationId' has no matching param tag in the XML comment for 'EmployeeDepartmentTransferredEvent.EmployeeDepartmentTransferredEvent(Guid, string, MessageType, string, string, IReadOnlyList<string>, Guid, Guid?, DateTimeOffset, bool, EmployeeDepartmentTransferredEventPayload)' (but other parameters do) [B:\maliev\Maliev.MessagingContracts\generated\csharp\Maliev.MessagingContracts.csproj]
B:\maliev\Maliev.MessagingContracts\generated\csharp\Contracts\MessagingContracts.cs(1752,22): warning CS1573: Parameter 'CausationId' has no matching param tag in the XML comment for 'EmployeeDepartmentTransferredEvent.EmployeeDepartmentTransferredEvent(Guid, string, MessageType, string, string, IReadOnlyList<string>, Guid, Guid?, DateTimeOffset, bool, EmployeeDepartmentTransferredEventPayload)' (but other parameters do) [B:\maliev\Maliev.MessagingContracts\generated\csharp\Maliev.MessagingContracts.csproj]
B:\maliev\Maliev.MessagingContracts\generated\csharp\Contracts\MessagingContracts.cs(1753,31): warning CS1573: Parameter 'OccurredAtUtc' has no matching param tag in the XML comment for 'EmployeeDepartmentTransferredEvent.EmployeeDepartmentTransferredEvent(Guid, string, MessageType, string, string, IReadOnlyList<string>, Guid, Guid?, DateTimeOffset, bool, EmployeeDepartmentTransferredEventPayload)' (but other parameters do) [B:\maliev\Maliev.MessagingContracts\generated\csharp\Maliev.MessagingContracts.csproj]
B:\maliev\Maliev.MessagingContracts\generated\csharp\Contracts\MessagingContracts.cs(1754,14): warning CS1573: Parameter 'IsPublic' has no matching param tag in the XML comment for 'EmployeeDepartmentTransferredEvent.EmployeeDepartmentTransferredEvent(Guid, string, MessageType, string, string, IReadOnlyList<string>, Guid, Guid?, DateTimeOffset, bool, EmployeeDepartmentTransferredEventPayload)' (but other parameters do) [B:\maliev\Maliev.MessagingContracts\generated\csharp\Maliev.MessagingContracts.csproj]
B:\maliev\Maliev.MessagingContracts\generated\csharp\Contracts\MessagingContracts.cs(1786,21): warning CS1573: Parameter 'MessageId' has no matching param tag in the XML comment for 'TeamCreatedEvent.TeamCreatedEvent(Guid, string, MessageType, string, string, IReadOnlyList<string>, Guid, Guid?, DateTimeOffset, bool, TeamCreatedEventPayload)' (but other parameters do) [B:\maliev\Maliev.MessagingContracts\generated\csharp\Maliev.MessagingContracts.csproj]
B:\maliev\Maliev.MessagingContracts\generated\csharp\Contracts\MessagingContracts.cs(1787,16): warning CS1573: Parameter 'MessageName' has no matching param tag in the XML comment for 'TeamCreatedEvent.TeamCreatedEvent(Guid, string, MessageType, string, string, IReadOnlyList<string>, Guid, Guid?, DateTimeOffset, bool, TeamCreatedEventPayload)' (but other parameters do) [B:\maliev\Maliev.MessagingContracts\generated\csharp\Maliev.MessagingContracts.csproj]
B:\maliev\Maliev.MessagingContracts\generated\csharp\Contracts\MessagingContracts.cs(1788,21): warning CS1573: Parameter 'MessageType' has no matching param tag in the XML comment for 'TeamCreatedEvent.TeamCreatedEvent(Guid, string, MessageType, string, string, IReadOnlyList<string>, Guid, Guid?, DateTimeOffset, bool, TeamCreatedEventPayload)' (but other parameters do) [B:\maliev\Maliev.MessagingContracts\generated\csharp\Maliev.MessagingContracts.csproj]
B:\maliev\Maliev.MessagingContracts\generated\csharp\Contracts\MessagingContracts.cs(1789,16): warning CS1573: Parameter 'MessageVersion' has no matching param tag in the XML comment for 'TeamCreatedEvent.TeamCreatedEvent(Guid, string, MessageType, string, string, IReadOnlyList<string>, Guid, Guid?, DateTimeOffset, bool, TeamCreatedEventPayload)' (but other parameters do) [B:\maliev\Maliev.MessagingContracts\generated\csharp\Maliev.MessagingContracts.csproj]
B:\maliev\Maliev.MessagingContracts\generated\csharp\Contracts\MessagingContracts.cs(1790,16): warning CS1573: Parameter 'PublishedBy' has no matching param tag in the XML comment for 'TeamCreatedEvent.TeamCreatedEvent(Guid, string, MessageType, string, string, IReadOnlyList<string>, Guid, Guid?, DateTimeOffset, bool, TeamCreatedEventPayload)' (but other parameters do) [B:\maliev\Maliev.MessagingContracts\generated\csharp\Maliev.MessagingContracts.csproj]
B:\maliev\Maliev.MessagingContracts\generated\csharp\Contracts\MessagingContracts.cs(1791,58): warning CS1573: Parameter 'ConsumedBy' has no matching param tag in the XML comment for 'TeamCreatedEvent.TeamCreatedEvent(Guid, string, MessageType, string, string, IReadOnlyList<string>, Guid, Guid?, DateTimeOffset, bool, TeamCreatedEventPayload)' (but other parameters do) [B:\maliev\Maliev.MessagingContracts\generated\csharp\Maliev.MessagingContracts.csproj]
B:\maliev\Maliev.MessagingContracts\generated\csharp\Contracts\MessagingContracts.cs(1792,21): warning CS1573: Parameter 'CorrelationId' has no matching param tag in the XML comment for 'TeamCreatedEvent.TeamCreatedEvent(Guid, string, MessageType, string, string, IReadOnlyList<string>, Guid, Guid?, DateTimeOffset, bool, TeamCreatedEventPayload)' (but other parameters do) [B:\maliev\Maliev.MessagingContracts\generated\csharp\Maliev.MessagingContracts.csproj]
B:\maliev\Maliev.MessagingContracts\generated\csharp\Contracts\MessagingContracts.cs(1793,22): warning CS1573: Parameter 'CausationId' has no matching param tag in the XML comment for 'TeamCreatedEvent.TeamCreatedEvent(Guid, string, MessageType, string, string, IReadOnlyList<string>, Guid, Guid?, DateTimeOffset, bool, TeamCreatedEventPayload)' (but other parameters do) [B:\maliev\Maliev.MessagingContracts\generated\csharp\Maliev.MessagingContracts.csproj]
B:\maliev\Maliev.MessagingContracts\generated\csharp\Contracts\MessagingContracts.cs(1794,31): warning CS1573: Parameter 'OccurredAtUtc' has no matching param tag in the XML comment for 'TeamCreatedEvent.TeamCreatedEvent(Guid, string, MessageType, string, string, IReadOnlyList<string>, Guid, Guid?, DateTimeOffset, bool, TeamCreatedEventPayload)' (but other parameters do) [B:\maliev\Maliev.MessagingContracts\generated\csharp\Maliev.MessagingContracts.csproj]
B:\maliev\Maliev.MessagingContracts\generated\csharp\Contracts\MessagingContracts.cs(1795,14): warning CS1573: Parameter 'IsPublic' has no matching param tag in the XML comment for 'TeamCreatedEvent.TeamCreatedEvent(Guid, string, MessageType, string, string, IReadOnlyList<string>, Guid, Guid?, DateTimeOffset, bool, TeamCreatedEventPayload)' (but other parameters do) [B:\maliev\Maliev.MessagingContracts\generated\csharp\Maliev.MessagingContracts.csproj]
B:\maliev\Maliev.MessagingContracts\generated\csharp\Contracts\MessagingContracts.cs(1827,21): warning CS1573: Parameter 'MessageId' has no matching param tag in the XML comment for 'TeamUpdatedEvent.TeamUpdatedEvent(Guid, string, MessageType, string, string, IReadOnlyList<string>, Guid, Guid?, DateTimeOffset, bool, TeamUpdatedEventPayload)' (but other parameters do) [B:\maliev\Maliev.MessagingContracts\generated\csharp\Maliev.MessagingContracts.csproj]
B:\maliev\Maliev.MessagingContracts\generated\csharp\Contracts\MessagingContracts.cs(1828,16): warning CS1573: Parameter 'MessageName' has no matching param tag in the XML comment for 'TeamUpdatedEvent.TeamUpdatedEvent(Guid, string, MessageType, string, string, IReadOnlyList<string>, Guid, Guid?, DateTimeOffset, bool, TeamUpdatedEventPayload)' (but other parameters do) [B:\maliev\Maliev.MessagingContracts\generated\csharp\Maliev.MessagingContracts.csproj]
B:\maliev\Maliev.MessagingContracts\generated\csharp\Contracts\MessagingContracts.cs(1829,21): warning CS1573: Parameter 'MessageType' has no matching param tag in the XML comment for 'TeamUpdatedEvent.TeamUpdatedEvent(Guid, string, MessageType, string, string, IReadOnlyList<string>, Guid, Guid?, DateTimeOffset, bool, TeamUpdatedEventPayload)' (but other parameters do) [B:\maliev\Maliev.MessagingContracts\generated\csharp\Maliev.MessagingContracts.csproj]
B:\maliev\Maliev.MessagingContracts\generated\csharp\Contracts\MessagingContracts.cs(1830,16): warning CS1573: Parameter 'MessageVersion' has no matching param tag in the XML comment for 'TeamUpdatedEvent.TeamUpdatedEvent(Guid, string, MessageType, string, string, IReadOnlyList<string>, Guid, Guid?, DateTimeOffset, bool, TeamUpdatedEventPayload)' (but other parameters do) [B:\maliev\Maliev.MessagingContracts\generated\csharp\Maliev.MessagingContracts.csproj]
B:\maliev\Maliev.MessagingContracts\generated\csharp\Contracts\MessagingContracts.cs(1831,16): warning CS1573: Parameter 'PublishedBy' has no matching param tag in the XML comment for 'TeamUpdatedEvent.TeamUpdatedEvent(Guid, string, MessageType, string, string, IReadOnlyList<string>, Guid, Guid?, DateTimeOffset, bool, TeamUpdatedEventPayload)' (but other parameters do) [B:\maliev\Maliev.MessagingContracts\generated\csharp\Maliev.MessagingContracts.csproj]
B:\maliev\Maliev.MessagingContracts\generated\csharp\Contracts\MessagingContracts.cs(1832,58): warning CS1573: Parameter 'ConsumedBy' has no matching param tag in the XML comment for 'TeamUpdatedEvent.TeamUpdatedEvent(Guid, string, MessageType, string, string, IReadOnlyList<string>, Guid, Guid?, DateTimeOffset, bool, TeamUpdatedEventPayload)' (but other parameters do) [B:\maliev\Maliev.MessagingContracts\generated\csharp\Maliev.MessagingContracts.csproj]
B:\maliev\Maliev.MessagingContracts\generated\csharp\Contracts\MessagingContracts.cs(1833,21): warning CS1573: Parameter 'CorrelationId' has no matching param tag in the XML comment for 'TeamUpdatedEvent.TeamUpdatedEvent(Guid, string, MessageType, string, string, IReadOnlyList<string>, Guid, Guid?, DateTimeOffset, bool, TeamUpdatedEventPayload)' (but other parameters do) [B:\maliev\Maliev.MessagingContracts\generated\csharp\Maliev.MessagingContracts.csproj]
B:\maliev\Maliev.MessagingContracts\generated\csharp\Contracts\MessagingContracts.cs(1834,22): warning CS1573: Parameter 'CausationId' has no matching param tag in the XML comment for 'TeamUpdatedEvent.TeamUpdatedEvent(Guid, string, MessageType, string, string, IReadOnlyList<string>, Guid, Guid?, DateTimeOffset, bool, TeamUpdatedEventPayload)' (but other parameters do) [B:\maliev\Maliev.MessagingContracts\generated\csharp\Maliev.MessagingContracts.csproj]
B:\maliev\Maliev.MessagingContracts\generated\csharp\Contracts\MessagingContracts.cs(1835,31): warning CS1573: Parameter 'OccurredAtUtc' has no matching param tag in the XML comment for 'TeamUpdatedEvent.TeamUpdatedEvent(Guid, string, MessageType, string, string, IReadOnlyList<string>, Guid, Guid?, DateTimeOffset, bool, TeamUpdatedEventPayload)' (but other parameters do) [B:\maliev\Maliev.MessagingContracts\generated\csharp\Maliev.MessagingContracts.csproj]
B:\maliev\Maliev.MessagingContracts\generated\csharp\Contracts\MessagingContracts.cs(1836,14): warning CS1573: Parameter 'IsPublic' has no matching param tag in the XML comment for 'TeamUpdatedEvent.TeamUpdatedEvent(Guid, string, MessageType, string, string, IReadOnlyList<string>, Guid, Guid?, DateTimeOffset, bool, TeamUpdatedEventPayload)' (but other parameters do) [B:\maliev\Maliev.MessagingContracts\generated\csharp\Maliev.MessagingContracts.csproj]
B:\maliev\Maliev.MessagingContracts\generated\csharp\Contracts\MessagingContracts.cs(1868,21): warning CS1573: Parameter 'MessageId' has no matching param tag in the XML comment for 'TeamMemberAddedEvent.TeamMemberAddedEvent(Guid, string, MessageType, string, string, IReadOnlyList<string>, Guid, Guid?, DateTimeOffset, bool, TeamMemberAddedEventPayload)' (but other parameters do) [B:\maliev\Maliev.MessagingContracts\generated\csharp\Maliev.MessagingContracts.csproj]
B:\maliev\Maliev.MessagingContracts\generated\csharp\Contracts\MessagingContracts.cs(1869,16): warning CS1573: Parameter 'MessageName' has no matching param tag in the XML comment for 'TeamMemberAddedEvent.TeamMemberAddedEvent(Guid, string, MessageType, string, string, IReadOnlyList<string>, Guid, Guid?, DateTimeOffset, bool, TeamMemberAddedEventPayload)' (but other parameters do) [B:\maliev\Maliev.MessagingContracts\generated\csharp\Maliev.MessagingContracts.csproj]
B:\maliev\Maliev.MessagingContracts\generated\csharp\Contracts\MessagingContracts.cs(1870,21): warning CS1573: Parameter 'MessageType' has no matching param tag in the XML comment for 'TeamMemberAddedEvent.TeamMemberAddedEvent(Guid, string, MessageType, string, string, IReadOnlyList<string>, Guid, Guid?, DateTimeOffset, bool, TeamMemberAddedEventPayload)' (but other parameters do) [B:\maliev\Maliev.MessagingContracts\generated\csharp\Maliev.MessagingContracts.csproj]
B:\maliev\Maliev.MessagingContracts\generated\csharp\Contracts\MessagingContracts.cs(1871,16): warning CS1573: Parameter 'MessageVersion' has no matching param tag in the XML comment for 'TeamMemberAddedEvent.TeamMemberAddedEvent(Guid, string, MessageType, string, string, IReadOnlyList<string>, Guid, Guid?, DateTimeOffset, bool, TeamMemberAddedEventPayload)' (but other parameters do) [B:\maliev\Maliev.MessagingContracts\generated\csharp\Maliev.MessagingContracts.csproj]
B:\maliev\Maliev.MessagingContracts\generated\csharp\Contracts\MessagingContracts.cs(1872,16): warning CS1573: Parameter 'PublishedBy' has no matching param tag in the XML comment for 'TeamMemberAddedEvent.TeamMemberAddedEvent(Guid, string, MessageType, string, string, IReadOnlyList<string>, Guid, Guid?, DateTimeOffset, bool, TeamMemberAddedEventPayload)' (but other parameters do) [B:\maliev\Maliev.MessagingContracts\generated\csharp\Maliev.MessagingContracts.csproj]
B:\maliev\Maliev.MessagingContracts\generated\csharp\Contracts\MessagingContracts.cs(1873,58): warning CS1573: Parameter 'ConsumedBy' has no matching param tag in the XML comment for 'TeamMemberAddedEvent.TeamMemberAddedEvent(Guid, string, MessageType, string, string, IReadOnlyList<string>, Guid, Guid?, DateTimeOffset, bool, TeamMemberAddedEventPayload)' (but other parameters do) [B:\maliev\Maliev.MessagingContracts\generated\csharp\Maliev.MessagingContracts.csproj]
B:\maliev\Maliev.MessagingContracts\generated\csharp\Contracts\MessagingContracts.cs(1874,21): warning CS1573: Parameter 'CorrelationId' has no matching param tag in the XML comment for 'TeamMemberAddedEvent.TeamMemberAddedEvent(Guid, string, MessageType, string, string, IReadOnlyList<string>, Guid, Guid?, DateTimeOffset, bool, TeamMemberAddedEventPayload)' (but other parameters do) [B:\maliev\Maliev.MessagingContracts\generated\csharp\Maliev.MessagingContracts.csproj]
B:\maliev\Maliev.MessagingContracts\generated\csharp\Contracts\MessagingContracts.cs(1875,22): warning CS1573: Parameter 'CausationId' has no matching param tag in the XML comment for 'TeamMemberAddedEvent.TeamMemberAddedEvent(Guid, string, MessageType, string, string, IReadOnlyList<string>, Guid, Guid?, DateTimeOffset, bool, TeamMemberAddedEventPayload)' (but other parameters do) [B:\maliev\Maliev.MessagingContracts\generated\csharp\Maliev.MessagingContracts.csproj]
B:\maliev\Maliev.MessagingContracts\generated\csharp\Contracts\MessagingContracts.cs(1876,31): warning CS1573: Parameter 'OccurredAtUtc' has no matching param tag in the XML comment for 'TeamMemberAddedEvent.TeamMemberAddedEvent(Guid, string, MessageType, string, string, IReadOnlyList<string>, Guid, Guid?, DateTimeOffset, bool, TeamMemberAddedEventPayload)' (but other parameters do) [B:\maliev\Maliev.MessagingContracts\generated\csharp\Maliev.MessagingContracts.csproj]
B:\maliev\Maliev.MessagingContracts\generated\csharp\Contracts\MessagingContracts.cs(1877,14): warning CS1573: Parameter 'IsPublic' has no matching param tag in the XML comment for 'TeamMemberAddedEvent.TeamMemberAddedEvent(Guid, string, MessageType, string, string, IReadOnlyList<string>, Guid, Guid?, DateTimeOffset, bool, TeamMemberAddedEventPayload)' (but other parameters do) [B:\maliev\Maliev.MessagingContracts\generated\csharp\Maliev.MessagingContracts.csproj]
B:\maliev\Maliev.MessagingContracts\generated\csharp\Contracts\MessagingContracts.cs(1908,21): warning CS1573: Parameter 'MessageId' has no matching param tag in the XML comment for 'TeamMemberRemovedEvent.TeamMemberRemovedEvent(Guid, string, MessageType, string, string, IReadOnlyList<string>, Guid, Guid?, DateTimeOffset, bool, TeamMemberRemovedEventPayload)' (but other parameters do) [B:\maliev\Maliev.MessagingContracts\generated\csharp\Maliev.MessagingContracts.csproj]
B:\maliev\Maliev.MessagingContracts\generated\csharp\Contracts\MessagingContracts.cs(1909,16): warning CS1573: Parameter 'MessageName' has no matching param tag in the XML comment for 'TeamMemberRemovedEvent.TeamMemberRemovedEvent(Guid, string, MessageType, string, string, IReadOnlyList<string>, Guid, Guid?, DateTimeOffset, bool, TeamMemberRemovedEventPayload)' (but other parameters do) [B:\maliev\Maliev.MessagingContracts\generated\csharp\Maliev.MessagingContracts.csproj]
B:\maliev\Maliev.MessagingContracts\generated\csharp\Contracts\MessagingContracts.cs(1910,21): warning CS1573: Parameter 'MessageType' has no matching param tag in the XML comment for 'TeamMemberRemovedEvent.TeamMemberRemovedEvent(Guid, string, MessageType, string, string, IReadOnlyList<string>, Guid, Guid?, DateTimeOffset, bool, TeamMemberRemovedEventPayload)' (but other parameters do) [B:\maliev\Maliev.MessagingContracts\generated\csharp\Maliev.MessagingContracts.csproj]
B:\maliev\Maliev.MessagingContracts\generated\csharp\Contracts\MessagingContracts.cs(1911,16): warning CS1573: Parameter 'MessageVersion' has no matching param tag in the XML comment for 'TeamMemberRemovedEvent.TeamMemberRemovedEvent(Guid, string, MessageType, string, string, IReadOnlyList<string>, Guid, Guid?, DateTimeOffset, bool, TeamMemberRemovedEventPayload)' (but other parameters do) [B:\maliev\Maliev.MessagingContracts\generated\csharp\Maliev.MessagingContracts.csproj]
B:\maliev\Maliev.MessagingContracts\generated\csharp\Contracts\MessagingContracts.cs(1912,16): warning CS1573: Parameter 'PublishedBy' has no matching param tag in the XML comment for 'TeamMemberRemovedEvent.TeamMemberRemovedEvent(Guid, string, MessageType, string, string, IReadOnlyList<string>, Guid, Guid?, DateTimeOffset, bool, TeamMemberRemovedEventPayload)' (but other parameters do) [B:\maliev\Maliev.MessagingContracts\generated\csharp\Maliev.MessagingContracts.csproj]
B:\maliev\Maliev.MessagingContracts\generated\csharp\Contracts\MessagingContracts.cs(1913,58): warning CS1573: Parameter 'ConsumedBy' has no matching param tag in the XML comment for 'TeamMemberRemovedEvent.TeamMemberRemovedEvent(Guid, string, MessageType, string, string, IReadOnlyList<string>, Guid, Guid?, DateTimeOffset, bool, TeamMemberRemovedEventPayload)' (but other parameters do) [B:\maliev\Maliev.MessagingContracts\generated\csharp\Maliev.MessagingContracts.csproj]
B:\maliev\Maliev.MessagingContracts\generated\csharp\Contracts\MessagingContracts.cs(1914,21): warning CS1573: Parameter 'CorrelationId' has no matching param tag in the XML comment for 'TeamMemberRemovedEvent.TeamMemberRemovedEvent(Guid, string, MessageType, string, string, IReadOnlyList<string>, Guid, Guid?, DateTimeOffset, bool, TeamMemberRemovedEventPayload)' (but other parameters do) [B:\maliev\Maliev.MessagingContracts\generated\csharp\Maliev.MessagingContracts.csproj]
B:\maliev\Maliev.MessagingContracts\generated\csharp\Contracts\MessagingContracts.cs(1915,22): warning CS1573: Parameter 'CausationId' has no matching param tag in the XML comment for 'TeamMemberRemovedEvent.TeamMemberRemovedEvent(Guid, string, MessageType, string, string, IReadOnlyList<string>, Guid, Guid?, DateTimeOffset, bool, TeamMemberRemovedEventPayload)' (but other parameters do) [B:\maliev\Maliev.MessagingContracts\generated\csharp\Maliev.MessagingContracts.csproj]
B:\maliev\Maliev.MessagingContracts\generated\csharp\Contracts\MessagingContracts.cs(1916,31): warning CS1573: Parameter 'OccurredAtUtc' has no matching param tag in the XML comment for 'TeamMemberRemovedEvent.TeamMemberRemovedEvent(Guid, string, MessageType, string, string, IReadOnlyList<string>, Guid, Guid?, DateTimeOffset, bool, TeamMemberRemovedEventPayload)' (but other parameters do) [B:\maliev\Maliev.MessagingContracts\generated\csharp\Maliev.MessagingContracts.csproj]
B:\maliev\Maliev.MessagingContracts\generated\csharp\Contracts\MessagingContracts.cs(1917,14): warning CS1573: Parameter 'IsPublic' has no matching param tag in the XML comment for 'TeamMemberRemovedEvent.TeamMemberRemovedEvent(Guid, string, MessageType, string, string, IReadOnlyList<string>, Guid, Guid?, DateTimeOffset, bool, TeamMemberRemovedEventPayload)' (but other parameters do) [B:\maliev\Maliev.MessagingContracts\generated\csharp\Maliev.MessagingContracts.csproj]
B:\maliev\Maliev.MessagingContracts\generated\csharp\Contracts\MessagingContracts.cs(1962,81): warning CS1573: Parameter 'Metrics' has no matching param tag in the XML comment for 'FileAnalyzedEventPayload.FileAnalyzedEventPayload(string, FileAnalyzedEventPayloadMetrics, DateTimeOffset)' (but other parameters do) [B:\maliev\Maliev.MessagingContracts\generated\csharp\Maliev.MessagingContracts.csproj]
B:\maliev\Maliev.MessagingContracts\generated\csharp\Contracts\MessagingContracts.cs(1963,75): warning CS1573: Parameter 'ProcessedAt' has no matching param tag in the XML comment for 'FileAnalyzedEventPayload.FileAnalyzedEventPayload(string, FileAnalyzedEventPayloadMetrics, DateTimeOffset)' (but other parameters do) [B:\maliev\Maliev.MessagingContracts\generated\csharp\Maliev.MessagingContracts.csproj]
B:\maliev\Maliev.MessagingContracts\generated\csharp\Contracts\MessagingContracts.cs(1975,21): warning CS1573: Parameter 'MessageId' has no matching param tag in the XML comment for 'FileAnalyzedEvent.FileAnalyzedEvent(Guid, string, MessageType, string, string, IReadOnlyList<string>, Guid, Guid?, DateTimeOffset, bool, FileAnalyzedEventPayload)' (but other parameters do) [B:\maliev\Maliev.MessagingContracts\generated\csharp\Maliev.MessagingContracts.csproj]
B:\maliev\Maliev.MessagingContracts\generated\csharp\Contracts\MessagingContracts.cs(1976,16): warning CS1573: Parameter 'MessageName' has no matching param tag in the XML comment for 'FileAnalyzedEvent.FileAnalyzedEvent(Guid, string, MessageType, string, string, IReadOnlyList<string>, Guid, Guid?, DateTimeOffset, bool, FileAnalyzedEventPayload)' (but other parameters do) [B:\maliev\Maliev.MessagingContracts\generated\csharp\Maliev.MessagingContracts.csproj]
B:\maliev\Maliev.MessagingContracts\generated\csharp\Contracts\MessagingContracts.cs(1977,21): warning CS1573: Parameter 'MessageType' has no matching param tag in the XML comment for 'FileAnalyzedEvent.FileAnalyzedEvent(Guid, string, MessageType, string, string, IReadOnlyList<string>, Guid, Guid?, DateTimeOffset, bool, FileAnalyzedEventPayload)' (but other parameters do) [B:\maliev\Maliev.MessagingContracts\generated\csharp\Maliev.MessagingContracts.csproj]
B:\maliev\Maliev.MessagingContracts\generated\csharp\Contracts\MessagingContracts.cs(1978,16): warning CS1573: Parameter 'MessageVersion' has no matching param tag in the XML comment for 'FileAnalyzedEvent.FileAnalyzedEvent(Guid, string, MessageType, string, string, IReadOnlyList<string>, Guid, Guid?, DateTimeOffset, bool, FileAnalyzedEventPayload)' (but other parameters do) [B:\maliev\Maliev.MessagingContracts\generated\csharp\Maliev.MessagingContracts.csproj]
B:\maliev\Maliev.MessagingContracts\generated\csharp\Contracts\MessagingContracts.cs(1979,16): warning CS1573: Parameter 'PublishedBy' has no matching param tag in the XML comment for 'FileAnalyzedEvent.FileAnalyzedEvent(Guid, string, MessageType, string, string, IReadOnlyList<string>, Guid, Guid?, DateTimeOffset, bool, FileAnalyzedEventPayload)' (but other parameters do) [B:\maliev\Maliev.MessagingContracts\generated\csharp\Maliev.MessagingContracts.csproj]
B:\maliev\Maliev.MessagingContracts\generated\csharp\Contracts\MessagingContracts.cs(1980,58): warning CS1573: Parameter 'ConsumedBy' has no matching param tag in the XML comment for 'FileAnalyzedEvent.FileAnalyzedEvent(Guid, string, MessageType, string, string, IReadOnlyList<string>, Guid, Guid?, DateTimeOffset, bool, FileAnalyzedEventPayload)' (but other parameters do) [B:\maliev\Maliev.MessagingContracts\generated\csharp\Maliev.MessagingContracts.csproj]
B:\maliev\Maliev.MessagingContracts\generated\csharp\Contracts\MessagingContracts.cs(1981,21): warning CS1573: Parameter 'CorrelationId' has no matching param tag in the XML comment for 'FileAnalyzedEvent.FileAnalyzedEvent(Guid, string, MessageType, string, string, IReadOnlyList<string>, Guid, Guid?, DateTimeOffset, bool, FileAnalyzedEventPayload)' (but other parameters do) [B:\maliev\Maliev.MessagingContracts\generated\csharp\Maliev.MessagingContracts.csproj]
B:\maliev\Maliev.MessagingContracts\generated\csharp\Contracts\MessagingContracts.cs(1982,22): warning CS1573: Parameter 'CausationId' has no matching param tag in the XML comment for 'FileAnalyzedEvent.FileAnalyzedEvent(Guid, string, MessageType, string, string, IReadOnlyList<string>, Guid, Guid?, DateTimeOffset, bool, FileAnalyzedEventPayload)' (but other parameters do) [B:\maliev\Maliev.MessagingContracts\generated\csharp\Maliev.MessagingContracts.csproj]
B:\maliev\Maliev.MessagingContracts\generated\csharp\Contracts\MessagingContracts.cs(1983,31): warning CS1573: Parameter 'OccurredAtUtc' has no matching param tag in the XML comment for 'FileAnalyzedEvent.FileAnalyzedEvent(Guid, string, MessageType, string, string, IReadOnlyList<string>, Guid, Guid?, DateTimeOffset, bool, FileAnalyzedEventPayload)' (but other parameters do) [B:\maliev\Maliev.MessagingContracts\generated\csharp\Maliev.MessagingContracts.csproj]
B:\maliev\Maliev.MessagingContracts\generated\csharp\Contracts\MessagingContracts.cs(1984,14): warning CS1573: Parameter 'IsPublic' has no matching param tag in the XML comment for 'FileAnalyzedEvent.FileAnalyzedEvent(Guid, string, MessageType, string, string, IReadOnlyList<string>, Guid, Guid?, DateTimeOffset, bool, FileAnalyzedEventPayload)' (but other parameters do) [B:\maliev\Maliev.MessagingContracts\generated\csharp\Maliev.MessagingContracts.csproj]
B:\maliev\Maliev.MessagingContracts\generated\csharp\Contracts\MessagingContracts.cs(1999,58): warning CS1573: Parameter 'ErrorCode' has no matching param tag in the XML comment for 'FileAnalysisFailedEventPayload.FileAnalysisFailedEventPayload(string, string, string?)' (but other parameters do) [B:\maliev\Maliev.MessagingContracts\generated\csharp\Maliev.MessagingContracts.csproj]
B:\maliev\Maliev.MessagingContracts\generated\csharp\Contracts\MessagingContracts.cs(2000,57): warning CS1573: Parameter 'Details' has no matching param tag in the XML comment for 'FileAnalysisFailedEventPayload.FileAnalysisFailedEventPayload(string, string, string?)' (but other parameters do) [B:\maliev\Maliev.MessagingContracts\generated\csharp\Maliev.MessagingContracts.csproj]
B:\maliev\Maliev.MessagingContracts\generated\csharp\Contracts\MessagingContracts.cs(2012,21): warning CS1573: Parameter 'MessageId' has no matching param tag in the XML comment for 'FileAnalysisFailedEvent.FileAnalysisFailedEvent(Guid, string, MessageType, string, string, IReadOnlyList<string>, Guid, Guid?, DateTimeOffset, bool, FileAnalysisFailedEventPayload)' (but other parameters do) [B:\maliev\Maliev.MessagingContracts\generated\csharp\Maliev.MessagingContracts.csproj]
B:\maliev\Maliev.MessagingContracts\generated\csharp\Contracts\MessagingContracts.cs(2013,16): warning CS1573: Parameter 'MessageName' has no matching param tag in the XML comment for 'FileAnalysisFailedEvent.FileAnalysisFailedEvent(Guid, string, MessageType, string, string, IReadOnlyList<string>, Guid, Guid?, DateTimeOffset, bool, FileAnalysisFailedEventPayload)' (but other parameters do) [B:\maliev\Maliev.MessagingContracts\generated\csharp\Maliev.MessagingContracts.csproj]
B:\maliev\Maliev.MessagingContracts\generated\csharp\Contracts\MessagingContracts.cs(2014,21): warning CS1573: Parameter 'MessageType' has no matching param tag in the XML comment for 'FileAnalysisFailedEvent.FileAnalysisFailedEvent(Guid, string, MessageType, string, string, IReadOnlyList<string>, Guid, Guid?, DateTimeOffset, bool, FileAnalysisFailedEventPayload)' (but other parameters do) [B:\maliev\Maliev.MessagingContracts\generated\csharp\Maliev.MessagingContracts.csproj]
B:\maliev\Maliev.MessagingContracts\generated\csharp\Contracts\MessagingContracts.cs(2015,16): warning CS1573: Parameter 'MessageVersion' has no matching param tag in the XML comment for 'FileAnalysisFailedEvent.FileAnalysisFailedEvent(Guid, string, MessageType, string, string, IReadOnlyList<string>, Guid, Guid?, DateTimeOffset, bool, FileAnalysisFailedEventPayload)' (but other parameters do) [B:\maliev\Maliev.MessagingContracts\generated\csharp\Maliev.MessagingContracts.csproj]
B:\maliev\Maliev.MessagingContracts\generated\csharp\Contracts\MessagingContracts.cs(2016,16): warning CS1573: Parameter 'PublishedBy' has no matching param tag in the XML comment for 'FileAnalysisFailedEvent.FileAnalysisFailedEvent(Guid, string, MessageType, string, string, IReadOnlyList<string>, Guid, Guid?, DateTimeOffset, bool, FileAnalysisFailedEventPayload)' (but other parameters do) [B:\maliev\Maliev.MessagingContracts\generated\csharp\Maliev.MessagingContracts.csproj]
B:\maliev\Maliev.MessagingContracts\generated\csharp\Contracts\MessagingContracts.cs(2017,58): warning CS1573: Parameter 'ConsumedBy' has no matching param tag in the XML comment for 'FileAnalysisFailedEvent.FileAnalysisFailedEvent(Guid, string, MessageType, string, string, IReadOnlyList<string>, Guid, Guid?, DateTimeOffset, bool, FileAnalysisFailedEventPayload)' (but other parameters do) [B:\maliev\Maliev.MessagingContracts\generated\csharp\Maliev.MessagingContracts.csproj]
B:\maliev\Maliev.MessagingContracts\generated\csharp\Contracts\MessagingContracts.cs(2018,21): warning CS1573: Parameter 'CorrelationId' has no matching param tag in the XML comment for 'FileAnalysisFailedEvent.FileAnalysisFailedEvent(Guid, string, MessageType, string, string, IReadOnlyList<string>, Guid, Guid?, DateTimeOffset, bool, FileAnalysisFailedEventPayload)' (but other parameters do) [B:\maliev\Maliev.MessagingContracts\generated\csharp\Maliev.MessagingContracts.csproj]
B:\maliev\Maliev.MessagingContracts\generated\csharp\Contracts\MessagingContracts.cs(2019,22): warning CS1573: Parameter 'CausationId' has no matching param tag in the XML comment for 'FileAnalysisFailedEvent.FileAnalysisFailedEvent(Guid, string, MessageType, string, string, IReadOnlyList<string>, Guid, Guid?, DateTimeOffset, bool, FileAnalysisFailedEventPayload)' (but other parameters do) [B:\maliev\Maliev.MessagingContracts\generated\csharp\Maliev.MessagingContracts.csproj]
B:\maliev\Maliev.MessagingContracts\generated\csharp\Contracts\MessagingContracts.cs(2020,31): warning CS1573: Parameter 'OccurredAtUtc' has no matching param tag in the XML comment for 'FileAnalysisFailedEvent.FileAnalysisFailedEvent(Guid, string, MessageType, string, string, IReadOnlyList<string>, Guid, Guid?, DateTimeOffset, bool, FileAnalysisFailedEventPayload)' (but other parameters do) [B:\maliev\Maliev.MessagingContracts\generated\csharp\Maliev.MessagingContracts.csproj]
B:\maliev\Maliev.MessagingContracts\generated\csharp\Contracts\MessagingContracts.cs(2021,14): warning CS1573: Parameter 'IsPublic' has no matching param tag in the XML comment for 'FileAnalysisFailedEvent.FileAnalysisFailedEvent(Guid, string, MessageType, string, string, IReadOnlyList<string>, Guid, Guid?, DateTimeOffset, bool, FileAnalysisFailedEventPayload)' (but other parameters do) [B:\maliev\Maliev.MessagingContracts\generated\csharp\Maliev.MessagingContracts.csproj]
B:\maliev\Maliev.MessagingContracts\generated\csharp\Contracts\MessagingContracts.cs(2039,21): warning CS1573: Parameter 'MessageId' has no matching param tag in the XML comment for 'PermissionRegisteredEvent.PermissionRegisteredEvent(Guid, string, MessageType, string, string, IReadOnlyList<string>, Guid, Guid?, DateTimeOffset, bool, string, string, string, string, DateTimeOffset)' (but other parameters do) [B:\maliev\Maliev.MessagingContracts\generated\csharp\Maliev.MessagingContracts.csproj]
B:\maliev\Maliev.MessagingContracts\generated\csharp\Contracts\MessagingContracts.cs(2040,16): warning CS1573: Parameter 'MessageName' has no matching param tag in the XML comment for 'PermissionRegisteredEvent.PermissionRegisteredEvent(Guid, string, MessageType, string, string, IReadOnlyList<string>, Guid, Guid?, DateTimeOffset, bool, string, string, string, string, DateTimeOffset)' (but other parameters do) [B:\maliev\Maliev.MessagingContracts\generated\csharp\Maliev.MessagingContracts.csproj]
B:\maliev\Maliev.MessagingContracts\generated\csharp\Contracts\MessagingContracts.cs(2041,21): warning CS1573: Parameter 'MessageType' has no matching param tag in the XML comment for 'PermissionRegisteredEvent.PermissionRegisteredEvent(Guid, string, MessageType, string, string, IReadOnlyList<string>, Guid, Guid?, DateTimeOffset, bool, string, string, string, string, DateTimeOffset)' (but other parameters do) [B:\maliev\Maliev.MessagingContracts\generated\csharp\Maliev.MessagingContracts.csproj]
B:\maliev\Maliev.MessagingContracts\generated\csharp\Contracts\MessagingContracts.cs(2042,16): warning CS1573: Parameter 'MessageVersion' has no matching param tag in the XML comment for 'PermissionRegisteredEvent.PermissionRegisteredEvent(Guid, string, MessageType, string, string, IReadOnlyList<string>, Guid, Guid?, DateTimeOffset, bool, string, string, string, string, DateTimeOffset)' (but other parameters do) [B:\maliev\Maliev.MessagingContracts\generated\csharp\Maliev.MessagingContracts.csproj]
B:\maliev\Maliev.MessagingContracts\generated\csharp\Contracts\MessagingContracts.cs(2043,16): warning CS1573: Parameter 'PublishedBy' has no matching param tag in the XML comment for 'PermissionRegisteredEvent.PermissionRegisteredEvent(Guid, string, MessageType, string, string, IReadOnlyList<string>, Guid, Guid?, DateTimeOffset, bool, string, string, string, string, DateTimeOffset)' (but other parameters do) [B:\maliev\Maliev.MessagingContracts\generated\csharp\Maliev.MessagingContracts.csproj]
B:\maliev\Maliev.MessagingContracts\generated\csharp\Contracts\MessagingContracts.cs(2044,58): warning CS1573: Parameter 'ConsumedBy' has no matching param tag in the XML comment for 'PermissionRegisteredEvent.PermissionRegisteredEvent(Guid, string, MessageType, string, string, IReadOnlyList<string>, Guid, Guid?, DateTimeOffset, bool, string, string, string, string, DateTimeOffset)' (but other parameters do) [B:\maliev\Maliev.MessagingContracts\generated\csharp\Maliev.MessagingContracts.csproj]
B:\maliev\Maliev.MessagingContracts\generated\csharp\Contracts\MessagingContracts.cs(2045,21): warning CS1573: Parameter 'CorrelationId' has no matching param tag in the XML comment for 'PermissionRegisteredEvent.PermissionRegisteredEvent(Guid, string, MessageType, string, string, IReadOnlyList<string>, Guid, Guid?, DateTimeOffset, bool, string, string, string, string, DateTimeOffset)' (but other parameters do) [B:\maliev\Maliev.MessagingContracts\generated\csharp\Maliev.MessagingContracts.csproj]
B:\maliev\Maliev.MessagingContracts\generated\csharp\Contracts\MessagingContracts.cs(2046,22): warning CS1573: Parameter 'CausationId' has no matching param tag in the XML comment for 'PermissionRegisteredEvent.PermissionRegisteredEvent(Guid, string, MessageType, string, string, IReadOnlyList<string>, Guid, Guid?, DateTimeOffset, bool, string, string, string, string, DateTimeOffset)' (but other parameters do) [B:\maliev\Maliev.MessagingContracts\generated\csharp\Maliev.MessagingContracts.csproj]
B:\maliev\Maliev.MessagingContracts\generated\csharp\Contracts\MessagingContracts.cs(2047,31): warning CS1573: Parameter 'OccurredAtUtc' has no matching param tag in the XML comment for 'PermissionRegisteredEvent.PermissionRegisteredEvent(Guid, string, MessageType, string, string, IReadOnlyList<string>, Guid, Guid?, DateTimeOffset, bool, string, string, string, string, DateTimeOffset)' (but other parameters do) [B:\maliev\Maliev.MessagingContracts\generated\csharp\Maliev.MessagingContracts.csproj]
B:\maliev\Maliev.MessagingContracts\generated\csharp\Contracts\MessagingContracts.cs(2048,14): warning CS1573: Parameter 'IsPublic' has no matching param tag in the XML comment for 'PermissionRegisteredEvent.PermissionRegisteredEvent(Guid, string, MessageType, string, string, IReadOnlyList<string>, Guid, Guid?, DateTimeOffset, bool, string, string, string, string, DateTimeOffset)' (but other parameters do) [B:\maliev\Maliev.MessagingContracts\generated\csharp\Maliev.MessagingContracts.csproj]
B:\maliev\Maliev.MessagingContracts\generated\csharp\Contracts\MessagingContracts.cs(2070,21): warning CS1573: Parameter 'MessageId' has no matching param tag in the XML comment for 'PermissionRegistrationCompleted.PermissionRegistrationCompleted(Guid, string, MessageType, string, string, IReadOnlyList<string>, Guid, Guid?, DateTimeOffset, bool, string, int, int, DateTimeOffset)' (but other parameters do) [B:\maliev\Maliev.MessagingContracts\generated\csharp\Maliev.MessagingContracts.csproj]
B:\maliev\Maliev.MessagingContracts\generated\csharp\Contracts\MessagingContracts.cs(2071,16): warning CS1573: Parameter 'MessageName' has no matching param tag in the XML comment for 'PermissionRegistrationCompleted.PermissionRegistrationCompleted(Guid, string, MessageType, string, string, IReadOnlyList<string>, Guid, Guid?, DateTimeOffset, bool, string, int, int, DateTimeOffset)' (but other parameters do) [B:\maliev\Maliev.MessagingContracts\generated\csharp\Maliev.MessagingContracts.csproj]
B:\maliev\Maliev.MessagingContracts\generated\csharp\Contracts\MessagingContracts.cs(2072,21): warning CS1573: Parameter 'MessageType' has no matching param tag in the XML comment for 'PermissionRegistrationCompleted.PermissionRegistrationCompleted(Guid, string, MessageType, string, string, IReadOnlyList<string>, Guid, Guid?, DateTimeOffset, bool, string, int, int, DateTimeOffset)' (but other parameters do) [B:\maliev\Maliev.MessagingContracts\generated\csharp\Maliev.MessagingContracts.csproj]
B:\maliev\Maliev.MessagingContracts\generated\csharp\Contracts\MessagingContracts.cs(2073,16): warning CS1573: Parameter 'MessageVersion' has no matching param tag in the XML comment for 'PermissionRegistrationCompleted.PermissionRegistrationCompleted(Guid, string, MessageType, string, string, IReadOnlyList<string>, Guid, Guid?, DateTimeOffset, bool, string, int, int, DateTimeOffset)' (but other parameters do) [B:\maliev\Maliev.MessagingContracts\generated\csharp\Maliev.MessagingContracts.csproj]
B:\maliev\Maliev.MessagingContracts\generated\csharp\Contracts\MessagingContracts.cs(2074,16): warning CS1573: Parameter 'PublishedBy' has no matching param tag in the XML comment for 'PermissionRegistrationCompleted.PermissionRegistrationCompleted(Guid, string, MessageType, string, string, IReadOnlyList<string>, Guid, Guid?, DateTimeOffset, bool, string, int, int, DateTimeOffset)' (but other parameters do) [B:\maliev\Maliev.MessagingContracts\generated\csharp\Maliev.MessagingContracts.csproj]
B:\maliev\Maliev.MessagingContracts\generated\csharp\Contracts\MessagingContracts.cs(2075,58): warning CS1573: Parameter 'ConsumedBy' has no matching param tag in the XML comment for 'PermissionRegistrationCompleted.PermissionRegistrationCompleted(Guid, string, MessageType, string, string, IReadOnlyList<string>, Guid, Guid?, DateTimeOffset, bool, string, int, int, DateTimeOffset)' (but other parameters do) [B:\maliev\Maliev.MessagingContracts\generated\csharp\Maliev.MessagingContracts.csproj]
B:\maliev\Maliev.MessagingContracts\generated\csharp\Contracts\MessagingContracts.cs(2076,21): warning CS1573: Parameter 'CorrelationId' has no matching param tag in the XML comment for 'PermissionRegistrationCompleted.PermissionRegistrationCompleted(Guid, string, MessageType, string, string, IReadOnlyList<string>, Guid, Guid?, DateTimeOffset, bool, string, int, int, DateTimeOffset)' (but other parameters do) [B:\maliev\Maliev.MessagingContracts\generated\csharp\Maliev.MessagingContracts.csproj]
B:\maliev\Maliev.MessagingContracts\generated\csharp\Contracts\MessagingContracts.cs(2077,22): warning CS1573: Parameter 'CausationId' has no matching param tag in the XML comment for 'PermissionRegistrationCompleted.PermissionRegistrationCompleted(Guid, string, MessageType, string, string, IReadOnlyList<string>, Guid, Guid?, DateTimeOffset, bool, string, int, int, DateTimeOffset)' (but other parameters do) [B:\maliev\Maliev.MessagingContracts\generated\csharp\Maliev.MessagingContracts.csproj]
B:\maliev\Maliev.MessagingContracts\generated\csharp\Contracts\MessagingContracts.cs(2078,31): warning CS1573: Parameter 'OccurredAtUtc' has no matching param tag in the XML comment for 'PermissionRegistrationCompleted.PermissionRegistrationCompleted(Guid, string, MessageType, string, string, IReadOnlyList<string>, Guid, Guid?, DateTimeOffset, bool, string, int, int, DateTimeOffset)' (but other parameters do) [B:\maliev\Maliev.MessagingContracts\generated\csharp\Maliev.MessagingContracts.csproj]
B:\maliev\Maliev.MessagingContracts\generated\csharp\Contracts\MessagingContracts.cs(2079,14): warning CS1573: Parameter 'IsPublic' has no matching param tag in the XML comment for 'PermissionRegistrationCompleted.PermissionRegistrationCompleted(Guid, string, MessageType, string, string, IReadOnlyList<string>, Guid, Guid?, DateTimeOffset, bool, string, int, int, DateTimeOffset)' (but other parameters do) [B:\maliev\Maliev.MessagingContracts\generated\csharp\Maliev.MessagingContracts.csproj]
B:\maliev\Maliev.MessagingContracts\generated\csharp\Contracts\MessagingContracts.cs(2129,21): warning CS1573: Parameter 'MessageId' has no matching param tag in the XML comment for 'PermissionRegistrationRequest.PermissionRegistrationRequest(Guid, string, MessageType, string, string, IReadOnlyList<string>, Guid, Guid?, DateTimeOffset, bool, string, IReadOnlyList<PermissionRegistrationRequestPermissionsItem>, IReadOnlyList<PermissionRegistrationRequestRolesItem>)' (but other parameters do) [B:\maliev\Maliev.MessagingContracts\generated\csharp\Maliev.MessagingContracts.csproj]
B:\maliev\Maliev.MessagingContracts\generated\csharp\Contracts\MessagingContracts.cs(2130,16): warning CS1573: Parameter 'MessageName' has no matching param tag in the XML comment for 'PermissionRegistrationRequest.PermissionRegistrationRequest(Guid, string, MessageType, string, string, IReadOnlyList<string>, Guid, Guid?, DateTimeOffset, bool, string, IReadOnlyList<PermissionRegistrationRequestPermissionsItem>, IReadOnlyList<PermissionRegistrationRequestRolesItem>)' (but other parameters do) [B:\maliev\Maliev.MessagingContracts\generated\csharp\Maliev.MessagingContracts.csproj]
B:\maliev\Maliev.MessagingContracts\generated\csharp\Contracts\MessagingContracts.cs(2131,21): warning CS1573: Parameter 'MessageType' has no matching param tag in the XML comment for 'PermissionRegistrationRequest.PermissionRegistrationRequest(Guid, string, MessageType, string, string, IReadOnlyList<string>, Guid, Guid?, DateTimeOffset, bool, string, IReadOnlyList<PermissionRegistrationRequestPermissionsItem>, IReadOnlyList<PermissionRegistrationRequestRolesItem>)' (but other parameters do) [B:\maliev\Maliev.MessagingContracts\generated\csharp\Maliev.MessagingContracts.csproj]
B:\maliev\Maliev.MessagingContracts\generated\csharp\Contracts\MessagingContracts.cs(2132,16): warning CS1573: Parameter 'MessageVersion' has no matching param tag in the XML comment for 'PermissionRegistrationRequest.PermissionRegistrationRequest(Guid, string, MessageType, string, string, IReadOnlyList<string>, Guid, Guid?, DateTimeOffset, bool, string, IReadOnlyList<PermissionRegistrationRequestPermissionsItem>, IReadOnlyList<PermissionRegistrationRequestRolesItem>)' (but other parameters do) [B:\maliev\Maliev.MessagingContracts\generated\csharp\Maliev.MessagingContracts.csproj]
B:\maliev\Maliev.MessagingContracts\generated\csharp\Contracts\MessagingContracts.cs(2133,16): warning CS1573: Parameter 'PublishedBy' has no matching param tag in the XML comment for 'PermissionRegistrationRequest.PermissionRegistrationRequest(Guid, string, MessageType, string, string, IReadOnlyList<string>, Guid, Guid?, DateTimeOffset, bool, string, IReadOnlyList<PermissionRegistrationRequestPermissionsItem>, IReadOnlyList<PermissionRegistrationRequestRolesItem>)' (but other parameters do) [B:\maliev\Maliev.MessagingContracts\generated\csharp\Maliev.MessagingContracts.csproj]
B:\maliev\Maliev.MessagingContracts\generated\csharp\Contracts\MessagingContracts.cs(2134,58): warning CS1573: Parameter 'ConsumedBy' has no matching param tag in the XML comment for 'PermissionRegistrationRequest.PermissionRegistrationRequest(Guid, string, MessageType, string, string, IReadOnlyList<string>, Guid, Guid?, DateTimeOffset, bool, string, IReadOnlyList<PermissionRegistrationRequestPermissionsItem>, IReadOnlyList<PermissionRegistrationRequestRolesItem>)' (but other parameters do) [B:\maliev\Maliev.MessagingContracts\generated\csharp\Maliev.MessagingContracts.csproj]
B:\maliev\Maliev.MessagingContracts\generated\csharp\Contracts\MessagingContracts.cs(2135,21): warning CS1573: Parameter 'CorrelationId' has no matching param tag in the XML comment for 'PermissionRegistrationRequest.PermissionRegistrationRequest(Guid, string, MessageType, string, string, IReadOnlyList<string>, Guid, Guid?, DateTimeOffset, bool, string, IReadOnlyList<PermissionRegistrationRequestPermissionsItem>, IReadOnlyList<PermissionRegistrationRequestRolesItem>)' (but other parameters do) [B:\maliev\Maliev.MessagingContracts\generated\csharp\Maliev.MessagingContracts.csproj]
B:\maliev\Maliev.MessagingContracts\generated\csharp\Contracts\MessagingContracts.cs(2136,22): warning CS1573: Parameter 'CausationId' has no matching param tag in the XML comment for 'PermissionRegistrationRequest.PermissionRegistrationRequest(Guid, string, MessageType, string, string, IReadOnlyList<string>, Guid, Guid?, DateTimeOffset, bool, string, IReadOnlyList<PermissionRegistrationRequestPermissionsItem>, IReadOnlyList<PermissionRegistrationRequestRolesItem>)' (but other parameters do) [B:\maliev\Maliev.MessagingContracts\generated\csharp\Maliev.MessagingContracts.csproj]
B:\maliev\Maliev.MessagingContracts\generated\csharp\Contracts\MessagingContracts.cs(2137,31): warning CS1573: Parameter 'OccurredAtUtc' has no matching param tag in the XML comment for 'PermissionRegistrationRequest.PermissionRegistrationRequest(Guid, string, MessageType, string, string, IReadOnlyList<string>, Guid, Guid?, DateTimeOffset, bool, string, IReadOnlyList<PermissionRegistrationRequestPermissionsItem>, IReadOnlyList<PermissionRegistrationRequestRolesItem>)' (but other parameters do) [B:\maliev\Maliev.MessagingContracts\generated\csharp\Maliev.MessagingContracts.csproj]
B:\maliev\Maliev.MessagingContracts\generated\csharp\Contracts\MessagingContracts.cs(2138,14): warning CS1573: Parameter 'IsPublic' has no matching param tag in the XML comment for 'PermissionRegistrationRequest.PermissionRegistrationRequest(Guid, string, MessageType, string, string, IReadOnlyList<string>, Guid, Guid?, DateTimeOffset, bool, string, IReadOnlyList<PermissionRegistrationRequestPermissionsItem>, IReadOnlyList<PermissionRegistrationRequestRolesItem>)' (but other parameters do) [B:\maliev\Maliev.MessagingContracts\generated\csharp\Maliev.MessagingContracts.csproj]
B:\maliev\Maliev.MessagingContracts\generated\csharp\Contracts\MessagingContracts.cs(2161,21): warning CS1573: Parameter 'MessageId' has no matching param tag in the XML comment for 'PrincipalRoleGrantedEvent.PrincipalRoleGrantedEvent(Guid, string, MessageType, string, string, IReadOnlyList<string>, Guid, Guid?, DateTimeOffset, bool, Guid, Guid, string, string, string, DateTimeOffset, DateTimeOffset)' (but other parameters do) [B:\maliev\Maliev.MessagingContracts\generated\csharp\Maliev.MessagingContracts.csproj]
B:\maliev\Maliev.MessagingContracts\generated\csharp\Contracts\MessagingContracts.cs(2162,16): warning CS1573: Parameter 'MessageName' has no matching param tag in the XML comment for 'PrincipalRoleGrantedEvent.PrincipalRoleGrantedEvent(Guid, string, MessageType, string, string, IReadOnlyList<string>, Guid, Guid?, DateTimeOffset, bool, Guid, Guid, string, string, string, DateTimeOffset, DateTimeOffset)' (but other parameters do) [B:\maliev\Maliev.MessagingContracts\generated\csharp\Maliev.MessagingContracts.csproj]
B:\maliev\Maliev.MessagingContracts\generated\csharp\Contracts\MessagingContracts.cs(2163,21): warning CS1573: Parameter 'MessageType' has no matching param tag in the XML comment for 'PrincipalRoleGrantedEvent.PrincipalRoleGrantedEvent(Guid, string, MessageType, string, string, IReadOnlyList<string>, Guid, Guid?, DateTimeOffset, bool, Guid, Guid, string, string, string, DateTimeOffset, DateTimeOffset)' (but other parameters do) [B:\maliev\Maliev.MessagingContracts\generated\csharp\Maliev.MessagingContracts.csproj]
B:\maliev\Maliev.MessagingContracts\generated\csharp\Contracts\MessagingContracts.cs(2164,16): warning CS1573: Parameter 'MessageVersion' has no matching param tag in the XML comment for 'PrincipalRoleGrantedEvent.PrincipalRoleGrantedEvent(Guid, string, MessageType, string, string, IReadOnlyList<string>, Guid, Guid?, DateTimeOffset, bool, Guid, Guid, string, string, string, DateTimeOffset, DateTimeOffset)' (but other parameters do) [B:\maliev\Maliev.MessagingContracts\generated\csharp\Maliev.MessagingContracts.csproj]
B:\maliev\Maliev.MessagingContracts\generated\csharp\Contracts\MessagingContracts.cs(2165,16): warning CS1573: Parameter 'PublishedBy' has no matching param tag in the XML comment for 'PrincipalRoleGrantedEvent.PrincipalRoleGrantedEvent(Guid, string, MessageType, string, string, IReadOnlyList<string>, Guid, Guid?, DateTimeOffset, bool, Guid, Guid, string, string, string, DateTimeOffset, DateTimeOffset)' (but other parameters do) [B:\maliev\Maliev.MessagingContracts\generated\csharp\Maliev.MessagingContracts.csproj]
B:\maliev\Maliev.MessagingContracts\generated\csharp\Contracts\MessagingContracts.cs(2166,58): warning CS1573: Parameter 'ConsumedBy' has no matching param tag in the XML comment for 'PrincipalRoleGrantedEvent.PrincipalRoleGrantedEvent(Guid, string, MessageType, string, string, IReadOnlyList<string>, Guid, Guid?, DateTimeOffset, bool, Guid, Guid, string, string, string, DateTimeOffset, DateTimeOffset)' (but other parameters do) [B:\maliev\Maliev.MessagingContracts\generated\csharp\Maliev.MessagingContracts.csproj]
B:\maliev\Maliev.MessagingContracts\generated\csharp\Contracts\MessagingContracts.cs(2167,21): warning CS1573: Parameter 'CorrelationId' has no matching param tag in the XML comment for 'PrincipalRoleGrantedEvent.PrincipalRoleGrantedEvent(Guid, string, MessageType, string, string, IReadOnlyList<string>, Guid, Guid?, DateTimeOffset, bool, Guid, Guid, string, string, string, DateTimeOffset, DateTimeOffset)' (but other parameters do) [B:\maliev\Maliev.MessagingContracts\generated\csharp\Maliev.MessagingContracts.csproj]
B:\maliev\Maliev.MessagingContracts\generated\csharp\Contracts\MessagingContracts.cs(2168,22): warning CS1573: Parameter 'CausationId' has no matching param tag in the XML comment for 'PrincipalRoleGrantedEvent.PrincipalRoleGrantedEvent(Guid, string, MessageType, string, string, IReadOnlyList<string>, Guid, Guid?, DateTimeOffset, bool, Guid, Guid, string, string, string, DateTimeOffset, DateTimeOffset)' (but other parameters do) [B:\maliev\Maliev.MessagingContracts\generated\csharp\Maliev.MessagingContracts.csproj]
B:\maliev\Maliev.MessagingContracts\generated\csharp\Contracts\MessagingContracts.cs(2169,31): warning CS1573: Parameter 'OccurredAtUtc' has no matching param tag in the XML comment for 'PrincipalRoleGrantedEvent.PrincipalRoleGrantedEvent(Guid, string, MessageType, string, string, IReadOnlyList<string>, Guid, Guid?, DateTimeOffset, bool, Guid, Guid, string, string, string, DateTimeOffset, DateTimeOffset)' (but other parameters do) [B:\maliev\Maliev.MessagingContracts\generated\csharp\Maliev.MessagingContracts.csproj]
B:\maliev\Maliev.MessagingContracts\generated\csharp\Contracts\MessagingContracts.cs(2170,14): warning CS1573: Parameter 'IsPublic' has no matching param tag in the XML comment for 'PrincipalRoleGrantedEvent.PrincipalRoleGrantedEvent(Guid, string, MessageType, string, string, IReadOnlyList<string>, Guid, Guid?, DateTimeOffset, bool, Guid, Guid, string, string, string, DateTimeOffset, DateTimeOffset)' (but other parameters do) [B:\maliev\Maliev.MessagingContracts\generated\csharp\Maliev.MessagingContracts.csproj]
B:\maliev\Maliev.MessagingContracts\generated\csharp\Contracts\MessagingContracts.cs(2194,21): warning CS1573: Parameter 'MessageId' has no matching param tag in the XML comment for 'PrincipalRoleRevokedEvent.PrincipalRoleRevokedEvent(Guid, string, MessageType, string, string, IReadOnlyList<string>, Guid, Guid?, DateTimeOffset, bool, Guid, Guid, string, DateTimeOffset)' (but other parameters do) [B:\maliev\Maliev.MessagingContracts\generated\csharp\Maliev.MessagingContracts.csproj]
B:\maliev\Maliev.MessagingContracts\generated\csharp\Contracts\MessagingContracts.cs(2195,16): warning CS1573: Parameter 'MessageName' has no matching param tag in the XML comment for 'PrincipalRoleRevokedEvent.PrincipalRoleRevokedEvent(Guid, string, MessageType, string, string, IReadOnlyList<string>, Guid, Guid?, DateTimeOffset, bool, Guid, Guid, string, DateTimeOffset)' (but other parameters do) [B:\maliev\Maliev.MessagingContracts\generated\csharp\Maliev.MessagingContracts.csproj]
B:\maliev\Maliev.MessagingContracts\generated\csharp\Contracts\MessagingContracts.cs(2196,21): warning CS1573: Parameter 'MessageType' has no matching param tag in the XML comment for 'PrincipalRoleRevokedEvent.PrincipalRoleRevokedEvent(Guid, string, MessageType, string, string, IReadOnlyList<string>, Guid, Guid?, DateTimeOffset, bool, Guid, Guid, string, DateTimeOffset)' (but other parameters do) [B:\maliev\Maliev.MessagingContracts\generated\csharp\Maliev.MessagingContracts.csproj]
B:\maliev\Maliev.MessagingContracts\generated\csharp\Contracts\MessagingContracts.cs(2197,16): warning CS1573: Parameter 'MessageVersion' has no matching param tag in the XML comment for 'PrincipalRoleRevokedEvent.PrincipalRoleRevokedEvent(Guid, string, MessageType, string, string, IReadOnlyList<string>, Guid, Guid?, DateTimeOffset, bool, Guid, Guid, string, DateTimeOffset)' (but other parameters do) [B:\maliev\Maliev.MessagingContracts\generated\csharp\Maliev.MessagingContracts.csproj]
B:\maliev\Maliev.MessagingContracts\generated\csharp\Contracts\MessagingContracts.cs(2198,16): warning CS1573: Parameter 'PublishedBy' has no matching param tag in the XML comment for 'PrincipalRoleRevokedEvent.PrincipalRoleRevokedEvent(Guid, string, MessageType, string, string, IReadOnlyList<string>, Guid, Guid?, DateTimeOffset, bool, Guid, Guid, string, DateTimeOffset)' (but other parameters do) [B:\maliev\Maliev.MessagingContracts\generated\csharp\Maliev.MessagingContracts.csproj]
B:\maliev\Maliev.MessagingContracts\generated\csharp\Contracts\MessagingContracts.cs(2199,58): warning CS1573: Parameter 'ConsumedBy' has no matching param tag in the XML comment for 'PrincipalRoleRevokedEvent.PrincipalRoleRevokedEvent(Guid, string, MessageType, string, string, IReadOnlyList<string>, Guid, Guid?, DateTimeOffset, bool, Guid, Guid, string, DateTimeOffset)' (but other parameters do) [B:\maliev\Maliev.MessagingContracts\generated\csharp\Maliev.MessagingContracts.csproj]
B:\maliev\Maliev.MessagingContracts\generated\csharp\Contracts\MessagingContracts.cs(2200,21): warning CS1573: Parameter 'CorrelationId' has no matching param tag in the XML comment for 'PrincipalRoleRevokedEvent.PrincipalRoleRevokedEvent(Guid, string, MessageType, string, string, IReadOnlyList<string>, Guid, Guid?, DateTimeOffset, bool, Guid, Guid, string, DateTimeOffset)' (but other parameters do) [B:\maliev\Maliev.MessagingContracts\generated\csharp\Maliev.MessagingContracts.csproj]
B:\maliev\Maliev.MessagingContracts\generated\csharp\Contracts\MessagingContracts.cs(2201,22): warning CS1573: Parameter 'CausationId' has no matching param tag in the XML comment for 'PrincipalRoleRevokedEvent.PrincipalRoleRevokedEvent(Guid, string, MessageType, string, string, IReadOnlyList<string>, Guid, Guid?, DateTimeOffset, bool, Guid, Guid, string, DateTimeOffset)' (but other parameters do) [B:\maliev\Maliev.MessagingContracts\generated\csharp\Maliev.MessagingContracts.csproj]
B:\maliev\Maliev.MessagingContracts\generated\csharp\Contracts\MessagingContracts.cs(2202,31): warning CS1573: Parameter 'OccurredAtUtc' has no matching param tag in the XML comment for 'PrincipalRoleRevokedEvent.PrincipalRoleRevokedEvent(Guid, string, MessageType, string, string, IReadOnlyList<string>, Guid, Guid?, DateTimeOffset, bool, Guid, Guid, string, DateTimeOffset)' (but other parameters do) [B:\maliev\Maliev.MessagingContracts\generated\csharp\Maliev.MessagingContracts.csproj]
B:\maliev\Maliev.MessagingContracts\generated\csharp\Contracts\MessagingContracts.cs(2203,14): warning CS1573: Parameter 'IsPublic' has no matching param tag in the XML comment for 'PrincipalRoleRevokedEvent.PrincipalRoleRevokedEvent(Guid, string, MessageType, string, string, IReadOnlyList<string>, Guid, Guid?, DateTimeOffset, bool, Guid, Guid, string, DateTimeOffset)' (but other parameters do) [B:\maliev\Maliev.MessagingContracts\generated\csharp\Maliev.MessagingContracts.csproj]
B:\maliev\Maliev.MessagingContracts\generated\csharp\Contracts\MessagingContracts.cs(2223,21): warning CS1573: Parameter 'MessageId' has no matching param tag in the XML comment for 'RoleUpdatedEvent.RoleUpdatedEvent(Guid, string, MessageType, string, string, IReadOnlyList<string>, Guid, Guid?, DateTimeOffset, bool, string, string, DateTimeOffset)' (but other parameters do) [B:\maliev\Maliev.MessagingContracts\generated\csharp\Maliev.MessagingContracts.csproj]
B:\maliev\Maliev.MessagingContracts\generated\csharp\Contracts\MessagingContracts.cs(2224,16): warning CS1573: Parameter 'MessageName' has no matching param tag in the XML comment for 'RoleUpdatedEvent.RoleUpdatedEvent(Guid, string, MessageType, string, string, IReadOnlyList<string>, Guid, Guid?, DateTimeOffset, bool, string, string, DateTimeOffset)' (but other parameters do) [B:\maliev\Maliev.MessagingContracts\generated\csharp\Maliev.MessagingContracts.csproj]
B:\maliev\Maliev.MessagingContracts\generated\csharp\Contracts\MessagingContracts.cs(2225,21): warning CS1573: Parameter 'MessageType' has no matching param tag in the XML comment for 'RoleUpdatedEvent.RoleUpdatedEvent(Guid, string, MessageType, string, string, IReadOnlyList<string>, Guid, Guid?, DateTimeOffset, bool, string, string, DateTimeOffset)' (but other parameters do) [B:\maliev\Maliev.MessagingContracts\generated\csharp\Maliev.MessagingContracts.csproj]
B:\maliev\Maliev.MessagingContracts\generated\csharp\Contracts\MessagingContracts.cs(2226,16): warning CS1573: Parameter 'MessageVersion' has no matching param tag in the XML comment for 'RoleUpdatedEvent.RoleUpdatedEvent(Guid, string, MessageType, string, string, IReadOnlyList<string>, Guid, Guid?, DateTimeOffset, bool, string, string, DateTimeOffset)' (but other parameters do) [B:\maliev\Maliev.MessagingContracts\generated\csharp\Maliev.MessagingContracts.csproj]
B:\maliev\Maliev.MessagingContracts\generated\csharp\Contracts\MessagingContracts.cs(2227,16): warning CS1573: Parameter 'PublishedBy' has no matching param tag in the XML comment for 'RoleUpdatedEvent.RoleUpdatedEvent(Guid, string, MessageType, string, string, IReadOnlyList<string>, Guid, Guid?, DateTimeOffset, bool, string, string, DateTimeOffset)' (but other parameters do) [B:\maliev\Maliev.MessagingContracts\generated\csharp\Maliev.MessagingContracts.csproj]
B:\maliev\Maliev.MessagingContracts\generated\csharp\Contracts\MessagingContracts.cs(2228,58): warning CS1573: Parameter 'ConsumedBy' has no matching param tag in the XML comment for 'RoleUpdatedEvent.RoleUpdatedEvent(Guid, string, MessageType, string, string, IReadOnlyList<string>, Guid, Guid?, DateTimeOffset, bool, string, string, DateTimeOffset)' (but other parameters do) [B:\maliev\Maliev.MessagingContracts\generated\csharp\Maliev.MessagingContracts.csproj]
B:\maliev\Maliev.MessagingContracts\generated\csharp\Contracts\MessagingContracts.cs(2229,21): warning CS1573: Parameter 'CorrelationId' has no matching param tag in the XML comment for 'RoleUpdatedEvent.RoleUpdatedEvent(Guid, string, MessageType, string, string, IReadOnlyList<string>, Guid, Guid?, DateTimeOffset, bool, string, string, DateTimeOffset)' (but other parameters do) [B:\maliev\Maliev.MessagingContracts\generated\csharp\Maliev.MessagingContracts.csproj]
B:\maliev\Maliev.MessagingContracts\generated\csharp\Contracts\MessagingContracts.cs(2230,22): warning CS1573: Parameter 'CausationId' has no matching param tag in the XML comment for 'RoleUpdatedEvent.RoleUpdatedEvent(Guid, string, MessageType, string, string, IReadOnlyList<string>, Guid, Guid?, DateTimeOffset, bool, string, string, DateTimeOffset)' (but other parameters do) [B:\maliev\Maliev.MessagingContracts\generated\csharp\Maliev.MessagingContracts.csproj]
B:\maliev\Maliev.MessagingContracts\generated\csharp\Contracts\MessagingContracts.cs(2231,31): warning CS1573: Parameter 'OccurredAtUtc' has no matching param tag in the XML comment for 'RoleUpdatedEvent.RoleUpdatedEvent(Guid, string, MessageType, string, string, IReadOnlyList<string>, Guid, Guid?, DateTimeOffset, bool, string, string, DateTimeOffset)' (but other parameters do) [B:\maliev\Maliev.MessagingContracts\generated\csharp\Maliev.MessagingContracts.csproj]
B:\maliev\Maliev.MessagingContracts\generated\csharp\Contracts\MessagingContracts.cs(2232,14): warning CS1573: Parameter 'IsPublic' has no matching param tag in the XML comment for 'RoleUpdatedEvent.RoleUpdatedEvent(Guid, string, MessageType, string, string, IReadOnlyList<string>, Guid, Guid?, DateTimeOffset, bool, string, string, DateTimeOffset)' (but other parameters do) [B:\maliev\Maliev.MessagingContracts\generated\csharp\Maliev.MessagingContracts.csproj]
B:\maliev\Maliev.MessagingContracts\generated\csharp\Contracts\MessagingContracts.cs(2268,21): warning CS1573: Parameter 'MessageId' has no matching param tag in the XML comment for 'InvoiceCreatedEvent.InvoiceCreatedEvent(Guid, string, MessageType, string, string, IReadOnlyList<string>, Guid, Guid?, DateTimeOffset, bool, InvoiceCreatedEventPayload)' (but other parameters do) [B:\maliev\Maliev.MessagingContracts\generated\csharp\Maliev.MessagingContracts.csproj]
B:\maliev\Maliev.MessagingContracts\generated\csharp\Contracts\MessagingContracts.cs(2269,16): warning CS1573: Parameter 'MessageName' has no matching param tag in the XML comment for 'InvoiceCreatedEvent.InvoiceCreatedEvent(Guid, string, MessageType, string, string, IReadOnlyList<string>, Guid, Guid?, DateTimeOffset, bool, InvoiceCreatedEventPayload)' (but other parameters do) [B:\maliev\Maliev.MessagingContracts\generated\csharp\Maliev.MessagingContracts.csproj]
B:\maliev\Maliev.MessagingContracts\generated\csharp\Contracts\MessagingContracts.cs(2270,21): warning CS1573: Parameter 'MessageType' has no matching param tag in the XML comment for 'InvoiceCreatedEvent.InvoiceCreatedEvent(Guid, string, MessageType, string, string, IReadOnlyList<string>, Guid, Guid?, DateTimeOffset, bool, InvoiceCreatedEventPayload)' (but other parameters do) [B:\maliev\Maliev.MessagingContracts\generated\csharp\Maliev.MessagingContracts.csproj]
B:\maliev\Maliev.MessagingContracts\generated\csharp\Contracts\MessagingContracts.cs(2271,16): warning CS1573: Parameter 'MessageVersion' has no matching param tag in the XML comment for 'InvoiceCreatedEvent.InvoiceCreatedEvent(Guid, string, MessageType, string, string, IReadOnlyList<string>, Guid, Guid?, DateTimeOffset, bool, InvoiceCreatedEventPayload)' (but other parameters do) [B:\maliev\Maliev.MessagingContracts\generated\csharp\Maliev.MessagingContracts.csproj]
B:\maliev\Maliev.MessagingContracts\generated\csharp\Contracts\MessagingContracts.cs(2272,16): warning CS1573: Parameter 'PublishedBy' has no matching param tag in the XML comment for 'InvoiceCreatedEvent.InvoiceCreatedEvent(Guid, string, MessageType, string, string, IReadOnlyList<string>, Guid, Guid?, DateTimeOffset, bool, InvoiceCreatedEventPayload)' (but other parameters do) [B:\maliev\Maliev.MessagingContracts\generated\csharp\Maliev.MessagingContracts.csproj]
B:\maliev\Maliev.MessagingContracts\generated\csharp\Contracts\MessagingContracts.cs(2273,58): warning CS1573: Parameter 'ConsumedBy' has no matching param tag in the XML comment for 'InvoiceCreatedEvent.InvoiceCreatedEvent(Guid, string, MessageType, string, string, IReadOnlyList<string>, Guid, Guid?, DateTimeOffset, bool, InvoiceCreatedEventPayload)' (but other parameters do) [B:\maliev\Maliev.MessagingContracts\generated\csharp\Maliev.MessagingContracts.csproj]
B:\maliev\Maliev.MessagingContracts\generated\csharp\Contracts\MessagingContracts.cs(2274,21): warning CS1573: Parameter 'CorrelationId' has no matching param tag in the XML comment for 'InvoiceCreatedEvent.InvoiceCreatedEvent(Guid, string, MessageType, string, string, IReadOnlyList<string>, Guid, Guid?, DateTimeOffset, bool, InvoiceCreatedEventPayload)' (but other parameters do) [B:\maliev\Maliev.MessagingContracts\generated\csharp\Maliev.MessagingContracts.csproj]
B:\maliev\Maliev.MessagingContracts\generated\csharp\Contracts\MessagingContracts.cs(2275,22): warning CS1573: Parameter 'CausationId' has no matching param tag in the XML comment for 'InvoiceCreatedEvent.InvoiceCreatedEvent(Guid, string, MessageType, string, string, IReadOnlyList<string>, Guid, Guid?, DateTimeOffset, bool, InvoiceCreatedEventPayload)' (but other parameters do) [B:\maliev\Maliev.MessagingContracts\generated\csharp\Maliev.MessagingContracts.csproj]
B:\maliev\Maliev.MessagingContracts\generated\csharp\Contracts\MessagingContracts.cs(2276,31): warning CS1573: Parameter 'OccurredAtUtc' has no matching param tag in the XML comment for 'InvoiceCreatedEvent.InvoiceCreatedEvent(Guid, string, MessageType, string, string, IReadOnlyList<string>, Guid, Guid?, DateTimeOffset, bool, InvoiceCreatedEventPayload)' (but other parameters do) [B:\maliev\Maliev.MessagingContracts\generated\csharp\Maliev.MessagingContracts.csproj]
B:\maliev\Maliev.MessagingContracts\generated\csharp\Contracts\MessagingContracts.cs(2277,14): warning CS1573: Parameter 'IsPublic' has no matching param tag in the XML comment for 'InvoiceCreatedEvent.InvoiceCreatedEvent(Guid, string, MessageType, string, string, IReadOnlyList<string>, Guid, Guid?, DateTimeOffset, bool, InvoiceCreatedEventPayload)' (but other parameters do) [B:\maliev\Maliev.MessagingContracts\generated\csharp\Maliev.MessagingContracts.csproj]
B:\maliev\Maliev.MessagingContracts\generated\csharp\Contracts\MessagingContracts.cs(2305,21): warning CS1573: Parameter 'MessageId' has no matching param tag in the XML comment for 'InvoiceGeneratedEvent.InvoiceGeneratedEvent(Guid, string, MessageType, string, string, IReadOnlyList<string>, Guid, Guid?, DateTimeOffset, bool, InvoiceGeneratedEventPayload)' (but other parameters do) [B:\maliev\Maliev.MessagingContracts\generated\csharp\Maliev.MessagingContracts.csproj]
B:\maliev\Maliev.MessagingContracts\generated\csharp\Contracts\MessagingContracts.cs(2306,16): warning CS1573: Parameter 'MessageName' has no matching param tag in the XML comment for 'InvoiceGeneratedEvent.InvoiceGeneratedEvent(Guid, string, MessageType, string, string, IReadOnlyList<string>, Guid, Guid?, DateTimeOffset, bool, InvoiceGeneratedEventPayload)' (but other parameters do) [B:\maliev\Maliev.MessagingContracts\generated\csharp\Maliev.MessagingContracts.csproj]
B:\maliev\Maliev.MessagingContracts\generated\csharp\Contracts\MessagingContracts.cs(2307,21): warning CS1573: Parameter 'MessageType' has no matching param tag in the XML comment for 'InvoiceGeneratedEvent.InvoiceGeneratedEvent(Guid, string, MessageType, string, string, IReadOnlyList<string>, Guid, Guid?, DateTimeOffset, bool, InvoiceGeneratedEventPayload)' (but other parameters do) [B:\maliev\Maliev.MessagingContracts\generated\csharp\Maliev.MessagingContracts.csproj]
B:\maliev\Maliev.MessagingContracts\generated\csharp\Contracts\MessagingContracts.cs(2308,16): warning CS1573: Parameter 'MessageVersion' has no matching param tag in the XML comment for 'InvoiceGeneratedEvent.InvoiceGeneratedEvent(Guid, string, MessageType, string, string, IReadOnlyList<string>, Guid, Guid?, DateTimeOffset, bool, InvoiceGeneratedEventPayload)' (but other parameters do) [B:\maliev\Maliev.MessagingContracts\generated\csharp\Maliev.MessagingContracts.csproj]
B:\maliev\Maliev.MessagingContracts\generated\csharp\Contracts\MessagingContracts.cs(2309,16): warning CS1573: Parameter 'PublishedBy' has no matching param tag in the XML comment for 'InvoiceGeneratedEvent.InvoiceGeneratedEvent(Guid, string, MessageType, string, string, IReadOnlyList<string>, Guid, Guid?, DateTimeOffset, bool, InvoiceGeneratedEventPayload)' (but other parameters do) [B:\maliev\Maliev.MessagingContracts\generated\csharp\Maliev.MessagingContracts.csproj]
B:\maliev\Maliev.MessagingContracts\generated\csharp\Contracts\MessagingContracts.cs(2310,58): warning CS1573: Parameter 'ConsumedBy' has no matching param tag in the XML comment for 'InvoiceGeneratedEvent.InvoiceGeneratedEvent(Guid, string, MessageType, string, string, IReadOnlyList<string>, Guid, Guid?, DateTimeOffset, bool, InvoiceGeneratedEventPayload)' (but other parameters do) [B:\maliev\Maliev.MessagingContracts\generated\csharp\Maliev.MessagingContracts.csproj]
B:\maliev\Maliev.MessagingContracts\generated\csharp\Contracts\MessagingContracts.cs(2311,21): warning CS1573: Parameter 'CorrelationId' has no matching param tag in the XML comment for 'InvoiceGeneratedEvent.InvoiceGeneratedEvent(Guid, string, MessageType, string, string, IReadOnlyList<string>, Guid, Guid?, DateTimeOffset, bool, InvoiceGeneratedEventPayload)' (but other parameters do) [B:\maliev\Maliev.MessagingContracts\generated\csharp\Maliev.MessagingContracts.csproj]
B:\maliev\Maliev.MessagingContracts\generated\csharp\Contracts\MessagingContracts.cs(2312,22): warning CS1573: Parameter 'CausationId' has no matching param tag in the XML comment for 'InvoiceGeneratedEvent.InvoiceGeneratedEvent(Guid, string, MessageType, string, string, IReadOnlyList<string>, Guid, Guid?, DateTimeOffset, bool, InvoiceGeneratedEventPayload)' (but other parameters do) [B:\maliev\Maliev.MessagingContracts\generated\csharp\Maliev.MessagingContracts.csproj]
B:\maliev\Maliev.MessagingContracts\generated\csharp\Contracts\MessagingContracts.cs(2313,31): warning CS1573: Parameter 'OccurredAtUtc' has no matching param tag in the XML comment for 'InvoiceGeneratedEvent.InvoiceGeneratedEvent(Guid, string, MessageType, string, string, IReadOnlyList<string>, Guid, Guid?, DateTimeOffset, bool, InvoiceGeneratedEventPayload)' (but other parameters do) [B:\maliev\Maliev.MessagingContracts\generated\csharp\Maliev.MessagingContracts.csproj]
B:\maliev\Maliev.MessagingContracts\generated\csharp\Contracts\MessagingContracts.cs(2314,14): warning CS1573: Parameter 'IsPublic' has no matching param tag in the XML comment for 'InvoiceGeneratedEvent.InvoiceGeneratedEvent(Guid, string, MessageType, string, string, IReadOnlyList<string>, Guid, Guid?, DateTimeOffset, bool, InvoiceGeneratedEventPayload)' (but other parameters do) [B:\maliev\Maliev.MessagingContracts\generated\csharp\Maliev.MessagingContracts.csproj]
B:\maliev\Maliev.MessagingContracts\generated\csharp\Contracts\MessagingContracts.cs(2344,21): warning CS1573: Parameter 'MessageId' has no matching param tag in the XML comment for 'InvoiceSentEvent.InvoiceSentEvent(Guid, string, MessageType, string, string, IReadOnlyList<string>, Guid, Guid?, DateTimeOffset, bool, InvoiceSentEventPayload)' (but other parameters do) [B:\maliev\Maliev.MessagingContracts\generated\csharp\Maliev.MessagingContracts.csproj]
B:\maliev\Maliev.MessagingContracts\generated\csharp\Contracts\MessagingContracts.cs(2345,16): warning CS1573: Parameter 'MessageName' has no matching param tag in the XML comment for 'InvoiceSentEvent.InvoiceSentEvent(Guid, string, MessageType, string, string, IReadOnlyList<string>, Guid, Guid?, DateTimeOffset, bool, InvoiceSentEventPayload)' (but other parameters do) [B:\maliev\Maliev.MessagingContracts\generated\csharp\Maliev.MessagingContracts.csproj]
B:\maliev\Maliev.MessagingContracts\generated\csharp\Contracts\MessagingContracts.cs(2346,21): warning CS1573: Parameter 'MessageType' has no matching param tag in the XML comment for 'InvoiceSentEvent.InvoiceSentEvent(Guid, string, MessageType, string, string, IReadOnlyList<string>, Guid, Guid?, DateTimeOffset, bool, InvoiceSentEventPayload)' (but other parameters do) [B:\maliev\Maliev.MessagingContracts\generated\csharp\Maliev.MessagingContracts.csproj]
B:\maliev\Maliev.MessagingContracts\generated\csharp\Contracts\MessagingContracts.cs(2347,16): warning CS1573: Parameter 'MessageVersion' has no matching param tag in the XML comment for 'InvoiceSentEvent.InvoiceSentEvent(Guid, string, MessageType, string, string, IReadOnlyList<string>, Guid, Guid?, DateTimeOffset, bool, InvoiceSentEventPayload)' (but other parameters do) [B:\maliev\Maliev.MessagingContracts\generated\csharp\Maliev.MessagingContracts.csproj]
B:\maliev\Maliev.MessagingContracts\generated\csharp\Contracts\MessagingContracts.cs(2348,16): warning CS1573: Parameter 'PublishedBy' has no matching param tag in the XML comment for 'InvoiceSentEvent.InvoiceSentEvent(Guid, string, MessageType, string, string, IReadOnlyList<string>, Guid, Guid?, DateTimeOffset, bool, InvoiceSentEventPayload)' (but other parameters do) [B:\maliev\Maliev.MessagingContracts\generated\csharp\Maliev.MessagingContracts.csproj]
B:\maliev\Maliev.MessagingContracts\generated\csharp\Contracts\MessagingContracts.cs(2349,58): warning CS1573: Parameter 'ConsumedBy' has no matching param tag in the XML comment for 'InvoiceSentEvent.InvoiceSentEvent(Guid, string, MessageType, string, string, IReadOnlyList<string>, Guid, Guid?, DateTimeOffset, bool, InvoiceSentEventPayload)' (but other parameters do) [B:\maliev\Maliev.MessagingContracts\generated\csharp\Maliev.MessagingContracts.csproj]
B:\maliev\Maliev.MessagingContracts\generated\csharp\Contracts\MessagingContracts.cs(2350,21): warning CS1573: Parameter 'CorrelationId' has no matching param tag in the XML comment for 'InvoiceSentEvent.InvoiceSentEvent(Guid, string, MessageType, string, string, IReadOnlyList<string>, Guid, Guid?, DateTimeOffset, bool, InvoiceSentEventPayload)' (but other parameters do) [B:\maliev\Maliev.MessagingContracts\generated\csharp\Maliev.MessagingContracts.csproj]
B:\maliev\Maliev.MessagingContracts\generated\csharp\Contracts\MessagingContracts.cs(2351,22): warning CS1573: Parameter 'CausationId' has no matching param tag in the XML comment for 'InvoiceSentEvent.InvoiceSentEvent(Guid, string, MessageType, string, string, IReadOnlyList<string>, Guid, Guid?, DateTimeOffset, bool, InvoiceSentEventPayload)' (but other parameters do) [B:\maliev\Maliev.MessagingContracts\generated\csharp\Maliev.MessagingContracts.csproj]
B:\maliev\Maliev.MessagingContracts\generated\csharp\Contracts\MessagingContracts.cs(2352,31): warning CS1573: Parameter 'OccurredAtUtc' has no matching param tag in the XML comment for 'InvoiceSentEvent.InvoiceSentEvent(Guid, string, MessageType, string, string, IReadOnlyList<string>, Guid, Guid?, DateTimeOffset, bool, InvoiceSentEventPayload)' (but other parameters do) [B:\maliev\Maliev.MessagingContracts\generated\csharp\Maliev.MessagingContracts.csproj]
B:\maliev\Maliev.MessagingContracts\generated\csharp\Contracts\MessagingContracts.cs(2353,14): warning CS1573: Parameter 'IsPublic' has no matching param tag in the XML comment for 'InvoiceSentEvent.InvoiceSentEvent(Guid, string, MessageType, string, string, IReadOnlyList<string>, Guid, Guid?, DateTimeOffset, bool, InvoiceSentEventPayload)' (but other parameters do) [B:\maliev\Maliev.MessagingContracts\generated\csharp\Maliev.MessagingContracts.csproj]
B:\maliev\Maliev.MessagingContracts\generated\csharp\Contracts\MessagingContracts.cs(2385,21): warning CS1573: Parameter 'MessageId' has no matching param tag in the XML comment for 'InvoicePaymentReceivedEvent.InvoicePaymentReceivedEvent(Guid, string, MessageType, string, string, IReadOnlyList<string>, Guid, Guid?, DateTimeOffset, bool, InvoicePaymentReceivedEventPayload)' (but other parameters do) [B:\maliev\Maliev.MessagingContracts\generated\csharp\Maliev.MessagingContracts.csproj]
B:\maliev\Maliev.MessagingContracts\generated\csharp\Contracts\MessagingContracts.cs(2386,16): warning CS1573: Parameter 'MessageName' has no matching param tag in the XML comment for 'InvoicePaymentReceivedEvent.InvoicePaymentReceivedEvent(Guid, string, MessageType, string, string, IReadOnlyList<string>, Guid, Guid?, DateTimeOffset, bool, InvoicePaymentReceivedEventPayload)' (but other parameters do) [B:\maliev\Maliev.MessagingContracts\generated\csharp\Maliev.MessagingContracts.csproj]
B:\maliev\Maliev.MessagingContracts\generated\csharp\Contracts\MessagingContracts.cs(2387,21): warning CS1573: Parameter 'MessageType' has no matching param tag in the XML comment for 'InvoicePaymentReceivedEvent.InvoicePaymentReceivedEvent(Guid, string, MessageType, string, string, IReadOnlyList<string>, Guid, Guid?, DateTimeOffset, bool, InvoicePaymentReceivedEventPayload)' (but other parameters do) [B:\maliev\Maliev.MessagingContracts\generated\csharp\Maliev.MessagingContracts.csproj]
B:\maliev\Maliev.MessagingContracts\generated\csharp\Contracts\MessagingContracts.cs(2388,16): warning CS1573: Parameter 'MessageVersion' has no matching param tag in the XML comment for 'InvoicePaymentReceivedEvent.InvoicePaymentReceivedEvent(Guid, string, MessageType, string, string, IReadOnlyList<string>, Guid, Guid?, DateTimeOffset, bool, InvoicePaymentReceivedEventPayload)' (but other parameters do) [B:\maliev\Maliev.MessagingContracts\generated\csharp\Maliev.MessagingContracts.csproj]
B:\maliev\Maliev.MessagingContracts\generated\csharp\Contracts\MessagingContracts.cs(2389,16): warning CS1573: Parameter 'PublishedBy' has no matching param tag in the XML comment for 'InvoicePaymentReceivedEvent.InvoicePaymentReceivedEvent(Guid, string, MessageType, string, string, IReadOnlyList<string>, Guid, Guid?, DateTimeOffset, bool, InvoicePaymentReceivedEventPayload)' (but other parameters do) [B:\maliev\Maliev.MessagingContracts\generated\csharp\Maliev.MessagingContracts.csproj]
B:\maliev\Maliev.MessagingContracts\generated\csharp\Contracts\MessagingContracts.cs(2390,58): warning CS1573: Parameter 'ConsumedBy' has no matching param tag in the XML comment for 'InvoicePaymentReceivedEvent.InvoicePaymentReceivedEvent(Guid, string, MessageType, string, string, IReadOnlyList<string>, Guid, Guid?, DateTimeOffset, bool, InvoicePaymentReceivedEventPayload)' (but other parameters do) [B:\maliev\Maliev.MessagingContracts\generated\csharp\Maliev.MessagingContracts.csproj]
B:\maliev\Maliev.MessagingContracts\generated\csharp\Contracts\MessagingContracts.cs(2391,21): warning CS1573: Parameter 'CorrelationId' has no matching param tag in the XML comment for 'InvoicePaymentReceivedEvent.InvoicePaymentReceivedEvent(Guid, string, MessageType, string, string, IReadOnlyList<string>, Guid, Guid?, DateTimeOffset, bool, InvoicePaymentReceivedEventPayload)' (but other parameters do) [B:\maliev\Maliev.MessagingContracts\generated\csharp\Maliev.MessagingContracts.csproj]
B:\maliev\Maliev.MessagingContracts\generated\csharp\Contracts\MessagingContracts.cs(2392,22): warning CS1573: Parameter 'CausationId' has no matching param tag in the XML comment for 'InvoicePaymentReceivedEvent.InvoicePaymentReceivedEvent(Guid, string, MessageType, string, string, IReadOnlyList<string>, Guid, Guid?, DateTimeOffset, bool, InvoicePaymentReceivedEventPayload)' (but other parameters do) [B:\maliev\Maliev.MessagingContracts\generated\csharp\Maliev.MessagingContracts.csproj]
B:\maliev\Maliev.MessagingContracts\generated\csharp\Contracts\MessagingContracts.cs(2393,31): warning CS1573: Parameter 'OccurredAtUtc' has no matching param tag in the XML comment for 'InvoicePaymentReceivedEvent.InvoicePaymentReceivedEvent(Guid, string, MessageType, string, string, IReadOnlyList<string>, Guid, Guid?, DateTimeOffset, bool, InvoicePaymentReceivedEventPayload)' (but other parameters do) [B:\maliev\Maliev.MessagingContracts\generated\csharp\Maliev.MessagingContracts.csproj]
B:\maliev\Maliev.MessagingContracts\generated\csharp\Contracts\MessagingContracts.cs(2394,14): warning CS1573: Parameter 'IsPublic' has no matching param tag in the XML comment for 'InvoicePaymentReceivedEvent.InvoicePaymentReceivedEvent(Guid, string, MessageType, string, string, IReadOnlyList<string>, Guid, Guid?, DateTimeOffset, bool, InvoicePaymentReceivedEventPayload)' (but other parameters do) [B:\maliev\Maliev.MessagingContracts\generated\csharp\Maliev.MessagingContracts.csproj]
B:\maliev\Maliev.MessagingContracts\generated\csharp\Contracts\MessagingContracts.cs(2425,21): warning CS1573: Parameter 'MessageId' has no matching param tag in the XML comment for 'InvoiceOverdueEvent.InvoiceOverdueEvent(Guid, string, MessageType, string, string, IReadOnlyList<string>, Guid, Guid?, DateTimeOffset, bool, InvoiceOverdueEventPayload)' (but other parameters do) [B:\maliev\Maliev.MessagingContracts\generated\csharp\Maliev.MessagingContracts.csproj]
B:\maliev\Maliev.MessagingContracts\generated\csharp\Contracts\MessagingContracts.cs(2426,16): warning CS1573: Parameter 'MessageName' has no matching param tag in the XML comment for 'InvoiceOverdueEvent.InvoiceOverdueEvent(Guid, string, MessageType, string, string, IReadOnlyList<string>, Guid, Guid?, DateTimeOffset, bool, InvoiceOverdueEventPayload)' (but other parameters do) [B:\maliev\Maliev.MessagingContracts\generated\csharp\Maliev.MessagingContracts.csproj]
B:\maliev\Maliev.MessagingContracts\generated\csharp\Contracts\MessagingContracts.cs(2427,21): warning CS1573: Parameter 'MessageType' has no matching param tag in the XML comment for 'InvoiceOverdueEvent.InvoiceOverdueEvent(Guid, string, MessageType, string, string, IReadOnlyList<string>, Guid, Guid?, DateTimeOffset, bool, InvoiceOverdueEventPayload)' (but other parameters do) [B:\maliev\Maliev.MessagingContracts\generated\csharp\Maliev.MessagingContracts.csproj]
B:\maliev\Maliev.MessagingContracts\generated\csharp\Contracts\MessagingContracts.cs(2428,16): warning CS1573: Parameter 'MessageVersion' has no matching param tag in the XML comment for 'InvoiceOverdueEvent.InvoiceOverdueEvent(Guid, string, MessageType, string, string, IReadOnlyList<string>, Guid, Guid?, DateTimeOffset, bool, InvoiceOverdueEventPayload)' (but other parameters do) [B:\maliev\Maliev.MessagingContracts\generated\csharp\Maliev.MessagingContracts.csproj]
B:\maliev\Maliev.MessagingContracts\generated\csharp\Contracts\MessagingContracts.cs(2429,16): warning CS1573: Parameter 'PublishedBy' has no matching param tag in the XML comment for 'InvoiceOverdueEvent.InvoiceOverdueEvent(Guid, string, MessageType, string, string, IReadOnlyList<string>, Guid, Guid?, DateTimeOffset, bool, InvoiceOverdueEventPayload)' (but other parameters do) [B:\maliev\Maliev.MessagingContracts\generated\csharp\Maliev.MessagingContracts.csproj]
B:\maliev\Maliev.MessagingContracts\generated\csharp\Contracts\MessagingContracts.cs(2430,58): warning CS1573: Parameter 'ConsumedBy' has no matching param tag in the XML comment for 'InvoiceOverdueEvent.InvoiceOverdueEvent(Guid, string, MessageType, string, string, IReadOnlyList<string>, Guid, Guid?, DateTimeOffset, bool, InvoiceOverdueEventPayload)' (but other parameters do) [B:\maliev\Maliev.MessagingContracts\generated\csharp\Maliev.MessagingContracts.csproj]
B:\maliev\Maliev.MessagingContracts\generated\csharp\Contracts\MessagingContracts.cs(2431,21): warning CS1573: Parameter 'CorrelationId' has no matching param tag in the XML comment for 'InvoiceOverdueEvent.InvoiceOverdueEvent(Guid, string, MessageType, string, string, IReadOnlyList<string>, Guid, Guid?, DateTimeOffset, bool, InvoiceOverdueEventPayload)' (but other parameters do) [B:\maliev\Maliev.MessagingContracts\generated\csharp\Maliev.MessagingContracts.csproj]
B:\maliev\Maliev.MessagingContracts\generated\csharp\Contracts\MessagingContracts.cs(2432,22): warning CS1573: Parameter 'CausationId' has no matching param tag in the XML comment for 'InvoiceOverdueEvent.InvoiceOverdueEvent(Guid, string, MessageType, string, string, IReadOnlyList<string>, Guid, Guid?, DateTimeOffset, bool, InvoiceOverdueEventPayload)' (but other parameters do) [B:\maliev\Maliev.MessagingContracts\generated\csharp\Maliev.MessagingContracts.csproj]
B:\maliev\Maliev.MessagingContracts\generated\csharp\Contracts\MessagingContracts.cs(2433,31): warning CS1573: Parameter 'OccurredAtUtc' has no matching param tag in the XML comment for 'InvoiceOverdueEvent.InvoiceOverdueEvent(Guid, string, MessageType, string, string, IReadOnlyList<string>, Guid, Guid?, DateTimeOffset, bool, InvoiceOverdueEventPayload)' (but other parameters do) [B:\maliev\Maliev.MessagingContracts\generated\csharp\Maliev.MessagingContracts.csproj]
B:\maliev\Maliev.MessagingContracts\generated\csharp\Contracts\MessagingContracts.cs(2434,14): warning CS1573: Parameter 'IsPublic' has no matching param tag in the XML comment for 'InvoiceOverdueEvent.InvoiceOverdueEvent(Guid, string, MessageType, string, string, IReadOnlyList<string>, Guid, Guid?, DateTimeOffset, bool, InvoiceOverdueEventPayload)' (but other parameters do) [B:\maliev\Maliev.MessagingContracts\generated\csharp\Maliev.MessagingContracts.csproj]
B:\maliev\Maliev.MessagingContracts\generated\csharp\Contracts\MessagingContracts.cs(2448,63): warning CS1573: Parameter 'InvoiceId' has no matching param tag in the XML comment for 'InvoiceCancelledEventPayload.InvoiceCancelledEventPayload(Guid, string, Guid, Guid, DateTimeOffset, string, bool)' (but other parameters do) [B:\maliev\Maliev.MessagingContracts\generated\csharp\Maliev.MessagingContracts.csproj]
B:\maliev\Maliev.MessagingContracts\generated\csharp\Contracts\MessagingContracts.cs(2449,62): warning CS1573: Parameter 'InvoiceNumber' has no matching param tag in the XML comment for 'InvoiceCancelledEventPayload.InvoiceCancelledEventPayload(Guid, string, Guid, Guid, DateTimeOffset, string, bool)' (but other parameters do) [B:\maliev\Maliev.MessagingContracts\generated\csharp\Maliev.MessagingContracts.csproj]
B:\maliev\Maliev.MessagingContracts\generated\csharp\Contracts\MessagingContracts.cs(2450,64): warning CS1573: Parameter 'CustomerId' has no matching param tag in the XML comment for 'InvoiceCancelledEventPayload.InvoiceCancelledEventPayload(Guid, string, Guid, Guid, DateTimeOffset, string, bool)' (but other parameters do) [B:\maliev\Maliev.MessagingContracts\generated\csharp\Maliev.MessagingContracts.csproj]
B:\maliev\Maliev.MessagingContracts\generated\csharp\Contracts\MessagingContracts.cs(2451,65): warning CS1573: Parameter 'CancelledBy' has no matching param tag in the XML comment for 'InvoiceCancelledEventPayload.InvoiceCancelledEventPayload(Guid, string, Guid, Guid, DateTimeOffset, string, bool)' (but other parameters do) [B:\maliev\Maliev.MessagingContracts\generated\csharp\Maliev.MessagingContracts.csproj]
B:\maliev\Maliev.MessagingContracts\generated\csharp\Contracts\MessagingContracts.cs(2452,75): warning CS1573: Parameter 'CancelledAt' has no matching param tag in the XML comment for 'InvoiceCancelledEventPayload.InvoiceCancelledEventPayload(Guid, string, Guid, Guid, DateTimeOffset, string, bool)' (but other parameters do) [B:\maliev\Maliev.MessagingContracts\generated\csharp\Maliev.MessagingContracts.csproj]
B:\maliev\Maliev.MessagingContracts\generated\csharp\Contracts\MessagingContracts.cs(2453,67): warning CS1573: Parameter 'CancellationReason' has no matching param tag in the XML comment for 'InvoiceCancelledEventPayload.InvoiceCancelledEventPayload(Guid, string, Guid, Guid, DateTimeOffset, string, bool)' (but other parameters do) [B:\maliev\Maliev.MessagingContracts\generated\csharp\Maliev.MessagingContracts.csproj]
B:\maliev\Maliev.MessagingContracts\generated\csharp\Contracts\MessagingContracts.cs(2466,21): warning CS1573: Parameter 'MessageId' has no matching param tag in the XML comment for 'InvoiceCancelledEvent.InvoiceCancelledEvent(Guid, string, MessageType, string, string, IReadOnlyList<string>, Guid, Guid?, DateTimeOffset, bool, InvoiceCancelledEventPayload)' (but other parameters do) [B:\maliev\Maliev.MessagingContracts\generated\csharp\Maliev.MessagingContracts.csproj]
B:\maliev\Maliev.MessagingContracts\generated\csharp\Contracts\MessagingContracts.cs(2467,16): warning CS1573: Parameter 'MessageName' has no matching param tag in the XML comment for 'InvoiceCancelledEvent.InvoiceCancelledEvent(Guid, string, MessageType, string, string, IReadOnlyList<string>, Guid, Guid?, DateTimeOffset, bool, InvoiceCancelledEventPayload)' (but other parameters do) [B:\maliev\Maliev.MessagingContracts\generated\csharp\Maliev.MessagingContracts.csproj]
B:\maliev\Maliev.MessagingContracts\generated\csharp\Contracts\MessagingContracts.cs(2468,21): warning CS1573: Parameter 'MessageType' has no matching param tag in the XML comment for 'InvoiceCancelledEvent.InvoiceCancelledEvent(Guid, string, MessageType, string, string, IReadOnlyList<string>, Guid, Guid?, DateTimeOffset, bool, InvoiceCancelledEventPayload)' (but other parameters do) [B:\maliev\Maliev.MessagingContracts\generated\csharp\Maliev.MessagingContracts.csproj]
B:\maliev\Maliev.MessagingContracts\generated\csharp\Contracts\MessagingContracts.cs(2469,16): warning CS1573: Parameter 'MessageVersion' has no matching param tag in the XML comment for 'InvoiceCancelledEvent.InvoiceCancelledEvent(Guid, string, MessageType, string, string, IReadOnlyList<string>, Guid, Guid?, DateTimeOffset, bool, InvoiceCancelledEventPayload)' (but other parameters do) [B:\maliev\Maliev.MessagingContracts\generated\csharp\Maliev.MessagingContracts.csproj]
B:\maliev\Maliev.MessagingContracts\generated\csharp\Contracts\MessagingContracts.cs(2470,16): warning CS1573: Parameter 'PublishedBy' has no matching param tag in the XML comment for 'InvoiceCancelledEvent.InvoiceCancelledEvent(Guid, string, MessageType, string, string, IReadOnlyList<string>, Guid, Guid?, DateTimeOffset, bool, InvoiceCancelledEventPayload)' (but other parameters do) [B:\maliev\Maliev.MessagingContracts\generated\csharp\Maliev.MessagingContracts.csproj]
B:\maliev\Maliev.MessagingContracts\generated\csharp\Contracts\MessagingContracts.cs(2471,58): warning CS1573: Parameter 'ConsumedBy' has no matching param tag in the XML comment for 'InvoiceCancelledEvent.InvoiceCancelledEvent(Guid, string, MessageType, string, string, IReadOnlyList<string>, Guid, Guid?, DateTimeOffset, bool, InvoiceCancelledEventPayload)' (but other parameters do) [B:\maliev\Maliev.MessagingContracts\generated\csharp\Maliev.MessagingContracts.csproj]
B:\maliev\Maliev.MessagingContracts\generated\csharp\Contracts\MessagingContracts.cs(2472,21): warning CS1573: Parameter 'CorrelationId' has no matching param tag in the XML comment for 'InvoiceCancelledEvent.InvoiceCancelledEvent(Guid, string, MessageType, string, string, IReadOnlyList<string>, Guid, Guid?, DateTimeOffset, bool, InvoiceCancelledEventPayload)' (but other parameters do) [B:\maliev\Maliev.MessagingContracts\generated\csharp\Maliev.MessagingContracts.csproj]
B:\maliev\Maliev.MessagingContracts\generated\csharp\Contracts\MessagingContracts.cs(2473,22): warning CS1573: Parameter 'CausationId' has no matching param tag in the XML comment for 'InvoiceCancelledEvent.InvoiceCancelledEvent(Guid, string, MessageType, string, string, IReadOnlyList<string>, Guid, Guid?, DateTimeOffset, bool, InvoiceCancelledEventPayload)' (but other parameters do) [B:\maliev\Maliev.MessagingContracts\generated\csharp\Maliev.MessagingContracts.csproj]
B:\maliev\Maliev.MessagingContracts\generated\csharp\Contracts\MessagingContracts.cs(2474,31): warning CS1573: Parameter 'OccurredAtUtc' has no matching param tag in the XML comment for 'InvoiceCancelledEvent.InvoiceCancelledEvent(Guid, string, MessageType, string, string, IReadOnlyList<string>, Guid, Guid?, DateTimeOffset, bool, InvoiceCancelledEventPayload)' (but other parameters do) [B:\maliev\Maliev.MessagingContracts\generated\csharp\Maliev.MessagingContracts.csproj]
B:\maliev\Maliev.MessagingContracts\generated\csharp\Contracts\MessagingContracts.cs(2475,14): warning CS1573: Parameter 'IsPublic' has no matching param tag in the XML comment for 'InvoiceCancelledEvent.InvoiceCancelledEvent(Guid, string, MessageType, string, string, IReadOnlyList<string>, Guid, Guid?, DateTimeOffset, bool, InvoiceCancelledEventPayload)' (but other parameters do) [B:\maliev\Maliev.MessagingContracts\generated\csharp\Maliev.MessagingContracts.csproj]
B:\maliev\Maliev.MessagingContracts\generated\csharp\Contracts\MessagingContracts.cs(2489,63): warning CS1573: Parameter 'InvoiceId' has no matching param tag in the XML comment for 'InvoiceFullyPaidEventPayload.InvoiceFullyPaidEventPayload(Guid, string, Guid, double, string, Guid, DateTimeOffset)' (but other parameters do) [B:\maliev\Maliev.MessagingContracts\generated\csharp\Maliev.MessagingContracts.csproj]
B:\maliev\Maliev.MessagingContracts\generated\csharp\Contracts\MessagingContracts.cs(2490,62): warning CS1573: Parameter 'InvoiceNumber' has no matching param tag in the XML comment for 'InvoiceFullyPaidEventPayload.InvoiceFullyPaidEventPayload(Guid, string, Guid, double, string, Guid, DateTimeOffset)' (but other parameters do) [B:\maliev\Maliev.MessagingContracts\generated\csharp\Maliev.MessagingContracts.csproj]
B:\maliev\Maliev.MessagingContracts\generated\csharp\Contracts\MessagingContracts.cs(2491,64): warning CS1573: Parameter 'CustomerId' has no matching param tag in the XML comment for 'InvoiceFullyPaidEventPayload.InvoiceFullyPaidEventPayload(Guid, string, Guid, double, string, Guid, DateTimeOffset)' (but other parameters do) [B:\maliev\Maliev.MessagingContracts\generated\csharp\Maliev.MessagingContracts.csproj]
B:\maliev\Maliev.MessagingContracts\generated\csharp\Contracts\MessagingContracts.cs(2492,60): warning CS1573: Parameter 'TotalAmount' has no matching param tag in the XML comment for 'InvoiceFullyPaidEventPayload.InvoiceFullyPaidEventPayload(Guid, string, Guid, double, string, Guid, DateTimeOffset)' (but other parameters do) [B:\maliev\Maliev.MessagingContracts\generated\csharp\Maliev.MessagingContracts.csproj]
B:\maliev\Maliev.MessagingContracts\generated\csharp\Contracts\MessagingContracts.cs(2493,57): warning CS1573: Parameter 'Currency' has no matching param tag in the XML comment for 'InvoiceFullyPaidEventPayload.InvoiceFullyPaidEventPayload(Guid, string, Guid, double, string, Guid, DateTimeOffset)' (but other parameters do) [B:\maliev\Maliev.MessagingContracts\generated\csharp\Maliev.MessagingContracts.csproj]
B:\maliev\Maliev.MessagingContracts\generated\csharp\Contracts\MessagingContracts.cs(2495,75): warning CS1573: Parameter 'FullyPaidAt' has no matching param tag in the XML comment for 'InvoiceFullyPaidEventPayload.InvoiceFullyPaidEventPayload(Guid, string, Guid, double, string, Guid, DateTimeOffset)' (but other parameters do) [B:\maliev\Maliev.MessagingContracts\generated\csharp\Maliev.MessagingContracts.csproj]
B:\maliev\Maliev.MessagingContracts\generated\csharp\Contracts\MessagingContracts.cs(2507,21): warning CS1573: Parameter 'MessageId' has no matching param tag in the XML comment for 'InvoiceFullyPaidEvent.InvoiceFullyPaidEvent(Guid, string, MessageType, string, string, IReadOnlyList<string>, Guid, Guid?, DateTimeOffset, bool, InvoiceFullyPaidEventPayload)' (but other parameters do) [B:\maliev\Maliev.MessagingContracts\generated\csharp\Maliev.MessagingContracts.csproj]
B:\maliev\Maliev.MessagingContracts\generated\csharp\Contracts\MessagingContracts.cs(2508,16): warning CS1573: Parameter 'MessageName' has no matching param tag in the XML comment for 'InvoiceFullyPaidEvent.InvoiceFullyPaidEvent(Guid, string, MessageType, string, string, IReadOnlyList<string>, Guid, Guid?, DateTimeOffset, bool, InvoiceFullyPaidEventPayload)' (but other parameters do) [B:\maliev\Maliev.MessagingContracts\generated\csharp\Maliev.MessagingContracts.csproj]
B:\maliev\Maliev.MessagingContracts\generated\csharp\Contracts\MessagingContracts.cs(2509,21): warning CS1573: Parameter 'MessageType' has no matching param tag in the XML comment for 'InvoiceFullyPaidEvent.InvoiceFullyPaidEvent(Guid, string, MessageType, string, string, IReadOnlyList<string>, Guid, Guid?, DateTimeOffset, bool, InvoiceFullyPaidEventPayload)' (but other parameters do) [B:\maliev\Maliev.MessagingContracts\generated\csharp\Maliev.MessagingContracts.csproj]
B:\maliev\Maliev.MessagingContracts\generated\csharp\Contracts\MessagingContracts.cs(2510,16): warning CS1573: Parameter 'MessageVersion' has no matching param tag in the XML comment for 'InvoiceFullyPaidEvent.InvoiceFullyPaidEvent(Guid, string, MessageType, string, string, IReadOnlyList<string>, Guid, Guid?, DateTimeOffset, bool, InvoiceFullyPaidEventPayload)' (but other parameters do) [B:\maliev\Maliev.MessagingContracts\generated\csharp\Maliev.MessagingContracts.csproj]
B:\maliev\Maliev.MessagingContracts\generated\csharp\Contracts\MessagingContracts.cs(2511,16): warning CS1573: Parameter 'PublishedBy' has no matching param tag in the XML comment for 'InvoiceFullyPaidEvent.InvoiceFullyPaidEvent(Guid, string, MessageType, string, string, IReadOnlyList<string>, Guid, Guid?, DateTimeOffset, bool, InvoiceFullyPaidEventPayload)' (but other parameters do) [B:\maliev\Maliev.MessagingContracts\generated\csharp\Maliev.MessagingContracts.csproj]
B:\maliev\Maliev.MessagingContracts\generated\csharp\Contracts\MessagingContracts.cs(2512,58): warning CS1573: Parameter 'ConsumedBy' has no matching param tag in the XML comment for 'InvoiceFullyPaidEvent.InvoiceFullyPaidEvent(Guid, string, MessageType, string, string, IReadOnlyList<string>, Guid, Guid?, DateTimeOffset, bool, InvoiceFullyPaidEventPayload)' (but other parameters do) [B:\maliev\Maliev.MessagingContracts\generated\csharp\Maliev.MessagingContracts.csproj]
B:\maliev\Maliev.MessagingContracts\generated\csharp\Contracts\MessagingContracts.cs(2513,21): warning CS1573: Parameter 'CorrelationId' has no matching param tag in the XML comment for 'InvoiceFullyPaidEvent.InvoiceFullyPaidEvent(Guid, string, MessageType, string, string, IReadOnlyList<string>, Guid, Guid?, DateTimeOffset, bool, InvoiceFullyPaidEventPayload)' (but other parameters do) [B:\maliev\Maliev.MessagingContracts\generated\csharp\Maliev.MessagingContracts.csproj]
B:\maliev\Maliev.MessagingContracts\generated\csharp\Contracts\MessagingContracts.cs(2514,22): warning CS1573: Parameter 'CausationId' has no matching param tag in the XML comment for 'InvoiceFullyPaidEvent.InvoiceFullyPaidEvent(Guid, string, MessageType, string, string, IReadOnlyList<string>, Guid, Guid?, DateTimeOffset, bool, InvoiceFullyPaidEventPayload)' (but other parameters do) [B:\maliev\Maliev.MessagingContracts\generated\csharp\Maliev.MessagingContracts.csproj]
B:\maliev\Maliev.MessagingContracts\generated\csharp\Contracts\MessagingContracts.cs(2515,31): warning CS1573: Parameter 'OccurredAtUtc' has no matching param tag in the XML comment for 'InvoiceFullyPaidEvent.InvoiceFullyPaidEvent(Guid, string, MessageType, string, string, IReadOnlyList<string>, Guid, Guid?, DateTimeOffset, bool, InvoiceFullyPaidEventPayload)' (but other parameters do) [B:\maliev\Maliev.MessagingContracts\generated\csharp\Maliev.MessagingContracts.csproj]
B:\maliev\Maliev.MessagingContracts\generated\csharp\Contracts\MessagingContracts.cs(2516,14): warning CS1573: Parameter 'IsPublic' has no matching param tag in the XML comment for 'InvoiceFullyPaidEvent.InvoiceFullyPaidEvent(Guid, string, MessageType, string, string, IReadOnlyList<string>, Guid, Guid?, DateTimeOffset, bool, InvoiceFullyPaidEventPayload)' (but other parameters do) [B:\maliev\Maliev.MessagingContracts\generated\csharp\Maliev.MessagingContracts.csproj]
B:\maliev\Maliev.MessagingContracts\generated\csharp\Contracts\MessagingContracts.cs(2550,21): warning CS1573: Parameter 'MessageId' has no matching param tag in the XML comment for 'PaymentAllocatedEvent.PaymentAllocatedEvent(Guid, string, MessageType, string, string, IReadOnlyList<string>, Guid, Guid?, DateTimeOffset, bool, PaymentAllocatedEventPayload)' (but other parameters do) [B:\maliev\Maliev.MessagingContracts\generated\csharp\Maliev.MessagingContracts.csproj]
B:\maliev\Maliev.MessagingContracts\generated\csharp\Contracts\MessagingContracts.cs(2551,16): warning CS1573: Parameter 'MessageName' has no matching param tag in the XML comment for 'PaymentAllocatedEvent.PaymentAllocatedEvent(Guid, string, MessageType, string, string, IReadOnlyList<string>, Guid, Guid?, DateTimeOffset, bool, PaymentAllocatedEventPayload)' (but other parameters do) [B:\maliev\Maliev.MessagingContracts\generated\csharp\Maliev.MessagingContracts.csproj]
B:\maliev\Maliev.MessagingContracts\generated\csharp\Contracts\MessagingContracts.cs(2552,21): warning CS1573: Parameter 'MessageType' has no matching param tag in the XML comment for 'PaymentAllocatedEvent.PaymentAllocatedEvent(Guid, string, MessageType, string, string, IReadOnlyList<string>, Guid, Guid?, DateTimeOffset, bool, PaymentAllocatedEventPayload)' (but other parameters do) [B:\maliev\Maliev.MessagingContracts\generated\csharp\Maliev.MessagingContracts.csproj]
B:\maliev\Maliev.MessagingContracts\generated\csharp\Contracts\MessagingContracts.cs(2553,16): warning CS1573: Parameter 'MessageVersion' has no matching param tag in the XML comment for 'PaymentAllocatedEvent.PaymentAllocatedEvent(Guid, string, MessageType, string, string, IReadOnlyList<string>, Guid, Guid?, DateTimeOffset, bool, PaymentAllocatedEventPayload)' (but other parameters do) [B:\maliev\Maliev.MessagingContracts\generated\csharp\Maliev.MessagingContracts.csproj]
B:\maliev\Maliev.MessagingContracts\generated\csharp\Contracts\MessagingContracts.cs(2554,16): warning CS1573: Parameter 'PublishedBy' has no matching param tag in the XML comment for 'PaymentAllocatedEvent.PaymentAllocatedEvent(Guid, string, MessageType, string, string, IReadOnlyList<string>, Guid, Guid?, DateTimeOffset, bool, PaymentAllocatedEventPayload)' (but other parameters do) [B:\maliev\Maliev.MessagingContracts\generated\csharp\Maliev.MessagingContracts.csproj]
B:\maliev\Maliev.MessagingContracts\generated\csharp\Contracts\MessagingContracts.cs(2555,58): warning CS1573: Parameter 'ConsumedBy' has no matching param tag in the XML comment for 'PaymentAllocatedEvent.PaymentAllocatedEvent(Guid, string, MessageType, string, string, IReadOnlyList<string>, Guid, Guid?, DateTimeOffset, bool, PaymentAllocatedEventPayload)' (but other parameters do) [B:\maliev\Maliev.MessagingContracts\generated\csharp\Maliev.MessagingContracts.csproj]
B:\maliev\Maliev.MessagingContracts\generated\csharp\Contracts\MessagingContracts.cs(2556,21): warning CS1573: Parameter 'CorrelationId' has no matching param tag in the XML comment for 'PaymentAllocatedEvent.PaymentAllocatedEvent(Guid, string, MessageType, string, string, IReadOnlyList<string>, Guid, Guid?, DateTimeOffset, bool, PaymentAllocatedEventPayload)' (but other parameters do) [B:\maliev\Maliev.MessagingContracts\generated\csharp\Maliev.MessagingContracts.csproj]
B:\maliev\Maliev.MessagingContracts\generated\csharp\Contracts\MessagingContracts.cs(2557,22): warning CS1573: Parameter 'CausationId' has no matching param tag in the XML comment for 'PaymentAllocatedEvent.PaymentAllocatedEvent(Guid, string, MessageType, string, string, IReadOnlyList<string>, Guid, Guid?, DateTimeOffset, bool, PaymentAllocatedEventPayload)' (but other parameters do) [B:\maliev\Maliev.MessagingContracts\generated\csharp\Maliev.MessagingContracts.csproj]
B:\maliev\Maliev.MessagingContracts\generated\csharp\Contracts\MessagingContracts.cs(2558,31): warning CS1573: Parameter 'OccurredAtUtc' has no matching param tag in the XML comment for 'PaymentAllocatedEvent.PaymentAllocatedEvent(Guid, string, MessageType, string, string, IReadOnlyList<string>, Guid, Guid?, DateTimeOffset, bool, PaymentAllocatedEventPayload)' (but other parameters do) [B:\maliev\Maliev.MessagingContracts\generated\csharp\Maliev.MessagingContracts.csproj]
B:\maliev\Maliev.MessagingContracts\generated\csharp\Contracts\MessagingContracts.cs(2559,14): warning CS1573: Parameter 'IsPublic' has no matching param tag in the XML comment for 'PaymentAllocatedEvent.PaymentAllocatedEvent(Guid, string, MessageType, string, string, IReadOnlyList<string>, Guid, Guid?, DateTimeOffset, bool, PaymentAllocatedEventPayload)' (but other parameters do) [B:\maliev\Maliev.MessagingContracts\generated\csharp\Maliev.MessagingContracts.csproj]
B:\maliev\Maliev.MessagingContracts\generated\csharp\Contracts\MessagingContracts.cs(2611,19): warning CS1591: Missing XML comment for publicly visible type or member 'InvoiceSplitEvent' [B:\maliev\Maliev.MessagingContracts\generated\csharp\Maliev.MessagingContracts.csproj]
B:\maliev\Maliev.MessagingContracts\generated\csharp\Contracts\MessagingContracts.cs(2611,19): warning CS1591: Missing XML comment for publicly visible type or member 'InvoiceSplitEvent.InvoiceSplitEvent(Guid, string, MessageType, string, string, IReadOnlyList<string>, Guid, Guid?, DateTimeOffset, bool, InvoiceSplitEventPayload)' [B:\maliev\Maliev.MessagingContracts\generated\csharp\Maliev.MessagingContracts.csproj]
B:\maliev\Maliev.MessagingContracts\generated\csharp\Contracts\MessagingContracts.cs(2622,74): warning CS1591: Missing XML comment for publicly visible type or member 'InvoiceSplitEvent.Payload' [B:\maliev\Maliev.MessagingContracts\generated\csharp\Maliev.MessagingContracts.csproj]
B:\maliev\Maliev.MessagingContracts\generated\csharp\Contracts\MessagingContracts.cs(2653,21): warning CS1573: Parameter 'MessageId' has no matching param tag in the XML comment for 'LeaveRequestSubmittedEvent.LeaveRequestSubmittedEvent(Guid, string, MessageType, string, string, IReadOnlyList<string>, Guid, Guid?, DateTimeOffset, bool, LeaveRequestSubmittedEventPayload)' (but other parameters do) [B:\maliev\Maliev.MessagingContracts\generated\csharp\Maliev.MessagingContracts.csproj]
B:\maliev\Maliev.MessagingContracts\generated\csharp\Contracts\MessagingContracts.cs(2654,16): warning CS1573: Parameter 'MessageName' has no matching param tag in the XML comment for 'LeaveRequestSubmittedEvent.LeaveRequestSubmittedEvent(Guid, string, MessageType, string, string, IReadOnlyList<string>, Guid, Guid?, DateTimeOffset, bool, LeaveRequestSubmittedEventPayload)' (but other parameters do) [B:\maliev\Maliev.MessagingContracts\generated\csharp\Maliev.MessagingContracts.csproj]
B:\maliev\Maliev.MessagingContracts\generated\csharp\Contracts\MessagingContracts.cs(2655,21): warning CS1573: Parameter 'MessageType' has no matching param tag in the XML comment for 'LeaveRequestSubmittedEvent.LeaveRequestSubmittedEvent(Guid, string, MessageType, string, string, IReadOnlyList<string>, Guid, Guid?, DateTimeOffset, bool, LeaveRequestSubmittedEventPayload)' (but other parameters do) [B:\maliev\Maliev.MessagingContracts\generated\csharp\Maliev.MessagingContracts.csproj]
B:\maliev\Maliev.MessagingContracts\generated\csharp\Contracts\MessagingContracts.cs(2656,16): warning CS1573: Parameter 'MessageVersion' has no matching param tag in the XML comment for 'LeaveRequestSubmittedEvent.LeaveRequestSubmittedEvent(Guid, string, MessageType, string, string, IReadOnlyList<string>, Guid, Guid?, DateTimeOffset, bool, LeaveRequestSubmittedEventPayload)' (but other parameters do) [B:\maliev\Maliev.MessagingContracts\generated\csharp\Maliev.MessagingContracts.csproj]
B:\maliev\Maliev.MessagingContracts\generated\csharp\Contracts\MessagingContracts.cs(2657,16): warning CS1573: Parameter 'PublishedBy' has no matching param tag in the XML comment for 'LeaveRequestSubmittedEvent.LeaveRequestSubmittedEvent(Guid, string, MessageType, string, string, IReadOnlyList<string>, Guid, Guid?, DateTimeOffset, bool, LeaveRequestSubmittedEventPayload)' (but other parameters do) [B:\maliev\Maliev.MessagingContracts\generated\csharp\Maliev.MessagingContracts.csproj]
B:\maliev\Maliev.MessagingContracts\generated\csharp\Contracts\MessagingContracts.cs(2658,58): warning CS1573: Parameter 'ConsumedBy' has no matching param tag in the XML comment for 'LeaveRequestSubmittedEvent.LeaveRequestSubmittedEvent(Guid, string, MessageType, string, string, IReadOnlyList<string>, Guid, Guid?, DateTimeOffset, bool, LeaveRequestSubmittedEventPayload)' (but other parameters do) [B:\maliev\Maliev.MessagingContracts\generated\csharp\Maliev.MessagingContracts.csproj]
B:\maliev\Maliev.MessagingContracts\generated\csharp\Contracts\MessagingContracts.cs(2659,21): warning CS1573: Parameter 'CorrelationId' has no matching param tag in the XML comment for 'LeaveRequestSubmittedEvent.LeaveRequestSubmittedEvent(Guid, string, MessageType, string, string, IReadOnlyList<string>, Guid, Guid?, DateTimeOffset, bool, LeaveRequestSubmittedEventPayload)' (but other parameters do) [B:\maliev\Maliev.MessagingContracts\generated\csharp\Maliev.MessagingContracts.csproj]
B:\maliev\Maliev.MessagingContracts\generated\csharp\Contracts\MessagingContracts.cs(2660,22): warning CS1573: Parameter 'CausationId' has no matching param tag in the XML comment for 'LeaveRequestSubmittedEvent.LeaveRequestSubmittedEvent(Guid, string, MessageType, string, string, IReadOnlyList<string>, Guid, Guid?, DateTimeOffset, bool, LeaveRequestSubmittedEventPayload)' (but other parameters do) [B:\maliev\Maliev.MessagingContracts\generated\csharp\Maliev.MessagingContracts.csproj]
B:\maliev\Maliev.MessagingContracts\generated\csharp\Contracts\MessagingContracts.cs(2661,31): warning CS1573: Parameter 'OccurredAtUtc' has no matching param tag in the XML comment for 'LeaveRequestSubmittedEvent.LeaveRequestSubmittedEvent(Guid, string, MessageType, string, string, IReadOnlyList<string>, Guid, Guid?, DateTimeOffset, bool, LeaveRequestSubmittedEventPayload)' (but other parameters do) [B:\maliev\Maliev.MessagingContracts\generated\csharp\Maliev.MessagingContracts.csproj]
B:\maliev\Maliev.MessagingContracts\generated\csharp\Contracts\MessagingContracts.cs(2662,14): warning CS1573: Parameter 'IsPublic' has no matching param tag in the XML comment for 'LeaveRequestSubmittedEvent.LeaveRequestSubmittedEvent(Guid, string, MessageType, string, string, IReadOnlyList<string>, Guid, Guid?, DateTimeOffset, bool, LeaveRequestSubmittedEventPayload)' (but other parameters do) [B:\maliev\Maliev.MessagingContracts\generated\csharp\Maliev.MessagingContracts.csproj]
B:\maliev\Maliev.MessagingContracts\generated\csharp\Contracts\MessagingContracts.cs(2689,21): warning CS1573: Parameter 'MessageId' has no matching param tag in the XML comment for 'LeaveRequestApprovedEvent.LeaveRequestApprovedEvent(Guid, string, MessageType, string, string, IReadOnlyList<string>, Guid, Guid?, DateTimeOffset, bool, LeaveRequestApprovedEventPayload)' (but other parameters do) [B:\maliev\Maliev.MessagingContracts\generated\csharp\Maliev.MessagingContracts.csproj]
B:\maliev\Maliev.MessagingContracts\generated\csharp\Contracts\MessagingContracts.cs(2690,16): warning CS1573: Parameter 'MessageName' has no matching param tag in the XML comment for 'LeaveRequestApprovedEvent.LeaveRequestApprovedEvent(Guid, string, MessageType, string, string, IReadOnlyList<string>, Guid, Guid?, DateTimeOffset, bool, LeaveRequestApprovedEventPayload)' (but other parameters do) [B:\maliev\Maliev.MessagingContracts\generated\csharp\Maliev.MessagingContracts.csproj]
B:\maliev\Maliev.MessagingContracts\generated\csharp\Contracts\MessagingContracts.cs(2691,21): warning CS1573: Parameter 'MessageType' has no matching param tag in the XML comment for 'LeaveRequestApprovedEvent.LeaveRequestApprovedEvent(Guid, string, MessageType, string, string, IReadOnlyList<string>, Guid, Guid?, DateTimeOffset, bool, LeaveRequestApprovedEventPayload)' (but other parameters do) [B:\maliev\Maliev.MessagingContracts\generated\csharp\Maliev.MessagingContracts.csproj]
B:\maliev\Maliev.MessagingContracts\generated\csharp\Contracts\MessagingContracts.cs(2692,16): warning CS1573: Parameter 'MessageVersion' has no matching param tag in the XML comment for 'LeaveRequestApprovedEvent.LeaveRequestApprovedEvent(Guid, string, MessageType, string, string, IReadOnlyList<string>, Guid, Guid?, DateTimeOffset, bool, LeaveRequestApprovedEventPayload)' (but other parameters do) [B:\maliev\Maliev.MessagingContracts\generated\csharp\Maliev.MessagingContracts.csproj]
B:\maliev\Maliev.MessagingContracts\generated\csharp\Contracts\MessagingContracts.cs(2693,16): warning CS1573: Parameter 'PublishedBy' has no matching param tag in the XML comment for 'LeaveRequestApprovedEvent.LeaveRequestApprovedEvent(Guid, string, MessageType, string, string, IReadOnlyList<string>, Guid, Guid?, DateTimeOffset, bool, LeaveRequestApprovedEventPayload)' (but other parameters do) [B:\maliev\Maliev.MessagingContracts\generated\csharp\Maliev.MessagingContracts.csproj]
B:\maliev\Maliev.MessagingContracts\generated\csharp\Contracts\MessagingContracts.cs(2694,58): warning CS1573: Parameter 'ConsumedBy' has no matching param tag in the XML comment for 'LeaveRequestApprovedEvent.LeaveRequestApprovedEvent(Guid, string, MessageType, string, string, IReadOnlyList<string>, Guid, Guid?, DateTimeOffset, bool, LeaveRequestApprovedEventPayload)' (but other parameters do) [B:\maliev\Maliev.MessagingContracts\generated\csharp\Maliev.MessagingContracts.csproj]
B:\maliev\Maliev.MessagingContracts\generated\csharp\Contracts\MessagingContracts.cs(2695,21): warning CS1573: Parameter 'CorrelationId' has no matching param tag in the XML comment for 'LeaveRequestApprovedEvent.LeaveRequestApprovedEvent(Guid, string, MessageType, string, string, IReadOnlyList<string>, Guid, Guid?, DateTimeOffset, bool, LeaveRequestApprovedEventPayload)' (but other parameters do) [B:\maliev\Maliev.MessagingContracts\generated\csharp\Maliev.MessagingContracts.csproj]
B:\maliev\Maliev.MessagingContracts\generated\csharp\Contracts\MessagingContracts.cs(2696,22): warning CS1573: Parameter 'CausationId' has no matching param tag in the XML comment for 'LeaveRequestApprovedEvent.LeaveRequestApprovedEvent(Guid, string, MessageType, string, string, IReadOnlyList<string>, Guid, Guid?, DateTimeOffset, bool, LeaveRequestApprovedEventPayload)' (but other parameters do) [B:\maliev\Maliev.MessagingContracts\generated\csharp\Maliev.MessagingContracts.csproj]
B:\maliev\Maliev.MessagingContracts\generated\csharp\Contracts\MessagingContracts.cs(2697,31): warning CS1573: Parameter 'OccurredAtUtc' has no matching param tag in the XML comment for 'LeaveRequestApprovedEvent.LeaveRequestApprovedEvent(Guid, string, MessageType, string, string, IReadOnlyList<string>, Guid, Guid?, DateTimeOffset, bool, LeaveRequestApprovedEventPayload)' (but other parameters do) [B:\maliev\Maliev.MessagingContracts\generated\csharp\Maliev.MessagingContracts.csproj]
B:\maliev\Maliev.MessagingContracts\generated\csharp\Contracts\MessagingContracts.cs(2698,14): warning CS1573: Parameter 'IsPublic' has no matching param tag in the XML comment for 'LeaveRequestApprovedEvent.LeaveRequestApprovedEvent(Guid, string, MessageType, string, string, IReadOnlyList<string>, Guid, Guid?, DateTimeOffset, bool, LeaveRequestApprovedEventPayload)' (but other parameters do) [B:\maliev\Maliev.MessagingContracts\generated\csharp\Maliev.MessagingContracts.csproj]
B:\maliev\Maliev.MessagingContracts\generated\csharp\Contracts\MessagingContracts.cs(2726,21): warning CS1573: Parameter 'MessageId' has no matching param tag in the XML comment for 'LeaveRequestRejectedEvent.LeaveRequestRejectedEvent(Guid, string, MessageType, string, string, IReadOnlyList<string>, Guid, Guid?, DateTimeOffset, bool, LeaveRequestRejectedEventPayload)' (but other parameters do) [B:\maliev\Maliev.MessagingContracts\generated\csharp\Maliev.MessagingContracts.csproj]
B:\maliev\Maliev.MessagingContracts\generated\csharp\Contracts\MessagingContracts.cs(2727,16): warning CS1573: Parameter 'MessageName' has no matching param tag in the XML comment for 'LeaveRequestRejectedEvent.LeaveRequestRejectedEvent(Guid, string, MessageType, string, string, IReadOnlyList<string>, Guid, Guid?, DateTimeOffset, bool, LeaveRequestRejectedEventPayload)' (but other parameters do) [B:\maliev\Maliev.MessagingContracts\generated\csharp\Maliev.MessagingContracts.csproj]
B:\maliev\Maliev.MessagingContracts\generated\csharp\Contracts\MessagingContracts.cs(2728,21): warning CS1573: Parameter 'MessageType' has no matching param tag in the XML comment for 'LeaveRequestRejectedEvent.LeaveRequestRejectedEvent(Guid, string, MessageType, string, string, IReadOnlyList<string>, Guid, Guid?, DateTimeOffset, bool, LeaveRequestRejectedEventPayload)' (but other parameters do) [B:\maliev\Maliev.MessagingContracts\generated\csharp\Maliev.MessagingContracts.csproj]
B:\maliev\Maliev.MessagingContracts\generated\csharp\Contracts\MessagingContracts.cs(2729,16): warning CS1573: Parameter 'MessageVersion' has no matching param tag in the XML comment for 'LeaveRequestRejectedEvent.LeaveRequestRejectedEvent(Guid, string, MessageType, string, string, IReadOnlyList<string>, Guid, Guid?, DateTimeOffset, bool, LeaveRequestRejectedEventPayload)' (but other parameters do) [B:\maliev\Maliev.MessagingContracts\generated\csharp\Maliev.MessagingContracts.csproj]
B:\maliev\Maliev.MessagingContracts\generated\csharp\Contracts\MessagingContracts.cs(2730,16): warning CS1573: Parameter 'PublishedBy' has no matching param tag in the XML comment for 'LeaveRequestRejectedEvent.LeaveRequestRejectedEvent(Guid, string, MessageType, string, string, IReadOnlyList<string>, Guid, Guid?, DateTimeOffset, bool, LeaveRequestRejectedEventPayload)' (but other parameters do) [B:\maliev\Maliev.MessagingContracts\generated\csharp\Maliev.MessagingContracts.csproj]
B:\maliev\Maliev.MessagingContracts\generated\csharp\Contracts\MessagingContracts.cs(2731,58): warning CS1573: Parameter 'ConsumedBy' has no matching param tag in the XML comment for 'LeaveRequestRejectedEvent.LeaveRequestRejectedEvent(Guid, string, MessageType, string, string, IReadOnlyList<string>, Guid, Guid?, DateTimeOffset, bool, LeaveRequestRejectedEventPayload)' (but other parameters do) [B:\maliev\Maliev.MessagingContracts\generated\csharp\Maliev.MessagingContracts.csproj]
B:\maliev\Maliev.MessagingContracts\generated\csharp\Contracts\MessagingContracts.cs(2732,21): warning CS1573: Parameter 'CorrelationId' has no matching param tag in the XML comment for 'LeaveRequestRejectedEvent.LeaveRequestRejectedEvent(Guid, string, MessageType, string, string, IReadOnlyList<string>, Guid, Guid?, DateTimeOffset, bool, LeaveRequestRejectedEventPayload)' (but other parameters do) [B:\maliev\Maliev.MessagingContracts\generated\csharp\Maliev.MessagingContracts.csproj]
B:\maliev\Maliev.MessagingContracts\generated\csharp\Contracts\MessagingContracts.cs(2733,22): warning CS1573: Parameter 'CausationId' has no matching param tag in the XML comment for 'LeaveRequestRejectedEvent.LeaveRequestRejectedEvent(Guid, string, MessageType, string, string, IReadOnlyList<string>, Guid, Guid?, DateTimeOffset, bool, LeaveRequestRejectedEventPayload)' (but other parameters do) [B:\maliev\Maliev.MessagingContracts\generated\csharp\Maliev.MessagingContracts.csproj]
B:\maliev\Maliev.MessagingContracts\generated\csharp\Contracts\MessagingContracts.cs(2734,31): warning CS1573: Parameter 'OccurredAtUtc' has no matching param tag in the XML comment for 'LeaveRequestRejectedEvent.LeaveRequestRejectedEvent(Guid, string, MessageType, string, string, IReadOnlyList<string>, Guid, Guid?, DateTimeOffset, bool, LeaveRequestRejectedEventPayload)' (but other parameters do) [B:\maliev\Maliev.MessagingContracts\generated\csharp\Maliev.MessagingContracts.csproj]
B:\maliev\Maliev.MessagingContracts\generated\csharp\Contracts\MessagingContracts.cs(2735,14): warning CS1573: Parameter 'IsPublic' has no matching param tag in the XML comment for 'LeaveRequestRejectedEvent.LeaveRequestRejectedEvent(Guid, string, MessageType, string, string, IReadOnlyList<string>, Guid, Guid?, DateTimeOffset, bool, LeaveRequestRejectedEventPayload)' (but other parameters do) [B:\maliev\Maliev.MessagingContracts\generated\csharp\Maliev.MessagingContracts.csproj]
B:\maliev\Maliev.MessagingContracts\generated\csharp\Contracts\MessagingContracts.cs(2763,21): warning CS1573: Parameter 'MessageId' has no matching param tag in the XML comment for 'LeaveRequestCancelledEvent.LeaveRequestCancelledEvent(Guid, string, MessageType, string, string, IReadOnlyList<string>, Guid, Guid?, DateTimeOffset, bool, LeaveRequestCancelledEventPayload)' (but other parameters do) [B:\maliev\Maliev.MessagingContracts\generated\csharp\Maliev.MessagingContracts.csproj]
B:\maliev\Maliev.MessagingContracts\generated\csharp\Contracts\MessagingContracts.cs(2764,16): warning CS1573: Parameter 'MessageName' has no matching param tag in the XML comment for 'LeaveRequestCancelledEvent.LeaveRequestCancelledEvent(Guid, string, MessageType, string, string, IReadOnlyList<string>, Guid, Guid?, DateTimeOffset, bool, LeaveRequestCancelledEventPayload)' (but other parameters do) [B:\maliev\Maliev.MessagingContracts\generated\csharp\Maliev.MessagingContracts.csproj]
B:\maliev\Maliev.MessagingContracts\generated\csharp\Contracts\MessagingContracts.cs(2765,21): warning CS1573: Parameter 'MessageType' has no matching param tag in the XML comment for 'LeaveRequestCancelledEvent.LeaveRequestCancelledEvent(Guid, string, MessageType, string, string, IReadOnlyList<string>, Guid, Guid?, DateTimeOffset, bool, LeaveRequestCancelledEventPayload)' (but other parameters do) [B:\maliev\Maliev.MessagingContracts\generated\csharp\Maliev.MessagingContracts.csproj]
B:\maliev\Maliev.MessagingContracts\generated\csharp\Contracts\MessagingContracts.cs(2766,16): warning CS1573: Parameter 'MessageVersion' has no matching param tag in the XML comment for 'LeaveRequestCancelledEvent.LeaveRequestCancelledEvent(Guid, string, MessageType, string, string, IReadOnlyList<string>, Guid, Guid?, DateTimeOffset, bool, LeaveRequestCancelledEventPayload)' (but other parameters do) [B:\maliev\Maliev.MessagingContracts\generated\csharp\Maliev.MessagingContracts.csproj]
B:\maliev\Maliev.MessagingContracts\generated\csharp\Contracts\MessagingContracts.cs(2767,16): warning CS1573: Parameter 'PublishedBy' has no matching param tag in the XML comment for 'LeaveRequestCancelledEvent.LeaveRequestCancelledEvent(Guid, string, MessageType, string, string, IReadOnlyList<string>, Guid, Guid?, DateTimeOffset, bool, LeaveRequestCancelledEventPayload)' (but other parameters do) [B:\maliev\Maliev.MessagingContracts\generated\csharp\Maliev.MessagingContracts.csproj]
B:\maliev\Maliev.MessagingContracts\generated\csharp\Contracts\MessagingContracts.cs(2768,58): warning CS1573: Parameter 'ConsumedBy' has no matching param tag in the XML comment for 'LeaveRequestCancelledEvent.LeaveRequestCancelledEvent(Guid, string, MessageType, string, string, IReadOnlyList<string>, Guid, Guid?, DateTimeOffset, bool, LeaveRequestCancelledEventPayload)' (but other parameters do) [B:\maliev\Maliev.MessagingContracts\generated\csharp\Maliev.MessagingContracts.csproj]
B:\maliev\Maliev.MessagingContracts\generated\csharp\Contracts\MessagingContracts.cs(2769,21): warning CS1573: Parameter 'CorrelationId' has no matching param tag in the XML comment for 'LeaveRequestCancelledEvent.LeaveRequestCancelledEvent(Guid, string, MessageType, string, string, IReadOnlyList<string>, Guid, Guid?, DateTimeOffset, bool, LeaveRequestCancelledEventPayload)' (but other parameters do) [B:\maliev\Maliev.MessagingContracts\generated\csharp\Maliev.MessagingContracts.csproj]
B:\maliev\Maliev.MessagingContracts\generated\csharp\Contracts\MessagingContracts.cs(2770,22): warning CS1573: Parameter 'CausationId' has no matching param tag in the XML comment for 'LeaveRequestCancelledEvent.LeaveRequestCancelledEvent(Guid, string, MessageType, string, string, IReadOnlyList<string>, Guid, Guid?, DateTimeOffset, bool, LeaveRequestCancelledEventPayload)' (but other parameters do) [B:\maliev\Maliev.MessagingContracts\generated\csharp\Maliev.MessagingContracts.csproj]
B:\maliev\Maliev.MessagingContracts\generated\csharp\Contracts\MessagingContracts.cs(2771,31): warning CS1573: Parameter 'OccurredAtUtc' has no matching param tag in the XML comment for 'LeaveRequestCancelledEvent.LeaveRequestCancelledEvent(Guid, string, MessageType, string, string, IReadOnlyList<string>, Guid, Guid?, DateTimeOffset, bool, LeaveRequestCancelledEventPayload)' (but other parameters do) [B:\maliev\Maliev.MessagingContracts\generated\csharp\Maliev.MessagingContracts.csproj]
B:\maliev\Maliev.MessagingContracts\generated\csharp\Contracts\MessagingContracts.cs(2772,14): warning CS1573: Parameter 'IsPublic' has no matching param tag in the XML comment for 'LeaveRequestCancelledEvent.LeaveRequestCancelledEvent(Guid, string, MessageType, string, string, IReadOnlyList<string>, Guid, Guid?, DateTimeOffset, bool, LeaveRequestCancelledEventPayload)' (but other parameters do) [B:\maliev\Maliev.MessagingContracts\generated\csharp\Maliev.MessagingContracts.csproj]
B:\maliev\Maliev.MessagingContracts\generated\csharp\Contracts\MessagingContracts.cs(2799,21): warning CS1573: Parameter 'MessageId' has no matching param tag in the XML comment for 'LeaveBalanceUpdatedEvent.LeaveBalanceUpdatedEvent(Guid, string, MessageType, string, string, IReadOnlyList<string>, Guid, Guid?, DateTimeOffset, bool, LeaveBalanceUpdatedEventPayload)' (but other parameters do) [B:\maliev\Maliev.MessagingContracts\generated\csharp\Maliev.MessagingContracts.csproj]
B:\maliev\Maliev.MessagingContracts\generated\csharp\Contracts\MessagingContracts.cs(2800,16): warning CS1573: Parameter 'MessageName' has no matching param tag in the XML comment for 'LeaveBalanceUpdatedEvent.LeaveBalanceUpdatedEvent(Guid, string, MessageType, string, string, IReadOnlyList<string>, Guid, Guid?, DateTimeOffset, bool, LeaveBalanceUpdatedEventPayload)' (but other parameters do) [B:\maliev\Maliev.MessagingContracts\generated\csharp\Maliev.MessagingContracts.csproj]
B:\maliev\Maliev.MessagingContracts\generated\csharp\Contracts\MessagingContracts.cs(2801,21): warning CS1573: Parameter 'MessageType' has no matching param tag in the XML comment for 'LeaveBalanceUpdatedEvent.LeaveBalanceUpdatedEvent(Guid, string, MessageType, string, string, IReadOnlyList<string>, Guid, Guid?, DateTimeOffset, bool, LeaveBalanceUpdatedEventPayload)' (but other parameters do) [B:\maliev\Maliev.MessagingContracts\generated\csharp\Maliev.MessagingContracts.csproj]
B:\maliev\Maliev.MessagingContracts\generated\csharp\Contracts\MessagingContracts.cs(2802,16): warning CS1573: Parameter 'MessageVersion' has no matching param tag in the XML comment for 'LeaveBalanceUpdatedEvent.LeaveBalanceUpdatedEvent(Guid, string, MessageType, string, string, IReadOnlyList<string>, Guid, Guid?, DateTimeOffset, bool, LeaveBalanceUpdatedEventPayload)' (but other parameters do) [B:\maliev\Maliev.MessagingContracts\generated\csharp\Maliev.MessagingContracts.csproj]
B:\maliev\Maliev.MessagingContracts\generated\csharp\Contracts\MessagingContracts.cs(2803,16): warning CS1573: Parameter 'PublishedBy' has no matching param tag in the XML comment for 'LeaveBalanceUpdatedEvent.LeaveBalanceUpdatedEvent(Guid, string, MessageType, string, string, IReadOnlyList<string>, Guid, Guid?, DateTimeOffset, bool, LeaveBalanceUpdatedEventPayload)' (but other parameters do) [B:\maliev\Maliev.MessagingContracts\generated\csharp\Maliev.MessagingContracts.csproj]
B:\maliev\Maliev.MessagingContracts\generated\csharp\Contracts\MessagingContracts.cs(2804,58): warning CS1573: Parameter 'ConsumedBy' has no matching param tag in the XML comment for 'LeaveBalanceUpdatedEvent.LeaveBalanceUpdatedEvent(Guid, string, MessageType, string, string, IReadOnlyList<string>, Guid, Guid?, DateTimeOffset, bool, LeaveBalanceUpdatedEventPayload)' (but other parameters do) [B:\maliev\Maliev.MessagingContracts\generated\csharp\Maliev.MessagingContracts.csproj]
B:\maliev\Maliev.MessagingContracts\generated\csharp\Contracts\MessagingContracts.cs(2805,21): warning CS1573: Parameter 'CorrelationId' has no matching param tag in the XML comment for 'LeaveBalanceUpdatedEvent.LeaveBalanceUpdatedEvent(Guid, string, MessageType, string, string, IReadOnlyList<string>, Guid, Guid?, DateTimeOffset, bool, LeaveBalanceUpdatedEventPayload)' (but other parameters do) [B:\maliev\Maliev.MessagingContracts\generated\csharp\Maliev.MessagingContracts.csproj]
B:\maliev\Maliev.MessagingContracts\generated\csharp\Contracts\MessagingContracts.cs(2806,22): warning CS1573: Parameter 'CausationId' has no matching param tag in the XML comment for 'LeaveBalanceUpdatedEvent.LeaveBalanceUpdatedEvent(Guid, string, MessageType, string, string, IReadOnlyList<string>, Guid, Guid?, DateTimeOffset, bool, LeaveBalanceUpdatedEventPayload)' (but other parameters do) [B:\maliev\Maliev.MessagingContracts\generated\csharp\Maliev.MessagingContracts.csproj]
B:\maliev\Maliev.MessagingContracts\generated\csharp\Contracts\MessagingContracts.cs(2807,31): warning CS1573: Parameter 'OccurredAtUtc' has no matching param tag in the XML comment for 'LeaveBalanceUpdatedEvent.LeaveBalanceUpdatedEvent(Guid, string, MessageType, string, string, IReadOnlyList<string>, Guid, Guid?, DateTimeOffset, bool, LeaveBalanceUpdatedEventPayload)' (but other parameters do) [B:\maliev\Maliev.MessagingContracts\generated\csharp\Maliev.MessagingContracts.csproj]
B:\maliev\Maliev.MessagingContracts\generated\csharp\Contracts\MessagingContracts.cs(2808,14): warning CS1573: Parameter 'IsPublic' has no matching param tag in the XML comment for 'LeaveBalanceUpdatedEvent.LeaveBalanceUpdatedEvent(Guid, string, MessageType, string, string, IReadOnlyList<string>, Guid, Guid?, DateTimeOffset, bool, LeaveBalanceUpdatedEventPayload)' (but other parameters do) [B:\maliev\Maliev.MessagingContracts\generated\csharp\Maliev.MessagingContracts.csproj]
B:\maliev\Maliev.MessagingContracts\generated\csharp\Contracts\MessagingContracts.cs(2839,21): warning CS1573: Parameter 'MessageId' has no matching param tag in the XML comment for 'LeaveBalanceAdjustedEvent.LeaveBalanceAdjustedEvent(Guid, string, MessageType, string, string, IReadOnlyList<string>, Guid, Guid?, DateTimeOffset, bool, LeaveBalanceAdjustedEventPayload)' (but other parameters do) [B:\maliev\Maliev.MessagingContracts\generated\csharp\Maliev.MessagingContracts.csproj]
B:\maliev\Maliev.MessagingContracts\generated\csharp\Contracts\MessagingContracts.cs(2840,16): warning CS1573: Parameter 'MessageName' has no matching param tag in the XML comment for 'LeaveBalanceAdjustedEvent.LeaveBalanceAdjustedEvent(Guid, string, MessageType, string, string, IReadOnlyList<string>, Guid, Guid?, DateTimeOffset, bool, LeaveBalanceAdjustedEventPayload)' (but other parameters do) [B:\maliev\Maliev.MessagingContracts\generated\csharp\Maliev.MessagingContracts.csproj]
B:\maliev\Maliev.MessagingContracts\generated\csharp\Contracts\MessagingContracts.cs(2841,21): warning CS1573: Parameter 'MessageType' has no matching param tag in the XML comment for 'LeaveBalanceAdjustedEvent.LeaveBalanceAdjustedEvent(Guid, string, MessageType, string, string, IReadOnlyList<string>, Guid, Guid?, DateTimeOffset, bool, LeaveBalanceAdjustedEventPayload)' (but other parameters do) [B:\maliev\Maliev.MessagingContracts\generated\csharp\Maliev.MessagingContracts.csproj]
B:\maliev\Maliev.MessagingContracts\generated\csharp\Contracts\MessagingContracts.cs(2842,16): warning CS1573: Parameter 'MessageVersion' has no matching param tag in the XML comment for 'LeaveBalanceAdjustedEvent.LeaveBalanceAdjustedEvent(Guid, string, MessageType, string, string, IReadOnlyList<string>, Guid, Guid?, DateTimeOffset, bool, LeaveBalanceAdjustedEventPayload)' (but other parameters do) [B:\maliev\Maliev.MessagingContracts\generated\csharp\Maliev.MessagingContracts.csproj]
B:\maliev\Maliev.MessagingContracts\generated\csharp\Contracts\MessagingContracts.cs(2843,16): warning CS1573: Parameter 'PublishedBy' has no matching param tag in the XML comment for 'LeaveBalanceAdjustedEvent.LeaveBalanceAdjustedEvent(Guid, string, MessageType, string, string, IReadOnlyList<string>, Guid, Guid?, DateTimeOffset, bool, LeaveBalanceAdjustedEventPayload)' (but other parameters do) [B:\maliev\Maliev.MessagingContracts\generated\csharp\Maliev.MessagingContracts.csproj]
B:\maliev\Maliev.MessagingContracts\generated\csharp\Contracts\MessagingContracts.cs(2844,58): warning CS1573: Parameter 'ConsumedBy' has no matching param tag in the XML comment for 'LeaveBalanceAdjustedEvent.LeaveBalanceAdjustedEvent(Guid, string, MessageType, string, string, IReadOnlyList<string>, Guid, Guid?, DateTimeOffset, bool, LeaveBalanceAdjustedEventPayload)' (but other parameters do) [B:\maliev\Maliev.MessagingContracts\generated\csharp\Maliev.MessagingContracts.csproj]
B:\maliev\Maliev.MessagingContracts\generated\csharp\Contracts\MessagingContracts.cs(2845,21): warning CS1573: Parameter 'CorrelationId' has no matching param tag in the XML comment for 'LeaveBalanceAdjustedEvent.LeaveBalanceAdjustedEvent(Guid, string, MessageType, string, string, IReadOnlyList<string>, Guid, Guid?, DateTimeOffset, bool, LeaveBalanceAdjustedEventPayload)' (but other parameters do) [B:\maliev\Maliev.MessagingContracts\generated\csharp\Maliev.MessagingContracts.csproj]
B:\maliev\Maliev.MessagingContracts\generated\csharp\Contracts\MessagingContracts.cs(2846,22): warning CS1573: Parameter 'CausationId' has no matching param tag in the XML comment for 'LeaveBalanceAdjustedEvent.LeaveBalanceAdjustedEvent(Guid, string, MessageType, string, string, IReadOnlyList<string>, Guid, Guid?, DateTimeOffset, bool, LeaveBalanceAdjustedEventPayload)' (but other parameters do) [B:\maliev\Maliev.MessagingContracts\generated\csharp\Maliev.MessagingContracts.csproj]
B:\maliev\Maliev.MessagingContracts\generated\csharp\Contracts\MessagingContracts.cs(2847,31): warning CS1573: Parameter 'OccurredAtUtc' has no matching param tag in the XML comment for 'LeaveBalanceAdjustedEvent.LeaveBalanceAdjustedEvent(Guid, string, MessageType, string, string, IReadOnlyList<string>, Guid, Guid?, DateTimeOffset, bool, LeaveBalanceAdjustedEventPayload)' (but other parameters do) [B:\maliev\Maliev.MessagingContracts\generated\csharp\Maliev.MessagingContracts.csproj]
B:\maliev\Maliev.MessagingContracts\generated\csharp\Contracts\MessagingContracts.cs(2848,14): warning CS1573: Parameter 'IsPublic' has no matching param tag in the XML comment for 'LeaveBalanceAdjustedEvent.LeaveBalanceAdjustedEvent(Guid, string, MessageType, string, string, IReadOnlyList<string>, Guid, Guid?, DateTimeOffset, bool, LeaveBalanceAdjustedEventPayload)' (but other parameters do) [B:\maliev\Maliev.MessagingContracts\generated\csharp\Maliev.MessagingContracts.csproj]
B:\maliev\Maliev.MessagingContracts\generated\csharp\Contracts\MessagingContracts.cs(2874,21): warning CS1573: Parameter 'MessageId' has no matching param tag in the XML comment for 'LeaveBalanceClosedEvent.LeaveBalanceClosedEvent(Guid, string, MessageType, string, string, IReadOnlyList<string>, Guid, Guid?, DateTimeOffset, bool, LeaveBalanceClosedEventPayload)' (but other parameters do) [B:\maliev\Maliev.MessagingContracts\generated\csharp\Maliev.MessagingContracts.csproj]
B:\maliev\Maliev.MessagingContracts\generated\csharp\Contracts\MessagingContracts.cs(2875,16): warning CS1573: Parameter 'MessageName' has no matching param tag in the XML comment for 'LeaveBalanceClosedEvent.LeaveBalanceClosedEvent(Guid, string, MessageType, string, string, IReadOnlyList<string>, Guid, Guid?, DateTimeOffset, bool, LeaveBalanceClosedEventPayload)' (but other parameters do) [B:\maliev\Maliev.MessagingContracts\generated\csharp\Maliev.MessagingContracts.csproj]
B:\maliev\Maliev.MessagingContracts\generated\csharp\Contracts\MessagingContracts.cs(2876,21): warning CS1573: Parameter 'MessageType' has no matching param tag in the XML comment for 'LeaveBalanceClosedEvent.LeaveBalanceClosedEvent(Guid, string, MessageType, string, string, IReadOnlyList<string>, Guid, Guid?, DateTimeOffset, bool, LeaveBalanceClosedEventPayload)' (but other parameters do) [B:\maliev\Maliev.MessagingContracts\generated\csharp\Maliev.MessagingContracts.csproj]
B:\maliev\Maliev.MessagingContracts\generated\csharp\Contracts\MessagingContracts.cs(2877,16): warning CS1573: Parameter 'MessageVersion' has no matching param tag in the XML comment for 'LeaveBalanceClosedEvent.LeaveBalanceClosedEvent(Guid, string, MessageType, string, string, IReadOnlyList<string>, Guid, Guid?, DateTimeOffset, bool, LeaveBalanceClosedEventPayload)' (but other parameters do) [B:\maliev\Maliev.MessagingContracts\generated\csharp\Maliev.MessagingContracts.csproj]
B:\maliev\Maliev.MessagingContracts\generated\csharp\Contracts\MessagingContracts.cs(2878,16): warning CS1573: Parameter 'PublishedBy' has no matching param tag in the XML comment for 'LeaveBalanceClosedEvent.LeaveBalanceClosedEvent(Guid, string, MessageType, string, string, IReadOnlyList<string>, Guid, Guid?, DateTimeOffset, bool, LeaveBalanceClosedEventPayload)' (but other parameters do) [B:\maliev\Maliev.MessagingContracts\generated\csharp\Maliev.MessagingContracts.csproj]
B:\maliev\Maliev.MessagingContracts\generated\csharp\Contracts\MessagingContracts.cs(2879,58): warning CS1573: Parameter 'ConsumedBy' has no matching param tag in the XML comment for 'LeaveBalanceClosedEvent.LeaveBalanceClosedEvent(Guid, string, MessageType, string, string, IReadOnlyList<string>, Guid, Guid?, DateTimeOffset, bool, LeaveBalanceClosedEventPayload)' (but other parameters do) [B:\maliev\Maliev.MessagingContracts\generated\csharp\Maliev.MessagingContracts.csproj]
B:\maliev\Maliev.MessagingContracts\generated\csharp\Contracts\MessagingContracts.cs(2880,21): warning CS1573: Parameter 'CorrelationId' has no matching param tag in the XML comment for 'LeaveBalanceClosedEvent.LeaveBalanceClosedEvent(Guid, string, MessageType, string, string, IReadOnlyList<string>, Guid, Guid?, DateTimeOffset, bool, LeaveBalanceClosedEventPayload)' (but other parameters do) [B:\maliev\Maliev.MessagingContracts\generated\csharp\Maliev.MessagingContracts.csproj]
B:\maliev\Maliev.MessagingContracts\generated\csharp\Contracts\MessagingContracts.cs(2881,22): warning CS1573: Parameter 'CausationId' has no matching param tag in the XML comment for 'LeaveBalanceClosedEvent.LeaveBalanceClosedEvent(Guid, string, MessageType, string, string, IReadOnlyList<string>, Guid, Guid?, DateTimeOffset, bool, LeaveBalanceClosedEventPayload)' (but other parameters do) [B:\maliev\Maliev.MessagingContracts\generated\csharp\Maliev.MessagingContracts.csproj]
B:\maliev\Maliev.MessagingContracts\generated\csharp\Contracts\MessagingContracts.cs(2882,31): warning CS1573: Parameter 'OccurredAtUtc' has no matching param tag in the XML comment for 'LeaveBalanceClosedEvent.LeaveBalanceClosedEvent(Guid, string, MessageType, string, string, IReadOnlyList<string>, Guid, Guid?, DateTimeOffset, bool, LeaveBalanceClosedEventPayload)' (but other parameters do) [B:\maliev\Maliev.MessagingContracts\generated\csharp\Maliev.MessagingContracts.csproj]
B:\maliev\Maliev.MessagingContracts\generated\csharp\Contracts\MessagingContracts.cs(2883,14): warning CS1573: Parameter 'IsPublic' has no matching param tag in the XML comment for 'LeaveBalanceClosedEvent.LeaveBalanceClosedEvent(Guid, string, MessageType, string, string, IReadOnlyList<string>, Guid, Guid?, DateTimeOffset, bool, LeaveBalanceClosedEventPayload)' (but other parameters do) [B:\maliev\Maliev.MessagingContracts\generated\csharp\Maliev.MessagingContracts.csproj]
B:\maliev\Maliev.MessagingContracts\generated\csharp\Contracts\MessagingContracts.cs(2911,21): warning CS1573: Parameter 'MessageId' has no matching param tag in the XML comment for 'OnboardingStartedEvent.OnboardingStartedEvent(Guid, string, MessageType, string, string, IReadOnlyList<string>, Guid, Guid?, DateTimeOffset, bool, OnboardingStartedEventPayload)' (but other parameters do) [B:\maliev\Maliev.MessagingContracts\generated\csharp\Maliev.MessagingContracts.csproj]
B:\maliev\Maliev.MessagingContracts\generated\csharp\Contracts\MessagingContracts.cs(2912,16): warning CS1573: Parameter 'MessageName' has no matching param tag in the XML comment for 'OnboardingStartedEvent.OnboardingStartedEvent(Guid, string, MessageType, string, string, IReadOnlyList<string>, Guid, Guid?, DateTimeOffset, bool, OnboardingStartedEventPayload)' (but other parameters do) [B:\maliev\Maliev.MessagingContracts\generated\csharp\Maliev.MessagingContracts.csproj]
B:\maliev\Maliev.MessagingContracts\generated\csharp\Contracts\MessagingContracts.cs(2913,21): warning CS1573: Parameter 'MessageType' has no matching param tag in the XML comment for 'OnboardingStartedEvent.OnboardingStartedEvent(Guid, string, MessageType, string, string, IReadOnlyList<string>, Guid, Guid?, DateTimeOffset, bool, OnboardingStartedEventPayload)' (but other parameters do) [B:\maliev\Maliev.MessagingContracts\generated\csharp\Maliev.MessagingContracts.csproj]
B:\maliev\Maliev.MessagingContracts\generated\csharp\Contracts\MessagingContracts.cs(2914,16): warning CS1573: Parameter 'MessageVersion' has no matching param tag in the XML comment for 'OnboardingStartedEvent.OnboardingStartedEvent(Guid, string, MessageType, string, string, IReadOnlyList<string>, Guid, Guid?, DateTimeOffset, bool, OnboardingStartedEventPayload)' (but other parameters do) [B:\maliev\Maliev.MessagingContracts\generated\csharp\Maliev.MessagingContracts.csproj]
B:\maliev\Maliev.MessagingContracts\generated\csharp\Contracts\MessagingContracts.cs(2915,16): warning CS1573: Parameter 'PublishedBy' has no matching param tag in the XML comment for 'OnboardingStartedEvent.OnboardingStartedEvent(Guid, string, MessageType, string, string, IReadOnlyList<string>, Guid, Guid?, DateTimeOffset, bool, OnboardingStartedEventPayload)' (but other parameters do) [B:\maliev\Maliev.MessagingContracts\generated\csharp\Maliev.MessagingContracts.csproj]
B:\maliev\Maliev.MessagingContracts\generated\csharp\Contracts\MessagingContracts.cs(2916,58): warning CS1573: Parameter 'ConsumedBy' has no matching param tag in the XML comment for 'OnboardingStartedEvent.OnboardingStartedEvent(Guid, string, MessageType, string, string, IReadOnlyList<string>, Guid, Guid?, DateTimeOffset, bool, OnboardingStartedEventPayload)' (but other parameters do) [B:\maliev\Maliev.MessagingContracts\generated\csharp\Maliev.MessagingContracts.csproj]
B:\maliev\Maliev.MessagingContracts\generated\csharp\Contracts\MessagingContracts.cs(2917,21): warning CS1573: Parameter 'CorrelationId' has no matching param tag in the XML comment for 'OnboardingStartedEvent.OnboardingStartedEvent(Guid, string, MessageType, string, string, IReadOnlyList<string>, Guid, Guid?, DateTimeOffset, bool, OnboardingStartedEventPayload)' (but other parameters do) [B:\maliev\Maliev.MessagingContracts\generated\csharp\Maliev.MessagingContracts.csproj]
B:\maliev\Maliev.MessagingContracts\generated\csharp\Contracts\MessagingContracts.cs(2918,22): warning CS1573: Parameter 'CausationId' has no matching param tag in the XML comment for 'OnboardingStartedEvent.OnboardingStartedEvent(Guid, string, MessageType, string, string, IReadOnlyList<string>, Guid, Guid?, DateTimeOffset, bool, OnboardingStartedEventPayload)' (but other parameters do) [B:\maliev\Maliev.MessagingContracts\generated\csharp\Maliev.MessagingContracts.csproj]
B:\maliev\Maliev.MessagingContracts\generated\csharp\Contracts\MessagingContracts.cs(2919,31): warning CS1573: Parameter 'OccurredAtUtc' has no matching param tag in the XML comment for 'OnboardingStartedEvent.OnboardingStartedEvent(Guid, string, MessageType, string, string, IReadOnlyList<string>, Guid, Guid?, DateTimeOffset, bool, OnboardingStartedEventPayload)' (but other parameters do) [B:\maliev\Maliev.MessagingContracts\generated\csharp\Maliev.MessagingContracts.csproj]
B:\maliev\Maliev.MessagingContracts\generated\csharp\Contracts\MessagingContracts.cs(2920,14): warning CS1573: Parameter 'IsPublic' has no matching param tag in the XML comment for 'OnboardingStartedEvent.OnboardingStartedEvent(Guid, string, MessageType, string, string, IReadOnlyList<string>, Guid, Guid?, DateTimeOffset, bool, OnboardingStartedEventPayload)' (but other parameters do) [B:\maliev\Maliev.MessagingContracts\generated\csharp\Maliev.MessagingContracts.csproj]
B:\maliev\Maliev.MessagingContracts\generated\csharp\Contracts\MessagingContracts.cs(2947,21): warning CS1573: Parameter 'MessageId' has no matching param tag in the XML comment for 'OnboardingCompletedEvent.OnboardingCompletedEvent(Guid, string, MessageType, string, string, IReadOnlyList<string>, Guid, Guid?, DateTimeOffset, bool, OnboardingCompletedEventPayload)' (but other parameters do) [B:\maliev\Maliev.MessagingContracts\generated\csharp\Maliev.MessagingContracts.csproj]
B:\maliev\Maliev.MessagingContracts\generated\csharp\Contracts\MessagingContracts.cs(2948,16): warning CS1573: Parameter 'MessageName' has no matching param tag in the XML comment for 'OnboardingCompletedEvent.OnboardingCompletedEvent(Guid, string, MessageType, string, string, IReadOnlyList<string>, Guid, Guid?, DateTimeOffset, bool, OnboardingCompletedEventPayload)' (but other parameters do) [B:\maliev\Maliev.MessagingContracts\generated\csharp\Maliev.MessagingContracts.csproj]
B:\maliev\Maliev.MessagingContracts\generated\csharp\Contracts\MessagingContracts.cs(2949,21): warning CS1573: Parameter 'MessageType' has no matching param tag in the XML comment for 'OnboardingCompletedEvent.OnboardingCompletedEvent(Guid, string, MessageType, string, string, IReadOnlyList<string>, Guid, Guid?, DateTimeOffset, bool, OnboardingCompletedEventPayload)' (but other parameters do) [B:\maliev\Maliev.MessagingContracts\generated\csharp\Maliev.MessagingContracts.csproj]
B:\maliev\Maliev.MessagingContracts\generated\csharp\Contracts\MessagingContracts.cs(2950,16): warning CS1573: Parameter 'MessageVersion' has no matching param tag in the XML comment for 'OnboardingCompletedEvent.OnboardingCompletedEvent(Guid, string, MessageType, string, string, IReadOnlyList<string>, Guid, Guid?, DateTimeOffset, bool, OnboardingCompletedEventPayload)' (but other parameters do) [B:\maliev\Maliev.MessagingContracts\generated\csharp\Maliev.MessagingContracts.csproj]
B:\maliev\Maliev.MessagingContracts\generated\csharp\Contracts\MessagingContracts.cs(2951,16): warning CS1573: Parameter 'PublishedBy' has no matching param tag in the XML comment for 'OnboardingCompletedEvent.OnboardingCompletedEvent(Guid, string, MessageType, string, string, IReadOnlyList<string>, Guid, Guid?, DateTimeOffset, bool, OnboardingCompletedEventPayload)' (but other parameters do) [B:\maliev\Maliev.MessagingContracts\generated\csharp\Maliev.MessagingContracts.csproj]
B:\maliev\Maliev.MessagingContracts\generated\csharp\Contracts\MessagingContracts.cs(2952,58): warning CS1573: Parameter 'ConsumedBy' has no matching param tag in the XML comment for 'OnboardingCompletedEvent.OnboardingCompletedEvent(Guid, string, MessageType, string, string, IReadOnlyList<string>, Guid, Guid?, DateTimeOffset, bool, OnboardingCompletedEventPayload)' (but other parameters do) [B:\maliev\Maliev.MessagingContracts\generated\csharp\Maliev.MessagingContracts.csproj]
B:\maliev\Maliev.MessagingContracts\generated\csharp\Contracts\MessagingContracts.cs(2953,21): warning CS1573: Parameter 'CorrelationId' has no matching param tag in the XML comment for 'OnboardingCompletedEvent.OnboardingCompletedEvent(Guid, string, MessageType, string, string, IReadOnlyList<string>, Guid, Guid?, DateTimeOffset, bool, OnboardingCompletedEventPayload)' (but other parameters do) [B:\maliev\Maliev.MessagingContracts\generated\csharp\Maliev.MessagingContracts.csproj]
B:\maliev\Maliev.MessagingContracts\generated\csharp\Contracts\MessagingContracts.cs(2954,22): warning CS1573: Parameter 'CausationId' has no matching param tag in the XML comment for 'OnboardingCompletedEvent.OnboardingCompletedEvent(Guid, string, MessageType, string, string, IReadOnlyList<string>, Guid, Guid?, DateTimeOffset, bool, OnboardingCompletedEventPayload)' (but other parameters do) [B:\maliev\Maliev.MessagingContracts\generated\csharp\Maliev.MessagingContracts.csproj]
B:\maliev\Maliev.MessagingContracts\generated\csharp\Contracts\MessagingContracts.cs(2955,31): warning CS1573: Parameter 'OccurredAtUtc' has no matching param tag in the XML comment for 'OnboardingCompletedEvent.OnboardingCompletedEvent(Guid, string, MessageType, string, string, IReadOnlyList<string>, Guid, Guid?, DateTimeOffset, bool, OnboardingCompletedEventPayload)' (but other parameters do) [B:\maliev\Maliev.MessagingContracts\generated\csharp\Maliev.MessagingContracts.csproj]
B:\maliev\Maliev.MessagingContracts\generated\csharp\Contracts\MessagingContracts.cs(2956,14): warning CS1573: Parameter 'IsPublic' has no matching param tag in the XML comment for 'OnboardingCompletedEvent.OnboardingCompletedEvent(Guid, string, MessageType, string, string, IReadOnlyList<string>, Guid, Guid?, DateTimeOffset, bool, OnboardingCompletedEventPayload)' (but other parameters do) [B:\maliev\Maliev.MessagingContracts\generated\csharp\Maliev.MessagingContracts.csproj]
B:\maliev\Maliev.MessagingContracts\generated\csharp\Contracts\MessagingContracts.cs(2984,21): warning CS1573: Parameter 'MessageId' has no matching param tag in the XML comment for 'OffboardingStartedEvent.OffboardingStartedEvent(Guid, string, MessageType, string, string, IReadOnlyList<string>, Guid, Guid?, DateTimeOffset, bool, OffboardingStartedEventPayload)' (but other parameters do) [B:\maliev\Maliev.MessagingContracts\generated\csharp\Maliev.MessagingContracts.csproj]
B:\maliev\Maliev.MessagingContracts\generated\csharp\Contracts\MessagingContracts.cs(2985,16): warning CS1573: Parameter 'MessageName' has no matching param tag in the XML comment for 'OffboardingStartedEvent.OffboardingStartedEvent(Guid, string, MessageType, string, string, IReadOnlyList<string>, Guid, Guid?, DateTimeOffset, bool, OffboardingStartedEventPayload)' (but other parameters do) [B:\maliev\Maliev.MessagingContracts\generated\csharp\Maliev.MessagingContracts.csproj]
B:\maliev\Maliev.MessagingContracts\generated\csharp\Contracts\MessagingContracts.cs(2986,21): warning CS1573: Parameter 'MessageType' has no matching param tag in the XML comment for 'OffboardingStartedEvent.OffboardingStartedEvent(Guid, string, MessageType, string, string, IReadOnlyList<string>, Guid, Guid?, DateTimeOffset, bool, OffboardingStartedEventPayload)' (but other parameters do) [B:\maliev\Maliev.MessagingContracts\generated\csharp\Maliev.MessagingContracts.csproj]
B:\maliev\Maliev.MessagingContracts\generated\csharp\Contracts\MessagingContracts.cs(2987,16): warning CS1573: Parameter 'MessageVersion' has no matching param tag in the XML comment for 'OffboardingStartedEvent.OffboardingStartedEvent(Guid, string, MessageType, string, string, IReadOnlyList<string>, Guid, Guid?, DateTimeOffset, bool, OffboardingStartedEventPayload)' (but other parameters do) [B:\maliev\Maliev.MessagingContracts\generated\csharp\Maliev.MessagingContracts.csproj]
B:\maliev\Maliev.MessagingContracts\generated\csharp\Contracts\MessagingContracts.cs(2988,16): warning CS1573: Parameter 'PublishedBy' has no matching param tag in the XML comment for 'OffboardingStartedEvent.OffboardingStartedEvent(Guid, string, MessageType, string, string, IReadOnlyList<string>, Guid, Guid?, DateTimeOffset, bool, OffboardingStartedEventPayload)' (but other parameters do) [B:\maliev\Maliev.MessagingContracts\generated\csharp\Maliev.MessagingContracts.csproj]
B:\maliev\Maliev.MessagingContracts\generated\csharp\Contracts\MessagingContracts.cs(2989,58): warning CS1573: Parameter 'ConsumedBy' has no matching param tag in the XML comment for 'OffboardingStartedEvent.OffboardingStartedEvent(Guid, string, MessageType, string, string, IReadOnlyList<string>, Guid, Guid?, DateTimeOffset, bool, OffboardingStartedEventPayload)' (but other parameters do) [B:\maliev\Maliev.MessagingContracts\generated\csharp\Maliev.MessagingContracts.csproj]
B:\maliev\Maliev.MessagingContracts\generated\csharp\Contracts\MessagingContracts.cs(2990,21): warning CS1573: Parameter 'CorrelationId' has no matching param tag in the XML comment for 'OffboardingStartedEvent.OffboardingStartedEvent(Guid, string, MessageType, string, string, IReadOnlyList<string>, Guid, Guid?, DateTimeOffset, bool, OffboardingStartedEventPayload)' (but other parameters do) [B:\maliev\Maliev.MessagingContracts\generated\csharp\Maliev.MessagingContracts.csproj]
B:\maliev\Maliev.MessagingContracts\generated\csharp\Contracts\MessagingContracts.cs(2991,22): warning CS1573: Parameter 'CausationId' has no matching param tag in the XML comment for 'OffboardingStartedEvent.OffboardingStartedEvent(Guid, string, MessageType, string, string, IReadOnlyList<string>, Guid, Guid?, DateTimeOffset, bool, OffboardingStartedEventPayload)' (but other parameters do) [B:\maliev\Maliev.MessagingContracts\generated\csharp\Maliev.MessagingContracts.csproj]
B:\maliev\Maliev.MessagingContracts\generated\csharp\Contracts\MessagingContracts.cs(2992,31): warning CS1573: Parameter 'OccurredAtUtc' has no matching param tag in the XML comment for 'OffboardingStartedEvent.OffboardingStartedEvent(Guid, string, MessageType, string, string, IReadOnlyList<string>, Guid, Guid?, DateTimeOffset, bool, OffboardingStartedEventPayload)' (but other parameters do) [B:\maliev\Maliev.MessagingContracts\generated\csharp\Maliev.MessagingContracts.csproj]
B:\maliev\Maliev.MessagingContracts\generated\csharp\Contracts\MessagingContracts.cs(2993,14): warning CS1573: Parameter 'IsPublic' has no matching param tag in the XML comment for 'OffboardingStartedEvent.OffboardingStartedEvent(Guid, string, MessageType, string, string, IReadOnlyList<string>, Guid, Guid?, DateTimeOffset, bool, OffboardingStartedEventPayload)' (but other parameters do) [B:\maliev\Maliev.MessagingContracts\generated\csharp\Maliev.MessagingContracts.csproj]
B:\maliev\Maliev.MessagingContracts\generated\csharp\Contracts\MessagingContracts.cs(3020,21): warning CS1573: Parameter 'MessageId' has no matching param tag in the XML comment for 'OffboardingCompletedEvent.OffboardingCompletedEvent(Guid, string, MessageType, string, string, IReadOnlyList<string>, Guid, Guid?, DateTimeOffset, bool, OffboardingCompletedEventPayload)' (but other parameters do) [B:\maliev\Maliev.MessagingContracts\generated\csharp\Maliev.MessagingContracts.csproj]
B:\maliev\Maliev.MessagingContracts\generated\csharp\Contracts\MessagingContracts.cs(3021,16): warning CS1573: Parameter 'MessageName' has no matching param tag in the XML comment for 'OffboardingCompletedEvent.OffboardingCompletedEvent(Guid, string, MessageType, string, string, IReadOnlyList<string>, Guid, Guid?, DateTimeOffset, bool, OffboardingCompletedEventPayload)' (but other parameters do) [B:\maliev\Maliev.MessagingContracts\generated\csharp\Maliev.MessagingContracts.csproj]
B:\maliev\Maliev.MessagingContracts\generated\csharp\Contracts\MessagingContracts.cs(3022,21): warning CS1573: Parameter 'MessageType' has no matching param tag in the XML comment for 'OffboardingCompletedEvent.OffboardingCompletedEvent(Guid, string, MessageType, string, string, IReadOnlyList<string>, Guid, Guid?, DateTimeOffset, bool, OffboardingCompletedEventPayload)' (but other parameters do) [B:\maliev\Maliev.MessagingContracts\generated\csharp\Maliev.MessagingContracts.csproj]
B:\maliev\Maliev.MessagingContracts\generated\csharp\Contracts\MessagingContracts.cs(3023,16): warning CS1573: Parameter 'MessageVersion' has no matching param tag in the XML comment for 'OffboardingCompletedEvent.OffboardingCompletedEvent(Guid, string, MessageType, string, string, IReadOnlyList<string>, Guid, Guid?, DateTimeOffset, bool, OffboardingCompletedEventPayload)' (but other parameters do) [B:\maliev\Maliev.MessagingContracts\generated\csharp\Maliev.MessagingContracts.csproj]
B:\maliev\Maliev.MessagingContracts\generated\csharp\Contracts\MessagingContracts.cs(3024,16): warning CS1573: Parameter 'PublishedBy' has no matching param tag in the XML comment for 'OffboardingCompletedEvent.OffboardingCompletedEvent(Guid, string, MessageType, string, string, IReadOnlyList<string>, Guid, Guid?, DateTimeOffset, bool, OffboardingCompletedEventPayload)' (but other parameters do) [B:\maliev\Maliev.MessagingContracts\generated\csharp\Maliev.MessagingContracts.csproj]
B:\maliev\Maliev.MessagingContracts\generated\csharp\Contracts\MessagingContracts.cs(3025,58): warning CS1573: Parameter 'ConsumedBy' has no matching param tag in the XML comment for 'OffboardingCompletedEvent.OffboardingCompletedEvent(Guid, string, MessageType, string, string, IReadOnlyList<string>, Guid, Guid?, DateTimeOffset, bool, OffboardingCompletedEventPayload)' (but other parameters do) [B:\maliev\Maliev.MessagingContracts\generated\csharp\Maliev.MessagingContracts.csproj]
B:\maliev\Maliev.MessagingContracts\generated\csharp\Contracts\MessagingContracts.cs(3026,21): warning CS1573: Parameter 'CorrelationId' has no matching param tag in the XML comment for 'OffboardingCompletedEvent.OffboardingCompletedEvent(Guid, string, MessageType, string, string, IReadOnlyList<string>, Guid, Guid?, DateTimeOffset, bool, OffboardingCompletedEventPayload)' (but other parameters do) [B:\maliev\Maliev.MessagingContracts\generated\csharp\Maliev.MessagingContracts.csproj]
B:\maliev\Maliev.MessagingContracts\generated\csharp\Contracts\MessagingContracts.cs(3027,22): warning CS1573: Parameter 'CausationId' has no matching param tag in the XML comment for 'OffboardingCompletedEvent.OffboardingCompletedEvent(Guid, string, MessageType, string, string, IReadOnlyList<string>, Guid, Guid?, DateTimeOffset, bool, OffboardingCompletedEventPayload)' (but other parameters do) [B:\maliev\Maliev.MessagingContracts\generated\csharp\Maliev.MessagingContracts.csproj]
B:\maliev\Maliev.MessagingContracts\generated\csharp\Contracts\MessagingContracts.cs(3028,31): warning CS1573: Parameter 'OccurredAtUtc' has no matching param tag in the XML comment for 'OffboardingCompletedEvent.OffboardingCompletedEvent(Guid, string, MessageType, string, string, IReadOnlyList<string>, Guid, Guid?, DateTimeOffset, bool, OffboardingCompletedEventPayload)' (but other parameters do) [B:\maliev\Maliev.MessagingContracts\generated\csharp\Maliev.MessagingContracts.csproj]
B:\maliev\Maliev.MessagingContracts\generated\csharp\Contracts\MessagingContracts.cs(3029,14): warning CS1573: Parameter 'IsPublic' has no matching param tag in the XML comment for 'OffboardingCompletedEvent.OffboardingCompletedEvent(Guid, string, MessageType, string, string, IReadOnlyList<string>, Guid, Guid?, DateTimeOffset, bool, OffboardingCompletedEventPayload)' (but other parameters do) [B:\maliev\Maliev.MessagingContracts\generated\csharp\Maliev.MessagingContracts.csproj]
B:\maliev\Maliev.MessagingContracts\generated\csharp\Contracts\MessagingContracts.cs(3057,21): warning CS1573: Parameter 'MessageId' has no matching param tag in the XML comment for 'LifecycleTaskCreatedEvent.LifecycleTaskCreatedEvent(Guid, string, MessageType, string, string, IReadOnlyList<string>, Guid, Guid?, DateTimeOffset, bool, LifecycleTaskCreatedEventPayload)' (but other parameters do) [B:\maliev\Maliev.MessagingContracts\generated\csharp\Maliev.MessagingContracts.csproj]
B:\maliev\Maliev.MessagingContracts\generated\csharp\Contracts\MessagingContracts.cs(3058,16): warning CS1573: Parameter 'MessageName' has no matching param tag in the XML comment for 'LifecycleTaskCreatedEvent.LifecycleTaskCreatedEvent(Guid, string, MessageType, string, string, IReadOnlyList<string>, Guid, Guid?, DateTimeOffset, bool, LifecycleTaskCreatedEventPayload)' (but other parameters do) [B:\maliev\Maliev.MessagingContracts\generated\csharp\Maliev.MessagingContracts.csproj]
B:\maliev\Maliev.MessagingContracts\generated\csharp\Contracts\MessagingContracts.cs(3059,21): warning CS1573: Parameter 'MessageType' has no matching param tag in the XML comment for 'LifecycleTaskCreatedEvent.LifecycleTaskCreatedEvent(Guid, string, MessageType, string, string, IReadOnlyList<string>, Guid, Guid?, DateTimeOffset, bool, LifecycleTaskCreatedEventPayload)' (but other parameters do) [B:\maliev\Maliev.MessagingContracts\generated\csharp\Maliev.MessagingContracts.csproj]
B:\maliev\Maliev.MessagingContracts\generated\csharp\Contracts\MessagingContracts.cs(3060,16): warning CS1573: Parameter 'MessageVersion' has no matching param tag in the XML comment for 'LifecycleTaskCreatedEvent.LifecycleTaskCreatedEvent(Guid, string, MessageType, string, string, IReadOnlyList<string>, Guid, Guid?, DateTimeOffset, bool, LifecycleTaskCreatedEventPayload)' (but other parameters do) [B:\maliev\Maliev.MessagingContracts\generated\csharp\Maliev.MessagingContracts.csproj]
B:\maliev\Maliev.MessagingContracts\generated\csharp\Contracts\MessagingContracts.cs(3061,16): warning CS1573: Parameter 'PublishedBy' has no matching param tag in the XML comment for 'LifecycleTaskCreatedEvent.LifecycleTaskCreatedEvent(Guid, string, MessageType, string, string, IReadOnlyList<string>, Guid, Guid?, DateTimeOffset, bool, LifecycleTaskCreatedEventPayload)' (but other parameters do) [B:\maliev\Maliev.MessagingContracts\generated\csharp\Maliev.MessagingContracts.csproj]
B:\maliev\Maliev.MessagingContracts\generated\csharp\Contracts\MessagingContracts.cs(3062,58): warning CS1573: Parameter 'ConsumedBy' has no matching param tag in the XML comment for 'LifecycleTaskCreatedEvent.LifecycleTaskCreatedEvent(Guid, string, MessageType, string, string, IReadOnlyList<string>, Guid, Guid?, DateTimeOffset, bool, LifecycleTaskCreatedEventPayload)' (but other parameters do) [B:\maliev\Maliev.MessagingContracts\generated\csharp\Maliev.MessagingContracts.csproj]
B:\maliev\Maliev.MessagingContracts\generated\csharp\Contracts\MessagingContracts.cs(3063,21): warning CS1573: Parameter 'CorrelationId' has no matching param tag in the XML comment for 'LifecycleTaskCreatedEvent.LifecycleTaskCreatedEvent(Guid, string, MessageType, string, string, IReadOnlyList<string>, Guid, Guid?, DateTimeOffset, bool, LifecycleTaskCreatedEventPayload)' (but other parameters do) [B:\maliev\Maliev.MessagingContracts\generated\csharp\Maliev.MessagingContracts.csproj]
B:\maliev\Maliev.MessagingContracts\generated\csharp\Contracts\MessagingContracts.cs(3064,22): warning CS1573: Parameter 'CausationId' has no matching param tag in the XML comment for 'LifecycleTaskCreatedEvent.LifecycleTaskCreatedEvent(Guid, string, MessageType, string, string, IReadOnlyList<string>, Guid, Guid?, DateTimeOffset, bool, LifecycleTaskCreatedEventPayload)' (but other parameters do) [B:\maliev\Maliev.MessagingContracts\generated\csharp\Maliev.MessagingContracts.csproj]
B:\maliev\Maliev.MessagingContracts\generated\csharp\Contracts\MessagingContracts.cs(3065,31): warning CS1573: Parameter 'OccurredAtUtc' has no matching param tag in the XML comment for 'LifecycleTaskCreatedEvent.LifecycleTaskCreatedEvent(Guid, string, MessageType, string, string, IReadOnlyList<string>, Guid, Guid?, DateTimeOffset, bool, LifecycleTaskCreatedEventPayload)' (but other parameters do) [B:\maliev\Maliev.MessagingContracts\generated\csharp\Maliev.MessagingContracts.csproj]
B:\maliev\Maliev.MessagingContracts\generated\csharp\Contracts\MessagingContracts.cs(3066,14): warning CS1573: Parameter 'IsPublic' has no matching param tag in the XML comment for 'LifecycleTaskCreatedEvent.LifecycleTaskCreatedEvent(Guid, string, MessageType, string, string, IReadOnlyList<string>, Guid, Guid?, DateTimeOffset, bool, LifecycleTaskCreatedEventPayload)' (but other parameters do) [B:\maliev\Maliev.MessagingContracts\generated\csharp\Maliev.MessagingContracts.csproj]
B:\maliev\Maliev.MessagingContracts\generated\csharp\Contracts\MessagingContracts.cs(3093,21): warning CS1573: Parameter 'MessageId' has no matching param tag in the XML comment for 'LifecycleTaskCompletedEvent.LifecycleTaskCompletedEvent(Guid, string, MessageType, string, string, IReadOnlyList<string>, Guid, Guid?, DateTimeOffset, bool, LifecycleTaskCompletedEventPayload)' (but other parameters do) [B:\maliev\Maliev.MessagingContracts\generated\csharp\Maliev.MessagingContracts.csproj]
B:\maliev\Maliev.MessagingContracts\generated\csharp\Contracts\MessagingContracts.cs(3094,16): warning CS1573: Parameter 'MessageName' has no matching param tag in the XML comment for 'LifecycleTaskCompletedEvent.LifecycleTaskCompletedEvent(Guid, string, MessageType, string, string, IReadOnlyList<string>, Guid, Guid?, DateTimeOffset, bool, LifecycleTaskCompletedEventPayload)' (but other parameters do) [B:\maliev\Maliev.MessagingContracts\generated\csharp\Maliev.MessagingContracts.csproj]
B:\maliev\Maliev.MessagingContracts\generated\csharp\Contracts\MessagingContracts.cs(3095,21): warning CS1573: Parameter 'MessageType' has no matching param tag in the XML comment for 'LifecycleTaskCompletedEvent.LifecycleTaskCompletedEvent(Guid, string, MessageType, string, string, IReadOnlyList<string>, Guid, Guid?, DateTimeOffset, bool, LifecycleTaskCompletedEventPayload)' (but other parameters do) [B:\maliev\Maliev.MessagingContracts\generated\csharp\Maliev.MessagingContracts.csproj]
B:\maliev\Maliev.MessagingContracts\generated\csharp\Contracts\MessagingContracts.cs(3096,16): warning CS1573: Parameter 'MessageVersion' has no matching param tag in the XML comment for 'LifecycleTaskCompletedEvent.LifecycleTaskCompletedEvent(Guid, string, MessageType, string, string, IReadOnlyList<string>, Guid, Guid?, DateTimeOffset, bool, LifecycleTaskCompletedEventPayload)' (but other parameters do) [B:\maliev\Maliev.MessagingContracts\generated\csharp\Maliev.MessagingContracts.csproj]
B:\maliev\Maliev.MessagingContracts\generated\csharp\Contracts\MessagingContracts.cs(3097,16): warning CS1573: Parameter 'PublishedBy' has no matching param tag in the XML comment for 'LifecycleTaskCompletedEvent.LifecycleTaskCompletedEvent(Guid, string, MessageType, string, string, IReadOnlyList<string>, Guid, Guid?, DateTimeOffset, bool, LifecycleTaskCompletedEventPayload)' (but other parameters do) [B:\maliev\Maliev.MessagingContracts\generated\csharp\Maliev.MessagingContracts.csproj]
B:\maliev\Maliev.MessagingContracts\generated\csharp\Contracts\MessagingContracts.cs(3098,58): warning CS1573: Parameter 'ConsumedBy' has no matching param tag in the XML comment for 'LifecycleTaskCompletedEvent.LifecycleTaskCompletedEvent(Guid, string, MessageType, string, string, IReadOnlyList<string>, Guid, Guid?, DateTimeOffset, bool, LifecycleTaskCompletedEventPayload)' (but other parameters do) [B:\maliev\Maliev.MessagingContracts\generated\csharp\Maliev.MessagingContracts.csproj]
B:\maliev\Maliev.MessagingContracts\generated\csharp\Contracts\MessagingContracts.cs(3099,21): warning CS1573: Parameter 'CorrelationId' has no matching param tag in the XML comment for 'LifecycleTaskCompletedEvent.LifecycleTaskCompletedEvent(Guid, string, MessageType, string, string, IReadOnlyList<string>, Guid, Guid?, DateTimeOffset, bool, LifecycleTaskCompletedEventPayload)' (but other parameters do) [B:\maliev\Maliev.MessagingContracts\generated\csharp\Maliev.MessagingContracts.csproj]
B:\maliev\Maliev.MessagingContracts\generated\csharp\Contracts\MessagingContracts.cs(3100,22): warning CS1573: Parameter 'CausationId' has no matching param tag in the XML comment for 'LifecycleTaskCompletedEvent.LifecycleTaskCompletedEvent(Guid, string, MessageType, string, string, IReadOnlyList<string>, Guid, Guid?, DateTimeOffset, bool, LifecycleTaskCompletedEventPayload)' (but other parameters do) [B:\maliev\Maliev.MessagingContracts\generated\csharp\Maliev.MessagingContracts.csproj]
B:\maliev\Maliev.MessagingContracts\generated\csharp\Contracts\MessagingContracts.cs(3101,31): warning CS1573: Parameter 'OccurredAtUtc' has no matching param tag in the XML comment for 'LifecycleTaskCompletedEvent.LifecycleTaskCompletedEvent(Guid, string, MessageType, string, string, IReadOnlyList<string>, Guid, Guid?, DateTimeOffset, bool, LifecycleTaskCompletedEventPayload)' (but other parameters do) [B:\maliev\Maliev.MessagingContracts\generated\csharp\Maliev.MessagingContracts.csproj]
B:\maliev\Maliev.MessagingContracts\generated\csharp\Contracts\MessagingContracts.cs(3102,14): warning CS1573: Parameter 'IsPublic' has no matching param tag in the XML comment for 'LifecycleTaskCompletedEvent.LifecycleTaskCompletedEvent(Guid, string, MessageType, string, string, IReadOnlyList<string>, Guid, Guid?, DateTimeOffset, bool, LifecycleTaskCompletedEventPayload)' (but other parameters do) [B:\maliev\Maliev.MessagingContracts\generated\csharp\Maliev.MessagingContracts.csproj]
B:\maliev\Maliev.MessagingContracts\generated\csharp\Contracts\MessagingContracts.cs(3129,21): warning CS1573: Parameter 'MessageId' has no matching param tag in the XML comment for 'AccessRevocationRequiredEvent.AccessRevocationRequiredEvent(Guid, string, MessageType, string, string, IReadOnlyList<string>, Guid, Guid?, DateTimeOffset, bool, AccessRevocationRequiredEventPayload)' (but other parameters do) [B:\maliev\Maliev.MessagingContracts\generated\csharp\Maliev.MessagingContracts.csproj]
B:\maliev\Maliev.MessagingContracts\generated\csharp\Contracts\MessagingContracts.cs(3130,16): warning CS1573: Parameter 'MessageName' has no matching param tag in the XML comment for 'AccessRevocationRequiredEvent.AccessRevocationRequiredEvent(Guid, string, MessageType, string, string, IReadOnlyList<string>, Guid, Guid?, DateTimeOffset, bool, AccessRevocationRequiredEventPayload)' (but other parameters do) [B:\maliev\Maliev.MessagingContracts\generated\csharp\Maliev.MessagingContracts.csproj]
B:\maliev\Maliev.MessagingContracts\generated\csharp\Contracts\MessagingContracts.cs(3131,21): warning CS1573: Parameter 'MessageType' has no matching param tag in the XML comment for 'AccessRevocationRequiredEvent.AccessRevocationRequiredEvent(Guid, string, MessageType, string, string, IReadOnlyList<string>, Guid, Guid?, DateTimeOffset, bool, AccessRevocationRequiredEventPayload)' (but other parameters do) [B:\maliev\Maliev.MessagingContracts\generated\csharp\Maliev.MessagingContracts.csproj]
B:\maliev\Maliev.MessagingContracts\generated\csharp\Contracts\MessagingContracts.cs(3132,16): warning CS1573: Parameter 'MessageVersion' has no matching param tag in the XML comment for 'AccessRevocationRequiredEvent.AccessRevocationRequiredEvent(Guid, string, MessageType, string, string, IReadOnlyList<string>, Guid, Guid?, DateTimeOffset, bool, AccessRevocationRequiredEventPayload)' (but other parameters do) [B:\maliev\Maliev.MessagingContracts\generated\csharp\Maliev.MessagingContracts.csproj]
B:\maliev\Maliev.MessagingContracts\generated\csharp\Contracts\MessagingContracts.cs(3133,16): warning CS1573: Parameter 'PublishedBy' has no matching param tag in the XML comment for 'AccessRevocationRequiredEvent.AccessRevocationRequiredEvent(Guid, string, MessageType, string, string, IReadOnlyList<string>, Guid, Guid?, DateTimeOffset, bool, AccessRevocationRequiredEventPayload)' (but other parameters do) [B:\maliev\Maliev.MessagingContracts\generated\csharp\Maliev.MessagingContracts.csproj]
B:\maliev\Maliev.MessagingContracts\generated\csharp\Contracts\MessagingContracts.cs(3134,58): warning CS1573: Parameter 'ConsumedBy' has no matching param tag in the XML comment for 'AccessRevocationRequiredEvent.AccessRevocationRequiredEvent(Guid, string, MessageType, string, string, IReadOnlyList<string>, Guid, Guid?, DateTimeOffset, bool, AccessRevocationRequiredEventPayload)' (but other parameters do) [B:\maliev\Maliev.MessagingContracts\generated\csharp\Maliev.MessagingContracts.csproj]
B:\maliev\Maliev.MessagingContracts\generated\csharp\Contracts\MessagingContracts.cs(3135,21): warning CS1573: Parameter 'CorrelationId' has no matching param tag in the XML comment for 'AccessRevocationRequiredEvent.AccessRevocationRequiredEvent(Guid, string, MessageType, string, string, IReadOnlyList<string>, Guid, Guid?, DateTimeOffset, bool, AccessRevocationRequiredEventPayload)' (but other parameters do) [B:\maliev\Maliev.MessagingContracts\generated\csharp\Maliev.MessagingContracts.csproj]
B:\maliev\Maliev.MessagingContracts\generated\csharp\Contracts\MessagingContracts.cs(3136,22): warning CS1573: Parameter 'CausationId' has no matching param tag in the XML comment for 'AccessRevocationRequiredEvent.AccessRevocationRequiredEvent(Guid, string, MessageType, string, string, IReadOnlyList<string>, Guid, Guid?, DateTimeOffset, bool, AccessRevocationRequiredEventPayload)' (but other parameters do) [B:\maliev\Maliev.MessagingContracts\generated\csharp\Maliev.MessagingContracts.csproj]
B:\maliev\Maliev.MessagingContracts\generated\csharp\Contracts\MessagingContracts.cs(3137,31): warning CS1573: Parameter 'OccurredAtUtc' has no matching param tag in the XML comment for 'AccessRevocationRequiredEvent.AccessRevocationRequiredEvent(Guid, string, MessageType, string, string, IReadOnlyList<string>, Guid, Guid?, DateTimeOffset, bool, AccessRevocationRequiredEventPayload)' (but other parameters do) [B:\maliev\Maliev.MessagingContracts\generated\csharp\Maliev.MessagingContracts.csproj]
B:\maliev\Maliev.MessagingContracts\generated\csharp\Contracts\MessagingContracts.cs(3138,14): warning CS1573: Parameter 'IsPublic' has no matching param tag in the XML comment for 'AccessRevocationRequiredEvent.AccessRevocationRequiredEvent(Guid, string, MessageType, string, string, IReadOnlyList<string>, Guid, Guid?, DateTimeOffset, bool, AccessRevocationRequiredEventPayload)' (but other parameters do) [B:\maliev\Maliev.MessagingContracts\generated\csharp\Maliev.MessagingContracts.csproj]
B:\maliev\Maliev.MessagingContracts\generated\csharp\Contracts\MessagingContracts.cs(3166,21): warning CS1573: Parameter 'MessageId' has no matching param tag in the XML comment for 'OnboardingItemOverdueEvent.OnboardingItemOverdueEvent(Guid, string, MessageType, string, string, IReadOnlyList<string>, Guid, Guid?, DateTimeOffset, bool, OnboardingItemOverdueEventPayload)' (but other parameters do) [B:\maliev\Maliev.MessagingContracts\generated\csharp\Maliev.MessagingContracts.csproj]
B:\maliev\Maliev.MessagingContracts\generated\csharp\Contracts\MessagingContracts.cs(3167,16): warning CS1573: Parameter 'MessageName' has no matching param tag in the XML comment for 'OnboardingItemOverdueEvent.OnboardingItemOverdueEvent(Guid, string, MessageType, string, string, IReadOnlyList<string>, Guid, Guid?, DateTimeOffset, bool, OnboardingItemOverdueEventPayload)' (but other parameters do) [B:\maliev\Maliev.MessagingContracts\generated\csharp\Maliev.MessagingContracts.csproj]
B:\maliev\Maliev.MessagingContracts\generated\csharp\Contracts\MessagingContracts.cs(3168,21): warning CS1573: Parameter 'MessageType' has no matching param tag in the XML comment for 'OnboardingItemOverdueEvent.OnboardingItemOverdueEvent(Guid, string, MessageType, string, string, IReadOnlyList<string>, Guid, Guid?, DateTimeOffset, bool, OnboardingItemOverdueEventPayload)' (but other parameters do) [B:\maliev\Maliev.MessagingContracts\generated\csharp\Maliev.MessagingContracts.csproj]
B:\maliev\Maliev.MessagingContracts\generated\csharp\Contracts\MessagingContracts.cs(3169,16): warning CS1573: Parameter 'MessageVersion' has no matching param tag in the XML comment for 'OnboardingItemOverdueEvent.OnboardingItemOverdueEvent(Guid, string, MessageType, string, string, IReadOnlyList<string>, Guid, Guid?, DateTimeOffset, bool, OnboardingItemOverdueEventPayload)' (but other parameters do) [B:\maliev\Maliev.MessagingContracts\generated\csharp\Maliev.MessagingContracts.csproj]
B:\maliev\Maliev.MessagingContracts\generated\csharp\Contracts\MessagingContracts.cs(3170,16): warning CS1573: Parameter 'PublishedBy' has no matching param tag in the XML comment for 'OnboardingItemOverdueEvent.OnboardingItemOverdueEvent(Guid, string, MessageType, string, string, IReadOnlyList<string>, Guid, Guid?, DateTimeOffset, bool, OnboardingItemOverdueEventPayload)' (but other parameters do) [B:\maliev\Maliev.MessagingContracts\generated\csharp\Maliev.MessagingContracts.csproj]
B:\maliev\Maliev.MessagingContracts\generated\csharp\Contracts\MessagingContracts.cs(3171,58): warning CS1573: Parameter 'ConsumedBy' has no matching param tag in the XML comment for 'OnboardingItemOverdueEvent.OnboardingItemOverdueEvent(Guid, string, MessageType, string, string, IReadOnlyList<string>, Guid, Guid?, DateTimeOffset, bool, OnboardingItemOverdueEventPayload)' (but other parameters do) [B:\maliev\Maliev.MessagingContracts\generated\csharp\Maliev.MessagingContracts.csproj]
B:\maliev\Maliev.MessagingContracts\generated\csharp\Contracts\MessagingContracts.cs(3172,21): warning CS1573: Parameter 'CorrelationId' has no matching param tag in the XML comment for 'OnboardingItemOverdueEvent.OnboardingItemOverdueEvent(Guid, string, MessageType, string, string, IReadOnlyList<string>, Guid, Guid?, DateTimeOffset, bool, OnboardingItemOverdueEventPayload)' (but other parameters do) [B:\maliev\Maliev.MessagingContracts\generated\csharp\Maliev.MessagingContracts.csproj]
B:\maliev\Maliev.MessagingContracts\generated\csharp\Contracts\MessagingContracts.cs(3173,22): warning CS1573: Parameter 'CausationId' has no matching param tag in the XML comment for 'OnboardingItemOverdueEvent.OnboardingItemOverdueEvent(Guid, string, MessageType, string, string, IReadOnlyList<string>, Guid, Guid?, DateTimeOffset, bool, OnboardingItemOverdueEventPayload)' (but other parameters do) [B:\maliev\Maliev.MessagingContracts\generated\csharp\Maliev.MessagingContracts.csproj]
B:\maliev\Maliev.MessagingContracts\generated\csharp\Contracts\MessagingContracts.cs(3174,31): warning CS1573: Parameter 'OccurredAtUtc' has no matching param tag in the XML comment for 'OnboardingItemOverdueEvent.OnboardingItemOverdueEvent(Guid, string, MessageType, string, string, IReadOnlyList<string>, Guid, Guid?, DateTimeOffset, bool, OnboardingItemOverdueEventPayload)' (but other parameters do) [B:\maliev\Maliev.MessagingContracts\generated\csharp\Maliev.MessagingContracts.csproj]
B:\maliev\Maliev.MessagingContracts\generated\csharp\Contracts\MessagingContracts.cs(3175,14): warning CS1573: Parameter 'IsPublic' has no matching param tag in the XML comment for 'OnboardingItemOverdueEvent.OnboardingItemOverdueEvent(Guid, string, MessageType, string, string, IReadOnlyList<string>, Guid, Guid?, DateTimeOffset, bool, OnboardingItemOverdueEventPayload)' (but other parameters do) [B:\maliev\Maliev.MessagingContracts\generated\csharp\Maliev.MessagingContracts.csproj]
B:\maliev\Maliev.MessagingContracts\generated\csharp\Contracts\MessagingContracts.cs(3201,21): warning CS1573: Parameter 'MessageId' has no matching param tag in the XML comment for 'AccessRevokedEvent.AccessRevokedEvent(Guid, string, MessageType, string, string, IReadOnlyList<string>, Guid, Guid?, DateTimeOffset, bool, AccessRevokedEventPayload)' (but other parameters do) [B:\maliev\Maliev.MessagingContracts\generated\csharp\Maliev.MessagingContracts.csproj]
B:\maliev\Maliev.MessagingContracts\generated\csharp\Contracts\MessagingContracts.cs(3202,16): warning CS1573: Parameter 'MessageName' has no matching param tag in the XML comment for 'AccessRevokedEvent.AccessRevokedEvent(Guid, string, MessageType, string, string, IReadOnlyList<string>, Guid, Guid?, DateTimeOffset, bool, AccessRevokedEventPayload)' (but other parameters do) [B:\maliev\Maliev.MessagingContracts\generated\csharp\Maliev.MessagingContracts.csproj]
B:\maliev\Maliev.MessagingContracts\generated\csharp\Contracts\MessagingContracts.cs(3203,21): warning CS1573: Parameter 'MessageType' has no matching param tag in the XML comment for 'AccessRevokedEvent.AccessRevokedEvent(Guid, string, MessageType, string, string, IReadOnlyList<string>, Guid, Guid?, DateTimeOffset, bool, AccessRevokedEventPayload)' (but other parameters do) [B:\maliev\Maliev.MessagingContracts\generated\csharp\Maliev.MessagingContracts.csproj]
B:\maliev\Maliev.MessagingContracts\generated\csharp\Contracts\MessagingContracts.cs(3204,16): warning CS1573: Parameter 'MessageVersion' has no matching param tag in the XML comment for 'AccessRevokedEvent.AccessRevokedEvent(Guid, string, MessageType, string, string, IReadOnlyList<string>, Guid, Guid?, DateTimeOffset, bool, AccessRevokedEventPayload)' (but other parameters do) [B:\maliev\Maliev.MessagingContracts\generated\csharp\Maliev.MessagingContracts.csproj]
B:\maliev\Maliev.MessagingContracts\generated\csharp\Contracts\MessagingContracts.cs(3205,16): warning CS1573: Parameter 'PublishedBy' has no matching param tag in the XML comment for 'AccessRevokedEvent.AccessRevokedEvent(Guid, string, MessageType, string, string, IReadOnlyList<string>, Guid, Guid?, DateTimeOffset, bool, AccessRevokedEventPayload)' (but other parameters do) [B:\maliev\Maliev.MessagingContracts\generated\csharp\Maliev.MessagingContracts.csproj]
B:\maliev\Maliev.MessagingContracts\generated\csharp\Contracts\MessagingContracts.cs(3206,58): warning CS1573: Parameter 'ConsumedBy' has no matching param tag in the XML comment for 'AccessRevokedEvent.AccessRevokedEvent(Guid, string, MessageType, string, string, IReadOnlyList<string>, Guid, Guid?, DateTimeOffset, bool, AccessRevokedEventPayload)' (but other parameters do) [B:\maliev\Maliev.MessagingContracts\generated\csharp\Maliev.MessagingContracts.csproj]
B:\maliev\Maliev.MessagingContracts\generated\csharp\Contracts\MessagingContracts.cs(3207,21): warning CS1573: Parameter 'CorrelationId' has no matching param tag in the XML comment for 'AccessRevokedEvent.AccessRevokedEvent(Guid, string, MessageType, string, string, IReadOnlyList<string>, Guid, Guid?, DateTimeOffset, bool, AccessRevokedEventPayload)' (but other parameters do) [B:\maliev\Maliev.MessagingContracts\generated\csharp\Maliev.MessagingContracts.csproj]
B:\maliev\Maliev.MessagingContracts\generated\csharp\Contracts\MessagingContracts.cs(3208,22): warning CS1573: Parameter 'CausationId' has no matching param tag in the XML comment for 'AccessRevokedEvent.AccessRevokedEvent(Guid, string, MessageType, string, string, IReadOnlyList<string>, Guid, Guid?, DateTimeOffset, bool, AccessRevokedEventPayload)' (but other parameters do) [B:\maliev\Maliev.MessagingContracts\generated\csharp\Maliev.MessagingContracts.csproj]
B:\maliev\Maliev.MessagingContracts\generated\csharp\Contracts\MessagingContracts.cs(3209,31): warning CS1573: Parameter 'OccurredAtUtc' has no matching param tag in the XML comment for 'AccessRevokedEvent.AccessRevokedEvent(Guid, string, MessageType, string, string, IReadOnlyList<string>, Guid, Guid?, DateTimeOffset, bool, AccessRevokedEventPayload)' (but other parameters do) [B:\maliev\Maliev.MessagingContracts\generated\csharp\Maliev.MessagingContracts.csproj]
B:\maliev\Maliev.MessagingContracts\generated\csharp\Contracts\MessagingContracts.cs(3210,14): warning CS1573: Parameter 'IsPublic' has no matching param tag in the XML comment for 'AccessRevokedEvent.AccessRevokedEvent(Guid, string, MessageType, string, string, IReadOnlyList<string>, Guid, Guid?, DateTimeOffset, bool, AccessRevokedEventPayload)' (but other parameters do) [B:\maliev\Maliev.MessagingContracts\generated\csharp\Maliev.MessagingContracts.csproj]
B:\maliev\Maliev.MessagingContracts\generated\csharp\Contracts\MessagingContracts.cs(3233,73): warning CS1573: Parameter 'CreatedAt' has no matching param tag in the XML comment for 'MaterialCreatedEventPayload.MaterialCreatedEventPayload(Guid, string, string, double, int, DateTimeOffset)' (but other parameters do) [B:\maliev\Maliev.MessagingContracts\generated\csharp\Maliev.MessagingContracts.csproj]
B:\maliev\Maliev.MessagingContracts\generated\csharp\Contracts\MessagingContracts.cs(3245,21): warning CS1573: Parameter 'MessageId' has no matching param tag in the XML comment for 'MaterialCreatedEvent.MaterialCreatedEvent(Guid, string, MessageType, string, string, IReadOnlyList<string>, Guid, Guid?, DateTimeOffset, bool, MaterialCreatedEventPayload)' (but other parameters do) [B:\maliev\Maliev.MessagingContracts\generated\csharp\Maliev.MessagingContracts.csproj]
B:\maliev\Maliev.MessagingContracts\generated\csharp\Contracts\MessagingContracts.cs(3246,16): warning CS1573: Parameter 'MessageName' has no matching param tag in the XML comment for 'MaterialCreatedEvent.MaterialCreatedEvent(Guid, string, MessageType, string, string, IReadOnlyList<string>, Guid, Guid?, DateTimeOffset, bool, MaterialCreatedEventPayload)' (but other parameters do) [B:\maliev\Maliev.MessagingContracts\generated\csharp\Maliev.MessagingContracts.csproj]
B:\maliev\Maliev.MessagingContracts\generated\csharp\Contracts\MessagingContracts.cs(3247,21): warning CS1573: Parameter 'MessageType' has no matching param tag in the XML comment for 'MaterialCreatedEvent.MaterialCreatedEvent(Guid, string, MessageType, string, string, IReadOnlyList<string>, Guid, Guid?, DateTimeOffset, bool, MaterialCreatedEventPayload)' (but other parameters do) [B:\maliev\Maliev.MessagingContracts\generated\csharp\Maliev.MessagingContracts.csproj]
B:\maliev\Maliev.MessagingContracts\generated\csharp\Contracts\MessagingContracts.cs(3248,16): warning CS1573: Parameter 'MessageVersion' has no matching param tag in the XML comment for 'MaterialCreatedEvent.MaterialCreatedEvent(Guid, string, MessageType, string, string, IReadOnlyList<string>, Guid, Guid?, DateTimeOffset, bool, MaterialCreatedEventPayload)' (but other parameters do) [B:\maliev\Maliev.MessagingContracts\generated\csharp\Maliev.MessagingContracts.csproj]
B:\maliev\Maliev.MessagingContracts\generated\csharp\Contracts\MessagingContracts.cs(3249,16): warning CS1573: Parameter 'PublishedBy' has no matching param tag in the XML comment for 'MaterialCreatedEvent.MaterialCreatedEvent(Guid, string, MessageType, string, string, IReadOnlyList<string>, Guid, Guid?, DateTimeOffset, bool, MaterialCreatedEventPayload)' (but other parameters do) [B:\maliev\Maliev.MessagingContracts\generated\csharp\Maliev.MessagingContracts.csproj]
B:\maliev\Maliev.MessagingContracts\generated\csharp\Contracts\MessagingContracts.cs(3250,58): warning CS1573: Parameter 'ConsumedBy' has no matching param tag in the XML comment for 'MaterialCreatedEvent.MaterialCreatedEvent(Guid, string, MessageType, string, string, IReadOnlyList<string>, Guid, Guid?, DateTimeOffset, bool, MaterialCreatedEventPayload)' (but other parameters do) [B:\maliev\Maliev.MessagingContracts\generated\csharp\Maliev.MessagingContracts.csproj]
B:\maliev\Maliev.MessagingContracts\generated\csharp\Contracts\MessagingContracts.cs(3251,21): warning CS1573: Parameter 'CorrelationId' has no matching param tag in the XML comment for 'MaterialCreatedEvent.MaterialCreatedEvent(Guid, string, MessageType, string, string, IReadOnlyList<string>, Guid, Guid?, DateTimeOffset, bool, MaterialCreatedEventPayload)' (but other parameters do) [B:\maliev\Maliev.MessagingContracts\generated\csharp\Maliev.MessagingContracts.csproj]
B:\maliev\Maliev.MessagingContracts\generated\csharp\Contracts\MessagingContracts.cs(3252,22): warning CS1573: Parameter 'CausationId' has no matching param tag in the XML comment for 'MaterialCreatedEvent.MaterialCreatedEvent(Guid, string, MessageType, string, string, IReadOnlyList<string>, Guid, Guid?, DateTimeOffset, bool, MaterialCreatedEventPayload)' (but other parameters do) [B:\maliev\Maliev.MessagingContracts\generated\csharp\Maliev.MessagingContracts.csproj]
B:\maliev\Maliev.MessagingContracts\generated\csharp\Contracts\MessagingContracts.cs(3253,31): warning CS1573: Parameter 'OccurredAtUtc' has no matching param tag in the XML comment for 'MaterialCreatedEvent.MaterialCreatedEvent(Guid, string, MessageType, string, string, IReadOnlyList<string>, Guid, Guid?, DateTimeOffset, bool, MaterialCreatedEventPayload)' (but other parameters do) [B:\maliev\Maliev.MessagingContracts\generated\csharp\Maliev.MessagingContracts.csproj]
B:\maliev\Maliev.MessagingContracts\generated\csharp\Contracts\MessagingContracts.cs(3254,14): warning CS1573: Parameter 'IsPublic' has no matching param tag in the XML comment for 'MaterialCreatedEvent.MaterialCreatedEvent(Guid, string, MessageType, string, string, IReadOnlyList<string>, Guid, Guid?, DateTimeOffset, bool, MaterialCreatedEventPayload)' (but other parameters do) [B:\maliev\Maliev.MessagingContracts\generated\csharp\Maliev.MessagingContracts.csproj]
B:\maliev\Maliev.MessagingContracts\generated\csharp\Contracts\MessagingContracts.cs(3274,73): warning CS1573: Parameter 'UpdatedAt' has no matching param tag in the XML comment for 'MaterialUpdatedEventPayload.MaterialUpdatedEventPayload(Guid, string, string, DateTimeOffset, int)' (but other parameters do) [B:\maliev\Maliev.MessagingContracts\generated\csharp\Maliev.MessagingContracts.csproj]
B:\maliev\Maliev.MessagingContracts\generated\csharp\Contracts\MessagingContracts.cs(3287,21): warning CS1573: Parameter 'MessageId' has no matching param tag in the XML comment for 'MaterialUpdatedEvent.MaterialUpdatedEvent(Guid, string, MessageType, string, string, IReadOnlyList<string>, Guid, Guid?, DateTimeOffset, bool, MaterialUpdatedEventPayload)' (but other parameters do) [B:\maliev\Maliev.MessagingContracts\generated\csharp\Maliev.MessagingContracts.csproj]
B:\maliev\Maliev.MessagingContracts\generated\csharp\Contracts\MessagingContracts.cs(3288,16): warning CS1573: Parameter 'MessageName' has no matching param tag in the XML comment for 'MaterialUpdatedEvent.MaterialUpdatedEvent(Guid, string, MessageType, string, string, IReadOnlyList<string>, Guid, Guid?, DateTimeOffset, bool, MaterialUpdatedEventPayload)' (but other parameters do) [B:\maliev\Maliev.MessagingContracts\generated\csharp\Maliev.MessagingContracts.csproj]
B:\maliev\Maliev.MessagingContracts\generated\csharp\Contracts\MessagingContracts.cs(3289,21): warning CS1573: Parameter 'MessageType' has no matching param tag in the XML comment for 'MaterialUpdatedEvent.MaterialUpdatedEvent(Guid, string, MessageType, string, string, IReadOnlyList<string>, Guid, Guid?, DateTimeOffset, bool, MaterialUpdatedEventPayload)' (but other parameters do) [B:\maliev\Maliev.MessagingContracts\generated\csharp\Maliev.MessagingContracts.csproj]
B:\maliev\Maliev.MessagingContracts\generated\csharp\Contracts\MessagingContracts.cs(3290,16): warning CS1573: Parameter 'MessageVersion' has no matching param tag in the XML comment for 'MaterialUpdatedEvent.MaterialUpdatedEvent(Guid, string, MessageType, string, string, IReadOnlyList<string>, Guid, Guid?, DateTimeOffset, bool, MaterialUpdatedEventPayload)' (but other parameters do) [B:\maliev\Maliev.MessagingContracts\generated\csharp\Maliev.MessagingContracts.csproj]
B:\maliev\Maliev.MessagingContracts\generated\csharp\Contracts\MessagingContracts.cs(3291,16): warning CS1573: Parameter 'PublishedBy' has no matching param tag in the XML comment for 'MaterialUpdatedEvent.MaterialUpdatedEvent(Guid, string, MessageType, string, string, IReadOnlyList<string>, Guid, Guid?, DateTimeOffset, bool, MaterialUpdatedEventPayload)' (but other parameters do) [B:\maliev\Maliev.MessagingContracts\generated\csharp\Maliev.MessagingContracts.csproj]
B:\maliev\Maliev.MessagingContracts\generated\csharp\Contracts\MessagingContracts.cs(3292,58): warning CS1573: Parameter 'ConsumedBy' has no matching param tag in the XML comment for 'MaterialUpdatedEvent.MaterialUpdatedEvent(Guid, string, MessageType, string, string, IReadOnlyList<string>, Guid, Guid?, DateTimeOffset, bool, MaterialUpdatedEventPayload)' (but other parameters do) [B:\maliev\Maliev.MessagingContracts\generated\csharp\Maliev.MessagingContracts.csproj]
B:\maliev\Maliev.MessagingContracts\generated\csharp\Contracts\MessagingContracts.cs(3293,21): warning CS1573: Parameter 'CorrelationId' has no matching param tag in the XML comment for 'MaterialUpdatedEvent.MaterialUpdatedEvent(Guid, string, MessageType, string, string, IReadOnlyList<string>, Guid, Guid?, DateTimeOffset, bool, MaterialUpdatedEventPayload)' (but other parameters do) [B:\maliev\Maliev.MessagingContracts\generated\csharp\Maliev.MessagingContracts.csproj]
B:\maliev\Maliev.MessagingContracts\generated\csharp\Contracts\MessagingContracts.cs(3294,22): warning CS1573: Parameter 'CausationId' has no matching param tag in the XML comment for 'MaterialUpdatedEvent.MaterialUpdatedEvent(Guid, string, MessageType, string, string, IReadOnlyList<string>, Guid, Guid?, DateTimeOffset, bool, MaterialUpdatedEventPayload)' (but other parameters do) [B:\maliev\Maliev.MessagingContracts\generated\csharp\Maliev.MessagingContracts.csproj]
B:\maliev\Maliev.MessagingContracts\generated\csharp\Contracts\MessagingContracts.cs(3295,31): warning CS1573: Parameter 'OccurredAtUtc' has no matching param tag in the XML comment for 'MaterialUpdatedEvent.MaterialUpdatedEvent(Guid, string, MessageType, string, string, IReadOnlyList<string>, Guid, Guid?, DateTimeOffset, bool, MaterialUpdatedEventPayload)' (but other parameters do) [B:\maliev\Maliev.MessagingContracts\generated\csharp\Maliev.MessagingContracts.csproj]
B:\maliev\Maliev.MessagingContracts\generated\csharp\Contracts\MessagingContracts.cs(3296,14): warning CS1573: Parameter 'IsPublic' has no matching param tag in the XML comment for 'MaterialUpdatedEvent.MaterialUpdatedEvent(Guid, string, MessageType, string, string, IReadOnlyList<string>, Guid, Guid?, DateTimeOffset, bool, MaterialUpdatedEventPayload)' (but other parameters do) [B:\maliev\Maliev.MessagingContracts\generated\csharp\Maliev.MessagingContracts.csproj]
B:\maliev\Maliev.MessagingContracts\generated\csharp\Contracts\MessagingContracts.cs(3324,21): warning CS1573: Parameter 'MessageId' has no matching param tag in the XML comment for 'MaterialDiscontinuedEvent.MaterialDiscontinuedEvent(Guid, string, MessageType, string, string, IReadOnlyList<string>, Guid, Guid?, DateTimeOffset, bool, MaterialDiscontinuedEventPayload)' (but other parameters do) [B:\maliev\Maliev.MessagingContracts\generated\csharp\Maliev.MessagingContracts.csproj]
B:\maliev\Maliev.MessagingContracts\generated\csharp\Contracts\MessagingContracts.cs(3325,16): warning CS1573: Parameter 'MessageName' has no matching param tag in the XML comment for 'MaterialDiscontinuedEvent.MaterialDiscontinuedEvent(Guid, string, MessageType, string, string, IReadOnlyList<string>, Guid, Guid?, DateTimeOffset, bool, MaterialDiscontinuedEventPayload)' (but other parameters do) [B:\maliev\Maliev.MessagingContracts\generated\csharp\Maliev.MessagingContracts.csproj]
B:\maliev\Maliev.MessagingContracts\generated\csharp\Contracts\MessagingContracts.cs(3326,21): warning CS1573: Parameter 'MessageType' has no matching param tag in the XML comment for 'MaterialDiscontinuedEvent.MaterialDiscontinuedEvent(Guid, string, MessageType, string, string, IReadOnlyList<string>, Guid, Guid?, DateTimeOffset, bool, MaterialDiscontinuedEventPayload)' (but other parameters do) [B:\maliev\Maliev.MessagingContracts\generated\csharp\Maliev.MessagingContracts.csproj]
B:\maliev\Maliev.MessagingContracts\generated\csharp\Contracts\MessagingContracts.cs(3327,16): warning CS1573: Parameter 'MessageVersion' has no matching param tag in the XML comment for 'MaterialDiscontinuedEvent.MaterialDiscontinuedEvent(Guid, string, MessageType, string, string, IReadOnlyList<string>, Guid, Guid?, DateTimeOffset, bool, MaterialDiscontinuedEventPayload)' (but other parameters do) [B:\maliev\Maliev.MessagingContracts\generated\csharp\Maliev.MessagingContracts.csproj]
B:\maliev\Maliev.MessagingContracts\generated\csharp\Contracts\MessagingContracts.cs(3328,16): warning CS1573: Parameter 'PublishedBy' has no matching param tag in the XML comment for 'MaterialDiscontinuedEvent.MaterialDiscontinuedEvent(Guid, string, MessageType, string, string, IReadOnlyList<string>, Guid, Guid?, DateTimeOffset, bool, MaterialDiscontinuedEventPayload)' (but other parameters do) [B:\maliev\Maliev.MessagingContracts\generated\csharp\Maliev.MessagingContracts.csproj]
B:\maliev\Maliev.MessagingContracts\generated\csharp\Contracts\MessagingContracts.cs(3329,58): warning CS1573: Parameter 'ConsumedBy' has no matching param tag in the XML comment for 'MaterialDiscontinuedEvent.MaterialDiscontinuedEvent(Guid, string, MessageType, string, string, IReadOnlyList<string>, Guid, Guid?, DateTimeOffset, bool, MaterialDiscontinuedEventPayload)' (but other parameters do) [B:\maliev\Maliev.MessagingContracts\generated\csharp\Maliev.MessagingContracts.csproj]
B:\maliev\Maliev.MessagingContracts\generated\csharp\Contracts\MessagingContracts.cs(3330,21): warning CS1573: Parameter 'CorrelationId' has no matching param tag in the XML comment for 'MaterialDiscontinuedEvent.MaterialDiscontinuedEvent(Guid, string, MessageType, string, string, IReadOnlyList<string>, Guid, Guid?, DateTimeOffset, bool, MaterialDiscontinuedEventPayload)' (but other parameters do) [B:\maliev\Maliev.MessagingContracts\generated\csharp\Maliev.MessagingContracts.csproj]
B:\maliev\Maliev.MessagingContracts\generated\csharp\Contracts\MessagingContracts.cs(3331,22): warning CS1573: Parameter 'CausationId' has no matching param tag in the XML comment for 'MaterialDiscontinuedEvent.MaterialDiscontinuedEvent(Guid, string, MessageType, string, string, IReadOnlyList<string>, Guid, Guid?, DateTimeOffset, bool, MaterialDiscontinuedEventPayload)' (but other parameters do) [B:\maliev\Maliev.MessagingContracts\generated\csharp\Maliev.MessagingContracts.csproj]
B:\maliev\Maliev.MessagingContracts\generated\csharp\Contracts\MessagingContracts.cs(3332,31): warning CS1573: Parameter 'OccurredAtUtc' has no matching param tag in the XML comment for 'MaterialDiscontinuedEvent.MaterialDiscontinuedEvent(Guid, string, MessageType, string, string, IReadOnlyList<string>, Guid, Guid?, DateTimeOffset, bool, MaterialDiscontinuedEventPayload)' (but other parameters do) [B:\maliev\Maliev.MessagingContracts\generated\csharp\Maliev.MessagingContracts.csproj]
B:\maliev\Maliev.MessagingContracts\generated\csharp\Contracts\MessagingContracts.cs(3333,14): warning CS1573: Parameter 'IsPublic' has no matching param tag in the XML comment for 'MaterialDiscontinuedEvent.MaterialDiscontinuedEvent(Guid, string, MessageType, string, string, IReadOnlyList<string>, Guid, Guid?, DateTimeOffset, bool, MaterialDiscontinuedEventPayload)' (but other parameters do) [B:\maliev\Maliev.MessagingContracts\generated\csharp\Maliev.MessagingContracts.csproj]
B:\maliev\Maliev.MessagingContracts\generated\csharp\Contracts\MessagingContracts.cs(3359,19): warning CS1591: Missing XML comment for publicly visible type or member 'CreateOrderCommand' [B:\maliev\Maliev.MessagingContracts\generated\csharp\Maliev.MessagingContracts.csproj]
B:\maliev\Maliev.MessagingContracts\generated\csharp\Contracts\MessagingContracts.cs(3359,19): warning CS1591: Missing XML comment for publicly visible type or member 'CreateOrderCommand.CreateOrderCommand(Guid, string, MessageType, string, string, IReadOnlyList<string>, Guid, Guid?, DateTimeOffset, bool, CreateOrderCommandPayload)' [B:\maliev\Maliev.MessagingContracts\generated\csharp\Maliev.MessagingContracts.csproj]
B:\maliev\Maliev.MessagingContracts\generated\csharp\Contracts\MessagingContracts.cs(3370,75): warning CS1591: Missing XML comment for publicly visible type or member 'CreateOrderCommand.Payload' [B:\maliev\Maliev.MessagingContracts\generated\csharp\Maliev.MessagingContracts.csproj]
B:\maliev\Maliev.MessagingContracts\generated\csharp\Contracts\MessagingContracts.cs(3401,21): warning CS1573: Parameter 'MessageId' has no matching param tag in the XML comment for 'OrderCreatedEvent.OrderCreatedEvent(Guid, string, MessageType, string, string, IReadOnlyList<string>, Guid, Guid?, DateTimeOffset, bool, OrderCreatedEventPayload)' (but other parameters do) [B:\maliev\Maliev.MessagingContracts\generated\csharp\Maliev.MessagingContracts.csproj]
B:\maliev\Maliev.MessagingContracts\generated\csharp\Contracts\MessagingContracts.cs(3402,16): warning CS1573: Parameter 'MessageName' has no matching param tag in the XML comment for 'OrderCreatedEvent.OrderCreatedEvent(Guid, string, MessageType, string, string, IReadOnlyList<string>, Guid, Guid?, DateTimeOffset, bool, OrderCreatedEventPayload)' (but other parameters do) [B:\maliev\Maliev.MessagingContracts\generated\csharp\Maliev.MessagingContracts.csproj]
B:\maliev\Maliev.MessagingContracts\generated\csharp\Contracts\MessagingContracts.cs(3403,21): warning CS1573: Parameter 'MessageType' has no matching param tag in the XML comment for 'OrderCreatedEvent.OrderCreatedEvent(Guid, string, MessageType, string, string, IReadOnlyList<string>, Guid, Guid?, DateTimeOffset, bool, OrderCreatedEventPayload)' (but other parameters do) [B:\maliev\Maliev.MessagingContracts\generated\csharp\Maliev.MessagingContracts.csproj]
B:\maliev\Maliev.MessagingContracts\generated\csharp\Contracts\MessagingContracts.cs(3404,16): warning CS1573: Parameter 'MessageVersion' has no matching param tag in the XML comment for 'OrderCreatedEvent.OrderCreatedEvent(Guid, string, MessageType, string, string, IReadOnlyList<string>, Guid, Guid?, DateTimeOffset, bool, OrderCreatedEventPayload)' (but other parameters do) [B:\maliev\Maliev.MessagingContracts\generated\csharp\Maliev.MessagingContracts.csproj]
B:\maliev\Maliev.MessagingContracts\generated\csharp\Contracts\MessagingContracts.cs(3405,16): warning CS1573: Parameter 'PublishedBy' has no matching param tag in the XML comment for 'OrderCreatedEvent.OrderCreatedEvent(Guid, string, MessageType, string, string, IReadOnlyList<string>, Guid, Guid?, DateTimeOffset, bool, OrderCreatedEventPayload)' (but other parameters do) [B:\maliev\Maliev.MessagingContracts\generated\csharp\Maliev.MessagingContracts.csproj]
B:\maliev\Maliev.MessagingContracts\generated\csharp\Contracts\MessagingContracts.cs(3406,58): warning CS1573: Parameter 'ConsumedBy' has no matching param tag in the XML comment for 'OrderCreatedEvent.OrderCreatedEvent(Guid, string, MessageType, string, string, IReadOnlyList<string>, Guid, Guid?, DateTimeOffset, bool, OrderCreatedEventPayload)' (but other parameters do) [B:\maliev\Maliev.MessagingContracts\generated\csharp\Maliev.MessagingContracts.csproj]
B:\maliev\Maliev.MessagingContracts\generated\csharp\Contracts\MessagingContracts.cs(3407,21): warning CS1573: Parameter 'CorrelationId' has no matching param tag in the XML comment for 'OrderCreatedEvent.OrderCreatedEvent(Guid, string, MessageType, string, string, IReadOnlyList<string>, Guid, Guid?, DateTimeOffset, bool, OrderCreatedEventPayload)' (but other parameters do) [B:\maliev\Maliev.MessagingContracts\generated\csharp\Maliev.MessagingContracts.csproj]
B:\maliev\Maliev.MessagingContracts\generated\csharp\Contracts\MessagingContracts.cs(3408,22): warning CS1573: Parameter 'CausationId' has no matching param tag in the XML comment for 'OrderCreatedEvent.OrderCreatedEvent(Guid, string, MessageType, string, string, IReadOnlyList<string>, Guid, Guid?, DateTimeOffset, bool, OrderCreatedEventPayload)' (but other parameters do) [B:\maliev\Maliev.MessagingContracts\generated\csharp\Maliev.MessagingContracts.csproj]
B:\maliev\Maliev.MessagingContracts\generated\csharp\Contracts\MessagingContracts.cs(3409,31): warning CS1573: Parameter 'OccurredAtUtc' has no matching param tag in the XML comment for 'OrderCreatedEvent.OrderCreatedEvent(Guid, string, MessageType, string, string, IReadOnlyList<string>, Guid, Guid?, DateTimeOffset, bool, OrderCreatedEventPayload)' (but other parameters do) [B:\maliev\Maliev.MessagingContracts\generated\csharp\Maliev.MessagingContracts.csproj]
B:\maliev\Maliev.MessagingContracts\generated\csharp\Contracts\MessagingContracts.cs(3410,14): warning CS1573: Parameter 'IsPublic' has no matching param tag in the XML comment for 'OrderCreatedEvent.OrderCreatedEvent(Guid, string, MessageType, string, string, IReadOnlyList<string>, Guid, Guid?, DateTimeOffset, bool, OrderCreatedEventPayload)' (but other parameters do) [B:\maliev\Maliev.MessagingContracts\generated\csharp\Maliev.MessagingContracts.csproj]
B:\maliev\Maliev.MessagingContracts\generated\csharp\Contracts\MessagingContracts.cs(3441,21): warning CS1573: Parameter 'MessageId' has no matching param tag in the XML comment for 'OrderStatusChangedEvent.OrderStatusChangedEvent(Guid, string, MessageType, string, string, IReadOnlyList<string>, Guid, Guid?, DateTimeOffset, bool, OrderStatusChangedEventPayload)' (but other parameters do) [B:\maliev\Maliev.MessagingContracts\generated\csharp\Maliev.MessagingContracts.csproj]
B:\maliev\Maliev.MessagingContracts\generated\csharp\Contracts\MessagingContracts.cs(3442,16): warning CS1573: Parameter 'MessageName' has no matching param tag in the XML comment for 'OrderStatusChangedEvent.OrderStatusChangedEvent(Guid, string, MessageType, string, string, IReadOnlyList<string>, Guid, Guid?, DateTimeOffset, bool, OrderStatusChangedEventPayload)' (but other parameters do) [B:\maliev\Maliev.MessagingContracts\generated\csharp\Maliev.MessagingContracts.csproj]
B:\maliev\Maliev.MessagingContracts\generated\csharp\Contracts\MessagingContracts.cs(3443,21): warning CS1573: Parameter 'MessageType' has no matching param tag in the XML comment for 'OrderStatusChangedEvent.OrderStatusChangedEvent(Guid, string, MessageType, string, string, IReadOnlyList<string>, Guid, Guid?, DateTimeOffset, bool, OrderStatusChangedEventPayload)' (but other parameters do) [B:\maliev\Maliev.MessagingContracts\generated\csharp\Maliev.MessagingContracts.csproj]
B:\maliev\Maliev.MessagingContracts\generated\csharp\Contracts\MessagingContracts.cs(3444,16): warning CS1573: Parameter 'MessageVersion' has no matching param tag in the XML comment for 'OrderStatusChangedEvent.OrderStatusChangedEvent(Guid, string, MessageType, string, string, IReadOnlyList<string>, Guid, Guid?, DateTimeOffset, bool, OrderStatusChangedEventPayload)' (but other parameters do) [B:\maliev\Maliev.MessagingContracts\generated\csharp\Maliev.MessagingContracts.csproj]
B:\maliev\Maliev.MessagingContracts\generated\csharp\Contracts\MessagingContracts.cs(3445,16): warning CS1573: Parameter 'PublishedBy' has no matching param tag in the XML comment for 'OrderStatusChangedEvent.OrderStatusChangedEvent(Guid, string, MessageType, string, string, IReadOnlyList<string>, Guid, Guid?, DateTimeOffset, bool, OrderStatusChangedEventPayload)' (but other parameters do) [B:\maliev\Maliev.MessagingContracts\generated\csharp\Maliev.MessagingContracts.csproj]
B:\maliev\Maliev.MessagingContracts\generated\csharp\Contracts\MessagingContracts.cs(3446,58): warning CS1573: Parameter 'ConsumedBy' has no matching param tag in the XML comment for 'OrderStatusChangedEvent.OrderStatusChangedEvent(Guid, string, MessageType, string, string, IReadOnlyList<string>, Guid, Guid?, DateTimeOffset, bool, OrderStatusChangedEventPayload)' (but other parameters do) [B:\maliev\Maliev.MessagingContracts\generated\csharp\Maliev.MessagingContracts.csproj]
B:\maliev\Maliev.MessagingContracts\generated\csharp\Contracts\MessagingContracts.cs(3447,21): warning CS1573: Parameter 'CorrelationId' has no matching param tag in the XML comment for 'OrderStatusChangedEvent.OrderStatusChangedEvent(Guid, string, MessageType, string, string, IReadOnlyList<string>, Guid, Guid?, DateTimeOffset, bool, OrderStatusChangedEventPayload)' (but other parameters do) [B:\maliev\Maliev.MessagingContracts\generated\csharp\Maliev.MessagingContracts.csproj]
B:\maliev\Maliev.MessagingContracts\generated\csharp\Contracts\MessagingContracts.cs(3448,22): warning CS1573: Parameter 'CausationId' has no matching param tag in the XML comment for 'OrderStatusChangedEvent.OrderStatusChangedEvent(Guid, string, MessageType, string, string, IReadOnlyList<string>, Guid, Guid?, DateTimeOffset, bool, OrderStatusChangedEventPayload)' (but other parameters do) [B:\maliev\Maliev.MessagingContracts\generated\csharp\Maliev.MessagingContracts.csproj]
B:\maliev\Maliev.MessagingContracts\generated\csharp\Contracts\MessagingContracts.cs(3449,31): warning CS1573: Parameter 'OccurredAtUtc' has no matching param tag in the XML comment for 'OrderStatusChangedEvent.OrderStatusChangedEvent(Guid, string, MessageType, string, string, IReadOnlyList<string>, Guid, Guid?, DateTimeOffset, bool, OrderStatusChangedEventPayload)' (but other parameters do) [B:\maliev\Maliev.MessagingContracts\generated\csharp\Maliev.MessagingContracts.csproj]
B:\maliev\Maliev.MessagingContracts\generated\csharp\Contracts\MessagingContracts.cs(3450,14): warning CS1573: Parameter 'IsPublic' has no matching param tag in the XML comment for 'OrderStatusChangedEvent.OrderStatusChangedEvent(Guid, string, MessageType, string, string, IReadOnlyList<string>, Guid, Guid?, DateTimeOffset, bool, OrderStatusChangedEventPayload)' (but other parameters do) [B:\maliev\Maliev.MessagingContracts\generated\csharp\Maliev.MessagingContracts.csproj]
B:\maliev\Maliev.MessagingContracts\generated\csharp\Contracts\MessagingContracts.cs(3481,21): warning CS1573: Parameter 'MessageId' has no matching param tag in the XML comment for 'OrderQuotedEvent.OrderQuotedEvent(Guid, string, MessageType, string, string, IReadOnlyList<string>, Guid, Guid?, DateTimeOffset, bool, OrderQuotedEventPayload)' (but other parameters do) [B:\maliev\Maliev.MessagingContracts\generated\csharp\Maliev.MessagingContracts.csproj]
B:\maliev\Maliev.MessagingContracts\generated\csharp\Contracts\MessagingContracts.cs(3482,16): warning CS1573: Parameter 'MessageName' has no matching param tag in the XML comment for 'OrderQuotedEvent.OrderQuotedEvent(Guid, string, MessageType, string, string, IReadOnlyList<string>, Guid, Guid?, DateTimeOffset, bool, OrderQuotedEventPayload)' (but other parameters do) [B:\maliev\Maliev.MessagingContracts\generated\csharp\Maliev.MessagingContracts.csproj]
B:\maliev\Maliev.MessagingContracts\generated\csharp\Contracts\MessagingContracts.cs(3483,21): warning CS1573: Parameter 'MessageType' has no matching param tag in the XML comment for 'OrderQuotedEvent.OrderQuotedEvent(Guid, string, MessageType, string, string, IReadOnlyList<string>, Guid, Guid?, DateTimeOffset, bool, OrderQuotedEventPayload)' (but other parameters do) [B:\maliev\Maliev.MessagingContracts\generated\csharp\Maliev.MessagingContracts.csproj]
B:\maliev\Maliev.MessagingContracts\generated\csharp\Contracts\MessagingContracts.cs(3484,16): warning CS1573: Parameter 'MessageVersion' has no matching param tag in the XML comment for 'OrderQuotedEvent.OrderQuotedEvent(Guid, string, MessageType, string, string, IReadOnlyList<string>, Guid, Guid?, DateTimeOffset, bool, OrderQuotedEventPayload)' (but other parameters do) [B:\maliev\Maliev.MessagingContracts\generated\csharp\Maliev.MessagingContracts.csproj]
B:\maliev\Maliev.MessagingContracts\generated\csharp\Contracts\MessagingContracts.cs(3485,16): warning CS1573: Parameter 'PublishedBy' has no matching param tag in the XML comment for 'OrderQuotedEvent.OrderQuotedEvent(Guid, string, MessageType, string, string, IReadOnlyList<string>, Guid, Guid?, DateTimeOffset, bool, OrderQuotedEventPayload)' (but other parameters do) [B:\maliev\Maliev.MessagingContracts\generated\csharp\Maliev.MessagingContracts.csproj]
B:\maliev\Maliev.MessagingContracts\generated\csharp\Contracts\MessagingContracts.cs(3486,58): warning CS1573: Parameter 'ConsumedBy' has no matching param tag in the XML comment for 'OrderQuotedEvent.OrderQuotedEvent(Guid, string, MessageType, string, string, IReadOnlyList<string>, Guid, Guid?, DateTimeOffset, bool, OrderQuotedEventPayload)' (but other parameters do) [B:\maliev\Maliev.MessagingContracts\generated\csharp\Maliev.MessagingContracts.csproj]
B:\maliev\Maliev.MessagingContracts\generated\csharp\Contracts\MessagingContracts.cs(3487,21): warning CS1573: Parameter 'CorrelationId' has no matching param tag in the XML comment for 'OrderQuotedEvent.OrderQuotedEvent(Guid, string, MessageType, string, string, IReadOnlyList<string>, Guid, Guid?, DateTimeOffset, bool, OrderQuotedEventPayload)' (but other parameters do) [B:\maliev\Maliev.MessagingContracts\generated\csharp\Maliev.MessagingContracts.csproj]
B:\maliev\Maliev.MessagingContracts\generated\csharp\Contracts\MessagingContracts.cs(3488,22): warning CS1573: Parameter 'CausationId' has no matching param tag in the XML comment for 'OrderQuotedEvent.OrderQuotedEvent(Guid, string, MessageType, string, string, IReadOnlyList<string>, Guid, Guid?, DateTimeOffset, bool, OrderQuotedEventPayload)' (but other parameters do) [B:\maliev\Maliev.MessagingContracts\generated\csharp\Maliev.MessagingContracts.csproj]
B:\maliev\Maliev.MessagingContracts\generated\csharp\Contracts\MessagingContracts.cs(3489,31): warning CS1573: Parameter 'OccurredAtUtc' has no matching param tag in the XML comment for 'OrderQuotedEvent.OrderQuotedEvent(Guid, string, MessageType, string, string, IReadOnlyList<string>, Guid, Guid?, DateTimeOffset, bool, OrderQuotedEventPayload)' (but other parameters do) [B:\maliev\Maliev.MessagingContracts\generated\csharp\Maliev.MessagingContracts.csproj]
B:\maliev\Maliev.MessagingContracts\generated\csharp\Contracts\MessagingContracts.cs(3490,14): warning CS1573: Parameter 'IsPublic' has no matching param tag in the XML comment for 'OrderQuotedEvent.OrderQuotedEvent(Guid, string, MessageType, string, string, IReadOnlyList<string>, Guid, Guid?, DateTimeOffset, bool, OrderQuotedEventPayload)' (but other parameters do) [B:\maliev\Maliev.MessagingContracts\generated\csharp\Maliev.MessagingContracts.csproj]
B:\maliev\Maliev.MessagingContracts\generated\csharp\Contracts\MessagingContracts.cs(3520,21): warning CS1573: Parameter 'MessageId' has no matching param tag in the XML comment for 'OrderAcceptedEvent.OrderAcceptedEvent(Guid, string, MessageType, string, string, IReadOnlyList<string>, Guid, Guid?, DateTimeOffset, bool, OrderAcceptedEventPayload)' (but other parameters do) [B:\maliev\Maliev.MessagingContracts\generated\csharp\Maliev.MessagingContracts.csproj]
B:\maliev\Maliev.MessagingContracts\generated\csharp\Contracts\MessagingContracts.cs(3521,16): warning CS1573: Parameter 'MessageName' has no matching param tag in the XML comment for 'OrderAcceptedEvent.OrderAcceptedEvent(Guid, string, MessageType, string, string, IReadOnlyList<string>, Guid, Guid?, DateTimeOffset, bool, OrderAcceptedEventPayload)' (but other parameters do) [B:\maliev\Maliev.MessagingContracts\generated\csharp\Maliev.MessagingContracts.csproj]
B:\maliev\Maliev.MessagingContracts\generated\csharp\Contracts\MessagingContracts.cs(3522,21): warning CS1573: Parameter 'MessageType' has no matching param tag in the XML comment for 'OrderAcceptedEvent.OrderAcceptedEvent(Guid, string, MessageType, string, string, IReadOnlyList<string>, Guid, Guid?, DateTimeOffset, bool, OrderAcceptedEventPayload)' (but other parameters do) [B:\maliev\Maliev.MessagingContracts\generated\csharp\Maliev.MessagingContracts.csproj]
B:\maliev\Maliev.MessagingContracts\generated\csharp\Contracts\MessagingContracts.cs(3523,16): warning CS1573: Parameter 'MessageVersion' has no matching param tag in the XML comment for 'OrderAcceptedEvent.OrderAcceptedEvent(Guid, string, MessageType, string, string, IReadOnlyList<string>, Guid, Guid?, DateTimeOffset, bool, OrderAcceptedEventPayload)' (but other parameters do) [B:\maliev\Maliev.MessagingContracts\generated\csharp\Maliev.MessagingContracts.csproj]
B:\maliev\Maliev.MessagingContracts\generated\csharp\Contracts\MessagingContracts.cs(3524,16): warning CS1573: Parameter 'PublishedBy' has no matching param tag in the XML comment for 'OrderAcceptedEvent.OrderAcceptedEvent(Guid, string, MessageType, string, string, IReadOnlyList<string>, Guid, Guid?, DateTimeOffset, bool, OrderAcceptedEventPayload)' (but other parameters do) [B:\maliev\Maliev.MessagingContracts\generated\csharp\Maliev.MessagingContracts.csproj]
B:\maliev\Maliev.MessagingContracts\generated\csharp\Contracts\MessagingContracts.cs(3525,58): warning CS1573: Parameter 'ConsumedBy' has no matching param tag in the XML comment for 'OrderAcceptedEvent.OrderAcceptedEvent(Guid, string, MessageType, string, string, IReadOnlyList<string>, Guid, Guid?, DateTimeOffset, bool, OrderAcceptedEventPayload)' (but other parameters do) [B:\maliev\Maliev.MessagingContracts\generated\csharp\Maliev.MessagingContracts.csproj]
B:\maliev\Maliev.MessagingContracts\generated\csharp\Contracts\MessagingContracts.cs(3526,21): warning CS1573: Parameter 'CorrelationId' has no matching param tag in the XML comment for 'OrderAcceptedEvent.OrderAcceptedEvent(Guid, string, MessageType, string, string, IReadOnlyList<string>, Guid, Guid?, DateTimeOffset, bool, OrderAcceptedEventPayload)' (but other parameters do) [B:\maliev\Maliev.MessagingContracts\generated\csharp\Maliev.MessagingContracts.csproj]
B:\maliev\Maliev.MessagingContracts\generated\csharp\Contracts\MessagingContracts.cs(3527,22): warning CS1573: Parameter 'CausationId' has no matching param tag in the XML comment for 'OrderAcceptedEvent.OrderAcceptedEvent(Guid, string, MessageType, string, string, IReadOnlyList<string>, Guid, Guid?, DateTimeOffset, bool, OrderAcceptedEventPayload)' (but other parameters do) [B:\maliev\Maliev.MessagingContracts\generated\csharp\Maliev.MessagingContracts.csproj]
B:\maliev\Maliev.MessagingContracts\generated\csharp\Contracts\MessagingContracts.cs(3528,31): warning CS1573: Parameter 'OccurredAtUtc' has no matching param tag in the XML comment for 'OrderAcceptedEvent.OrderAcceptedEvent(Guid, string, MessageType, string, string, IReadOnlyList<string>, Guid, Guid?, DateTimeOffset, bool, OrderAcceptedEventPayload)' (but other parameters do) [B:\maliev\Maliev.MessagingContracts\generated\csharp\Maliev.MessagingContracts.csproj]
B:\maliev\Maliev.MessagingContracts\generated\csharp\Contracts\MessagingContracts.cs(3529,14): warning CS1573: Parameter 'IsPublic' has no matching param tag in the XML comment for 'OrderAcceptedEvent.OrderAcceptedEvent(Guid, string, MessageType, string, string, IReadOnlyList<string>, Guid, Guid?, DateTimeOffset, bool, OrderAcceptedEventPayload)' (but other parameters do) [B:\maliev\Maliev.MessagingContracts\generated\csharp\Maliev.MessagingContracts.csproj]
B:\maliev\Maliev.MessagingContracts\generated\csharp\Contracts\MessagingContracts.cs(3559,21): warning CS1573: Parameter 'MessageId' has no matching param tag in the XML comment for 'OrderPaidEvent.OrderPaidEvent(Guid, string, MessageType, string, string, IReadOnlyList<string>, Guid, Guid?, DateTimeOffset, bool, OrderPaidEventPayload)' (but other parameters do) [B:\maliev\Maliev.MessagingContracts\generated\csharp\Maliev.MessagingContracts.csproj]
B:\maliev\Maliev.MessagingContracts\generated\csharp\Contracts\MessagingContracts.cs(3560,16): warning CS1573: Parameter 'MessageName' has no matching param tag in the XML comment for 'OrderPaidEvent.OrderPaidEvent(Guid, string, MessageType, string, string, IReadOnlyList<string>, Guid, Guid?, DateTimeOffset, bool, OrderPaidEventPayload)' (but other parameters do) [B:\maliev\Maliev.MessagingContracts\generated\csharp\Maliev.MessagingContracts.csproj]
B:\maliev\Maliev.MessagingContracts\generated\csharp\Contracts\MessagingContracts.cs(3561,21): warning CS1573: Parameter 'MessageType' has no matching param tag in the XML comment for 'OrderPaidEvent.OrderPaidEvent(Guid, string, MessageType, string, string, IReadOnlyList<string>, Guid, Guid?, DateTimeOffset, bool, OrderPaidEventPayload)' (but other parameters do) [B:\maliev\Maliev.MessagingContracts\generated\csharp\Maliev.MessagingContracts.csproj]
B:\maliev\Maliev.MessagingContracts\generated\csharp\Contracts\MessagingContracts.cs(3562,16): warning CS1573: Parameter 'MessageVersion' has no matching param tag in the XML comment for 'OrderPaidEvent.OrderPaidEvent(Guid, string, MessageType, string, string, IReadOnlyList<string>, Guid, Guid?, DateTimeOffset, bool, OrderPaidEventPayload)' (but other parameters do) [B:\maliev\Maliev.MessagingContracts\generated\csharp\Maliev.MessagingContracts.csproj]
B:\maliev\Maliev.MessagingContracts\generated\csharp\Contracts\MessagingContracts.cs(3563,16): warning CS1573: Parameter 'PublishedBy' has no matching param tag in the XML comment for 'OrderPaidEvent.OrderPaidEvent(Guid, string, MessageType, string, string, IReadOnlyList<string>, Guid, Guid?, DateTimeOffset, bool, OrderPaidEventPayload)' (but other parameters do) [B:\maliev\Maliev.MessagingContracts\generated\csharp\Maliev.MessagingContracts.csproj]
B:\maliev\Maliev.MessagingContracts\generated\csharp\Contracts\MessagingContracts.cs(3564,58): warning CS1573: Parameter 'ConsumedBy' has no matching param tag in the XML comment for 'OrderPaidEvent.OrderPaidEvent(Guid, string, MessageType, string, string, IReadOnlyList<string>, Guid, Guid?, DateTimeOffset, bool, OrderPaidEventPayload)' (but other parameters do) [B:\maliev\Maliev.MessagingContracts\generated\csharp\Maliev.MessagingContracts.csproj]
B:\maliev\Maliev.MessagingContracts\generated\csharp\Contracts\MessagingContracts.cs(3565,21): warning CS1573: Parameter 'CorrelationId' has no matching param tag in the XML comment for 'OrderPaidEvent.OrderPaidEvent(Guid, string, MessageType, string, string, IReadOnlyList<string>, Guid, Guid?, DateTimeOffset, bool, OrderPaidEventPayload)' (but other parameters do) [B:\maliev\Maliev.MessagingContracts\generated\csharp\Maliev.MessagingContracts.csproj]
B:\maliev\Maliev.MessagingContracts\generated\csharp\Contracts\MessagingContracts.cs(3566,22): warning CS1573: Parameter 'CausationId' has no matching param tag in the XML comment for 'OrderPaidEvent.OrderPaidEvent(Guid, string, MessageType, string, string, IReadOnlyList<string>, Guid, Guid?, DateTimeOffset, bool, OrderPaidEventPayload)' (but other parameters do) [B:\maliev\Maliev.MessagingContracts\generated\csharp\Maliev.MessagingContracts.csproj]
B:\maliev\Maliev.MessagingContracts\generated\csharp\Contracts\MessagingContracts.cs(3567,31): warning CS1573: Parameter 'OccurredAtUtc' has no matching param tag in the XML comment for 'OrderPaidEvent.OrderPaidEvent(Guid, string, MessageType, string, string, IReadOnlyList<string>, Guid, Guid?, DateTimeOffset, bool, OrderPaidEventPayload)' (but other parameters do) [B:\maliev\Maliev.MessagingContracts\generated\csharp\Maliev.MessagingContracts.csproj]
B:\maliev\Maliev.MessagingContracts\generated\csharp\Contracts\MessagingContracts.cs(3568,14): warning CS1573: Parameter 'IsPublic' has no matching param tag in the XML comment for 'OrderPaidEvent.OrderPaidEvent(Guid, string, MessageType, string, string, IReadOnlyList<string>, Guid, Guid?, DateTimeOffset, bool, OrderPaidEventPayload)' (but other parameters do) [B:\maliev\Maliev.MessagingContracts\generated\csharp\Maliev.MessagingContracts.csproj]
B:\maliev\Maliev.MessagingContracts\generated\csharp\Contracts\MessagingContracts.cs(3596,21): warning CS1573: Parameter 'MessageId' has no matching param tag in the XML comment for 'OrderInProgressEvent.OrderInProgressEvent(Guid, string, MessageType, string, string, IReadOnlyList<string>, Guid, Guid?, DateTimeOffset, bool, OrderInProgressEventPayload)' (but other parameters do) [B:\maliev\Maliev.MessagingContracts\generated\csharp\Maliev.MessagingContracts.csproj]
B:\maliev\Maliev.MessagingContracts\generated\csharp\Contracts\MessagingContracts.cs(3597,16): warning CS1573: Parameter 'MessageName' has no matching param tag in the XML comment for 'OrderInProgressEvent.OrderInProgressEvent(Guid, string, MessageType, string, string, IReadOnlyList<string>, Guid, Guid?, DateTimeOffset, bool, OrderInProgressEventPayload)' (but other parameters do) [B:\maliev\Maliev.MessagingContracts\generated\csharp\Maliev.MessagingContracts.csproj]
B:\maliev\Maliev.MessagingContracts\generated\csharp\Contracts\MessagingContracts.cs(3598,21): warning CS1573: Parameter 'MessageType' has no matching param tag in the XML comment for 'OrderInProgressEvent.OrderInProgressEvent(Guid, string, MessageType, string, string, IReadOnlyList<string>, Guid, Guid?, DateTimeOffset, bool, OrderInProgressEventPayload)' (but other parameters do) [B:\maliev\Maliev.MessagingContracts\generated\csharp\Maliev.MessagingContracts.csproj]
B:\maliev\Maliev.MessagingContracts\generated\csharp\Contracts\MessagingContracts.cs(3599,16): warning CS1573: Parameter 'MessageVersion' has no matching param tag in the XML comment for 'OrderInProgressEvent.OrderInProgressEvent(Guid, string, MessageType, string, string, IReadOnlyList<string>, Guid, Guid?, DateTimeOffset, bool, OrderInProgressEventPayload)' (but other parameters do) [B:\maliev\Maliev.MessagingContracts\generated\csharp\Maliev.MessagingContracts.csproj]
B:\maliev\Maliev.MessagingContracts\generated\csharp\Contracts\MessagingContracts.cs(3600,16): warning CS1573: Parameter 'PublishedBy' has no matching param tag in the XML comment for 'OrderInProgressEvent.OrderInProgressEvent(Guid, string, MessageType, string, string, IReadOnlyList<string>, Guid, Guid?, DateTimeOffset, bool, OrderInProgressEventPayload)' (but other parameters do) [B:\maliev\Maliev.MessagingContracts\generated\csharp\Maliev.MessagingContracts.csproj]
B:\maliev\Maliev.MessagingContracts\generated\csharp\Contracts\MessagingContracts.cs(3601,58): warning CS1573: Parameter 'ConsumedBy' has no matching param tag in the XML comment for 'OrderInProgressEvent.OrderInProgressEvent(Guid, string, MessageType, string, string, IReadOnlyList<string>, Guid, Guid?, DateTimeOffset, bool, OrderInProgressEventPayload)' (but other parameters do) [B:\maliev\Maliev.MessagingContracts\generated\csharp\Maliev.MessagingContracts.csproj]
B:\maliev\Maliev.MessagingContracts\generated\csharp\Contracts\MessagingContracts.cs(3602,21): warning CS1573: Parameter 'CorrelationId' has no matching param tag in the XML comment for 'OrderInProgressEvent.OrderInProgressEvent(Guid, string, MessageType, string, string, IReadOnlyList<string>, Guid, Guid?, DateTimeOffset, bool, OrderInProgressEventPayload)' (but other parameters do) [B:\maliev\Maliev.MessagingContracts\generated\csharp\Maliev.MessagingContracts.csproj]
B:\maliev\Maliev.MessagingContracts\generated\csharp\Contracts\MessagingContracts.cs(3603,22): warning CS1573: Parameter 'CausationId' has no matching param tag in the XML comment for 'OrderInProgressEvent.OrderInProgressEvent(Guid, string, MessageType, string, string, IReadOnlyList<string>, Guid, Guid?, DateTimeOffset, bool, OrderInProgressEventPayload)' (but other parameters do) [B:\maliev\Maliev.MessagingContracts\generated\csharp\Maliev.MessagingContracts.csproj]
B:\maliev\Maliev.MessagingContracts\generated\csharp\Contracts\MessagingContracts.cs(3604,31): warning CS1573: Parameter 'OccurredAtUtc' has no matching param tag in the XML comment for 'OrderInProgressEvent.OrderInProgressEvent(Guid, string, MessageType, string, string, IReadOnlyList<string>, Guid, Guid?, DateTimeOffset, bool, OrderInProgressEventPayload)' (but other parameters do) [B:\maliev\Maliev.MessagingContracts\generated\csharp\Maliev.MessagingContracts.csproj]
B:\maliev\Maliev.MessagingContracts\generated\csharp\Contracts\MessagingContracts.cs(3605,14): warning CS1573: Parameter 'IsPublic' has no matching param tag in the XML comment for 'OrderInProgressEvent.OrderInProgressEvent(Guid, string, MessageType, string, string, IReadOnlyList<string>, Guid, Guid?, DateTimeOffset, bool, OrderInProgressEventPayload)' (but other parameters do) [B:\maliev\Maliev.MessagingContracts\generated\csharp\Maliev.MessagingContracts.csproj]
B:\maliev\Maliev.MessagingContracts\generated\csharp\Contracts\MessagingContracts.cs(3633,21): warning CS1573: Parameter 'MessageId' has no matching param tag in the XML comment for 'OrderCompletedEvent.OrderCompletedEvent(Guid, string, MessageType, string, string, IReadOnlyList<string>, Guid, Guid?, DateTimeOffset, bool, OrderCompletedEventPayload)' (but other parameters do) [B:\maliev\Maliev.MessagingContracts\generated\csharp\Maliev.MessagingContracts.csproj]
B:\maliev\Maliev.MessagingContracts\generated\csharp\Contracts\MessagingContracts.cs(3634,16): warning CS1573: Parameter 'MessageName' has no matching param tag in the XML comment for 'OrderCompletedEvent.OrderCompletedEvent(Guid, string, MessageType, string, string, IReadOnlyList<string>, Guid, Guid?, DateTimeOffset, bool, OrderCompletedEventPayload)' (but other parameters do) [B:\maliev\Maliev.MessagingContracts\generated\csharp\Maliev.MessagingContracts.csproj]
B:\maliev\Maliev.MessagingContracts\generated\csharp\Contracts\MessagingContracts.cs(3635,21): warning CS1573: Parameter 'MessageType' has no matching param tag in the XML comment for 'OrderCompletedEvent.OrderCompletedEvent(Guid, string, MessageType, string, string, IReadOnlyList<string>, Guid, Guid?, DateTimeOffset, bool, OrderCompletedEventPayload)' (but other parameters do) [B:\maliev\Maliev.MessagingContracts\generated\csharp\Maliev.MessagingContracts.csproj]
B:\maliev\Maliev.MessagingContracts\generated\csharp\Contracts\MessagingContracts.cs(3636,16): warning CS1573: Parameter 'MessageVersion' has no matching param tag in the XML comment for 'OrderCompletedEvent.OrderCompletedEvent(Guid, string, MessageType, string, string, IReadOnlyList<string>, Guid, Guid?, DateTimeOffset, bool, OrderCompletedEventPayload)' (but other parameters do) [B:\maliev\Maliev.MessagingContracts\generated\csharp\Maliev.MessagingContracts.csproj]
B:\maliev\Maliev.MessagingContracts\generated\csharp\Contracts\MessagingContracts.cs(3637,16): warning CS1573: Parameter 'PublishedBy' has no matching param tag in the XML comment for 'OrderCompletedEvent.OrderCompletedEvent(Guid, string, MessageType, string, string, IReadOnlyList<string>, Guid, Guid?, DateTimeOffset, bool, OrderCompletedEventPayload)' (but other parameters do) [B:\maliev\Maliev.MessagingContracts\generated\csharp\Maliev.MessagingContracts.csproj]
B:\maliev\Maliev.MessagingContracts\generated\csharp\Contracts\MessagingContracts.cs(3638,58): warning CS1573: Parameter 'ConsumedBy' has no matching param tag in the XML comment for 'OrderCompletedEvent.OrderCompletedEvent(Guid, string, MessageType, string, string, IReadOnlyList<string>, Guid, Guid?, DateTimeOffset, bool, OrderCompletedEventPayload)' (but other parameters do) [B:\maliev\Maliev.MessagingContracts\generated\csharp\Maliev.MessagingContracts.csproj]
B:\maliev\Maliev.MessagingContracts\generated\csharp\Contracts\MessagingContracts.cs(3639,21): warning CS1573: Parameter 'CorrelationId' has no matching param tag in the XML comment for 'OrderCompletedEvent.OrderCompletedEvent(Guid, string, MessageType, string, string, IReadOnlyList<string>, Guid, Guid?, DateTimeOffset, bool, OrderCompletedEventPayload)' (but other parameters do) [B:\maliev\Maliev.MessagingContracts\generated\csharp\Maliev.MessagingContracts.csproj]
B:\maliev\Maliev.MessagingContracts\generated\csharp\Contracts\MessagingContracts.cs(3640,22): warning CS1573: Parameter 'CausationId' has no matching param tag in the XML comment for 'OrderCompletedEvent.OrderCompletedEvent(Guid, string, MessageType, string, string, IReadOnlyList<string>, Guid, Guid?, DateTimeOffset, bool, OrderCompletedEventPayload)' (but other parameters do) [B:\maliev\Maliev.MessagingContracts\generated\csharp\Maliev.MessagingContracts.csproj]
B:\maliev\Maliev.MessagingContracts\generated\csharp\Contracts\MessagingContracts.cs(3641,31): warning CS1573: Parameter 'OccurredAtUtc' has no matching param tag in the XML comment for 'OrderCompletedEvent.OrderCompletedEvent(Guid, string, MessageType, string, string, IReadOnlyList<string>, Guid, Guid?, DateTimeOffset, bool, OrderCompletedEventPayload)' (but other parameters do) [B:\maliev\Maliev.MessagingContracts\generated\csharp\Maliev.MessagingContracts.csproj]
B:\maliev\Maliev.MessagingContracts\generated\csharp\Contracts\MessagingContracts.cs(3642,14): warning CS1573: Parameter 'IsPublic' has no matching param tag in the XML comment for 'OrderCompletedEvent.OrderCompletedEvent(Guid, string, MessageType, string, string, IReadOnlyList<string>, Guid, Guid?, DateTimeOffset, bool, OrderCompletedEventPayload)' (but other parameters do) [B:\maliev\Maliev.MessagingContracts\generated\csharp\Maliev.MessagingContracts.csproj]
B:\maliev\Maliev.MessagingContracts\generated\csharp\Contracts\MessagingContracts.cs(3672,21): warning CS1573: Parameter 'MessageId' has no matching param tag in the XML comment for 'OrderShippedEvent.OrderShippedEvent(Guid, string, MessageType, string, string, IReadOnlyList<string>, Guid, Guid?, DateTimeOffset, bool, OrderShippedEventPayload)' (but other parameters do) [B:\maliev\Maliev.MessagingContracts\generated\csharp\Maliev.MessagingContracts.csproj]
B:\maliev\Maliev.MessagingContracts\generated\csharp\Contracts\MessagingContracts.cs(3673,16): warning CS1573: Parameter 'MessageName' has no matching param tag in the XML comment for 'OrderShippedEvent.OrderShippedEvent(Guid, string, MessageType, string, string, IReadOnlyList<string>, Guid, Guid?, DateTimeOffset, bool, OrderShippedEventPayload)' (but other parameters do) [B:\maliev\Maliev.MessagingContracts\generated\csharp\Maliev.MessagingContracts.csproj]
B:\maliev\Maliev.MessagingContracts\generated\csharp\Contracts\MessagingContracts.cs(3674,21): warning CS1573: Parameter 'MessageType' has no matching param tag in the XML comment for 'OrderShippedEvent.OrderShippedEvent(Guid, string, MessageType, string, string, IReadOnlyList<string>, Guid, Guid?, DateTimeOffset, bool, OrderShippedEventPayload)' (but other parameters do) [B:\maliev\Maliev.MessagingContracts\generated\csharp\Maliev.MessagingContracts.csproj]
B:\maliev\Maliev.MessagingContracts\generated\csharp\Contracts\MessagingContracts.cs(3675,16): warning CS1573: Parameter 'MessageVersion' has no matching param tag in the XML comment for 'OrderShippedEvent.OrderShippedEvent(Guid, string, MessageType, string, string, IReadOnlyList<string>, Guid, Guid?, DateTimeOffset, bool, OrderShippedEventPayload)' (but other parameters do) [B:\maliev\Maliev.MessagingContracts\generated\csharp\Maliev.MessagingContracts.csproj]
B:\maliev\Maliev.MessagingContracts\generated\csharp\Contracts\MessagingContracts.cs(3676,16): warning CS1573: Parameter 'PublishedBy' has no matching param tag in the XML comment for 'OrderShippedEvent.OrderShippedEvent(Guid, string, MessageType, string, string, IReadOnlyList<string>, Guid, Guid?, DateTimeOffset, bool, OrderShippedEventPayload)' (but other parameters do) [B:\maliev\Maliev.MessagingContracts\generated\csharp\Maliev.MessagingContracts.csproj]
B:\maliev\Maliev.MessagingContracts\generated\csharp\Contracts\MessagingContracts.cs(3677,58): warning CS1573: Parameter 'ConsumedBy' has no matching param tag in the XML comment for 'OrderShippedEvent.OrderShippedEvent(Guid, string, MessageType, string, string, IReadOnlyList<string>, Guid, Guid?, DateTimeOffset, bool, OrderShippedEventPayload)' (but other parameters do) [B:\maliev\Maliev.MessagingContracts\generated\csharp\Maliev.MessagingContracts.csproj]
B:\maliev\Maliev.MessagingContracts\generated\csharp\Contracts\MessagingContracts.cs(3678,21): warning CS1573: Parameter 'CorrelationId' has no matching param tag in the XML comment for 'OrderShippedEvent.OrderShippedEvent(Guid, string, MessageType, string, string, IReadOnlyList<string>, Guid, Guid?, DateTimeOffset, bool, OrderShippedEventPayload)' (but other parameters do) [B:\maliev\Maliev.MessagingContracts\generated\csharp\Maliev.MessagingContracts.csproj]
B:\maliev\Maliev.MessagingContracts\generated\csharp\Contracts\MessagingContracts.cs(3679,22): warning CS1573: Parameter 'CausationId' has no matching param tag in the XML comment for 'OrderShippedEvent.OrderShippedEvent(Guid, string, MessageType, string, string, IReadOnlyList<string>, Guid, Guid?, DateTimeOffset, bool, OrderShippedEventPayload)' (but other parameters do) [B:\maliev\Maliev.MessagingContracts\generated\csharp\Maliev.MessagingContracts.csproj]
B:\maliev\Maliev.MessagingContracts\generated\csharp\Contracts\MessagingContracts.cs(3680,31): warning CS1573: Parameter 'OccurredAtUtc' has no matching param tag in the XML comment for 'OrderShippedEvent.OrderShippedEvent(Guid, string, MessageType, string, string, IReadOnlyList<string>, Guid, Guid?, DateTimeOffset, bool, OrderShippedEventPayload)' (but other parameters do) [B:\maliev\Maliev.MessagingContracts\generated\csharp\Maliev.MessagingContracts.csproj]
B:\maliev\Maliev.MessagingContracts\generated\csharp\Contracts\MessagingContracts.cs(3681,14): warning CS1573: Parameter 'IsPublic' has no matching param tag in the XML comment for 'OrderShippedEvent.OrderShippedEvent(Guid, string, MessageType, string, string, IReadOnlyList<string>, Guid, Guid?, DateTimeOffset, bool, OrderShippedEventPayload)' (but other parameters do) [B:\maliev\Maliev.MessagingContracts\generated\csharp\Maliev.MessagingContracts.csproj]
B:\maliev\Maliev.MessagingContracts\generated\csharp\Contracts\MessagingContracts.cs(3711,21): warning CS1573: Parameter 'MessageId' has no matching param tag in the XML comment for 'OrderCancelledEvent.OrderCancelledEvent(Guid, string, MessageType, string, string, IReadOnlyList<string>, Guid, Guid?, DateTimeOffset, bool, OrderCancelledEventPayload)' (but other parameters do) [B:\maliev\Maliev.MessagingContracts\generated\csharp\Maliev.MessagingContracts.csproj]
B:\maliev\Maliev.MessagingContracts\generated\csharp\Contracts\MessagingContracts.cs(3712,16): warning CS1573: Parameter 'MessageName' has no matching param tag in the XML comment for 'OrderCancelledEvent.OrderCancelledEvent(Guid, string, MessageType, string, string, IReadOnlyList<string>, Guid, Guid?, DateTimeOffset, bool, OrderCancelledEventPayload)' (but other parameters do) [B:\maliev\Maliev.MessagingContracts\generated\csharp\Maliev.MessagingContracts.csproj]
B:\maliev\Maliev.MessagingContracts\generated\csharp\Contracts\MessagingContracts.cs(3713,21): warning CS1573: Parameter 'MessageType' has no matching param tag in the XML comment for 'OrderCancelledEvent.OrderCancelledEvent(Guid, string, MessageType, string, string, IReadOnlyList<string>, Guid, Guid?, DateTimeOffset, bool, OrderCancelledEventPayload)' (but other parameters do) [B:\maliev\Maliev.MessagingContracts\generated\csharp\Maliev.MessagingContracts.csproj]
B:\maliev\Maliev.MessagingContracts\generated\csharp\Contracts\MessagingContracts.cs(3714,16): warning CS1573: Parameter 'MessageVersion' has no matching param tag in the XML comment for 'OrderCancelledEvent.OrderCancelledEvent(Guid, string, MessageType, string, string, IReadOnlyList<string>, Guid, Guid?, DateTimeOffset, bool, OrderCancelledEventPayload)' (but other parameters do) [B:\maliev\Maliev.MessagingContracts\generated\csharp\Maliev.MessagingContracts.csproj]
B:\maliev\Maliev.MessagingContracts\generated\csharp\Contracts\MessagingContracts.cs(3715,16): warning CS1573: Parameter 'PublishedBy' has no matching param tag in the XML comment for 'OrderCancelledEvent.OrderCancelledEvent(Guid, string, MessageType, string, string, IReadOnlyList<string>, Guid, Guid?, DateTimeOffset, bool, OrderCancelledEventPayload)' (but other parameters do) [B:\maliev\Maliev.MessagingContracts\generated\csharp\Maliev.MessagingContracts.csproj]
B:\maliev\Maliev.MessagingContracts\generated\csharp\Contracts\MessagingContracts.cs(3716,58): warning CS1573: Parameter 'ConsumedBy' has no matching param tag in the XML comment for 'OrderCancelledEvent.OrderCancelledEvent(Guid, string, MessageType, string, string, IReadOnlyList<string>, Guid, Guid?, DateTimeOffset, bool, OrderCancelledEventPayload)' (but other parameters do) [B:\maliev\Maliev.MessagingContracts\generated\csharp\Maliev.MessagingContracts.csproj]
B:\maliev\Maliev.MessagingContracts\generated\csharp\Contracts\MessagingContracts.cs(3717,21): warning CS1573: Parameter 'CorrelationId' has no matching param tag in the XML comment for 'OrderCancelledEvent.OrderCancelledEvent(Guid, string, MessageType, string, string, IReadOnlyList<string>, Guid, Guid?, DateTimeOffset, bool, OrderCancelledEventPayload)' (but other parameters do) [B:\maliev\Maliev.MessagingContracts\generated\csharp\Maliev.MessagingContracts.csproj]
B:\maliev\Maliev.MessagingContracts\generated\csharp\Contracts\MessagingContracts.cs(3718,22): warning CS1573: Parameter 'CausationId' has no matching param tag in the XML comment for 'OrderCancelledEvent.OrderCancelledEvent(Guid, string, MessageType, string, string, IReadOnlyList<string>, Guid, Guid?, DateTimeOffset, bool, OrderCancelledEventPayload)' (but other parameters do) [B:\maliev\Maliev.MessagingContracts\generated\csharp\Maliev.MessagingContracts.csproj]
B:\maliev\Maliev.MessagingContracts\generated\csharp\Contracts\MessagingContracts.cs(3719,31): warning CS1573: Parameter 'OccurredAtUtc' has no matching param tag in the XML comment for 'OrderCancelledEvent.OrderCancelledEvent(Guid, string, MessageType, string, string, IReadOnlyList<string>, Guid, Guid?, DateTimeOffset, bool, OrderCancelledEventPayload)' (but other parameters do) [B:\maliev\Maliev.MessagingContracts\generated\csharp\Maliev.MessagingContracts.csproj]
B:\maliev\Maliev.MessagingContracts\generated\csharp\Contracts\MessagingContracts.cs(3720,14): warning CS1573: Parameter 'IsPublic' has no matching param tag in the XML comment for 'OrderCancelledEvent.OrderCancelledEvent(Guid, string, MessageType, string, string, IReadOnlyList<string>, Guid, Guid?, DateTimeOffset, bool, OrderCancelledEventPayload)' (but other parameters do) [B:\maliev\Maliev.MessagingContracts\generated\csharp\Maliev.MessagingContracts.csproj]
B:\maliev\Maliev.MessagingContracts\generated\csharp\Contracts\MessagingContracts.cs(3749,21): warning CS1573: Parameter 'MessageId' has no matching param tag in the XML comment for 'OrderRejectedEvent.OrderRejectedEvent(Guid, string, MessageType, string, string, IReadOnlyList<string>, Guid, Guid?, DateTimeOffset, bool, OrderRejectedEventPayload)' (but other parameters do) [B:\maliev\Maliev.MessagingContracts\generated\csharp\Maliev.MessagingContracts.csproj]
B:\maliev\Maliev.MessagingContracts\generated\csharp\Contracts\MessagingContracts.cs(3750,16): warning CS1573: Parameter 'MessageName' has no matching param tag in the XML comment for 'OrderRejectedEvent.OrderRejectedEvent(Guid, string, MessageType, string, string, IReadOnlyList<string>, Guid, Guid?, DateTimeOffset, bool, OrderRejectedEventPayload)' (but other parameters do) [B:\maliev\Maliev.MessagingContracts\generated\csharp\Maliev.MessagingContracts.csproj]
B:\maliev\Maliev.MessagingContracts\generated\csharp\Contracts\MessagingContracts.cs(3751,21): warning CS1573: Parameter 'MessageType' has no matching param tag in the XML comment for 'OrderRejectedEvent.OrderRejectedEvent(Guid, string, MessageType, string, string, IReadOnlyList<string>, Guid, Guid?, DateTimeOffset, bool, OrderRejectedEventPayload)' (but other parameters do) [B:\maliev\Maliev.MessagingContracts\generated\csharp\Maliev.MessagingContracts.csproj]
B:\maliev\Maliev.MessagingContracts\generated\csharp\Contracts\MessagingContracts.cs(3752,16): warning CS1573: Parameter 'MessageVersion' has no matching param tag in the XML comment for 'OrderRejectedEvent.OrderRejectedEvent(Guid, string, MessageType, string, string, IReadOnlyList<string>, Guid, Guid?, DateTimeOffset, bool, OrderRejectedEventPayload)' (but other parameters do) [B:\maliev\Maliev.MessagingContracts\generated\csharp\Maliev.MessagingContracts.csproj]
B:\maliev\Maliev.MessagingContracts\generated\csharp\Contracts\MessagingContracts.cs(3753,16): warning CS1573: Parameter 'PublishedBy' has no matching param tag in the XML comment for 'OrderRejectedEvent.OrderRejectedEvent(Guid, string, MessageType, string, string, IReadOnlyList<string>, Guid, Guid?, DateTimeOffset, bool, OrderRejectedEventPayload)' (but other parameters do) [B:\maliev\Maliev.MessagingContracts\generated\csharp\Maliev.MessagingContracts.csproj]
B:\maliev\Maliev.MessagingContracts\generated\csharp\Contracts\MessagingContracts.cs(3754,58): warning CS1573: Parameter 'ConsumedBy' has no matching param tag in the XML comment for 'OrderRejectedEvent.OrderRejectedEvent(Guid, string, MessageType, string, string, IReadOnlyList<string>, Guid, Guid?, DateTimeOffset, bool, OrderRejectedEventPayload)' (but other parameters do) [B:\maliev\Maliev.MessagingContracts\generated\csharp\Maliev.MessagingContracts.csproj]
B:\maliev\Maliev.MessagingContracts\generated\csharp\Contracts\MessagingContracts.cs(3755,21): warning CS1573: Parameter 'CorrelationId' has no matching param tag in the XML comment for 'OrderRejectedEvent.OrderRejectedEvent(Guid, string, MessageType, string, string, IReadOnlyList<string>, Guid, Guid?, DateTimeOffset, bool, OrderRejectedEventPayload)' (but other parameters do) [B:\maliev\Maliev.MessagingContracts\generated\csharp\Maliev.MessagingContracts.csproj]
B:\maliev\Maliev.MessagingContracts\generated\csharp\Contracts\MessagingContracts.cs(3756,22): warning CS1573: Parameter 'CausationId' has no matching param tag in the XML comment for 'OrderRejectedEvent.OrderRejectedEvent(Guid, string, MessageType, string, string, IReadOnlyList<string>, Guid, Guid?, DateTimeOffset, bool, OrderRejectedEventPayload)' (but other parameters do) [B:\maliev\Maliev.MessagingContracts\generated\csharp\Maliev.MessagingContracts.csproj]
B:\maliev\Maliev.MessagingContracts\generated\csharp\Contracts\MessagingContracts.cs(3757,31): warning CS1573: Parameter 'OccurredAtUtc' has no matching param tag in the XML comment for 'OrderRejectedEvent.OrderRejectedEvent(Guid, string, MessageType, string, string, IReadOnlyList<string>, Guid, Guid?, DateTimeOffset, bool, OrderRejectedEventPayload)' (but other parameters do) [B:\maliev\Maliev.MessagingContracts\generated\csharp\Maliev.MessagingContracts.csproj]
B:\maliev\Maliev.MessagingContracts\generated\csharp\Contracts\MessagingContracts.cs(3758,14): warning CS1573: Parameter 'IsPublic' has no matching param tag in the XML comment for 'OrderRejectedEvent.OrderRejectedEvent(Guid, string, MessageType, string, string, IReadOnlyList<string>, Guid, Guid?, DateTimeOffset, bool, OrderRejectedEventPayload)' (but other parameters do) [B:\maliev\Maliev.MessagingContracts\generated\csharp\Maliev.MessagingContracts.csproj]
B:\maliev\Maliev.MessagingContracts\generated\csharp\Contracts\MessagingContracts.cs(3787,21): warning CS1573: Parameter 'MessageId' has no matching param tag in the XML comment for 'OrderOnHoldEvent.OrderOnHoldEvent(Guid, string, MessageType, string, string, IReadOnlyList<string>, Guid, Guid?, DateTimeOffset, bool, OrderOnHoldEventPayload)' (but other parameters do) [B:\maliev\Maliev.MessagingContracts\generated\csharp\Maliev.MessagingContracts.csproj]
B:\maliev\Maliev.MessagingContracts\generated\csharp\Contracts\MessagingContracts.cs(3788,16): warning CS1573: Parameter 'MessageName' has no matching param tag in the XML comment for 'OrderOnHoldEvent.OrderOnHoldEvent(Guid, string, MessageType, string, string, IReadOnlyList<string>, Guid, Guid?, DateTimeOffset, bool, OrderOnHoldEventPayload)' (but other parameters do) [B:\maliev\Maliev.MessagingContracts\generated\csharp\Maliev.MessagingContracts.csproj]
B:\maliev\Maliev.MessagingContracts\generated\csharp\Contracts\MessagingContracts.cs(3789,21): warning CS1573: Parameter 'MessageType' has no matching param tag in the XML comment for 'OrderOnHoldEvent.OrderOnHoldEvent(Guid, string, MessageType, string, string, IReadOnlyList<string>, Guid, Guid?, DateTimeOffset, bool, OrderOnHoldEventPayload)' (but other parameters do) [B:\maliev\Maliev.MessagingContracts\generated\csharp\Maliev.MessagingContracts.csproj]
B:\maliev\Maliev.MessagingContracts\generated\csharp\Contracts\MessagingContracts.cs(3790,16): warning CS1573: Parameter 'MessageVersion' has no matching param tag in the XML comment for 'OrderOnHoldEvent.OrderOnHoldEvent(Guid, string, MessageType, string, string, IReadOnlyList<string>, Guid, Guid?, DateTimeOffset, bool, OrderOnHoldEventPayload)' (but other parameters do) [B:\maliev\Maliev.MessagingContracts\generated\csharp\Maliev.MessagingContracts.csproj]
B:\maliev\Maliev.MessagingContracts\generated\csharp\Contracts\MessagingContracts.cs(3791,16): warning CS1573: Parameter 'PublishedBy' has no matching param tag in the XML comment for 'OrderOnHoldEvent.OrderOnHoldEvent(Guid, string, MessageType, string, string, IReadOnlyList<string>, Guid, Guid?, DateTimeOffset, bool, OrderOnHoldEventPayload)' (but other parameters do) [B:\maliev\Maliev.MessagingContracts\generated\csharp\Maliev.MessagingContracts.csproj]
B:\maliev\Maliev.MessagingContracts\generated\csharp\Contracts\MessagingContracts.cs(3792,58): warning CS1573: Parameter 'ConsumedBy' has no matching param tag in the XML comment for 'OrderOnHoldEvent.OrderOnHoldEvent(Guid, string, MessageType, string, string, IReadOnlyList<string>, Guid, Guid?, DateTimeOffset, bool, OrderOnHoldEventPayload)' (but other parameters do) [B:\maliev\Maliev.MessagingContracts\generated\csharp\Maliev.MessagingContracts.csproj]
B:\maliev\Maliev.MessagingContracts\generated\csharp\Contracts\MessagingContracts.cs(3793,21): warning CS1573: Parameter 'CorrelationId' has no matching param tag in the XML comment for 'OrderOnHoldEvent.OrderOnHoldEvent(Guid, string, MessageType, string, string, IReadOnlyList<string>, Guid, Guid?, DateTimeOffset, bool, OrderOnHoldEventPayload)' (but other parameters do) [B:\maliev\Maliev.MessagingContracts\generated\csharp\Maliev.MessagingContracts.csproj]
B:\maliev\Maliev.MessagingContracts\generated\csharp\Contracts\MessagingContracts.cs(3794,22): warning CS1573: Parameter 'CausationId' has no matching param tag in the XML comment for 'OrderOnHoldEvent.OrderOnHoldEvent(Guid, string, MessageType, string, string, IReadOnlyList<string>, Guid, Guid?, DateTimeOffset, bool, OrderOnHoldEventPayload)' (but other parameters do) [B:\maliev\Maliev.MessagingContracts\generated\csharp\Maliev.MessagingContracts.csproj]
B:\maliev\Maliev.MessagingContracts\generated\csharp\Contracts\MessagingContracts.cs(3795,31): warning CS1573: Parameter 'OccurredAtUtc' has no matching param tag in the XML comment for 'OrderOnHoldEvent.OrderOnHoldEvent(Guid, string, MessageType, string, string, IReadOnlyList<string>, Guid, Guid?, DateTimeOffset, bool, OrderOnHoldEventPayload)' (but other parameters do) [B:\maliev\Maliev.MessagingContracts\generated\csharp\Maliev.MessagingContracts.csproj]
B:\maliev\Maliev.MessagingContracts\generated\csharp\Contracts\MessagingContracts.cs(3796,14): warning CS1573: Parameter 'IsPublic' has no matching param tag in the XML comment for 'OrderOnHoldEvent.OrderOnHoldEvent(Guid, string, MessageType, string, string, IReadOnlyList<string>, Guid, Guid?, DateTimeOffset, bool, OrderOnHoldEventPayload)' (but other parameters do) [B:\maliev\Maliev.MessagingContracts\generated\csharp\Maliev.MessagingContracts.csproj]
B:\maliev\Maliev.MessagingContracts\generated\csharp\Contracts\MessagingContracts.cs(3825,21): warning CS1573: Parameter 'MessageId' has no matching param tag in the XML comment for 'OrderReopenedEvent.OrderReopenedEvent(Guid, string, MessageType, string, string, IReadOnlyList<string>, Guid, Guid?, DateTimeOffset, bool, OrderReopenedEventPayload)' (but other parameters do) [B:\maliev\Maliev.MessagingContracts\generated\csharp\Maliev.MessagingContracts.csproj]
B:\maliev\Maliev.MessagingContracts\generated\csharp\Contracts\MessagingContracts.cs(3826,16): warning CS1573: Parameter 'MessageName' has no matching param tag in the XML comment for 'OrderReopenedEvent.OrderReopenedEvent(Guid, string, MessageType, string, string, IReadOnlyList<string>, Guid, Guid?, DateTimeOffset, bool, OrderReopenedEventPayload)' (but other parameters do) [B:\maliev\Maliev.MessagingContracts\generated\csharp\Maliev.MessagingContracts.csproj]
B:\maliev\Maliev.MessagingContracts\generated\csharp\Contracts\MessagingContracts.cs(3827,21): warning CS1573: Parameter 'MessageType' has no matching param tag in the XML comment for 'OrderReopenedEvent.OrderReopenedEvent(Guid, string, MessageType, string, string, IReadOnlyList<string>, Guid, Guid?, DateTimeOffset, bool, OrderReopenedEventPayload)' (but other parameters do) [B:\maliev\Maliev.MessagingContracts\generated\csharp\Maliev.MessagingContracts.csproj]
B:\maliev\Maliev.MessagingContracts\generated\csharp\Contracts\MessagingContracts.cs(3828,16): warning CS1573: Parameter 'MessageVersion' has no matching param tag in the XML comment for 'OrderReopenedEvent.OrderReopenedEvent(Guid, string, MessageType, string, string, IReadOnlyList<string>, Guid, Guid?, DateTimeOffset, bool, OrderReopenedEventPayload)' (but other parameters do) [B:\maliev\Maliev.MessagingContracts\generated\csharp\Maliev.MessagingContracts.csproj]
B:\maliev\Maliev.MessagingContracts\generated\csharp\Contracts\MessagingContracts.cs(3829,16): warning CS1573: Parameter 'PublishedBy' has no matching param tag in the XML comment for 'OrderReopenedEvent.OrderReopenedEvent(Guid, string, MessageType, string, string, IReadOnlyList<string>, Guid, Guid?, DateTimeOffset, bool, OrderReopenedEventPayload)' (but other parameters do) [B:\maliev\Maliev.MessagingContracts\generated\csharp\Maliev.MessagingContracts.csproj]
B:\maliev\Maliev.MessagingContracts\generated\csharp\Contracts\MessagingContracts.cs(3830,58): warning CS1573: Parameter 'ConsumedBy' has no matching param tag in the XML comment for 'OrderReopenedEvent.OrderReopenedEvent(Guid, string, MessageType, string, string, IReadOnlyList<string>, Guid, Guid?, DateTimeOffset, bool, OrderReopenedEventPayload)' (but other parameters do) [B:\maliev\Maliev.MessagingContracts\generated\csharp\Maliev.MessagingContracts.csproj]
B:\maliev\Maliev.MessagingContracts\generated\csharp\Contracts\MessagingContracts.cs(3831,21): warning CS1573: Parameter 'CorrelationId' has no matching param tag in the XML comment for 'OrderReopenedEvent.OrderReopenedEvent(Guid, string, MessageType, string, string, IReadOnlyList<string>, Guid, Guid?, DateTimeOffset, bool, OrderReopenedEventPayload)' (but other parameters do) [B:\maliev\Maliev.MessagingContracts\generated\csharp\Maliev.MessagingContracts.csproj]
B:\maliev\Maliev.MessagingContracts\generated\csharp\Contracts\MessagingContracts.cs(3832,22): warning CS1573: Parameter 'CausationId' has no matching param tag in the XML comment for 'OrderReopenedEvent.OrderReopenedEvent(Guid, string, MessageType, string, string, IReadOnlyList<string>, Guid, Guid?, DateTimeOffset, bool, OrderReopenedEventPayload)' (but other parameters do) [B:\maliev\Maliev.MessagingContracts\generated\csharp\Maliev.MessagingContracts.csproj]
B:\maliev\Maliev.MessagingContracts\generated\csharp\Contracts\MessagingContracts.cs(3833,31): warning CS1573: Parameter 'OccurredAtUtc' has no matching param tag in the XML comment for 'OrderReopenedEvent.OrderReopenedEvent(Guid, string, MessageType, string, string, IReadOnlyList<string>, Guid, Guid?, DateTimeOffset, bool, OrderReopenedEventPayload)' (but other parameters do) [B:\maliev\Maliev.MessagingContracts\generated\csharp\Maliev.MessagingContracts.csproj]
B:\maliev\Maliev.MessagingContracts\generated\csharp\Contracts\MessagingContracts.cs(3834,14): warning CS1573: Parameter 'IsPublic' has no matching param tag in the XML comment for 'OrderReopenedEvent.OrderReopenedEvent(Guid, string, MessageType, string, string, IReadOnlyList<string>, Guid, Guid?, DateTimeOffset, bool, OrderReopenedEventPayload)' (but other parameters do) [B:\maliev\Maliev.MessagingContracts\generated\csharp\Maliev.MessagingContracts.csproj]
B:\maliev\Maliev.MessagingContracts\generated\csharp\Contracts\MessagingContracts.cs(3866,19): warning CS1591: Missing XML comment for publicly visible type or member 'PaymentCompletedEvent' [B:\maliev\Maliev.MessagingContracts\generated\csharp\Maliev.MessagingContracts.csproj]
B:\maliev\Maliev.MessagingContracts\generated\csharp\Contracts\MessagingContracts.cs(3866,19): warning CS1591: Missing XML comment for publicly visible type or member 'PaymentCompletedEvent.PaymentCompletedEvent(Guid, string, MessageType, string, string, IReadOnlyList<string>, Guid, Guid?, DateTimeOffset, bool, PaymentCompletedEventPayload)' [B:\maliev\Maliev.MessagingContracts\generated\csharp\Maliev.MessagingContracts.csproj]
B:\maliev\Maliev.MessagingContracts\generated\csharp\Contracts\MessagingContracts.cs(3877,78): warning CS1591: Missing XML comment for publicly visible type or member 'PaymentCompletedEvent.Payload' [B:\maliev\Maliev.MessagingContracts\generated\csharp\Maliev.MessagingContracts.csproj]
B:\maliev\Maliev.MessagingContracts\generated\csharp\Contracts\MessagingContracts.cs(3906,19): warning CS1591: Missing XML comment for publicly visible type or member 'PaymentCreatedEvent' [B:\maliev\Maliev.MessagingContracts\generated\csharp\Maliev.MessagingContracts.csproj]
B:\maliev\Maliev.MessagingContracts\generated\csharp\Contracts\MessagingContracts.cs(3906,19): warning CS1591: Missing XML comment for publicly visible type or member 'PaymentCreatedEvent.PaymentCreatedEvent(Guid, string, MessageType, string, string, IReadOnlyList<string>, Guid, Guid?, DateTimeOffset, bool, PaymentCreatedEventPayload)' [B:\maliev\Maliev.MessagingContracts\generated\csharp\Maliev.MessagingContracts.csproj]
B:\maliev\Maliev.MessagingContracts\generated\csharp\Contracts\MessagingContracts.cs(3917,76): warning CS1591: Missing XML comment for publicly visible type or member 'PaymentCreatedEvent.Payload' [B:\maliev\Maliev.MessagingContracts\generated\csharp\Maliev.MessagingContracts.csproj]
B:\maliev\Maliev.MessagingContracts\generated\csharp\Contracts\MessagingContracts.cs(3949,19): warning CS1591: Missing XML comment for publicly visible type or member 'PaymentFailedEvent' [B:\maliev\Maliev.MessagingContracts\generated\csharp\Maliev.MessagingContracts.csproj]
B:\maliev\Maliev.MessagingContracts\generated\csharp\Contracts\MessagingContracts.cs(3949,19): warning CS1591: Missing XML comment for publicly visible type or member 'PaymentFailedEvent.PaymentFailedEvent(Guid, string, MessageType, string, string, IReadOnlyList<string>, Guid, Guid?, DateTimeOffset, bool, PaymentFailedEventPayload)' [B:\maliev\Maliev.MessagingContracts\generated\csharp\Maliev.MessagingContracts.csproj]
B:\maliev\Maliev.MessagingContracts\generated\csharp\Contracts\MessagingContracts.cs(3960,75): warning CS1591: Missing XML comment for publicly visible type or member 'PaymentFailedEvent.Payload' [B:\maliev\Maliev.MessagingContracts\generated\csharp\Maliev.MessagingContracts.csproj]
B:\maliev\Maliev.MessagingContracts\generated\csharp\Contracts\MessagingContracts.cs(3979,75): warning CS1573: Parameter 'RequestedAt' has no matching param tag in the XML comment for 'PdfGenerationRequestedEventPayload.PdfGenerationRequestedEventPayload(string, string, string, DateTimeOffset)' (but other parameters do) [B:\maliev\Maliev.MessagingContracts\generated\csharp\Maliev.MessagingContracts.csproj]
B:\maliev\Maliev.MessagingContracts\generated\csharp\Contracts\MessagingContracts.cs(3991,21): warning CS1573: Parameter 'MessageId' has no matching param tag in the XML comment for 'PdfGenerationRequestedEvent.PdfGenerationRequestedEvent(Guid, string, MessageType, string, string, IReadOnlyList<string>, Guid, Guid?, DateTimeOffset, bool, PdfGenerationRequestedEventPayload)' (but other parameters do) [B:\maliev\Maliev.MessagingContracts\generated\csharp\Maliev.MessagingContracts.csproj]
B:\maliev\Maliev.MessagingContracts\generated\csharp\Contracts\MessagingContracts.cs(3992,16): warning CS1573: Parameter 'MessageName' has no matching param tag in the XML comment for 'PdfGenerationRequestedEvent.PdfGenerationRequestedEvent(Guid, string, MessageType, string, string, IReadOnlyList<string>, Guid, Guid?, DateTimeOffset, bool, PdfGenerationRequestedEventPayload)' (but other parameters do) [B:\maliev\Maliev.MessagingContracts\generated\csharp\Maliev.MessagingContracts.csproj]
B:\maliev\Maliev.MessagingContracts\generated\csharp\Contracts\MessagingContracts.cs(3993,21): warning CS1573: Parameter 'MessageType' has no matching param tag in the XML comment for 'PdfGenerationRequestedEvent.PdfGenerationRequestedEvent(Guid, string, MessageType, string, string, IReadOnlyList<string>, Guid, Guid?, DateTimeOffset, bool, PdfGenerationRequestedEventPayload)' (but other parameters do) [B:\maliev\Maliev.MessagingContracts\generated\csharp\Maliev.MessagingContracts.csproj]
B:\maliev\Maliev.MessagingContracts\generated\csharp\Contracts\MessagingContracts.cs(3994,16): warning CS1573: Parameter 'MessageVersion' has no matching param tag in the XML comment for 'PdfGenerationRequestedEvent.PdfGenerationRequestedEvent(Guid, string, MessageType, string, string, IReadOnlyList<string>, Guid, Guid?, DateTimeOffset, bool, PdfGenerationRequestedEventPayload)' (but other parameters do) [B:\maliev\Maliev.MessagingContracts\generated\csharp\Maliev.MessagingContracts.csproj]
B:\maliev\Maliev.MessagingContracts\generated\csharp\Contracts\MessagingContracts.cs(3995,16): warning CS1573: Parameter 'PublishedBy' has no matching param tag in the XML comment for 'PdfGenerationRequestedEvent.PdfGenerationRequestedEvent(Guid, string, MessageType, string, string, IReadOnlyList<string>, Guid, Guid?, DateTimeOffset, bool, PdfGenerationRequestedEventPayload)' (but other parameters do) [B:\maliev\Maliev.MessagingContracts\generated\csharp\Maliev.MessagingContracts.csproj]
B:\maliev\Maliev.MessagingContracts\generated\csharp\Contracts\MessagingContracts.cs(3996,58): warning CS1573: Parameter 'ConsumedBy' has no matching param tag in the XML comment for 'PdfGenerationRequestedEvent.PdfGenerationRequestedEvent(Guid, string, MessageType, string, string, IReadOnlyList<string>, Guid, Guid?, DateTimeOffset, bool, PdfGenerationRequestedEventPayload)' (but other parameters do) [B:\maliev\Maliev.MessagingContracts\generated\csharp\Maliev.MessagingContracts.csproj]
B:\maliev\Maliev.MessagingContracts\generated\csharp\Contracts\MessagingContracts.cs(3997,21): warning CS1573: Parameter 'CorrelationId' has no matching param tag in the XML comment for 'PdfGenerationRequestedEvent.PdfGenerationRequestedEvent(Guid, string, MessageType, string, string, IReadOnlyList<string>, Guid, Guid?, DateTimeOffset, bool, PdfGenerationRequestedEventPayload)' (but other parameters do) [B:\maliev\Maliev.MessagingContracts\generated\csharp\Maliev.MessagingContracts.csproj]
B:\maliev\Maliev.MessagingContracts\generated\csharp\Contracts\MessagingContracts.cs(3998,22): warning CS1573: Parameter 'CausationId' has no matching param tag in the XML comment for 'PdfGenerationRequestedEvent.PdfGenerationRequestedEvent(Guid, string, MessageType, string, string, IReadOnlyList<string>, Guid, Guid?, DateTimeOffset, bool, PdfGenerationRequestedEventPayload)' (but other parameters do) [B:\maliev\Maliev.MessagingContracts\generated\csharp\Maliev.MessagingContracts.csproj]
B:\maliev\Maliev.MessagingContracts\generated\csharp\Contracts\MessagingContracts.cs(3999,31): warning CS1573: Parameter 'OccurredAtUtc' has no matching param tag in the XML comment for 'PdfGenerationRequestedEvent.PdfGenerationRequestedEvent(Guid, string, MessageType, string, string, IReadOnlyList<string>, Guid, Guid?, DateTimeOffset, bool, PdfGenerationRequestedEventPayload)' (but other parameters do) [B:\maliev\Maliev.MessagingContracts\generated\csharp\Maliev.MessagingContracts.csproj]
B:\maliev\Maliev.MessagingContracts\generated\csharp\Contracts\MessagingContracts.cs(4000,14): warning CS1573: Parameter 'IsPublic' has no matching param tag in the XML comment for 'PdfGenerationRequestedEvent.PdfGenerationRequestedEvent(Guid, string, MessageType, string, string, IReadOnlyList<string>, Guid, Guid?, DateTimeOffset, bool, PdfGenerationRequestedEventPayload)' (but other parameters do) [B:\maliev\Maliev.MessagingContracts\generated\csharp\Maliev.MessagingContracts.csproj]
B:\maliev\Maliev.MessagingContracts\generated\csharp\Contracts\MessagingContracts.cs(4021,75): warning CS1573: Parameter 'CompletedAt' has no matching param tag in the XML comment for 'PdfGenerationCompletedEventPayload.PdfGenerationCompletedEventPayload(string, string, string, string, DateTimeOffset)' (but other parameters do) [B:\maliev\Maliev.MessagingContracts\generated\csharp\Maliev.MessagingContracts.csproj]
B:\maliev\Maliev.MessagingContracts\generated\csharp\Contracts\MessagingContracts.cs(4033,21): warning CS1573: Parameter 'MessageId' has no matching param tag in the XML comment for 'PdfGenerationCompletedEvent.PdfGenerationCompletedEvent(Guid, string, MessageType, string, string, IReadOnlyList<string>, Guid, Guid?, DateTimeOffset, bool, PdfGenerationCompletedEventPayload)' (but other parameters do) [B:\maliev\Maliev.MessagingContracts\generated\csharp\Maliev.MessagingContracts.csproj]
B:\maliev\Maliev.MessagingContracts\generated\csharp\Contracts\MessagingContracts.cs(4034,16): warning CS1573: Parameter 'MessageName' has no matching param tag in the XML comment for 'PdfGenerationCompletedEvent.PdfGenerationCompletedEvent(Guid, string, MessageType, string, string, IReadOnlyList<string>, Guid, Guid?, DateTimeOffset, bool, PdfGenerationCompletedEventPayload)' (but other parameters do) [B:\maliev\Maliev.MessagingContracts\generated\csharp\Maliev.MessagingContracts.csproj]
B:\maliev\Maliev.MessagingContracts\generated\csharp\Contracts\MessagingContracts.cs(4035,21): warning CS1573: Parameter 'MessageType' has no matching param tag in the XML comment for 'PdfGenerationCompletedEvent.PdfGenerationCompletedEvent(Guid, string, MessageType, string, string, IReadOnlyList<string>, Guid, Guid?, DateTimeOffset, bool, PdfGenerationCompletedEventPayload)' (but other parameters do) [B:\maliev\Maliev.MessagingContracts\generated\csharp\Maliev.MessagingContracts.csproj]
B:\maliev\Maliev.MessagingContracts\generated\csharp\Contracts\MessagingContracts.cs(4036,16): warning CS1573: Parameter 'MessageVersion' has no matching param tag in the XML comment for 'PdfGenerationCompletedEvent.PdfGenerationCompletedEvent(Guid, string, MessageType, string, string, IReadOnlyList<string>, Guid, Guid?, DateTimeOffset, bool, PdfGenerationCompletedEventPayload)' (but other parameters do) [B:\maliev\Maliev.MessagingContracts\generated\csharp\Maliev.MessagingContracts.csproj]
B:\maliev\Maliev.MessagingContracts\generated\csharp\Contracts\MessagingContracts.cs(4037,16): warning CS1573: Parameter 'PublishedBy' has no matching param tag in the XML comment for 'PdfGenerationCompletedEvent.PdfGenerationCompletedEvent(Guid, string, MessageType, string, string, IReadOnlyList<string>, Guid, Guid?, DateTimeOffset, bool, PdfGenerationCompletedEventPayload)' (but other parameters do) [B:\maliev\Maliev.MessagingContracts\generated\csharp\Maliev.MessagingContracts.csproj]
B:\maliev\Maliev.MessagingContracts\generated\csharp\Contracts\MessagingContracts.cs(4038,58): warning CS1573: Parameter 'ConsumedBy' has no matching param tag in the XML comment for 'PdfGenerationCompletedEvent.PdfGenerationCompletedEvent(Guid, string, MessageType, string, string, IReadOnlyList<string>, Guid, Guid?, DateTimeOffset, bool, PdfGenerationCompletedEventPayload)' (but other parameters do) [B:\maliev\Maliev.MessagingContracts\generated\csharp\Maliev.MessagingContracts.csproj]
B:\maliev\Maliev.MessagingContracts\generated\csharp\Contracts\MessagingContracts.cs(4039,21): warning CS1573: Parameter 'CorrelationId' has no matching param tag in the XML comment for 'PdfGenerationCompletedEvent.PdfGenerationCompletedEvent(Guid, string, MessageType, string, string, IReadOnlyList<string>, Guid, Guid?, DateTimeOffset, bool, PdfGenerationCompletedEventPayload)' (but other parameters do) [B:\maliev\Maliev.MessagingContracts\generated\csharp\Maliev.MessagingContracts.csproj]
B:\maliev\Maliev.MessagingContracts\generated\csharp\Contracts\MessagingContracts.cs(4040,22): warning CS1573: Parameter 'CausationId' has no matching param tag in the XML comment for 'PdfGenerationCompletedEvent.PdfGenerationCompletedEvent(Guid, string, MessageType, string, string, IReadOnlyList<string>, Guid, Guid?, DateTimeOffset, bool, PdfGenerationCompletedEventPayload)' (but other parameters do) [B:\maliev\Maliev.MessagingContracts\generated\csharp\Maliev.MessagingContracts.csproj]
B:\maliev\Maliev.MessagingContracts\generated\csharp\Contracts\MessagingContracts.cs(4041,31): warning CS1573: Parameter 'OccurredAtUtc' has no matching param tag in the XML comment for 'PdfGenerationCompletedEvent.PdfGenerationCompletedEvent(Guid, string, MessageType, string, string, IReadOnlyList<string>, Guid, Guid?, DateTimeOffset, bool, PdfGenerationCompletedEventPayload)' (but other parameters do) [B:\maliev\Maliev.MessagingContracts\generated\csharp\Maliev.MessagingContracts.csproj]
B:\maliev\Maliev.MessagingContracts\generated\csharp\Contracts\MessagingContracts.cs(4042,14): warning CS1573: Parameter 'IsPublic' has no matching param tag in the XML comment for 'PdfGenerationCompletedEvent.PdfGenerationCompletedEvent(Guid, string, MessageType, string, string, IReadOnlyList<string>, Guid, Guid?, DateTimeOffset, bool, PdfGenerationCompletedEventPayload)' (but other parameters do) [B:\maliev\Maliev.MessagingContracts\generated\csharp\Maliev.MessagingContracts.csproj]
B:\maliev\Maliev.MessagingContracts\generated\csharp\Contracts\MessagingContracts.cs(4063,72): warning CS1573: Parameter 'FailedAt' has no matching param tag in the XML comment for 'PdfGenerationFailedEventPayload.PdfGenerationFailedEventPayload(string, string, string, string, DateTimeOffset)' (but other parameters do) [B:\maliev\Maliev.MessagingContracts\generated\csharp\Maliev.MessagingContracts.csproj]
B:\maliev\Maliev.MessagingContracts\generated\csharp\Contracts\MessagingContracts.cs(4075,21): warning CS1573: Parameter 'MessageId' has no matching param tag in the XML comment for 'PdfGenerationFailedEvent.PdfGenerationFailedEvent(Guid, string, MessageType, string, string, IReadOnlyList<string>, Guid, Guid?, DateTimeOffset, bool, PdfGenerationFailedEventPayload)' (but other parameters do) [B:\maliev\Maliev.MessagingContracts\generated\csharp\Maliev.MessagingContracts.csproj]
B:\maliev\Maliev.MessagingContracts\generated\csharp\Contracts\MessagingContracts.cs(4076,16): warning CS1573: Parameter 'MessageName' has no matching param tag in the XML comment for 'PdfGenerationFailedEvent.PdfGenerationFailedEvent(Guid, string, MessageType, string, string, IReadOnlyList<string>, Guid, Guid?, DateTimeOffset, bool, PdfGenerationFailedEventPayload)' (but other parameters do) [B:\maliev\Maliev.MessagingContracts\generated\csharp\Maliev.MessagingContracts.csproj]
B:\maliev\Maliev.MessagingContracts\generated\csharp\Contracts\MessagingContracts.cs(4077,21): warning CS1573: Parameter 'MessageType' has no matching param tag in the XML comment for 'PdfGenerationFailedEvent.PdfGenerationFailedEvent(Guid, string, MessageType, string, string, IReadOnlyList<string>, Guid, Guid?, DateTimeOffset, bool, PdfGenerationFailedEventPayload)' (but other parameters do) [B:\maliev\Maliev.MessagingContracts\generated\csharp\Maliev.MessagingContracts.csproj]
B:\maliev\Maliev.MessagingContracts\generated\csharp\Contracts\MessagingContracts.cs(4078,16): warning CS1573: Parameter 'MessageVersion' has no matching param tag in the XML comment for 'PdfGenerationFailedEvent.PdfGenerationFailedEvent(Guid, string, MessageType, string, string, IReadOnlyList<string>, Guid, Guid?, DateTimeOffset, bool, PdfGenerationFailedEventPayload)' (but other parameters do) [B:\maliev\Maliev.MessagingContracts\generated\csharp\Maliev.MessagingContracts.csproj]
B:\maliev\Maliev.MessagingContracts\generated\csharp\Contracts\MessagingContracts.cs(4079,16): warning CS1573: Parameter 'PublishedBy' has no matching param tag in the XML comment for 'PdfGenerationFailedEvent.PdfGenerationFailedEvent(Guid, string, MessageType, string, string, IReadOnlyList<string>, Guid, Guid?, DateTimeOffset, bool, PdfGenerationFailedEventPayload)' (but other parameters do) [B:\maliev\Maliev.MessagingContracts\generated\csharp\Maliev.MessagingContracts.csproj]
B:\maliev\Maliev.MessagingContracts\generated\csharp\Contracts\MessagingContracts.cs(4080,58): warning CS1573: Parameter 'ConsumedBy' has no matching param tag in the XML comment for 'PdfGenerationFailedEvent.PdfGenerationFailedEvent(Guid, string, MessageType, string, string, IReadOnlyList<string>, Guid, Guid?, DateTimeOffset, bool, PdfGenerationFailedEventPayload)' (but other parameters do) [B:\maliev\Maliev.MessagingContracts\generated\csharp\Maliev.MessagingContracts.csproj]
B:\maliev\Maliev.MessagingContracts\generated\csharp\Contracts\MessagingContracts.cs(4081,21): warning CS1573: Parameter 'CorrelationId' has no matching param tag in the XML comment for 'PdfGenerationFailedEvent.PdfGenerationFailedEvent(Guid, string, MessageType, string, string, IReadOnlyList<string>, Guid, Guid?, DateTimeOffset, bool, PdfGenerationFailedEventPayload)' (but other parameters do) [B:\maliev\Maliev.MessagingContracts\generated\csharp\Maliev.MessagingContracts.csproj]
B:\maliev\Maliev.MessagingContracts\generated\csharp\Contracts\MessagingContracts.cs(4082,22): warning CS1573: Parameter 'CausationId' has no matching param tag in the XML comment for 'PdfGenerationFailedEvent.PdfGenerationFailedEvent(Guid, string, MessageType, string, string, IReadOnlyList<string>, Guid, Guid?, DateTimeOffset, bool, PdfGenerationFailedEventPayload)' (but other parameters do) [B:\maliev\Maliev.MessagingContracts\generated\csharp\Maliev.MessagingContracts.csproj]
B:\maliev\Maliev.MessagingContracts\generated\csharp\Contracts\MessagingContracts.cs(4083,31): warning CS1573: Parameter 'OccurredAtUtc' has no matching param tag in the XML comment for 'PdfGenerationFailedEvent.PdfGenerationFailedEvent(Guid, string, MessageType, string, string, IReadOnlyList<string>, Guid, Guid?, DateTimeOffset, bool, PdfGenerationFailedEventPayload)' (but other parameters do) [B:\maliev\Maliev.MessagingContracts\generated\csharp\Maliev.MessagingContracts.csproj]
B:\maliev\Maliev.MessagingContracts\generated\csharp\Contracts\MessagingContracts.cs(4084,14): warning CS1573: Parameter 'IsPublic' has no matching param tag in the XML comment for 'PdfGenerationFailedEvent.PdfGenerationFailedEvent(Guid, string, MessageType, string, string, IReadOnlyList<string>, Guid, Guid?, DateTimeOffset, bool, PdfGenerationFailedEventPayload)' (but other parameters do) [B:\maliev\Maliev.MessagingContracts\generated\csharp\Maliev.MessagingContracts.csproj]
B:\maliev\Maliev.MessagingContracts\generated\csharp\Contracts\MessagingContracts.cs(4114,21): warning CS1573: Parameter 'MessageId' has no matching param tag in the XML comment for 'PerformanceReviewCreatedEvent.PerformanceReviewCreatedEvent(Guid, string, MessageType, string, string, IReadOnlyList<string>, Guid, Guid?, DateTimeOffset, bool, PerformanceReviewCreatedEventPayload)' (but other parameters do) [B:\maliev\Maliev.MessagingContracts\generated\csharp\Maliev.MessagingContracts.csproj]
B:\maliev\Maliev.MessagingContracts\generated\csharp\Contracts\MessagingContracts.cs(4115,16): warning CS1573: Parameter 'MessageName' has no matching param tag in the XML comment for 'PerformanceReviewCreatedEvent.PerformanceReviewCreatedEvent(Guid, string, MessageType, string, string, IReadOnlyList<string>, Guid, Guid?, DateTimeOffset, bool, PerformanceReviewCreatedEventPayload)' (but other parameters do) [B:\maliev\Maliev.MessagingContracts\generated\csharp\Maliev.MessagingContracts.csproj]
B:\maliev\Maliev.MessagingContracts\generated\csharp\Contracts\MessagingContracts.cs(4116,21): warning CS1573: Parameter 'MessageType' has no matching param tag in the XML comment for 'PerformanceReviewCreatedEvent.PerformanceReviewCreatedEvent(Guid, string, MessageType, string, string, IReadOnlyList<string>, Guid, Guid?, DateTimeOffset, bool, PerformanceReviewCreatedEventPayload)' (but other parameters do) [B:\maliev\Maliev.MessagingContracts\generated\csharp\Maliev.MessagingContracts.csproj]
B:\maliev\Maliev.MessagingContracts\generated\csharp\Contracts\MessagingContracts.cs(4117,16): warning CS1573: Parameter 'MessageVersion' has no matching param tag in the XML comment for 'PerformanceReviewCreatedEvent.PerformanceReviewCreatedEvent(Guid, string, MessageType, string, string, IReadOnlyList<string>, Guid, Guid?, DateTimeOffset, bool, PerformanceReviewCreatedEventPayload)' (but other parameters do) [B:\maliev\Maliev.MessagingContracts\generated\csharp\Maliev.MessagingContracts.csproj]
B:\maliev\Maliev.MessagingContracts\generated\csharp\Contracts\MessagingContracts.cs(4118,16): warning CS1573: Parameter 'PublishedBy' has no matching param tag in the XML comment for 'PerformanceReviewCreatedEvent.PerformanceReviewCreatedEvent(Guid, string, MessageType, string, string, IReadOnlyList<string>, Guid, Guid?, DateTimeOffset, bool, PerformanceReviewCreatedEventPayload)' (but other parameters do) [B:\maliev\Maliev.MessagingContracts\generated\csharp\Maliev.MessagingContracts.csproj]
B:\maliev\Maliev.MessagingContracts\generated\csharp\Contracts\MessagingContracts.cs(4119,58): warning CS1573: Parameter 'ConsumedBy' has no matching param tag in the XML comment for 'PerformanceReviewCreatedEvent.PerformanceReviewCreatedEvent(Guid, string, MessageType, string, string, IReadOnlyList<string>, Guid, Guid?, DateTimeOffset, bool, PerformanceReviewCreatedEventPayload)' (but other parameters do) [B:\maliev\Maliev.MessagingContracts\generated\csharp\Maliev.MessagingContracts.csproj]
B:\maliev\Maliev.MessagingContracts\generated\csharp\Contracts\MessagingContracts.cs(4120,21): warning CS1573: Parameter 'CorrelationId' has no matching param tag in the XML comment for 'PerformanceReviewCreatedEvent.PerformanceReviewCreatedEvent(Guid, string, MessageType, string, string, IReadOnlyList<string>, Guid, Guid?, DateTimeOffset, bool, PerformanceReviewCreatedEventPayload)' (but other parameters do) [B:\maliev\Maliev.MessagingContracts\generated\csharp\Maliev.MessagingContracts.csproj]
B:\maliev\Maliev.MessagingContracts\generated\csharp\Contracts\MessagingContracts.cs(4121,22): warning CS1573: Parameter 'CausationId' has no matching param tag in the XML comment for 'PerformanceReviewCreatedEvent.PerformanceReviewCreatedEvent(Guid, string, MessageType, string, string, IReadOnlyList<string>, Guid, Guid?, DateTimeOffset, bool, PerformanceReviewCreatedEventPayload)' (but other parameters do) [B:\maliev\Maliev.MessagingContracts\generated\csharp\Maliev.MessagingContracts.csproj]
B:\maliev\Maliev.MessagingContracts\generated\csharp\Contracts\MessagingContracts.cs(4122,31): warning CS1573: Parameter 'OccurredAtUtc' has no matching param tag in the XML comment for 'PerformanceReviewCreatedEvent.PerformanceReviewCreatedEvent(Guid, string, MessageType, string, string, IReadOnlyList<string>, Guid, Guid?, DateTimeOffset, bool, PerformanceReviewCreatedEventPayload)' (but other parameters do) [B:\maliev\Maliev.MessagingContracts\generated\csharp\Maliev.MessagingContracts.csproj]
B:\maliev\Maliev.MessagingContracts\generated\csharp\Contracts\MessagingContracts.cs(4123,14): warning CS1573: Parameter 'IsPublic' has no matching param tag in the XML comment for 'PerformanceReviewCreatedEvent.PerformanceReviewCreatedEvent(Guid, string, MessageType, string, string, IReadOnlyList<string>, Guid, Guid?, DateTimeOffset, bool, PerformanceReviewCreatedEventPayload)' (but other parameters do) [B:\maliev\Maliev.MessagingContracts\generated\csharp\Maliev.MessagingContracts.csproj]
B:\maliev\Maliev.MessagingContracts\generated\csharp\Contracts\MessagingContracts.cs(4151,21): warning CS1573: Parameter 'MessageId' has no matching param tag in the XML comment for 'PerformanceReviewSubmittedEvent.PerformanceReviewSubmittedEvent(Guid, string, MessageType, string, string, IReadOnlyList<string>, Guid, Guid?, DateTimeOffset, bool, PerformanceReviewSubmittedEventPayload)' (but other parameters do) [B:\maliev\Maliev.MessagingContracts\generated\csharp\Maliev.MessagingContracts.csproj]
B:\maliev\Maliev.MessagingContracts\generated\csharp\Contracts\MessagingContracts.cs(4152,16): warning CS1573: Parameter 'MessageName' has no matching param tag in the XML comment for 'PerformanceReviewSubmittedEvent.PerformanceReviewSubmittedEvent(Guid, string, MessageType, string, string, IReadOnlyList<string>, Guid, Guid?, DateTimeOffset, bool, PerformanceReviewSubmittedEventPayload)' (but other parameters do) [B:\maliev\Maliev.MessagingContracts\generated\csharp\Maliev.MessagingContracts.csproj]
B:\maliev\Maliev.MessagingContracts\generated\csharp\Contracts\MessagingContracts.cs(4153,21): warning CS1573: Parameter 'MessageType' has no matching param tag in the XML comment for 'PerformanceReviewSubmittedEvent.PerformanceReviewSubmittedEvent(Guid, string, MessageType, string, string, IReadOnlyList<string>, Guid, Guid?, DateTimeOffset, bool, PerformanceReviewSubmittedEventPayload)' (but other parameters do) [B:\maliev\Maliev.MessagingContracts\generated\csharp\Maliev.MessagingContracts.csproj]
B:\maliev\Maliev.MessagingContracts\generated\csharp\Contracts\MessagingContracts.cs(4154,16): warning CS1573: Parameter 'MessageVersion' has no matching param tag in the XML comment for 'PerformanceReviewSubmittedEvent.PerformanceReviewSubmittedEvent(Guid, string, MessageType, string, string, IReadOnlyList<string>, Guid, Guid?, DateTimeOffset, bool, PerformanceReviewSubmittedEventPayload)' (but other parameters do) [B:\maliev\Maliev.MessagingContracts\generated\csharp\Maliev.MessagingContracts.csproj]
B:\maliev\Maliev.MessagingContracts\generated\csharp\Contracts\MessagingContracts.cs(4155,16): warning CS1573: Parameter 'PublishedBy' has no matching param tag in the XML comment for 'PerformanceReviewSubmittedEvent.PerformanceReviewSubmittedEvent(Guid, string, MessageType, string, string, IReadOnlyList<string>, Guid, Guid?, DateTimeOffset, bool, PerformanceReviewSubmittedEventPayload)' (but other parameters do) [B:\maliev\Maliev.MessagingContracts\generated\csharp\Maliev.MessagingContracts.csproj]
B:\maliev\Maliev.MessagingContracts\generated\csharp\Contracts\MessagingContracts.cs(4156,58): warning CS1573: Parameter 'ConsumedBy' has no matching param tag in the XML comment for 'PerformanceReviewSubmittedEvent.PerformanceReviewSubmittedEvent(Guid, string, MessageType, string, string, IReadOnlyList<string>, Guid, Guid?, DateTimeOffset, bool, PerformanceReviewSubmittedEventPayload)' (but other parameters do) [B:\maliev\Maliev.MessagingContracts\generated\csharp\Maliev.MessagingContracts.csproj]
B:\maliev\Maliev.MessagingContracts\generated\csharp\Contracts\MessagingContracts.cs(4157,21): warning CS1573: Parameter 'CorrelationId' has no matching param tag in the XML comment for 'PerformanceReviewSubmittedEvent.PerformanceReviewSubmittedEvent(Guid, string, MessageType, string, string, IReadOnlyList<string>, Guid, Guid?, DateTimeOffset, bool, PerformanceReviewSubmittedEventPayload)' (but other parameters do) [B:\maliev\Maliev.MessagingContracts\generated\csharp\Maliev.MessagingContracts.csproj]
B:\maliev\Maliev.MessagingContracts\generated\csharp\Contracts\MessagingContracts.cs(4158,22): warning CS1573: Parameter 'CausationId' has no matching param tag in the XML comment for 'PerformanceReviewSubmittedEvent.PerformanceReviewSubmittedEvent(Guid, string, MessageType, string, string, IReadOnlyList<string>, Guid, Guid?, DateTimeOffset, bool, PerformanceReviewSubmittedEventPayload)' (but other parameters do) [B:\maliev\Maliev.MessagingContracts\generated\csharp\Maliev.MessagingContracts.csproj]
B:\maliev\Maliev.MessagingContracts\generated\csharp\Contracts\MessagingContracts.cs(4159,31): warning CS1573: Parameter 'OccurredAtUtc' has no matching param tag in the XML comment for 'PerformanceReviewSubmittedEvent.PerformanceReviewSubmittedEvent(Guid, string, MessageType, string, string, IReadOnlyList<string>, Guid, Guid?, DateTimeOffset, bool, PerformanceReviewSubmittedEventPayload)' (but other parameters do) [B:\maliev\Maliev.MessagingContracts\generated\csharp\Maliev.MessagingContracts.csproj]
B:\maliev\Maliev.MessagingContracts\generated\csharp\Contracts\MessagingContracts.cs(4160,14): warning CS1573: Parameter 'IsPublic' has no matching param tag in the XML comment for 'PerformanceReviewSubmittedEvent.PerformanceReviewSubmittedEvent(Guid, string, MessageType, string, string, IReadOnlyList<string>, Guid, Guid?, DateTimeOffset, bool, PerformanceReviewSubmittedEventPayload)' (but other parameters do) [B:\maliev\Maliev.MessagingContracts\generated\csharp\Maliev.MessagingContracts.csproj]
B:\maliev\Maliev.MessagingContracts\generated\csharp\Contracts\MessagingContracts.cs(4188,21): warning CS1573: Parameter 'MessageId' has no matching param tag in the XML comment for 'PerformanceGoalCreatedEvent.PerformanceGoalCreatedEvent(Guid, string, MessageType, string, string, IReadOnlyList<string>, Guid, Guid?, DateTimeOffset, bool, PerformanceGoalCreatedEventPayload)' (but other parameters do) [B:\maliev\Maliev.MessagingContracts\generated\csharp\Maliev.MessagingContracts.csproj]
B:\maliev\Maliev.MessagingContracts\generated\csharp\Contracts\MessagingContracts.cs(4189,16): warning CS1573: Parameter 'MessageName' has no matching param tag in the XML comment for 'PerformanceGoalCreatedEvent.PerformanceGoalCreatedEvent(Guid, string, MessageType, string, string, IReadOnlyList<string>, Guid, Guid?, DateTimeOffset, bool, PerformanceGoalCreatedEventPayload)' (but other parameters do) [B:\maliev\Maliev.MessagingContracts\generated\csharp\Maliev.MessagingContracts.csproj]
B:\maliev\Maliev.MessagingContracts\generated\csharp\Contracts\MessagingContracts.cs(4190,21): warning CS1573: Parameter 'MessageType' has no matching param tag in the XML comment for 'PerformanceGoalCreatedEvent.PerformanceGoalCreatedEvent(Guid, string, MessageType, string, string, IReadOnlyList<string>, Guid, Guid?, DateTimeOffset, bool, PerformanceGoalCreatedEventPayload)' (but other parameters do) [B:\maliev\Maliev.MessagingContracts\generated\csharp\Maliev.MessagingContracts.csproj]
B:\maliev\Maliev.MessagingContracts\generated\csharp\Contracts\MessagingContracts.cs(4191,16): warning CS1573: Parameter 'MessageVersion' has no matching param tag in the XML comment for 'PerformanceGoalCreatedEvent.PerformanceGoalCreatedEvent(Guid, string, MessageType, string, string, IReadOnlyList<string>, Guid, Guid?, DateTimeOffset, bool, PerformanceGoalCreatedEventPayload)' (but other parameters do) [B:\maliev\Maliev.MessagingContracts\generated\csharp\Maliev.MessagingContracts.csproj]
B:\maliev\Maliev.MessagingContracts\generated\csharp\Contracts\MessagingContracts.cs(4192,16): warning CS1573: Parameter 'PublishedBy' has no matching param tag in the XML comment for 'PerformanceGoalCreatedEvent.PerformanceGoalCreatedEvent(Guid, string, MessageType, string, string, IReadOnlyList<string>, Guid, Guid?, DateTimeOffset, bool, PerformanceGoalCreatedEventPayload)' (but other parameters do) [B:\maliev\Maliev.MessagingContracts\generated\csharp\Maliev.MessagingContracts.csproj]
B:\maliev\Maliev.MessagingContracts\generated\csharp\Contracts\MessagingContracts.cs(4193,58): warning CS1573: Parameter 'ConsumedBy' has no matching param tag in the XML comment for 'PerformanceGoalCreatedEvent.PerformanceGoalCreatedEvent(Guid, string, MessageType, string, string, IReadOnlyList<string>, Guid, Guid?, DateTimeOffset, bool, PerformanceGoalCreatedEventPayload)' (but other parameters do) [B:\maliev\Maliev.MessagingContracts\generated\csharp\Maliev.MessagingContracts.csproj]
B:\maliev\Maliev.MessagingContracts\generated\csharp\Contracts\MessagingContracts.cs(4194,21): warning CS1573: Parameter 'CorrelationId' has no matching param tag in the XML comment for 'PerformanceGoalCreatedEvent.PerformanceGoalCreatedEvent(Guid, string, MessageType, string, string, IReadOnlyList<string>, Guid, Guid?, DateTimeOffset, bool, PerformanceGoalCreatedEventPayload)' (but other parameters do) [B:\maliev\Maliev.MessagingContracts\generated\csharp\Maliev.MessagingContracts.csproj]
B:\maliev\Maliev.MessagingContracts\generated\csharp\Contracts\MessagingContracts.cs(4195,22): warning CS1573: Parameter 'CausationId' has no matching param tag in the XML comment for 'PerformanceGoalCreatedEvent.PerformanceGoalCreatedEvent(Guid, string, MessageType, string, string, IReadOnlyList<string>, Guid, Guid?, DateTimeOffset, bool, PerformanceGoalCreatedEventPayload)' (but other parameters do) [B:\maliev\Maliev.MessagingContracts\generated\csharp\Maliev.MessagingContracts.csproj]
B:\maliev\Maliev.MessagingContracts\generated\csharp\Contracts\MessagingContracts.cs(4196,31): warning CS1573: Parameter 'OccurredAtUtc' has no matching param tag in the XML comment for 'PerformanceGoalCreatedEvent.PerformanceGoalCreatedEvent(Guid, string, MessageType, string, string, IReadOnlyList<string>, Guid, Guid?, DateTimeOffset, bool, PerformanceGoalCreatedEventPayload)' (but other parameters do) [B:\maliev\Maliev.MessagingContracts\generated\csharp\Maliev.MessagingContracts.csproj]
B:\maliev\Maliev.MessagingContracts\generated\csharp\Contracts\MessagingContracts.cs(4197,14): warning CS1573: Parameter 'IsPublic' has no matching param tag in the XML comment for 'PerformanceGoalCreatedEvent.PerformanceGoalCreatedEvent(Guid, string, MessageType, string, string, IReadOnlyList<string>, Guid, Guid?, DateTimeOffset, bool, PerformanceGoalCreatedEventPayload)' (but other parameters do) [B:\maliev\Maliev.MessagingContracts\generated\csharp\Maliev.MessagingContracts.csproj]
B:\maliev\Maliev.MessagingContracts\generated\csharp\Contracts\MessagingContracts.cs(4225,21): warning CS1573: Parameter 'MessageId' has no matching param tag in the XML comment for 'PerformanceGoalCompletedEvent.PerformanceGoalCompletedEvent(Guid, string, MessageType, string, string, IReadOnlyList<string>, Guid, Guid?, DateTimeOffset, bool, PerformanceGoalCompletedEventPayload)' (but other parameters do) [B:\maliev\Maliev.MessagingContracts\generated\csharp\Maliev.MessagingContracts.csproj]
B:\maliev\Maliev.MessagingContracts\generated\csharp\Contracts\MessagingContracts.cs(4226,16): warning CS1573: Parameter 'MessageName' has no matching param tag in the XML comment for 'PerformanceGoalCompletedEvent.PerformanceGoalCompletedEvent(Guid, string, MessageType, string, string, IReadOnlyList<string>, Guid, Guid?, DateTimeOffset, bool, PerformanceGoalCompletedEventPayload)' (but other parameters do) [B:\maliev\Maliev.MessagingContracts\generated\csharp\Maliev.MessagingContracts.csproj]
B:\maliev\Maliev.MessagingContracts\generated\csharp\Contracts\MessagingContracts.cs(4227,21): warning CS1573: Parameter 'MessageType' has no matching param tag in the XML comment for 'PerformanceGoalCompletedEvent.PerformanceGoalCompletedEvent(Guid, string, MessageType, string, string, IReadOnlyList<string>, Guid, Guid?, DateTimeOffset, bool, PerformanceGoalCompletedEventPayload)' (but other parameters do) [B:\maliev\Maliev.MessagingContracts\generated\csharp\Maliev.MessagingContracts.csproj]
B:\maliev\Maliev.MessagingContracts\generated\csharp\Contracts\MessagingContracts.cs(4228,16): warning CS1573: Parameter 'MessageVersion' has no matching param tag in the XML comment for 'PerformanceGoalCompletedEvent.PerformanceGoalCompletedEvent(Guid, string, MessageType, string, string, IReadOnlyList<string>, Guid, Guid?, DateTimeOffset, bool, PerformanceGoalCompletedEventPayload)' (but other parameters do) [B:\maliev\Maliev.MessagingContracts\generated\csharp\Maliev.MessagingContracts.csproj]
B:\maliev\Maliev.MessagingContracts\generated\csharp\Contracts\MessagingContracts.cs(4229,16): warning CS1573: Parameter 'PublishedBy' has no matching param tag in the XML comment for 'PerformanceGoalCompletedEvent.PerformanceGoalCompletedEvent(Guid, string, MessageType, string, string, IReadOnlyList<string>, Guid, Guid?, DateTimeOffset, bool, PerformanceGoalCompletedEventPayload)' (but other parameters do) [B:\maliev\Maliev.MessagingContracts\generated\csharp\Maliev.MessagingContracts.csproj]
B:\maliev\Maliev.MessagingContracts\generated\csharp\Contracts\MessagingContracts.cs(4230,58): warning CS1573: Parameter 'ConsumedBy' has no matching param tag in the XML comment for 'PerformanceGoalCompletedEvent.PerformanceGoalCompletedEvent(Guid, string, MessageType, string, string, IReadOnlyList<string>, Guid, Guid?, DateTimeOffset, bool, PerformanceGoalCompletedEventPayload)' (but other parameters do) [B:\maliev\Maliev.MessagingContracts\generated\csharp\Maliev.MessagingContracts.csproj]
B:\maliev\Maliev.MessagingContracts\generated\csharp\Contracts\MessagingContracts.cs(4231,21): warning CS1573: Parameter 'CorrelationId' has no matching param tag in the XML comment for 'PerformanceGoalCompletedEvent.PerformanceGoalCompletedEvent(Guid, string, MessageType, string, string, IReadOnlyList<string>, Guid, Guid?, DateTimeOffset, bool, PerformanceGoalCompletedEventPayload)' (but other parameters do) [B:\maliev\Maliev.MessagingContracts\generated\csharp\Maliev.MessagingContracts.csproj]
B:\maliev\Maliev.MessagingContracts\generated\csharp\Contracts\MessagingContracts.cs(4232,22): warning CS1573: Parameter 'CausationId' has no matching param tag in the XML comment for 'PerformanceGoalCompletedEvent.PerformanceGoalCompletedEvent(Guid, string, MessageType, string, string, IReadOnlyList<string>, Guid, Guid?, DateTimeOffset, bool, PerformanceGoalCompletedEventPayload)' (but other parameters do) [B:\maliev\Maliev.MessagingContracts\generated\csharp\Maliev.MessagingContracts.csproj]
B:\maliev\Maliev.MessagingContracts\generated\csharp\Contracts\MessagingContracts.cs(4233,31): warning CS1573: Parameter 'OccurredAtUtc' has no matching param tag in the XML comment for 'PerformanceGoalCompletedEvent.PerformanceGoalCompletedEvent(Guid, string, MessageType, string, string, IReadOnlyList<string>, Guid, Guid?, DateTimeOffset, bool, PerformanceGoalCompletedEventPayload)' (but other parameters do) [B:\maliev\Maliev.MessagingContracts\generated\csharp\Maliev.MessagingContracts.csproj]
B:\maliev\Maliev.MessagingContracts\generated\csharp\Contracts\MessagingContracts.cs(4234,14): warning CS1573: Parameter 'IsPublic' has no matching param tag in the XML comment for 'PerformanceGoalCompletedEvent.PerformanceGoalCompletedEvent(Guid, string, MessageType, string, string, IReadOnlyList<string>, Guid, Guid?, DateTimeOffset, bool, PerformanceGoalCompletedEventPayload)' (but other parameters do) [B:\maliev\Maliev.MessagingContracts\generated\csharp\Maliev.MessagingContracts.csproj]
B:\maliev\Maliev.MessagingContracts\generated\csharp\Contracts\MessagingContracts.cs(4263,21): warning CS1573: Parameter 'MessageId' has no matching param tag in the XML comment for 'PerformancePIPInitiatedEvent.PerformancePIPInitiatedEvent(Guid, string, MessageType, string, string, IReadOnlyList<string>, Guid, Guid?, DateTimeOffset, bool, PerformancePIPInitiatedEventPayload)' (but other parameters do) [B:\maliev\Maliev.MessagingContracts\generated\csharp\Maliev.MessagingContracts.csproj]
B:\maliev\Maliev.MessagingContracts\generated\csharp\Contracts\MessagingContracts.cs(4264,16): warning CS1573: Parameter 'MessageName' has no matching param tag in the XML comment for 'PerformancePIPInitiatedEvent.PerformancePIPInitiatedEvent(Guid, string, MessageType, string, string, IReadOnlyList<string>, Guid, Guid?, DateTimeOffset, bool, PerformancePIPInitiatedEventPayload)' (but other parameters do) [B:\maliev\Maliev.MessagingContracts\generated\csharp\Maliev.MessagingContracts.csproj]
B:\maliev\Maliev.MessagingContracts\generated\csharp\Contracts\MessagingContracts.cs(4265,21): warning CS1573: Parameter 'MessageType' has no matching param tag in the XML comment for 'PerformancePIPInitiatedEvent.PerformancePIPInitiatedEvent(Guid, string, MessageType, string, string, IReadOnlyList<string>, Guid, Guid?, DateTimeOffset, bool, PerformancePIPInitiatedEventPayload)' (but other parameters do) [B:\maliev\Maliev.MessagingContracts\generated\csharp\Maliev.MessagingContracts.csproj]
B:\maliev\Maliev.MessagingContracts\generated\csharp\Contracts\MessagingContracts.cs(4266,16): warning CS1573: Parameter 'MessageVersion' has no matching param tag in the XML comment for 'PerformancePIPInitiatedEvent.PerformancePIPInitiatedEvent(Guid, string, MessageType, string, string, IReadOnlyList<string>, Guid, Guid?, DateTimeOffset, bool, PerformancePIPInitiatedEventPayload)' (but other parameters do) [B:\maliev\Maliev.MessagingContracts\generated\csharp\Maliev.MessagingContracts.csproj]
B:\maliev\Maliev.MessagingContracts\generated\csharp\Contracts\MessagingContracts.cs(4267,16): warning CS1573: Parameter 'PublishedBy' has no matching param tag in the XML comment for 'PerformancePIPInitiatedEvent.PerformancePIPInitiatedEvent(Guid, string, MessageType, string, string, IReadOnlyList<string>, Guid, Guid?, DateTimeOffset, bool, PerformancePIPInitiatedEventPayload)' (but other parameters do) [B:\maliev\Maliev.MessagingContracts\generated\csharp\Maliev.MessagingContracts.csproj]
B:\maliev\Maliev.MessagingContracts\generated\csharp\Contracts\MessagingContracts.cs(4268,58): warning CS1573: Parameter 'ConsumedBy' has no matching param tag in the XML comment for 'PerformancePIPInitiatedEvent.PerformancePIPInitiatedEvent(Guid, string, MessageType, string, string, IReadOnlyList<string>, Guid, Guid?, DateTimeOffset, bool, PerformancePIPInitiatedEventPayload)' (but other parameters do) [B:\maliev\Maliev.MessagingContracts\generated\csharp\Maliev.MessagingContracts.csproj]
B:\maliev\Maliev.MessagingContracts\generated\csharp\Contracts\MessagingContracts.cs(4269,21): warning CS1573: Parameter 'CorrelationId' has no matching param tag in the XML comment for 'PerformancePIPInitiatedEvent.PerformancePIPInitiatedEvent(Guid, string, MessageType, string, string, IReadOnlyList<string>, Guid, Guid?, DateTimeOffset, bool, PerformancePIPInitiatedEventPayload)' (but other parameters do) [B:\maliev\Maliev.MessagingContracts\generated\csharp\Maliev.MessagingContracts.csproj]
B:\maliev\Maliev.MessagingContracts\generated\csharp\Contracts\MessagingContracts.cs(4270,22): warning CS1573: Parameter 'CausationId' has no matching param tag in the XML comment for 'PerformancePIPInitiatedEvent.PerformancePIPInitiatedEvent(Guid, string, MessageType, string, string, IReadOnlyList<string>, Guid, Guid?, DateTimeOffset, bool, PerformancePIPInitiatedEventPayload)' (but other parameters do) [B:\maliev\Maliev.MessagingContracts\generated\csharp\Maliev.MessagingContracts.csproj]
B:\maliev\Maliev.MessagingContracts\generated\csharp\Contracts\MessagingContracts.cs(4271,31): warning CS1573: Parameter 'OccurredAtUtc' has no matching param tag in the XML comment for 'PerformancePIPInitiatedEvent.PerformancePIPInitiatedEvent(Guid, string, MessageType, string, string, IReadOnlyList<string>, Guid, Guid?, DateTimeOffset, bool, PerformancePIPInitiatedEventPayload)' (but other parameters do) [B:\maliev\Maliev.MessagingContracts\generated\csharp\Maliev.MessagingContracts.csproj]
B:\maliev\Maliev.MessagingContracts\generated\csharp\Contracts\MessagingContracts.cs(4272,14): warning CS1573: Parameter 'IsPublic' has no matching param tag in the XML comment for 'PerformancePIPInitiatedEvent.PerformancePIPInitiatedEvent(Guid, string, MessageType, string, string, IReadOnlyList<string>, Guid, Guid?, DateTimeOffset, bool, PerformancePIPInitiatedEventPayload)' (but other parameters do) [B:\maliev\Maliev.MessagingContracts\generated\csharp\Maliev.MessagingContracts.csproj]
B:\maliev\Maliev.MessagingContracts\generated\csharp\Contracts\MessagingContracts.cs(4300,21): warning CS1573: Parameter 'MessageId' has no matching param tag in the XML comment for 'GoalCompletedEvent.GoalCompletedEvent(Guid, string, MessageType, string, string, IReadOnlyList<string>, Guid, Guid?, DateTimeOffset, bool, GoalCompletedEventPayload)' (but other parameters do) [B:\maliev\Maliev.MessagingContracts\generated\csharp\Maliev.MessagingContracts.csproj]
B:\maliev\Maliev.MessagingContracts\generated\csharp\Contracts\MessagingContracts.cs(4301,16): warning CS1573: Parameter 'MessageName' has no matching param tag in the XML comment for 'GoalCompletedEvent.GoalCompletedEvent(Guid, string, MessageType, string, string, IReadOnlyList<string>, Guid, Guid?, DateTimeOffset, bool, GoalCompletedEventPayload)' (but other parameters do) [B:\maliev\Maliev.MessagingContracts\generated\csharp\Maliev.MessagingContracts.csproj]
B:\maliev\Maliev.MessagingContracts\generated\csharp\Contracts\MessagingContracts.cs(4302,21): warning CS1573: Parameter 'MessageType' has no matching param tag in the XML comment for 'GoalCompletedEvent.GoalCompletedEvent(Guid, string, MessageType, string, string, IReadOnlyList<string>, Guid, Guid?, DateTimeOffset, bool, GoalCompletedEventPayload)' (but other parameters do) [B:\maliev\Maliev.MessagingContracts\generated\csharp\Maliev.MessagingContracts.csproj]
B:\maliev\Maliev.MessagingContracts\generated\csharp\Contracts\MessagingContracts.cs(4303,16): warning CS1573: Parameter 'MessageVersion' has no matching param tag in the XML comment for 'GoalCompletedEvent.GoalCompletedEvent(Guid, string, MessageType, string, string, IReadOnlyList<string>, Guid, Guid?, DateTimeOffset, bool, GoalCompletedEventPayload)' (but other parameters do) [B:\maliev\Maliev.MessagingContracts\generated\csharp\Maliev.MessagingContracts.csproj]
B:\maliev\Maliev.MessagingContracts\generated\csharp\Contracts\MessagingContracts.cs(4304,16): warning CS1573: Parameter 'PublishedBy' has no matching param tag in the XML comment for 'GoalCompletedEvent.GoalCompletedEvent(Guid, string, MessageType, string, string, IReadOnlyList<string>, Guid, Guid?, DateTimeOffset, bool, GoalCompletedEventPayload)' (but other parameters do) [B:\maliev\Maliev.MessagingContracts\generated\csharp\Maliev.MessagingContracts.csproj]
B:\maliev\Maliev.MessagingContracts\generated\csharp\Contracts\MessagingContracts.cs(4305,58): warning CS1573: Parameter 'ConsumedBy' has no matching param tag in the XML comment for 'GoalCompletedEvent.GoalCompletedEvent(Guid, string, MessageType, string, string, IReadOnlyList<string>, Guid, Guid?, DateTimeOffset, bool, GoalCompletedEventPayload)' (but other parameters do) [B:\maliev\Maliev.MessagingContracts\generated\csharp\Maliev.MessagingContracts.csproj]
B:\maliev\Maliev.MessagingContracts\generated\csharp\Contracts\MessagingContracts.cs(4306,21): warning CS1573: Parameter 'CorrelationId' has no matching param tag in the XML comment for 'GoalCompletedEvent.GoalCompletedEvent(Guid, string, MessageType, string, string, IReadOnlyList<string>, Guid, Guid?, DateTimeOffset, bool, GoalCompletedEventPayload)' (but other parameters do) [B:\maliev\Maliev.MessagingContracts\generated\csharp\Maliev.MessagingContracts.csproj]
B:\maliev\Maliev.MessagingContracts\generated\csharp\Contracts\MessagingContracts.cs(4307,22): warning CS1573: Parameter 'CausationId' has no matching param tag in the XML comment for 'GoalCompletedEvent.GoalCompletedEvent(Guid, string, MessageType, string, string, IReadOnlyList<string>, Guid, Guid?, DateTimeOffset, bool, GoalCompletedEventPayload)' (but other parameters do) [B:\maliev\Maliev.MessagingContracts\generated\csharp\Maliev.MessagingContracts.csproj]
B:\maliev\Maliev.MessagingContracts\generated\csharp\Contracts\MessagingContracts.cs(4308,31): warning CS1573: Parameter 'OccurredAtUtc' has no matching param tag in the XML comment for 'GoalCompletedEvent.GoalCompletedEvent(Guid, string, MessageType, string, string, IReadOnlyList<string>, Guid, Guid?, DateTimeOffset, bool, GoalCompletedEventPayload)' (but other parameters do) [B:\maliev\Maliev.MessagingContracts\generated\csharp\Maliev.MessagingContracts.csproj]
B:\maliev\Maliev.MessagingContracts\generated\csharp\Contracts\MessagingContracts.cs(4309,14): warning CS1573: Parameter 'IsPublic' has no matching param tag in the XML comment for 'GoalCompletedEvent.GoalCompletedEvent(Guid, string, MessageType, string, string, IReadOnlyList<string>, Guid, Guid?, DateTimeOffset, bool, GoalCompletedEventPayload)' (but other parameters do) [B:\maliev\Maliev.MessagingContracts\generated\csharp\Maliev.MessagingContracts.csproj]
B:\maliev\Maliev.MessagingContracts\generated\csharp\Contracts\MessagingContracts.cs(4338,21): warning CS1573: Parameter 'MessageId' has no matching param tag in the XML comment for 'PIPInitiatedEvent.PIPInitiatedEvent(Guid, string, MessageType, string, string, IReadOnlyList<string>, Guid, Guid?, DateTimeOffset, bool, PIPInitiatedEventPayload)' (but other parameters do) [B:\maliev\Maliev.MessagingContracts\generated\csharp\Maliev.MessagingContracts.csproj]
B:\maliev\Maliev.MessagingContracts\generated\csharp\Contracts\MessagingContracts.cs(4339,16): warning CS1573: Parameter 'MessageName' has no matching param tag in the XML comment for 'PIPInitiatedEvent.PIPInitiatedEvent(Guid, string, MessageType, string, string, IReadOnlyList<string>, Guid, Guid?, DateTimeOffset, bool, PIPInitiatedEventPayload)' (but other parameters do) [B:\maliev\Maliev.MessagingContracts\generated\csharp\Maliev.MessagingContracts.csproj]
B:\maliev\Maliev.MessagingContracts\generated\csharp\Contracts\MessagingContracts.cs(4340,21): warning CS1573: Parameter 'MessageType' has no matching param tag in the XML comment for 'PIPInitiatedEvent.PIPInitiatedEvent(Guid, string, MessageType, string, string, IReadOnlyList<string>, Guid, Guid?, DateTimeOffset, bool, PIPInitiatedEventPayload)' (but other parameters do) [B:\maliev\Maliev.MessagingContracts\generated\csharp\Maliev.MessagingContracts.csproj]
B:\maliev\Maliev.MessagingContracts\generated\csharp\Contracts\MessagingContracts.cs(4341,16): warning CS1573: Parameter 'MessageVersion' has no matching param tag in the XML comment for 'PIPInitiatedEvent.PIPInitiatedEvent(Guid, string, MessageType, string, string, IReadOnlyList<string>, Guid, Guid?, DateTimeOffset, bool, PIPInitiatedEventPayload)' (but other parameters do) [B:\maliev\Maliev.MessagingContracts\generated\csharp\Maliev.MessagingContracts.csproj]
B:\maliev\Maliev.MessagingContracts\generated\csharp\Contracts\MessagingContracts.cs(4342,16): warning CS1573: Parameter 'PublishedBy' has no matching param tag in the XML comment for 'PIPInitiatedEvent.PIPInitiatedEvent(Guid, string, MessageType, string, string, IReadOnlyList<string>, Guid, Guid?, DateTimeOffset, bool, PIPInitiatedEventPayload)' (but other parameters do) [B:\maliev\Maliev.MessagingContracts\generated\csharp\Maliev.MessagingContracts.csproj]
B:\maliev\Maliev.MessagingContracts\generated\csharp\Contracts\MessagingContracts.cs(4343,58): warning CS1573: Parameter 'ConsumedBy' has no matching param tag in the XML comment for 'PIPInitiatedEvent.PIPInitiatedEvent(Guid, string, MessageType, string, string, IReadOnlyList<string>, Guid, Guid?, DateTimeOffset, bool, PIPInitiatedEventPayload)' (but other parameters do) [B:\maliev\Maliev.MessagingContracts\generated\csharp\Maliev.MessagingContracts.csproj]
B:\maliev\Maliev.MessagingContracts\generated\csharp\Contracts\MessagingContracts.cs(4344,21): warning CS1573: Parameter 'CorrelationId' has no matching param tag in the XML comment for 'PIPInitiatedEvent.PIPInitiatedEvent(Guid, string, MessageType, string, string, IReadOnlyList<string>, Guid, Guid?, DateTimeOffset, bool, PIPInitiatedEventPayload)' (but other parameters do) [B:\maliev\Maliev.MessagingContracts\generated\csharp\Maliev.MessagingContracts.csproj]
B:\maliev\Maliev.MessagingContracts\generated\csharp\Contracts\MessagingContracts.cs(4345,22): warning CS1573: Parameter 'CausationId' has no matching param tag in the XML comment for 'PIPInitiatedEvent.PIPInitiatedEvent(Guid, string, MessageType, string, string, IReadOnlyList<string>, Guid, Guid?, DateTimeOffset, bool, PIPInitiatedEventPayload)' (but other parameters do) [B:\maliev\Maliev.MessagingContracts\generated\csharp\Maliev.MessagingContracts.csproj]
B:\maliev\Maliev.MessagingContracts\generated\csharp\Contracts\MessagingContracts.cs(4346,31): warning CS1573: Parameter 'OccurredAtUtc' has no matching param tag in the XML comment for 'PIPInitiatedEvent.PIPInitiatedEvent(Guid, string, MessageType, string, string, IReadOnlyList<string>, Guid, Guid?, DateTimeOffset, bool, PIPInitiatedEventPayload)' (but other parameters do) [B:\maliev\Maliev.MessagingContracts\generated\csharp\Maliev.MessagingContracts.csproj]
B:\maliev\Maliev.MessagingContracts\generated\csharp\Contracts\MessagingContracts.cs(4347,14): warning CS1573: Parameter 'IsPublic' has no matching param tag in the XML comment for 'PIPInitiatedEvent.PIPInitiatedEvent(Guid, string, MessageType, string, string, IReadOnlyList<string>, Guid, Guid?, DateTimeOffset, bool, PIPInitiatedEventPayload)' (but other parameters do) [B:\maliev\Maliev.MessagingContracts\generated\csharp\Maliev.MessagingContracts.csproj]
B:\maliev\Maliev.MessagingContracts\generated\csharp\Contracts\MessagingContracts.cs(4375,21): warning CS1573: Parameter 'MessageId' has no matching param tag in the XML comment for 'PIPCompletedEvent.PIPCompletedEvent(Guid, string, MessageType, string, string, IReadOnlyList<string>, Guid, Guid?, DateTimeOffset, bool, PIPCompletedEventPayload)' (but other parameters do) [B:\maliev\Maliev.MessagingContracts\generated\csharp\Maliev.MessagingContracts.csproj]
B:\maliev\Maliev.MessagingContracts\generated\csharp\Contracts\MessagingContracts.cs(4376,16): warning CS1573: Parameter 'MessageName' has no matching param tag in the XML comment for 'PIPCompletedEvent.PIPCompletedEvent(Guid, string, MessageType, string, string, IReadOnlyList<string>, Guid, Guid?, DateTimeOffset, bool, PIPCompletedEventPayload)' (but other parameters do) [B:\maliev\Maliev.MessagingContracts\generated\csharp\Maliev.MessagingContracts.csproj]
B:\maliev\Maliev.MessagingContracts\generated\csharp\Contracts\MessagingContracts.cs(4377,21): warning CS1573: Parameter 'MessageType' has no matching param tag in the XML comment for 'PIPCompletedEvent.PIPCompletedEvent(Guid, string, MessageType, string, string, IReadOnlyList<string>, Guid, Guid?, DateTimeOffset, bool, PIPCompletedEventPayload)' (but other parameters do) [B:\maliev\Maliev.MessagingContracts\generated\csharp\Maliev.MessagingContracts.csproj]
B:\maliev\Maliev.MessagingContracts\generated\csharp\Contracts\MessagingContracts.cs(4378,16): warning CS1573: Parameter 'MessageVersion' has no matching param tag in the XML comment for 'PIPCompletedEvent.PIPCompletedEvent(Guid, string, MessageType, string, string, IReadOnlyList<string>, Guid, Guid?, DateTimeOffset, bool, PIPCompletedEventPayload)' (but other parameters do) [B:\maliev\Maliev.MessagingContracts\generated\csharp\Maliev.MessagingContracts.csproj]
B:\maliev\Maliev.MessagingContracts\generated\csharp\Contracts\MessagingContracts.cs(4379,16): warning CS1573: Parameter 'PublishedBy' has no matching param tag in the XML comment for 'PIPCompletedEvent.PIPCompletedEvent(Guid, string, MessageType, string, string, IReadOnlyList<string>, Guid, Guid?, DateTimeOffset, bool, PIPCompletedEventPayload)' (but other parameters do) [B:\maliev\Maliev.MessagingContracts\generated\csharp\Maliev.MessagingContracts.csproj]
B:\maliev\Maliev.MessagingContracts\generated\csharp\Contracts\MessagingContracts.cs(4380,58): warning CS1573: Parameter 'ConsumedBy' has no matching param tag in the XML comment for 'PIPCompletedEvent.PIPCompletedEvent(Guid, string, MessageType, string, string, IReadOnlyList<string>, Guid, Guid?, DateTimeOffset, bool, PIPCompletedEventPayload)' (but other parameters do) [B:\maliev\Maliev.MessagingContracts\generated\csharp\Maliev.MessagingContracts.csproj]
B:\maliev\Maliev.MessagingContracts\generated\csharp\Contracts\MessagingContracts.cs(4381,21): warning CS1573: Parameter 'CorrelationId' has no matching param tag in the XML comment for 'PIPCompletedEvent.PIPCompletedEvent(Guid, string, MessageType, string, string, IReadOnlyList<string>, Guid, Guid?, DateTimeOffset, bool, PIPCompletedEventPayload)' (but other parameters do) [B:\maliev\Maliev.MessagingContracts\generated\csharp\Maliev.MessagingContracts.csproj]
B:\maliev\Maliev.MessagingContracts\generated\csharp\Contracts\MessagingContracts.cs(4382,22): warning CS1573: Parameter 'CausationId' has no matching param tag in the XML comment for 'PIPCompletedEvent.PIPCompletedEvent(Guid, string, MessageType, string, string, IReadOnlyList<string>, Guid, Guid?, DateTimeOffset, bool, PIPCompletedEventPayload)' (but other parameters do) [B:\maliev\Maliev.MessagingContracts\generated\csharp\Maliev.MessagingContracts.csproj]
B:\maliev\Maliev.MessagingContracts\generated\csharp\Contracts\MessagingContracts.cs(4383,31): warning CS1573: Parameter 'OccurredAtUtc' has no matching param tag in the XML comment for 'PIPCompletedEvent.PIPCompletedEvent(Guid, string, MessageType, string, string, IReadOnlyList<string>, Guid, Guid?, DateTimeOffset, bool, PIPCompletedEventPayload)' (but other parameters do) [B:\maliev\Maliev.MessagingContracts\generated\csharp\Maliev.MessagingContracts.csproj]
B:\maliev\Maliev.MessagingContracts\generated\csharp\Contracts\MessagingContracts.cs(4384,14): warning CS1573: Parameter 'IsPublic' has no matching param tag in the XML comment for 'PIPCompletedEvent.PIPCompletedEvent(Guid, string, MessageType, string, string, IReadOnlyList<string>, Guid, Guid?, DateTimeOffset, bool, PIPCompletedEventPayload)' (but other parameters do) [B:\maliev\Maliev.MessagingContracts\generated\csharp\Maliev.MessagingContracts.csproj]
B:\maliev\Maliev.MessagingContracts\generated\csharp\Contracts\MessagingContracts.cs(4401,68): warning CS1573: Parameter 'PurchaseOrderNumber' has no matching param tag in the XML comment for 'PurchaseOrderCreatedEventPayload.PurchaseOrderCreatedEventPayload(int, string, int, double, string, DateTimeOffset?, string, DateTimeOffset)' (but other parameters do) [B:\maliev\Maliev.MessagingContracts\generated\csharp\Maliev.MessagingContracts.csproj]
B:\maliev\Maliev.MessagingContracts\generated\csharp\Contracts\MessagingContracts.cs(4403,60): warning CS1573: Parameter 'TotalAmount' has no matching param tag in the XML comment for 'PurchaseOrderCreatedEventPayload.PurchaseOrderCreatedEventPayload(int, string, int, double, string, DateTimeOffset?, string, DateTimeOffset)' (but other parameters do) [B:\maliev\Maliev.MessagingContracts\generated\csharp\Maliev.MessagingContracts.csproj]
B:\maliev\Maliev.MessagingContracts\generated\csharp\Contracts\MessagingContracts.cs(4404,57): warning CS1573: Parameter 'Currency' has no matching param tag in the XML comment for 'PurchaseOrderCreatedEventPayload.PurchaseOrderCreatedEventPayload(int, string, int, double, string, DateTimeOffset?, string, DateTimeOffset)' (but other parameters do) [B:\maliev\Maliev.MessagingContracts\generated\csharp\Maliev.MessagingContracts.csproj]
B:\maliev\Maliev.MessagingContracts\generated\csharp\Contracts\MessagingContracts.cs(4405,86): warning CS1573: Parameter 'RequestedDeliveryDate' has no matching param tag in the XML comment for 'PurchaseOrderCreatedEventPayload.PurchaseOrderCreatedEventPayload(int, string, int, double, string, DateTimeOffset?, string, DateTimeOffset)' (but other parameters do) [B:\maliev\Maliev.MessagingContracts\generated\csharp\Maliev.MessagingContracts.csproj]
B:\maliev\Maliev.MessagingContracts\generated\csharp\Contracts\MessagingContracts.cs(4407,73): warning CS1573: Parameter 'CreatedAt' has no matching param tag in the XML comment for 'PurchaseOrderCreatedEventPayload.PurchaseOrderCreatedEventPayload(int, string, int, double, string, DateTimeOffset?, string, DateTimeOffset)' (but other parameters do) [B:\maliev\Maliev.MessagingContracts\generated\csharp\Maliev.MessagingContracts.csproj]
B:\maliev\Maliev.MessagingContracts\generated\csharp\Contracts\MessagingContracts.cs(4419,21): warning CS1573: Parameter 'MessageId' has no matching param tag in the XML comment for 'PurchaseOrderCreatedEvent.PurchaseOrderCreatedEvent(Guid, string, MessageType, string, string, IReadOnlyList<string>, Guid, Guid?, DateTimeOffset, bool, PurchaseOrderCreatedEventPayload)' (but other parameters do) [B:\maliev\Maliev.MessagingContracts\generated\csharp\Maliev.MessagingContracts.csproj]
B:\maliev\Maliev.MessagingContracts\generated\csharp\Contracts\MessagingContracts.cs(4420,16): warning CS1573: Parameter 'MessageName' has no matching param tag in the XML comment for 'PurchaseOrderCreatedEvent.PurchaseOrderCreatedEvent(Guid, string, MessageType, string, string, IReadOnlyList<string>, Guid, Guid?, DateTimeOffset, bool, PurchaseOrderCreatedEventPayload)' (but other parameters do) [B:\maliev\Maliev.MessagingContracts\generated\csharp\Maliev.MessagingContracts.csproj]
B:\maliev\Maliev.MessagingContracts\generated\csharp\Contracts\MessagingContracts.cs(4421,21): warning CS1573: Parameter 'MessageType' has no matching param tag in the XML comment for 'PurchaseOrderCreatedEvent.PurchaseOrderCreatedEvent(Guid, string, MessageType, string, string, IReadOnlyList<string>, Guid, Guid?, DateTimeOffset, bool, PurchaseOrderCreatedEventPayload)' (but other parameters do) [B:\maliev\Maliev.MessagingContracts\generated\csharp\Maliev.MessagingContracts.csproj]
B:\maliev\Maliev.MessagingContracts\generated\csharp\Contracts\MessagingContracts.cs(4422,16): warning CS1573: Parameter 'MessageVersion' has no matching param tag in the XML comment for 'PurchaseOrderCreatedEvent.PurchaseOrderCreatedEvent(Guid, string, MessageType, string, string, IReadOnlyList<string>, Guid, Guid?, DateTimeOffset, bool, PurchaseOrderCreatedEventPayload)' (but other parameters do) [B:\maliev\Maliev.MessagingContracts\generated\csharp\Maliev.MessagingContracts.csproj]
B:\maliev\Maliev.MessagingContracts\generated\csharp\Contracts\MessagingContracts.cs(4423,16): warning CS1573: Parameter 'PublishedBy' has no matching param tag in the XML comment for 'PurchaseOrderCreatedEvent.PurchaseOrderCreatedEvent(Guid, string, MessageType, string, string, IReadOnlyList<string>, Guid, Guid?, DateTimeOffset, bool, PurchaseOrderCreatedEventPayload)' (but other parameters do) [B:\maliev\Maliev.MessagingContracts\generated\csharp\Maliev.MessagingContracts.csproj]
B:\maliev\Maliev.MessagingContracts\generated\csharp\Contracts\MessagingContracts.cs(4424,58): warning CS1573: Parameter 'ConsumedBy' has no matching param tag in the XML comment for 'PurchaseOrderCreatedEvent.PurchaseOrderCreatedEvent(Guid, string, MessageType, string, string, IReadOnlyList<string>, Guid, Guid?, DateTimeOffset, bool, PurchaseOrderCreatedEventPayload)' (but other parameters do) [B:\maliev\Maliev.MessagingContracts\generated\csharp\Maliev.MessagingContracts.csproj]
B:\maliev\Maliev.MessagingContracts\generated\csharp\Contracts\MessagingContracts.cs(4425,21): warning CS1573: Parameter 'CorrelationId' has no matching param tag in the XML comment for 'PurchaseOrderCreatedEvent.PurchaseOrderCreatedEvent(Guid, string, MessageType, string, string, IReadOnlyList<string>, Guid, Guid?, DateTimeOffset, bool, PurchaseOrderCreatedEventPayload)' (but other parameters do) [B:\maliev\Maliev.MessagingContracts\generated\csharp\Maliev.MessagingContracts.csproj]
B:\maliev\Maliev.MessagingContracts\generated\csharp\Contracts\MessagingContracts.cs(4426,22): warning CS1573: Parameter 'CausationId' has no matching param tag in the XML comment for 'PurchaseOrderCreatedEvent.PurchaseOrderCreatedEvent(Guid, string, MessageType, string, string, IReadOnlyList<string>, Guid, Guid?, DateTimeOffset, bool, PurchaseOrderCreatedEventPayload)' (but other parameters do) [B:\maliev\Maliev.MessagingContracts\generated\csharp\Maliev.MessagingContracts.csproj]
B:\maliev\Maliev.MessagingContracts\generated\csharp\Contracts\MessagingContracts.cs(4427,31): warning CS1573: Parameter 'OccurredAtUtc' has no matching param tag in the XML comment for 'PurchaseOrderCreatedEvent.PurchaseOrderCreatedEvent(Guid, string, MessageType, string, string, IReadOnlyList<string>, Guid, Guid?, DateTimeOffset, bool, PurchaseOrderCreatedEventPayload)' (but other parameters do) [B:\maliev\Maliev.MessagingContracts\generated\csharp\Maliev.MessagingContracts.csproj]
B:\maliev\Maliev.MessagingContracts\generated\csharp\Contracts\MessagingContracts.cs(4428,14): warning CS1573: Parameter 'IsPublic' has no matching param tag in the XML comment for 'PurchaseOrderCreatedEvent.PurchaseOrderCreatedEvent(Guid, string, MessageType, string, string, IReadOnlyList<string>, Guid, Guid?, DateTimeOffset, bool, PurchaseOrderCreatedEventPayload)' (but other parameters do) [B:\maliev\Maliev.MessagingContracts\generated\csharp\Maliev.MessagingContracts.csproj]
B:\maliev\Maliev.MessagingContracts\generated\csharp\Contracts\MessagingContracts.cs(4444,68): warning CS1573: Parameter 'PurchaseOrderNumber' has no matching param tag in the XML comment for 'PurchaseOrderApprovedEventPayload.PurchaseOrderApprovedEventPayload(int, string, string, DateTimeOffset)' (but other parameters do) [B:\maliev\Maliev.MessagingContracts\generated\csharp\Maliev.MessagingContracts.csproj]
B:\maliev\Maliev.MessagingContracts\generated\csharp\Contracts\MessagingContracts.cs(4446,74): warning CS1573: Parameter 'ApprovedAt' has no matching param tag in the XML comment for 'PurchaseOrderApprovedEventPayload.PurchaseOrderApprovedEventPayload(int, string, string, DateTimeOffset)' (but other parameters do) [B:\maliev\Maliev.MessagingContracts\generated\csharp\Maliev.MessagingContracts.csproj]
B:\maliev\Maliev.MessagingContracts\generated\csharp\Contracts\MessagingContracts.cs(4458,21): warning CS1573: Parameter 'MessageId' has no matching param tag in the XML comment for 'PurchaseOrderApprovedEvent.PurchaseOrderApprovedEvent(Guid, string, MessageType, string, string, IReadOnlyList<string>, Guid, Guid?, DateTimeOffset, bool, PurchaseOrderApprovedEventPayload)' (but other parameters do) [B:\maliev\Maliev.MessagingContracts\generated\csharp\Maliev.MessagingContracts.csproj]
B:\maliev\Maliev.MessagingContracts\generated\csharp\Contracts\MessagingContracts.cs(4459,16): warning CS1573: Parameter 'MessageName' has no matching param tag in the XML comment for 'PurchaseOrderApprovedEvent.PurchaseOrderApprovedEvent(Guid, string, MessageType, string, string, IReadOnlyList<string>, Guid, Guid?, DateTimeOffset, bool, PurchaseOrderApprovedEventPayload)' (but other parameters do) [B:\maliev\Maliev.MessagingContracts\generated\csharp\Maliev.MessagingContracts.csproj]
B:\maliev\Maliev.MessagingContracts\generated\csharp\Contracts\MessagingContracts.cs(4460,21): warning CS1573: Parameter 'MessageType' has no matching param tag in the XML comment for 'PurchaseOrderApprovedEvent.PurchaseOrderApprovedEvent(Guid, string, MessageType, string, string, IReadOnlyList<string>, Guid, Guid?, DateTimeOffset, bool, PurchaseOrderApprovedEventPayload)' (but other parameters do) [B:\maliev\Maliev.MessagingContracts\generated\csharp\Maliev.MessagingContracts.csproj]
B:\maliev\Maliev.MessagingContracts\generated\csharp\Contracts\MessagingContracts.cs(4461,16): warning CS1573: Parameter 'MessageVersion' has no matching param tag in the XML comment for 'PurchaseOrderApprovedEvent.PurchaseOrderApprovedEvent(Guid, string, MessageType, string, string, IReadOnlyList<string>, Guid, Guid?, DateTimeOffset, bool, PurchaseOrderApprovedEventPayload)' (but other parameters do) [B:\maliev\Maliev.MessagingContracts\generated\csharp\Maliev.MessagingContracts.csproj]
B:\maliev\Maliev.MessagingContracts\generated\csharp\Contracts\MessagingContracts.cs(4462,16): warning CS1573: Parameter 'PublishedBy' has no matching param tag in the XML comment for 'PurchaseOrderApprovedEvent.PurchaseOrderApprovedEvent(Guid, string, MessageType, string, string, IReadOnlyList<string>, Guid, Guid?, DateTimeOffset, bool, PurchaseOrderApprovedEventPayload)' (but other parameters do) [B:\maliev\Maliev.MessagingContracts\generated\csharp\Maliev.MessagingContracts.csproj]
B:\maliev\Maliev.MessagingContracts\generated\csharp\Contracts\MessagingContracts.cs(4463,58): warning CS1573: Parameter 'ConsumedBy' has no matching param tag in the XML comment for 'PurchaseOrderApprovedEvent.PurchaseOrderApprovedEvent(Guid, string, MessageType, string, string, IReadOnlyList<string>, Guid, Guid?, DateTimeOffset, bool, PurchaseOrderApprovedEventPayload)' (but other parameters do) [B:\maliev\Maliev.MessagingContracts\generated\csharp\Maliev.MessagingContracts.csproj]
B:\maliev\Maliev.MessagingContracts\generated\csharp\Contracts\MessagingContracts.cs(4464,21): warning CS1573: Parameter 'CorrelationId' has no matching param tag in the XML comment for 'PurchaseOrderApprovedEvent.PurchaseOrderApprovedEvent(Guid, string, MessageType, string, string, IReadOnlyList<string>, Guid, Guid?, DateTimeOffset, bool, PurchaseOrderApprovedEventPayload)' (but other parameters do) [B:\maliev\Maliev.MessagingContracts\generated\csharp\Maliev.MessagingContracts.csproj]
B:\maliev\Maliev.MessagingContracts\generated\csharp\Contracts\MessagingContracts.cs(4465,22): warning CS1573: Parameter 'CausationId' has no matching param tag in the XML comment for 'PurchaseOrderApprovedEvent.PurchaseOrderApprovedEvent(Guid, string, MessageType, string, string, IReadOnlyList<string>, Guid, Guid?, DateTimeOffset, bool, PurchaseOrderApprovedEventPayload)' (but other parameters do) [B:\maliev\Maliev.MessagingContracts\generated\csharp\Maliev.MessagingContracts.csproj]
B:\maliev\Maliev.MessagingContracts\generated\csharp\Contracts\MessagingContracts.cs(4466,31): warning CS1573: Parameter 'OccurredAtUtc' has no matching param tag in the XML comment for 'PurchaseOrderApprovedEvent.PurchaseOrderApprovedEvent(Guid, string, MessageType, string, string, IReadOnlyList<string>, Guid, Guid?, DateTimeOffset, bool, PurchaseOrderApprovedEventPayload)' (but other parameters do) [B:\maliev\Maliev.MessagingContracts\generated\csharp\Maliev.MessagingContracts.csproj]
B:\maliev\Maliev.MessagingContracts\generated\csharp\Contracts\MessagingContracts.cs(4467,14): warning CS1573: Parameter 'IsPublic' has no matching param tag in the XML comment for 'PurchaseOrderApprovedEvent.PurchaseOrderApprovedEvent(Guid, string, MessageType, string, string, IReadOnlyList<string>, Guid, Guid?, DateTimeOffset, bool, PurchaseOrderApprovedEventPayload)' (but other parameters do) [B:\maliev\Maliev.MessagingContracts\generated\csharp\Maliev.MessagingContracts.csproj]
B:\maliev\Maliev.MessagingContracts\generated\csharp\Contracts\MessagingContracts.cs(4484,68): warning CS1573: Parameter 'PurchaseOrderNumber' has no matching param tag in the XML comment for 'PurchaseOrderSentToSupplierEventPayload.PurchaseOrderSentToSupplierEventPayload(int, string, int, DateTimeOffset, string)' (but other parameters do) [B:\maliev\Maliev.MessagingContracts\generated\csharp\Maliev.MessagingContracts.csproj]
B:\maliev\Maliev.MessagingContracts\generated\csharp\Contracts\MessagingContracts.cs(4486,70): warning CS1573: Parameter 'SentAt' has no matching param tag in the XML comment for 'PurchaseOrderSentToSupplierEventPayload.PurchaseOrderSentToSupplierEventPayload(int, string, int, DateTimeOffset, string)' (but other parameters do) [B:\maliev\Maliev.MessagingContracts\generated\csharp\Maliev.MessagingContracts.csproj]
B:\maliev\Maliev.MessagingContracts\generated\csharp\Contracts\MessagingContracts.cs(4499,21): warning CS1573: Parameter 'MessageId' has no matching param tag in the XML comment for 'PurchaseOrderSentToSupplierEvent.PurchaseOrderSentToSupplierEvent(Guid, string, MessageType, string, string, IReadOnlyList<string>, Guid, Guid?, DateTimeOffset, bool, PurchaseOrderSentToSupplierEventPayload)' (but other parameters do) [B:\maliev\Maliev.MessagingContracts\generated\csharp\Maliev.MessagingContracts.csproj]
B:\maliev\Maliev.MessagingContracts\generated\csharp\Contracts\MessagingContracts.cs(4500,16): warning CS1573: Parameter 'MessageName' has no matching param tag in the XML comment for 'PurchaseOrderSentToSupplierEvent.PurchaseOrderSentToSupplierEvent(Guid, string, MessageType, string, string, IReadOnlyList<string>, Guid, Guid?, DateTimeOffset, bool, PurchaseOrderSentToSupplierEventPayload)' (but other parameters do) [B:\maliev\Maliev.MessagingContracts\generated\csharp\Maliev.MessagingContracts.csproj]
B:\maliev\Maliev.MessagingContracts\generated\csharp\Contracts\MessagingContracts.cs(4501,21): warning CS1573: Parameter 'MessageType' has no matching param tag in the XML comment for 'PurchaseOrderSentToSupplierEvent.PurchaseOrderSentToSupplierEvent(Guid, string, MessageType, string, string, IReadOnlyList<string>, Guid, Guid?, DateTimeOffset, bool, PurchaseOrderSentToSupplierEventPayload)' (but other parameters do) [B:\maliev\Maliev.MessagingContracts\generated\csharp\Maliev.MessagingContracts.csproj]
B:\maliev\Maliev.MessagingContracts\generated\csharp\Contracts\MessagingContracts.cs(4502,16): warning CS1573: Parameter 'MessageVersion' has no matching param tag in the XML comment for 'PurchaseOrderSentToSupplierEvent.PurchaseOrderSentToSupplierEvent(Guid, string, MessageType, string, string, IReadOnlyList<string>, Guid, Guid?, DateTimeOffset, bool, PurchaseOrderSentToSupplierEventPayload)' (but other parameters do) [B:\maliev\Maliev.MessagingContracts\generated\csharp\Maliev.MessagingContracts.csproj]
B:\maliev\Maliev.MessagingContracts\generated\csharp\Contracts\MessagingContracts.cs(4503,16): warning CS1573: Parameter 'PublishedBy' has no matching param tag in the XML comment for 'PurchaseOrderSentToSupplierEvent.PurchaseOrderSentToSupplierEvent(Guid, string, MessageType, string, string, IReadOnlyList<string>, Guid, Guid?, DateTimeOffset, bool, PurchaseOrderSentToSupplierEventPayload)' (but other parameters do) [B:\maliev\Maliev.MessagingContracts\generated\csharp\Maliev.MessagingContracts.csproj]
B:\maliev\Maliev.MessagingContracts\generated\csharp\Contracts\MessagingContracts.cs(4504,58): warning CS1573: Parameter 'ConsumedBy' has no matching param tag in the XML comment for 'PurchaseOrderSentToSupplierEvent.PurchaseOrderSentToSupplierEvent(Guid, string, MessageType, string, string, IReadOnlyList<string>, Guid, Guid?, DateTimeOffset, bool, PurchaseOrderSentToSupplierEventPayload)' (but other parameters do) [B:\maliev\Maliev.MessagingContracts\generated\csharp\Maliev.MessagingContracts.csproj]
B:\maliev\Maliev.MessagingContracts\generated\csharp\Contracts\MessagingContracts.cs(4505,21): warning CS1573: Parameter 'CorrelationId' has no matching param tag in the XML comment for 'PurchaseOrderSentToSupplierEvent.PurchaseOrderSentToSupplierEvent(Guid, string, MessageType, string, string, IReadOnlyList<string>, Guid, Guid?, DateTimeOffset, bool, PurchaseOrderSentToSupplierEventPayload)' (but other parameters do) [B:\maliev\Maliev.MessagingContracts\generated\csharp\Maliev.MessagingContracts.csproj]
B:\maliev\Maliev.MessagingContracts\generated\csharp\Contracts\MessagingContracts.cs(4506,22): warning CS1573: Parameter 'CausationId' has no matching param tag in the XML comment for 'PurchaseOrderSentToSupplierEvent.PurchaseOrderSentToSupplierEvent(Guid, string, MessageType, string, string, IReadOnlyList<string>, Guid, Guid?, DateTimeOffset, bool, PurchaseOrderSentToSupplierEventPayload)' (but other parameters do) [B:\maliev\Maliev.MessagingContracts\generated\csharp\Maliev.MessagingContracts.csproj]
B:\maliev\Maliev.MessagingContracts\generated\csharp\Contracts\MessagingContracts.cs(4507,31): warning CS1573: Parameter 'OccurredAtUtc' has no matching param tag in the XML comment for 'PurchaseOrderSentToSupplierEvent.PurchaseOrderSentToSupplierEvent(Guid, string, MessageType, string, string, IReadOnlyList<string>, Guid, Guid?, DateTimeOffset, bool, PurchaseOrderSentToSupplierEventPayload)' (but other parameters do) [B:\maliev\Maliev.MessagingContracts\generated\csharp\Maliev.MessagingContracts.csproj]
B:\maliev\Maliev.MessagingContracts\generated\csharp\Contracts\MessagingContracts.cs(4508,14): warning CS1573: Parameter 'IsPublic' has no matching param tag in the XML comment for 'PurchaseOrderSentToSupplierEvent.PurchaseOrderSentToSupplierEvent(Guid, string, MessageType, string, string, IReadOnlyList<string>, Guid, Guid?, DateTimeOffset, bool, PurchaseOrderSentToSupplierEventPayload)' (but other parameters do) [B:\maliev\Maliev.MessagingContracts\generated\csharp\Maliev.MessagingContracts.csproj]
B:\maliev\Maliev.MessagingContracts\generated\csharp\Contracts\MessagingContracts.cs(4524,68): warning CS1573: Parameter 'PurchaseOrderNumber' has no matching param tag in the XML comment for 'PurchaseOrderReceivedEventPayload.PurchaseOrderReceivedEventPayload(int, string, DateTimeOffset, string, bool)' (but other parameters do) [B:\maliev\Maliev.MessagingContracts\generated\csharp\Maliev.MessagingContracts.csproj]
B:\maliev\Maliev.MessagingContracts\generated\csharp\Contracts\MessagingContracts.cs(4525,74): warning CS1573: Parameter 'ReceivedAt' has no matching param tag in the XML comment for 'PurchaseOrderReceivedEventPayload.PurchaseOrderReceivedEventPayload(int, string, DateTimeOffset, string, bool)' (but other parameters do) [B:\maliev\Maliev.MessagingContracts\generated\csharp\Maliev.MessagingContracts.csproj]
B:\maliev\Maliev.MessagingContracts\generated\csharp\Contracts\MessagingContracts.cs(4527,63): warning CS1573: Parameter 'IsPartialReceipt' has no matching param tag in the XML comment for 'PurchaseOrderReceivedEventPayload.PurchaseOrderReceivedEventPayload(int, string, DateTimeOffset, string, bool)' (but other parameters do) [B:\maliev\Maliev.MessagingContracts\generated\csharp\Maliev.MessagingContracts.csproj]
B:\maliev\Maliev.MessagingContracts\generated\csharp\Contracts\MessagingContracts.cs(4539,21): warning CS1573: Parameter 'MessageId' has no matching param tag in the XML comment for 'PurchaseOrderReceivedEvent.PurchaseOrderReceivedEvent(Guid, string, MessageType, string, string, IReadOnlyList<string>, Guid, Guid?, DateTimeOffset, bool, PurchaseOrderReceivedEventPayload)' (but other parameters do) [B:\maliev\Maliev.MessagingContracts\generated\csharp\Maliev.MessagingContracts.csproj]
B:\maliev\Maliev.MessagingContracts\generated\csharp\Contracts\MessagingContracts.cs(4540,16): warning CS1573: Parameter 'MessageName' has no matching param tag in the XML comment for 'PurchaseOrderReceivedEvent.PurchaseOrderReceivedEvent(Guid, string, MessageType, string, string, IReadOnlyList<string>, Guid, Guid?, DateTimeOffset, bool, PurchaseOrderReceivedEventPayload)' (but other parameters do) [B:\maliev\Maliev.MessagingContracts\generated\csharp\Maliev.MessagingContracts.csproj]
B:\maliev\Maliev.MessagingContracts\generated\csharp\Contracts\MessagingContracts.cs(4541,21): warning CS1573: Parameter 'MessageType' has no matching param tag in the XML comment for 'PurchaseOrderReceivedEvent.PurchaseOrderReceivedEvent(Guid, string, MessageType, string, string, IReadOnlyList<string>, Guid, Guid?, DateTimeOffset, bool, PurchaseOrderReceivedEventPayload)' (but other parameters do) [B:\maliev\Maliev.MessagingContracts\generated\csharp\Maliev.MessagingContracts.csproj]
B:\maliev\Maliev.MessagingContracts\generated\csharp\Contracts\MessagingContracts.cs(4542,16): warning CS1573: Parameter 'MessageVersion' has no matching param tag in the XML comment for 'PurchaseOrderReceivedEvent.PurchaseOrderReceivedEvent(Guid, string, MessageType, string, string, IReadOnlyList<string>, Guid, Guid?, DateTimeOffset, bool, PurchaseOrderReceivedEventPayload)' (but other parameters do) [B:\maliev\Maliev.MessagingContracts\generated\csharp\Maliev.MessagingContracts.csproj]
B:\maliev\Maliev.MessagingContracts\generated\csharp\Contracts\MessagingContracts.cs(4543,16): warning CS1573: Parameter 'PublishedBy' has no matching param tag in the XML comment for 'PurchaseOrderReceivedEvent.PurchaseOrderReceivedEvent(Guid, string, MessageType, string, string, IReadOnlyList<string>, Guid, Guid?, DateTimeOffset, bool, PurchaseOrderReceivedEventPayload)' (but other parameters do) [B:\maliev\Maliev.MessagingContracts\generated\csharp\Maliev.MessagingContracts.csproj]
B:\maliev\Maliev.MessagingContracts\generated\csharp\Contracts\MessagingContracts.cs(4544,58): warning CS1573: Parameter 'ConsumedBy' has no matching param tag in the XML comment for 'PurchaseOrderReceivedEvent.PurchaseOrderReceivedEvent(Guid, string, MessageType, string, string, IReadOnlyList<string>, Guid, Guid?, DateTimeOffset, bool, PurchaseOrderReceivedEventPayload)' (but other parameters do) [B:\maliev\Maliev.MessagingContracts\generated\csharp\Maliev.MessagingContracts.csproj]
B:\maliev\Maliev.MessagingContracts\generated\csharp\Contracts\MessagingContracts.cs(4545,21): warning CS1573: Parameter 'CorrelationId' has no matching param tag in the XML comment for 'PurchaseOrderReceivedEvent.PurchaseOrderReceivedEvent(Guid, string, MessageType, string, string, IReadOnlyList<string>, Guid, Guid?, DateTimeOffset, bool, PurchaseOrderReceivedEventPayload)' (but other parameters do) [B:\maliev\Maliev.MessagingContracts\generated\csharp\Maliev.MessagingContracts.csproj]
B:\maliev\Maliev.MessagingContracts\generated\csharp\Contracts\MessagingContracts.cs(4546,22): warning CS1573: Parameter 'CausationId' has no matching param tag in the XML comment for 'PurchaseOrderReceivedEvent.PurchaseOrderReceivedEvent(Guid, string, MessageType, string, string, IReadOnlyList<string>, Guid, Guid?, DateTimeOffset, bool, PurchaseOrderReceivedEventPayload)' (but other parameters do) [B:\maliev\Maliev.MessagingContracts\generated\csharp\Maliev.MessagingContracts.csproj]
B:\maliev\Maliev.MessagingContracts\generated\csharp\Contracts\MessagingContracts.cs(4547,31): warning CS1573: Parameter 'OccurredAtUtc' has no matching param tag in the XML comment for 'PurchaseOrderReceivedEvent.PurchaseOrderReceivedEvent(Guid, string, MessageType, string, string, IReadOnlyList<string>, Guid, Guid?, DateTimeOffset, bool, PurchaseOrderReceivedEventPayload)' (but other parameters do) [B:\maliev\Maliev.MessagingContracts\generated\csharp\Maliev.MessagingContracts.csproj]
B:\maliev\Maliev.MessagingContracts\generated\csharp\Contracts\MessagingContracts.cs(4548,14): warning CS1573: Parameter 'IsPublic' has no matching param tag in the XML comment for 'PurchaseOrderReceivedEvent.PurchaseOrderReceivedEvent(Guid, string, MessageType, string, string, IReadOnlyList<string>, Guid, Guid?, DateTimeOffset, bool, PurchaseOrderReceivedEventPayload)' (but other parameters do) [B:\maliev\Maliev.MessagingContracts\generated\csharp\Maliev.MessagingContracts.csproj]
B:\maliev\Maliev.MessagingContracts\generated\csharp\Contracts\MessagingContracts.cs(4564,68): warning CS1573: Parameter 'PurchaseOrderNumber' has no matching param tag in the XML comment for 'PurchaseOrderCancelledEventPayload.PurchaseOrderCancelledEventPayload(int, string, string, DateTimeOffset, string)' (but other parameters do) [B:\maliev\Maliev.MessagingContracts\generated\csharp\Maliev.MessagingContracts.csproj]
B:\maliev\Maliev.MessagingContracts\generated\csharp\Contracts\MessagingContracts.cs(4566,75): warning CS1573: Parameter 'CancelledAt' has no matching param tag in the XML comment for 'PurchaseOrderCancelledEventPayload.PurchaseOrderCancelledEventPayload(int, string, string, DateTimeOffset, string)' (but other parameters do) [B:\maliev\Maliev.MessagingContracts\generated\csharp\Maliev.MessagingContracts.csproj]
B:\maliev\Maliev.MessagingContracts\generated\csharp\Contracts\MessagingContracts.cs(4567,67): warning CS1573: Parameter 'CancellationReason' has no matching param tag in the XML comment for 'PurchaseOrderCancelledEventPayload.PurchaseOrderCancelledEventPayload(int, string, string, DateTimeOffset, string)' (but other parameters do) [B:\maliev\Maliev.MessagingContracts\generated\csharp\Maliev.MessagingContracts.csproj]
B:\maliev\Maliev.MessagingContracts\generated\csharp\Contracts\MessagingContracts.cs(4579,21): warning CS1573: Parameter 'MessageId' has no matching param tag in the XML comment for 'PurchaseOrderCancelledEvent.PurchaseOrderCancelledEvent(Guid, string, MessageType, string, string, IReadOnlyList<string>, Guid, Guid?, DateTimeOffset, bool, PurchaseOrderCancelledEventPayload)' (but other parameters do) [B:\maliev\Maliev.MessagingContracts\generated\csharp\Maliev.MessagingContracts.csproj]
B:\maliev\Maliev.MessagingContracts\generated\csharp\Contracts\MessagingContracts.cs(4580,16): warning CS1573: Parameter 'MessageName' has no matching param tag in the XML comment for 'PurchaseOrderCancelledEvent.PurchaseOrderCancelledEvent(Guid, string, MessageType, string, string, IReadOnlyList<string>, Guid, Guid?, DateTimeOffset, bool, PurchaseOrderCancelledEventPayload)' (but other parameters do) [B:\maliev\Maliev.MessagingContracts\generated\csharp\Maliev.MessagingContracts.csproj]
B:\maliev\Maliev.MessagingContracts\generated\csharp\Contracts\MessagingContracts.cs(4581,21): warning CS1573: Parameter 'MessageType' has no matching param tag in the XML comment for 'PurchaseOrderCancelledEvent.PurchaseOrderCancelledEvent(Guid, string, MessageType, string, string, IReadOnlyList<string>, Guid, Guid?, DateTimeOffset, bool, PurchaseOrderCancelledEventPayload)' (but other parameters do) [B:\maliev\Maliev.MessagingContracts\generated\csharp\Maliev.MessagingContracts.csproj]
B:\maliev\Maliev.MessagingContracts\generated\csharp\Contracts\MessagingContracts.cs(4582,16): warning CS1573: Parameter 'MessageVersion' has no matching param tag in the XML comment for 'PurchaseOrderCancelledEvent.PurchaseOrderCancelledEvent(Guid, string, MessageType, string, string, IReadOnlyList<string>, Guid, Guid?, DateTimeOffset, bool, PurchaseOrderCancelledEventPayload)' (but other parameters do) [B:\maliev\Maliev.MessagingContracts\generated\csharp\Maliev.MessagingContracts.csproj]
B:\maliev\Maliev.MessagingContracts\generated\csharp\Contracts\MessagingContracts.cs(4583,16): warning CS1573: Parameter 'PublishedBy' has no matching param tag in the XML comment for 'PurchaseOrderCancelledEvent.PurchaseOrderCancelledEvent(Guid, string, MessageType, string, string, IReadOnlyList<string>, Guid, Guid?, DateTimeOffset, bool, PurchaseOrderCancelledEventPayload)' (but other parameters do) [B:\maliev\Maliev.MessagingContracts\generated\csharp\Maliev.MessagingContracts.csproj]
B:\maliev\Maliev.MessagingContracts\generated\csharp\Contracts\MessagingContracts.cs(4584,58): warning CS1573: Parameter 'ConsumedBy' has no matching param tag in the XML comment for 'PurchaseOrderCancelledEvent.PurchaseOrderCancelledEvent(Guid, string, MessageType, string, string, IReadOnlyList<string>, Guid, Guid?, DateTimeOffset, bool, PurchaseOrderCancelledEventPayload)' (but other parameters do) [B:\maliev\Maliev.MessagingContracts\generated\csharp\Maliev.MessagingContracts.csproj]
B:\maliev\Maliev.MessagingContracts\generated\csharp\Contracts\MessagingContracts.cs(4585,21): warning CS1573: Parameter 'CorrelationId' has no matching param tag in the XML comment for 'PurchaseOrderCancelledEvent.PurchaseOrderCancelledEvent(Guid, string, MessageType, string, string, IReadOnlyList<string>, Guid, Guid?, DateTimeOffset, bool, PurchaseOrderCancelledEventPayload)' (but other parameters do) [B:\maliev\Maliev.MessagingContracts\generated\csharp\Maliev.MessagingContracts.csproj]
B:\maliev\Maliev.MessagingContracts\generated\csharp\Contracts\MessagingContracts.cs(4586,22): warning CS1573: Parameter 'CausationId' has no matching param tag in the XML comment for 'PurchaseOrderCancelledEvent.PurchaseOrderCancelledEvent(Guid, string, MessageType, string, string, IReadOnlyList<string>, Guid, Guid?, DateTimeOffset, bool, PurchaseOrderCancelledEventPayload)' (but other parameters do) [B:\maliev\Maliev.MessagingContracts\generated\csharp\Maliev.MessagingContracts.csproj]
B:\maliev\Maliev.MessagingContracts\generated\csharp\Contracts\MessagingContracts.cs(4587,31): warning CS1573: Parameter 'OccurredAtUtc' has no matching param tag in the XML comment for 'PurchaseOrderCancelledEvent.PurchaseOrderCancelledEvent(Guid, string, MessageType, string, string, IReadOnlyList<string>, Guid, Guid?, DateTimeOffset, bool, PurchaseOrderCancelledEventPayload)' (but other parameters do) [B:\maliev\Maliev.MessagingContracts\generated\csharp\Maliev.MessagingContracts.csproj]
B:\maliev\Maliev.MessagingContracts\generated\csharp\Contracts\MessagingContracts.cs(4588,14): warning CS1573: Parameter 'IsPublic' has no matching param tag in the XML comment for 'PurchaseOrderCancelledEvent.PurchaseOrderCancelledEvent(Guid, string, MessageType, string, string, IReadOnlyList<string>, Guid, Guid?, DateTimeOffset, bool, PurchaseOrderCancelledEventPayload)' (but other parameters do) [B:\maliev\Maliev.MessagingContracts\generated\csharp\Maliev.MessagingContracts.csproj]
B:\maliev\Maliev.MessagingContracts\generated\csharp\Contracts\MessagingContracts.cs(4605,65): warning CS1573: Parameter 'QuotationId' has no matching param tag in the XML comment for 'QuotationCreatedEventPayload.QuotationCreatedEventPayload(Guid, string, Guid, double, string, DateTimeOffset, string, DateTimeOffset)' (but other parameters do) [B:\maliev\Maliev.MessagingContracts\generated\csharp\Maliev.MessagingContracts.csproj]
B:\maliev\Maliev.MessagingContracts\generated\csharp\Contracts\MessagingContracts.cs(4607,64): warning CS1573: Parameter 'CustomerId' has no matching param tag in the XML comment for 'QuotationCreatedEventPayload.QuotationCreatedEventPayload(Guid, string, Guid, double, string, DateTimeOffset, string, DateTimeOffset)' (but other parameters do) [B:\maliev\Maliev.MessagingContracts\generated\csharp\Maliev.MessagingContracts.csproj]
B:\maliev\Maliev.MessagingContracts\generated\csharp\Contracts\MessagingContracts.cs(4609,57): warning CS1573: Parameter 'Currency' has no matching param tag in the XML comment for 'QuotationCreatedEventPayload.QuotationCreatedEventPayload(Guid, string, Guid, double, string, DateTimeOffset, string, DateTimeOffset)' (but other parameters do) [B:\maliev\Maliev.MessagingContracts\generated\csharp\Maliev.MessagingContracts.csproj]
B:\maliev\Maliev.MessagingContracts\generated\csharp\Contracts\MessagingContracts.cs(4612,73): warning CS1573: Parameter 'CreatedAt' has no matching param tag in the XML comment for 'QuotationCreatedEventPayload.QuotationCreatedEventPayload(Guid, string, Guid, double, string, DateTimeOffset, string, DateTimeOffset)' (but other parameters do) [B:\maliev\Maliev.MessagingContracts\generated\csharp\Maliev.MessagingContracts.csproj]
B:\maliev\Maliev.MessagingContracts\generated\csharp\Contracts\MessagingContracts.cs(4624,21): warning CS1573: Parameter 'MessageId' has no matching param tag in the XML comment for 'QuotationCreatedEvent.QuotationCreatedEvent(Guid, string, MessageType, string, string, IReadOnlyList<string>, Guid, Guid?, DateTimeOffset, bool, QuotationCreatedEventPayload)' (but other parameters do) [B:\maliev\Maliev.MessagingContracts\generated\csharp\Maliev.MessagingContracts.csproj]
B:\maliev\Maliev.MessagingContracts\generated\csharp\Contracts\MessagingContracts.cs(4625,16): warning CS1573: Parameter 'MessageName' has no matching param tag in the XML comment for 'QuotationCreatedEvent.QuotationCreatedEvent(Guid, string, MessageType, string, string, IReadOnlyList<string>, Guid, Guid?, DateTimeOffset, bool, QuotationCreatedEventPayload)' (but other parameters do) [B:\maliev\Maliev.MessagingContracts\generated\csharp\Maliev.MessagingContracts.csproj]
B:\maliev\Maliev.MessagingContracts\generated\csharp\Contracts\MessagingContracts.cs(4626,21): warning CS1573: Parameter 'MessageType' has no matching param tag in the XML comment for 'QuotationCreatedEvent.QuotationCreatedEvent(Guid, string, MessageType, string, string, IReadOnlyList<string>, Guid, Guid?, DateTimeOffset, bool, QuotationCreatedEventPayload)' (but other parameters do) [B:\maliev\Maliev.MessagingContracts\generated\csharp\Maliev.MessagingContracts.csproj]
B:\maliev\Maliev.MessagingContracts\generated\csharp\Contracts\MessagingContracts.cs(4627,16): warning CS1573: Parameter 'MessageVersion' has no matching param tag in the XML comment for 'QuotationCreatedEvent.QuotationCreatedEvent(Guid, string, MessageType, string, string, IReadOnlyList<string>, Guid, Guid?, DateTimeOffset, bool, QuotationCreatedEventPayload)' (but other parameters do) [B:\maliev\Maliev.MessagingContracts\generated\csharp\Maliev.MessagingContracts.csproj]
B:\maliev\Maliev.MessagingContracts\generated\csharp\Contracts\MessagingContracts.cs(4628,16): warning CS1573: Parameter 'PublishedBy' has no matching param tag in the XML comment for 'QuotationCreatedEvent.QuotationCreatedEvent(Guid, string, MessageType, string, string, IReadOnlyList<string>, Guid, Guid?, DateTimeOffset, bool, QuotationCreatedEventPayload)' (but other parameters do) [B:\maliev\Maliev.MessagingContracts\generated\csharp\Maliev.MessagingContracts.csproj]
B:\maliev\Maliev.MessagingContracts\generated\csharp\Contracts\MessagingContracts.cs(4629,58): warning CS1573: Parameter 'ConsumedBy' has no matching param tag in the XML comment for 'QuotationCreatedEvent.QuotationCreatedEvent(Guid, string, MessageType, string, string, IReadOnlyList<string>, Guid, Guid?, DateTimeOffset, bool, QuotationCreatedEventPayload)' (but other parameters do) [B:\maliev\Maliev.MessagingContracts\generated\csharp\Maliev.MessagingContracts.csproj]
B:\maliev\Maliev.MessagingContracts\generated\csharp\Contracts\MessagingContracts.cs(4630,21): warning CS1573: Parameter 'CorrelationId' has no matching param tag in the XML comment for 'QuotationCreatedEvent.QuotationCreatedEvent(Guid, string, MessageType, string, string, IReadOnlyList<string>, Guid, Guid?, DateTimeOffset, bool, QuotationCreatedEventPayload)' (but other parameters do) [B:\maliev\Maliev.MessagingContracts\generated\csharp\Maliev.MessagingContracts.csproj]
B:\maliev\Maliev.MessagingContracts\generated\csharp\Contracts\MessagingContracts.cs(4631,22): warning CS1573: Parameter 'CausationId' has no matching param tag in the XML comment for 'QuotationCreatedEvent.QuotationCreatedEvent(Guid, string, MessageType, string, string, IReadOnlyList<string>, Guid, Guid?, DateTimeOffset, bool, QuotationCreatedEventPayload)' (but other parameters do) [B:\maliev\Maliev.MessagingContracts\generated\csharp\Maliev.MessagingContracts.csproj]
B:\maliev\Maliev.MessagingContracts\generated\csharp\Contracts\MessagingContracts.cs(4632,31): warning CS1573: Parameter 'OccurredAtUtc' has no matching param tag in the XML comment for 'QuotationCreatedEvent.QuotationCreatedEvent(Guid, string, MessageType, string, string, IReadOnlyList<string>, Guid, Guid?, DateTimeOffset, bool, QuotationCreatedEventPayload)' (but other parameters do) [B:\maliev\Maliev.MessagingContracts\generated\csharp\Maliev.MessagingContracts.csproj]
B:\maliev\Maliev.MessagingContracts\generated\csharp\Contracts\MessagingContracts.cs(4633,14): warning CS1573: Parameter 'IsPublic' has no matching param tag in the XML comment for 'QuotationCreatedEvent.QuotationCreatedEvent(Guid, string, MessageType, string, string, IReadOnlyList<string>, Guid, Guid?, DateTimeOffset, bool, QuotationCreatedEventPayload)' (but other parameters do) [B:\maliev\Maliev.MessagingContracts\generated\csharp\Maliev.MessagingContracts.csproj]
B:\maliev\Maliev.MessagingContracts\generated\csharp\Contracts\MessagingContracts.cs(4648,65): warning CS1573: Parameter 'QuotationId' has no matching param tag in the XML comment for 'QuotationAcceptedEventPayload.QuotationAcceptedEventPayload(Guid, string, Guid, double, string, DateTimeOffset, string)' (but other parameters do) [B:\maliev\Maliev.MessagingContracts\generated\csharp\Maliev.MessagingContracts.csproj]
B:\maliev\Maliev.MessagingContracts\generated\csharp\Contracts\MessagingContracts.cs(4649,64): warning CS1573: Parameter 'QuotationNumber' has no matching param tag in the XML comment for 'QuotationAcceptedEventPayload.QuotationAcceptedEventPayload(Guid, string, Guid, double, string, DateTimeOffset, string)' (but other parameters do) [B:\maliev\Maliev.MessagingContracts\generated\csharp\Maliev.MessagingContracts.csproj]
B:\maliev\Maliev.MessagingContracts\generated\csharp\Contracts\MessagingContracts.cs(4650,64): warning CS1573: Parameter 'CustomerId' has no matching param tag in the XML comment for 'QuotationAcceptedEventPayload.QuotationAcceptedEventPayload(Guid, string, Guid, double, string, DateTimeOffset, string)' (but other parameters do) [B:\maliev\Maliev.MessagingContracts\generated\csharp\Maliev.MessagingContracts.csproj]
B:\maliev\Maliev.MessagingContracts\generated\csharp\Contracts\MessagingContracts.cs(4652,57): warning CS1573: Parameter 'Currency' has no matching param tag in the XML comment for 'QuotationAcceptedEventPayload.QuotationAcceptedEventPayload(Guid, string, Guid, double, string, DateTimeOffset, string)' (but other parameters do) [B:\maliev\Maliev.MessagingContracts\generated\csharp\Maliev.MessagingContracts.csproj]
B:\maliev\Maliev.MessagingContracts\generated\csharp\Contracts\MessagingContracts.cs(4653,74): warning CS1573: Parameter 'AcceptedAt' has no matching param tag in the XML comment for 'QuotationAcceptedEventPayload.QuotationAcceptedEventPayload(Guid, string, Guid, double, string, DateTimeOffset, string)' (but other parameters do) [B:\maliev\Maliev.MessagingContracts\generated\csharp\Maliev.MessagingContracts.csproj]
B:\maliev\Maliev.MessagingContracts\generated\csharp\Contracts\MessagingContracts.cs(4666,21): warning CS1573: Parameter 'MessageId' has no matching param tag in the XML comment for 'QuotationAcceptedEvent.QuotationAcceptedEvent(Guid, string, MessageType, string, string, IReadOnlyList<string>, Guid, Guid?, DateTimeOffset, bool, QuotationAcceptedEventPayload)' (but other parameters do) [B:\maliev\Maliev.MessagingContracts\generated\csharp\Maliev.MessagingContracts.csproj]
B:\maliev\Maliev.MessagingContracts\generated\csharp\Contracts\MessagingContracts.cs(4667,16): warning CS1573: Parameter 'MessageName' has no matching param tag in the XML comment for 'QuotationAcceptedEvent.QuotationAcceptedEvent(Guid, string, MessageType, string, string, IReadOnlyList<string>, Guid, Guid?, DateTimeOffset, bool, QuotationAcceptedEventPayload)' (but other parameters do) [B:\maliev\Maliev.MessagingContracts\generated\csharp\Maliev.MessagingContracts.csproj]
B:\maliev\Maliev.MessagingContracts\generated\csharp\Contracts\MessagingContracts.cs(4668,21): warning CS1573: Parameter 'MessageType' has no matching param tag in the XML comment for 'QuotationAcceptedEvent.QuotationAcceptedEvent(Guid, string, MessageType, string, string, IReadOnlyList<string>, Guid, Guid?, DateTimeOffset, bool, QuotationAcceptedEventPayload)' (but other parameters do) [B:\maliev\Maliev.MessagingContracts\generated\csharp\Maliev.MessagingContracts.csproj]
B:\maliev\Maliev.MessagingContracts\generated\csharp\Contracts\MessagingContracts.cs(4669,16): warning CS1573: Parameter 'MessageVersion' has no matching param tag in the XML comment for 'QuotationAcceptedEvent.QuotationAcceptedEvent(Guid, string, MessageType, string, string, IReadOnlyList<string>, Guid, Guid?, DateTimeOffset, bool, QuotationAcceptedEventPayload)' (but other parameters do) [B:\maliev\Maliev.MessagingContracts\generated\csharp\Maliev.MessagingContracts.csproj]
B:\maliev\Maliev.MessagingContracts\generated\csharp\Contracts\MessagingContracts.cs(4670,16): warning CS1573: Parameter 'PublishedBy' has no matching param tag in the XML comment for 'QuotationAcceptedEvent.QuotationAcceptedEvent(Guid, string, MessageType, string, string, IReadOnlyList<string>, Guid, Guid?, DateTimeOffset, bool, QuotationAcceptedEventPayload)' (but other parameters do) [B:\maliev\Maliev.MessagingContracts\generated\csharp\Maliev.MessagingContracts.csproj]
B:\maliev\Maliev.MessagingContracts\generated\csharp\Contracts\MessagingContracts.cs(4671,58): warning CS1573: Parameter 'ConsumedBy' has no matching param tag in the XML comment for 'QuotationAcceptedEvent.QuotationAcceptedEvent(Guid, string, MessageType, string, string, IReadOnlyList<string>, Guid, Guid?, DateTimeOffset, bool, QuotationAcceptedEventPayload)' (but other parameters do) [B:\maliev\Maliev.MessagingContracts\generated\csharp\Maliev.MessagingContracts.csproj]
B:\maliev\Maliev.MessagingContracts\generated\csharp\Contracts\MessagingContracts.cs(4672,21): warning CS1573: Parameter 'CorrelationId' has no matching param tag in the XML comment for 'QuotationAcceptedEvent.QuotationAcceptedEvent(Guid, string, MessageType, string, string, IReadOnlyList<string>, Guid, Guid?, DateTimeOffset, bool, QuotationAcceptedEventPayload)' (but other parameters do) [B:\maliev\Maliev.MessagingContracts\generated\csharp\Maliev.MessagingContracts.csproj]
B:\maliev\Maliev.MessagingContracts\generated\csharp\Contracts\MessagingContracts.cs(4673,22): warning CS1573: Parameter 'CausationId' has no matching param tag in the XML comment for 'QuotationAcceptedEvent.QuotationAcceptedEvent(Guid, string, MessageType, string, string, IReadOnlyList<string>, Guid, Guid?, DateTimeOffset, bool, QuotationAcceptedEventPayload)' (but other parameters do) [B:\maliev\Maliev.MessagingContracts\generated\csharp\Maliev.MessagingContracts.csproj]
B:\maliev\Maliev.MessagingContracts\generated\csharp\Contracts\MessagingContracts.cs(4674,31): warning CS1573: Parameter 'OccurredAtUtc' has no matching param tag in the XML comment for 'QuotationAcceptedEvent.QuotationAcceptedEvent(Guid, string, MessageType, string, string, IReadOnlyList<string>, Guid, Guid?, DateTimeOffset, bool, QuotationAcceptedEventPayload)' (but other parameters do) [B:\maliev\Maliev.MessagingContracts\generated\csharp\Maliev.MessagingContracts.csproj]
B:\maliev\Maliev.MessagingContracts\generated\csharp\Contracts\MessagingContracts.cs(4675,14): warning CS1573: Parameter 'IsPublic' has no matching param tag in the XML comment for 'QuotationAcceptedEvent.QuotationAcceptedEvent(Guid, string, MessageType, string, string, IReadOnlyList<string>, Guid, Guid?, DateTimeOffset, bool, QuotationAcceptedEventPayload)' (but other parameters do) [B:\maliev\Maliev.MessagingContracts\generated\csharp\Maliev.MessagingContracts.csproj]
B:\maliev\Maliev.MessagingContracts\generated\csharp\Contracts\MessagingContracts.cs(4690,65): warning CS1573: Parameter 'QuotationId' has no matching param tag in the XML comment for 'QuotationCancelledEventPayload.QuotationCancelledEventPayload(Guid, string, Guid, DateTimeOffset, string, string?)' (but other parameters do) [B:\maliev\Maliev.MessagingContracts\generated\csharp\Maliev.MessagingContracts.csproj]
B:\maliev\Maliev.MessagingContracts\generated\csharp\Contracts\MessagingContracts.cs(4691,64): warning CS1573: Parameter 'QuotationNumber' has no matching param tag in the XML comment for 'QuotationCancelledEventPayload.QuotationCancelledEventPayload(Guid, string, Guid, DateTimeOffset, string, string?)' (but other parameters do) [B:\maliev\Maliev.MessagingContracts\generated\csharp\Maliev.MessagingContracts.csproj]
B:\maliev\Maliev.MessagingContracts\generated\csharp\Contracts\MessagingContracts.cs(4692,64): warning CS1573: Parameter 'CustomerId' has no matching param tag in the XML comment for 'QuotationCancelledEventPayload.QuotationCancelledEventPayload(Guid, string, Guid, DateTimeOffset, string, string?)' (but other parameters do) [B:\maliev\Maliev.MessagingContracts\generated\csharp\Maliev.MessagingContracts.csproj]
B:\maliev\Maliev.MessagingContracts\generated\csharp\Contracts\MessagingContracts.cs(4693,75): warning CS1573: Parameter 'CancelledAt' has no matching param tag in the XML comment for 'QuotationCancelledEventPayload.QuotationCancelledEventPayload(Guid, string, Guid, DateTimeOffset, string, string?)' (but other parameters do) [B:\maliev\Maliev.MessagingContracts\generated\csharp\Maliev.MessagingContracts.csproj]
B:\maliev\Maliev.MessagingContracts\generated\csharp\Contracts\MessagingContracts.cs(4707,21): warning CS1573: Parameter 'MessageId' has no matching param tag in the XML comment for 'QuotationCancelledEvent.QuotationCancelledEvent(Guid, string, MessageType, string, string, IReadOnlyList<string>, Guid, Guid?, DateTimeOffset, bool, QuotationCancelledEventPayload)' (but other parameters do) [B:\maliev\Maliev.MessagingContracts\generated\csharp\Maliev.MessagingContracts.csproj]
B:\maliev\Maliev.MessagingContracts\generated\csharp\Contracts\MessagingContracts.cs(4708,16): warning CS1573: Parameter 'MessageName' has no matching param tag in the XML comment for 'QuotationCancelledEvent.QuotationCancelledEvent(Guid, string, MessageType, string, string, IReadOnlyList<string>, Guid, Guid?, DateTimeOffset, bool, QuotationCancelledEventPayload)' (but other parameters do) [B:\maliev\Maliev.MessagingContracts\generated\csharp\Maliev.MessagingContracts.csproj]
B:\maliev\Maliev.MessagingContracts\generated\csharp\Contracts\MessagingContracts.cs(4709,21): warning CS1573: Parameter 'MessageType' has no matching param tag in the XML comment for 'QuotationCancelledEvent.QuotationCancelledEvent(Guid, string, MessageType, string, string, IReadOnlyList<string>, Guid, Guid?, DateTimeOffset, bool, QuotationCancelledEventPayload)' (but other parameters do) [B:\maliev\Maliev.MessagingContracts\generated\csharp\Maliev.MessagingContracts.csproj]
B:\maliev\Maliev.MessagingContracts\generated\csharp\Contracts\MessagingContracts.cs(4710,16): warning CS1573: Parameter 'MessageVersion' has no matching param tag in the XML comment for 'QuotationCancelledEvent.QuotationCancelledEvent(Guid, string, MessageType, string, string, IReadOnlyList<string>, Guid, Guid?, DateTimeOffset, bool, QuotationCancelledEventPayload)' (but other parameters do) [B:\maliev\Maliev.MessagingContracts\generated\csharp\Maliev.MessagingContracts.csproj]
B:\maliev\Maliev.MessagingContracts\generated\csharp\Contracts\MessagingContracts.cs(4711,16): warning CS1573: Parameter 'PublishedBy' has no matching param tag in the XML comment for 'QuotationCancelledEvent.QuotationCancelledEvent(Guid, string, MessageType, string, string, IReadOnlyList<string>, Guid, Guid?, DateTimeOffset, bool, QuotationCancelledEventPayload)' (but other parameters do) [B:\maliev\Maliev.MessagingContracts\generated\csharp\Maliev.MessagingContracts.csproj]
B:\maliev\Maliev.MessagingContracts\generated\csharp\Contracts\MessagingContracts.cs(4712,58): warning CS1573: Parameter 'ConsumedBy' has no matching param tag in the XML comment for 'QuotationCancelledEvent.QuotationCancelledEvent(Guid, string, MessageType, string, string, IReadOnlyList<string>, Guid, Guid?, DateTimeOffset, bool, QuotationCancelledEventPayload)' (but other parameters do) [B:\maliev\Maliev.MessagingContracts\generated\csharp\Maliev.MessagingContracts.csproj]
B:\maliev\Maliev.MessagingContracts\generated\csharp\Contracts\MessagingContracts.cs(4713,21): warning CS1573: Parameter 'CorrelationId' has no matching param tag in the XML comment for 'QuotationCancelledEvent.QuotationCancelledEvent(Guid, string, MessageType, string, string, IReadOnlyList<string>, Guid, Guid?, DateTimeOffset, bool, QuotationCancelledEventPayload)' (but other parameters do) [B:\maliev\Maliev.MessagingContracts\generated\csharp\Maliev.MessagingContracts.csproj]
B:\maliev\Maliev.MessagingContracts\generated\csharp\Contracts\MessagingContracts.cs(4714,22): warning CS1573: Parameter 'CausationId' has no matching param tag in the XML comment for 'QuotationCancelledEvent.QuotationCancelledEvent(Guid, string, MessageType, string, string, IReadOnlyList<string>, Guid, Guid?, DateTimeOffset, bool, QuotationCancelledEventPayload)' (but other parameters do) [B:\maliev\Maliev.MessagingContracts\generated\csharp\Maliev.MessagingContracts.csproj]
B:\maliev\Maliev.MessagingContracts\generated\csharp\Contracts\MessagingContracts.cs(4715,31): warning CS1573: Parameter 'OccurredAtUtc' has no matching param tag in the XML comment for 'QuotationCancelledEvent.QuotationCancelledEvent(Guid, string, MessageType, string, string, IReadOnlyList<string>, Guid, Guid?, DateTimeOffset, bool, QuotationCancelledEventPayload)' (but other parameters do) [B:\maliev\Maliev.MessagingContracts\generated\csharp\Maliev.MessagingContracts.csproj]
B:\maliev\Maliev.MessagingContracts\generated\csharp\Contracts\MessagingContracts.cs(4716,14): warning CS1573: Parameter 'IsPublic' has no matching param tag in the XML comment for 'QuotationCancelledEvent.QuotationCancelledEvent(Guid, string, MessageType, string, string, IReadOnlyList<string>, Guid, Guid?, DateTimeOffset, bool, QuotationCancelledEventPayload)' (but other parameters do) [B:\maliev\Maliev.MessagingContracts\generated\csharp\Maliev.MessagingContracts.csproj]
B:\maliev\Maliev.MessagingContracts\generated\csharp\Contracts\MessagingContracts.cs(4730,65): warning CS1573: Parameter 'QuotationId' has no matching param tag in the XML comment for 'QuotationExpiredEventPayload.QuotationExpiredEventPayload(Guid, string, Guid, DateTimeOffset, DateTimeOffset)' (but other parameters do) [B:\maliev\Maliev.MessagingContracts\generated\csharp\Maliev.MessagingContracts.csproj]
B:\maliev\Maliev.MessagingContracts\generated\csharp\Contracts\MessagingContracts.cs(4731,64): warning CS1573: Parameter 'QuotationNumber' has no matching param tag in the XML comment for 'QuotationExpiredEventPayload.QuotationExpiredEventPayload(Guid, string, Guid, DateTimeOffset, DateTimeOffset)' (but other parameters do) [B:\maliev\Maliev.MessagingContracts\generated\csharp\Maliev.MessagingContracts.csproj]
B:\maliev\Maliev.MessagingContracts\generated\csharp\Contracts\MessagingContracts.cs(4732,64): warning CS1573: Parameter 'CustomerId' has no matching param tag in the XML comment for 'QuotationExpiredEventPayload.QuotationExpiredEventPayload(Guid, string, Guid, DateTimeOffset, DateTimeOffset)' (but other parameters do) [B:\maliev\Maliev.MessagingContracts\generated\csharp\Maliev.MessagingContracts.csproj]
B:\maliev\Maliev.MessagingContracts\generated\csharp\Contracts\MessagingContracts.cs(4734,73): warning CS1573: Parameter 'ExpiredAt' has no matching param tag in the XML comment for 'QuotationExpiredEventPayload.QuotationExpiredEventPayload(Guid, string, Guid, DateTimeOffset, DateTimeOffset)' (but other parameters do) [B:\maliev\Maliev.MessagingContracts\generated\csharp\Maliev.MessagingContracts.csproj]
B:\maliev\Maliev.MessagingContracts\generated\csharp\Contracts\MessagingContracts.cs(4746,21): warning CS1573: Parameter 'MessageId' has no matching param tag in the XML comment for 'QuotationExpiredEvent.QuotationExpiredEvent(Guid, string, MessageType, string, string, IReadOnlyList<string>, Guid, Guid?, DateTimeOffset, bool, QuotationExpiredEventPayload)' (but other parameters do) [B:\maliev\Maliev.MessagingContracts\generated\csharp\Maliev.MessagingContracts.csproj]
B:\maliev\Maliev.MessagingContracts\generated\csharp\Contracts\MessagingContracts.cs(4747,16): warning CS1573: Parameter 'MessageName' has no matching param tag in the XML comment for 'QuotationExpiredEvent.QuotationExpiredEvent(Guid, string, MessageType, string, string, IReadOnlyList<string>, Guid, Guid?, DateTimeOffset, bool, QuotationExpiredEventPayload)' (but other parameters do) [B:\maliev\Maliev.MessagingContracts\generated\csharp\Maliev.MessagingContracts.csproj]
B:\maliev\Maliev.MessagingContracts\generated\csharp\Contracts\MessagingContracts.cs(4748,21): warning CS1573: Parameter 'MessageType' has no matching param tag in the XML comment for 'QuotationExpiredEvent.QuotationExpiredEvent(Guid, string, MessageType, string, string, IReadOnlyList<string>, Guid, Guid?, DateTimeOffset, bool, QuotationExpiredEventPayload)' (but other parameters do) [B:\maliev\Maliev.MessagingContracts\generated\csharp\Maliev.MessagingContracts.csproj]
B:\maliev\Maliev.MessagingContracts\generated\csharp\Contracts\MessagingContracts.cs(4749,16): warning CS1573: Parameter 'MessageVersion' has no matching param tag in the XML comment for 'QuotationExpiredEvent.QuotationExpiredEvent(Guid, string, MessageType, string, string, IReadOnlyList<string>, Guid, Guid?, DateTimeOffset, bool, QuotationExpiredEventPayload)' (but other parameters do) [B:\maliev\Maliev.MessagingContracts\generated\csharp\Maliev.MessagingContracts.csproj]
B:\maliev\Maliev.MessagingContracts\generated\csharp\Contracts\MessagingContracts.cs(4750,16): warning CS1573: Parameter 'PublishedBy' has no matching param tag in the XML comment for 'QuotationExpiredEvent.QuotationExpiredEvent(Guid, string, MessageType, string, string, IReadOnlyList<string>, Guid, Guid?, DateTimeOffset, bool, QuotationExpiredEventPayload)' (but other parameters do) [B:\maliev\Maliev.MessagingContracts\generated\csharp\Maliev.MessagingContracts.csproj]
B:\maliev\Maliev.MessagingContracts\generated\csharp\Contracts\MessagingContracts.cs(4751,58): warning CS1573: Parameter 'ConsumedBy' has no matching param tag in the XML comment for 'QuotationExpiredEvent.QuotationExpiredEvent(Guid, string, MessageType, string, string, IReadOnlyList<string>, Guid, Guid?, DateTimeOffset, bool, QuotationExpiredEventPayload)' (but other parameters do) [B:\maliev\Maliev.MessagingContracts\generated\csharp\Maliev.MessagingContracts.csproj]
B:\maliev\Maliev.MessagingContracts\generated\csharp\Contracts\MessagingContracts.cs(4752,21): warning CS1573: Parameter 'CorrelationId' has no matching param tag in the XML comment for 'QuotationExpiredEvent.QuotationExpiredEvent(Guid, string, MessageType, string, string, IReadOnlyList<string>, Guid, Guid?, DateTimeOffset, bool, QuotationExpiredEventPayload)' (but other parameters do) [B:\maliev\Maliev.MessagingContracts\generated\csharp\Maliev.MessagingContracts.csproj]
B:\maliev\Maliev.MessagingContracts\generated\csharp\Contracts\MessagingContracts.cs(4753,22): warning CS1573: Parameter 'CausationId' has no matching param tag in the XML comment for 'QuotationExpiredEvent.QuotationExpiredEvent(Guid, string, MessageType, string, string, IReadOnlyList<string>, Guid, Guid?, DateTimeOffset, bool, QuotationExpiredEventPayload)' (but other parameters do) [B:\maliev\Maliev.MessagingContracts\generated\csharp\Maliev.MessagingContracts.csproj]
B:\maliev\Maliev.MessagingContracts\generated\csharp\Contracts\MessagingContracts.cs(4754,31): warning CS1573: Parameter 'OccurredAtUtc' has no matching param tag in the XML comment for 'QuotationExpiredEvent.QuotationExpiredEvent(Guid, string, MessageType, string, string, IReadOnlyList<string>, Guid, Guid?, DateTimeOffset, bool, QuotationExpiredEventPayload)' (but other parameters do) [B:\maliev\Maliev.MessagingContracts\generated\csharp\Maliev.MessagingContracts.csproj]
B:\maliev\Maliev.MessagingContracts\generated\csharp\Contracts\MessagingContracts.cs(4755,14): warning CS1573: Parameter 'IsPublic' has no matching param tag in the XML comment for 'QuotationExpiredEvent.QuotationExpiredEvent(Guid, string, MessageType, string, string, IReadOnlyList<string>, Guid, Guid?, DateTimeOffset, bool, QuotationExpiredEventPayload)' (but other parameters do) [B:\maliev\Maliev.MessagingContracts\generated\csharp\Maliev.MessagingContracts.csproj]
B:\maliev\Maliev.MessagingContracts\generated\csharp\Contracts\MessagingContracts.cs(4771,63): warning CS1573: Parameter 'ReceiptId' has no matching param tag in the XML comment for 'ReceiptCreatedEventPayload.ReceiptCreatedEventPayload(Guid, string, Guid, string, double, string, string?, DateTimeOffset)' (but other parameters do) [B:\maliev\Maliev.MessagingContracts\generated\csharp\Maliev.MessagingContracts.csproj]
B:\maliev\Maliev.MessagingContracts\generated\csharp\Contracts\MessagingContracts.cs(4772,62): warning CS1573: Parameter 'ReceiptNumber' has no matching param tag in the XML comment for 'ReceiptCreatedEventPayload.ReceiptCreatedEventPayload(Guid, string, Guid, string, double, string, string?, DateTimeOffset)' (but other parameters do) [B:\maliev\Maliev.MessagingContracts\generated\csharp\Maliev.MessagingContracts.csproj]
B:\maliev\Maliev.MessagingContracts\generated\csharp\Contracts\MessagingContracts.cs(4775,60): warning CS1573: Parameter 'TotalAmount' has no matching param tag in the XML comment for 'ReceiptCreatedEventPayload.ReceiptCreatedEventPayload(Guid, string, Guid, string, double, string, string?, DateTimeOffset)' (but other parameters do) [B:\maliev\Maliev.MessagingContracts\generated\csharp\Maliev.MessagingContracts.csproj]
B:\maliev\Maliev.MessagingContracts\generated\csharp\Contracts\MessagingContracts.cs(4776,57): warning CS1573: Parameter 'Currency' has no matching param tag in the XML comment for 'ReceiptCreatedEventPayload.ReceiptCreatedEventPayload(Guid, string, Guid, string, double, string, string?, DateTimeOffset)' (but other parameters do) [B:\maliev\Maliev.MessagingContracts\generated\csharp\Maliev.MessagingContracts.csproj]
B:\maliev\Maliev.MessagingContracts\generated\csharp\Contracts\MessagingContracts.cs(4778,73): warning CS1573: Parameter 'CreatedAt' has no matching param tag in the XML comment for 'ReceiptCreatedEventPayload.ReceiptCreatedEventPayload(Guid, string, Guid, string, double, string, string?, DateTimeOffset)' (but other parameters do) [B:\maliev\Maliev.MessagingContracts\generated\csharp\Maliev.MessagingContracts.csproj]
B:\maliev\Maliev.MessagingContracts\generated\csharp\Contracts\MessagingContracts.cs(4790,21): warning CS1573: Parameter 'MessageId' has no matching param tag in the XML comment for 'ReceiptCreatedEvent.ReceiptCreatedEvent(Guid, string, MessageType, string, string, IReadOnlyList<string>, Guid, Guid?, DateTimeOffset, bool, ReceiptCreatedEventPayload)' (but other parameters do) [B:\maliev\Maliev.MessagingContracts\generated\csharp\Maliev.MessagingContracts.csproj]
B:\maliev\Maliev.MessagingContracts\generated\csharp\Contracts\MessagingContracts.cs(4791,16): warning CS1573: Parameter 'MessageName' has no matching param tag in the XML comment for 'ReceiptCreatedEvent.ReceiptCreatedEvent(Guid, string, MessageType, string, string, IReadOnlyList<string>, Guid, Guid?, DateTimeOffset, bool, ReceiptCreatedEventPayload)' (but other parameters do) [B:\maliev\Maliev.MessagingContracts\generated\csharp\Maliev.MessagingContracts.csproj]
B:\maliev\Maliev.MessagingContracts\generated\csharp\Contracts\MessagingContracts.cs(4792,21): warning CS1573: Parameter 'MessageType' has no matching param tag in the XML comment for 'ReceiptCreatedEvent.ReceiptCreatedEvent(Guid, string, MessageType, string, string, IReadOnlyList<string>, Guid, Guid?, DateTimeOffset, bool, ReceiptCreatedEventPayload)' (but other parameters do) [B:\maliev\Maliev.MessagingContracts\generated\csharp\Maliev.MessagingContracts.csproj]
B:\maliev\Maliev.MessagingContracts\generated\csharp\Contracts\MessagingContracts.cs(4793,16): warning CS1573: Parameter 'MessageVersion' has no matching param tag in the XML comment for 'ReceiptCreatedEvent.ReceiptCreatedEvent(Guid, string, MessageType, string, string, IReadOnlyList<string>, Guid, Guid?, DateTimeOffset, bool, ReceiptCreatedEventPayload)' (but other parameters do) [B:\maliev\Maliev.MessagingContracts\generated\csharp\Maliev.MessagingContracts.csproj]
B:\maliev\Maliev.MessagingContracts\generated\csharp\Contracts\MessagingContracts.cs(4794,16): warning CS1573: Parameter 'PublishedBy' has no matching param tag in the XML comment for 'ReceiptCreatedEvent.ReceiptCreatedEvent(Guid, string, MessageType, string, string, IReadOnlyList<string>, Guid, Guid?, DateTimeOffset, bool, ReceiptCreatedEventPayload)' (but other parameters do) [B:\maliev\Maliev.MessagingContracts\generated\csharp\Maliev.MessagingContracts.csproj]
B:\maliev\Maliev.MessagingContracts\generated\csharp\Contracts\MessagingContracts.cs(4795,58): warning CS1573: Parameter 'ConsumedBy' has no matching param tag in the XML comment for 'ReceiptCreatedEvent.ReceiptCreatedEvent(Guid, string, MessageType, string, string, IReadOnlyList<string>, Guid, Guid?, DateTimeOffset, bool, ReceiptCreatedEventPayload)' (but other parameters do) [B:\maliev\Maliev.MessagingContracts\generated\csharp\Maliev.MessagingContracts.csproj]
B:\maliev\Maliev.MessagingContracts\generated\csharp\Contracts\MessagingContracts.cs(4796,21): warning CS1573: Parameter 'CorrelationId' has no matching param tag in the XML comment for 'ReceiptCreatedEvent.ReceiptCreatedEvent(Guid, string, MessageType, string, string, IReadOnlyList<string>, Guid, Guid?, DateTimeOffset, bool, ReceiptCreatedEventPayload)' (but other parameters do) [B:\maliev\Maliev.MessagingContracts\generated\csharp\Maliev.MessagingContracts.csproj]
B:\maliev\Maliev.MessagingContracts\generated\csharp\Contracts\MessagingContracts.cs(4797,22): warning CS1573: Parameter 'CausationId' has no matching param tag in the XML comment for 'ReceiptCreatedEvent.ReceiptCreatedEvent(Guid, string, MessageType, string, string, IReadOnlyList<string>, Guid, Guid?, DateTimeOffset, bool, ReceiptCreatedEventPayload)' (but other parameters do) [B:\maliev\Maliev.MessagingContracts\generated\csharp\Maliev.MessagingContracts.csproj]
B:\maliev\Maliev.MessagingContracts\generated\csharp\Contracts\MessagingContracts.cs(4798,31): warning CS1573: Parameter 'OccurredAtUtc' has no matching param tag in the XML comment for 'ReceiptCreatedEvent.ReceiptCreatedEvent(Guid, string, MessageType, string, string, IReadOnlyList<string>, Guid, Guid?, DateTimeOffset, bool, ReceiptCreatedEventPayload)' (but other parameters do) [B:\maliev\Maliev.MessagingContracts\generated\csharp\Maliev.MessagingContracts.csproj]
B:\maliev\Maliev.MessagingContracts\generated\csharp\Contracts\MessagingContracts.cs(4799,14): warning CS1573: Parameter 'IsPublic' has no matching param tag in the XML comment for 'ReceiptCreatedEvent.ReceiptCreatedEvent(Guid, string, MessageType, string, string, IReadOnlyList<string>, Guid, Guid?, DateTimeOffset, bool, ReceiptCreatedEventPayload)' (but other parameters do) [B:\maliev\Maliev.MessagingContracts\generated\csharp\Maliev.MessagingContracts.csproj]
B:\maliev\Maliev.MessagingContracts\generated\csharp\Contracts\MessagingContracts.cs(4820,75): warning CS1573: Parameter 'GeneratedAt' has no matching param tag in the XML comment for 'ReceiptGeneratedEventPayload.ReceiptGeneratedEventPayload(string, string, string, string, DateTimeOffset)' (but other parameters do) [B:\maliev\Maliev.MessagingContracts\generated\csharp\Maliev.MessagingContracts.csproj]
B:\maliev\Maliev.MessagingContracts\generated\csharp\Contracts\MessagingContracts.cs(4832,21): warning CS1573: Parameter 'MessageId' has no matching param tag in the XML comment for 'ReceiptGeneratedEvent.ReceiptGeneratedEvent(Guid, string, MessageType, string, string, IReadOnlyList<string>, Guid, Guid?, DateTimeOffset, bool, ReceiptGeneratedEventPayload)' (but other parameters do) [B:\maliev\Maliev.MessagingContracts\generated\csharp\Maliev.MessagingContracts.csproj]
B:\maliev\Maliev.MessagingContracts\generated\csharp\Contracts\MessagingContracts.cs(4833,16): warning CS1573: Parameter 'MessageName' has no matching param tag in the XML comment for 'ReceiptGeneratedEvent.ReceiptGeneratedEvent(Guid, string, MessageType, string, string, IReadOnlyList<string>, Guid, Guid?, DateTimeOffset, bool, ReceiptGeneratedEventPayload)' (but other parameters do) [B:\maliev\Maliev.MessagingContracts\generated\csharp\Maliev.MessagingContracts.csproj]
B:\maliev\Maliev.MessagingContracts\generated\csharp\Contracts\MessagingContracts.cs(4834,21): warning CS1573: Parameter 'MessageType' has no matching param tag in the XML comment for 'ReceiptGeneratedEvent.ReceiptGeneratedEvent(Guid, string, MessageType, string, string, IReadOnlyList<string>, Guid, Guid?, DateTimeOffset, bool, ReceiptGeneratedEventPayload)' (but other parameters do) [B:\maliev\Maliev.MessagingContracts\generated\csharp\Maliev.MessagingContracts.csproj]
B:\maliev\Maliev.MessagingContracts\generated\csharp\Contracts\MessagingContracts.cs(4835,16): warning CS1573: Parameter 'MessageVersion' has no matching param tag in the XML comment for 'ReceiptGeneratedEvent.ReceiptGeneratedEvent(Guid, string, MessageType, string, string, IReadOnlyList<string>, Guid, Guid?, DateTimeOffset, bool, ReceiptGeneratedEventPayload)' (but other parameters do) [B:\maliev\Maliev.MessagingContracts\generated\csharp\Maliev.MessagingContracts.csproj]
B:\maliev\Maliev.MessagingContracts\generated\csharp\Contracts\MessagingContracts.cs(4836,16): warning CS1573: Parameter 'PublishedBy' has no matching param tag in the XML comment for 'ReceiptGeneratedEvent.ReceiptGeneratedEvent(Guid, string, MessageType, string, string, IReadOnlyList<string>, Guid, Guid?, DateTimeOffset, bool, ReceiptGeneratedEventPayload)' (but other parameters do) [B:\maliev\Maliev.MessagingContracts\generated\csharp\Maliev.MessagingContracts.csproj]
B:\maliev\Maliev.MessagingContracts\generated\csharp\Contracts\MessagingContracts.cs(4837,58): warning CS1573: Parameter 'ConsumedBy' has no matching param tag in the XML comment for 'ReceiptGeneratedEvent.ReceiptGeneratedEvent(Guid, string, MessageType, string, string, IReadOnlyList<string>, Guid, Guid?, DateTimeOffset, bool, ReceiptGeneratedEventPayload)' (but other parameters do) [B:\maliev\Maliev.MessagingContracts\generated\csharp\Maliev.MessagingContracts.csproj]
B:\maliev\Maliev.MessagingContracts\generated\csharp\Contracts\MessagingContracts.cs(4838,21): warning CS1573: Parameter 'CorrelationId' has no matching param tag in the XML comment for 'ReceiptGeneratedEvent.ReceiptGeneratedEvent(Guid, string, MessageType, string, string, IReadOnlyList<string>, Guid, Guid?, DateTimeOffset, bool, ReceiptGeneratedEventPayload)' (but other parameters do) [B:\maliev\Maliev.MessagingContracts\generated\csharp\Maliev.MessagingContracts.csproj]
B:\maliev\Maliev.MessagingContracts\generated\csharp\Contracts\MessagingContracts.cs(4839,22): warning CS1573: Parameter 'CausationId' has no matching param tag in the XML comment for 'ReceiptGeneratedEvent.ReceiptGeneratedEvent(Guid, string, MessageType, string, string, IReadOnlyList<string>, Guid, Guid?, DateTimeOffset, bool, ReceiptGeneratedEventPayload)' (but other parameters do) [B:\maliev\Maliev.MessagingContracts\generated\csharp\Maliev.MessagingContracts.csproj]
B:\maliev\Maliev.MessagingContracts\generated\csharp\Contracts\MessagingContracts.cs(4840,31): warning CS1573: Parameter 'OccurredAtUtc' has no matching param tag in the XML comment for 'ReceiptGeneratedEvent.ReceiptGeneratedEvent(Guid, string, MessageType, string, string, IReadOnlyList<string>, Guid, Guid?, DateTimeOffset, bool, ReceiptGeneratedEventPayload)' (but other parameters do) [B:\maliev\Maliev.MessagingContracts\generated\csharp\Maliev.MessagingContracts.csproj]
B:\maliev\Maliev.MessagingContracts\generated\csharp\Contracts\MessagingContracts.cs(4841,14): warning CS1573: Parameter 'IsPublic' has no matching param tag in the XML comment for 'ReceiptGeneratedEvent.ReceiptGeneratedEvent(Guid, string, MessageType, string, string, IReadOnlyList<string>, Guid, Guid?, DateTimeOffset, bool, ReceiptGeneratedEventPayload)' (but other parameters do) [B:\maliev\Maliev.MessagingContracts\generated\csharp\Maliev.MessagingContracts.csproj]
B:\maliev\Maliev.MessagingContracts\generated\csharp\Contracts\MessagingContracts.cs(4866,70): warning CS1573: Parameter 'SentAt' has no matching param tag in the XML comment for 'ReceiptSentEventPayload.ReceiptSentEventPayload(string, string, string, string, string, string, DateTimeOffset)' (but other parameters do) [B:\maliev\Maliev.MessagingContracts\generated\csharp\Maliev.MessagingContracts.csproj]
B:\maliev\Maliev.MessagingContracts\generated\csharp\Contracts\MessagingContracts.cs(4878,21): warning CS1573: Parameter 'MessageId' has no matching param tag in the XML comment for 'ReceiptSentEvent.ReceiptSentEvent(Guid, string, MessageType, string, string, IReadOnlyList<string>, Guid, Guid?, DateTimeOffset, bool, ReceiptSentEventPayload)' (but other parameters do) [B:\maliev\Maliev.MessagingContracts\generated\csharp\Maliev.MessagingContracts.csproj]
B:\maliev\Maliev.MessagingContracts\generated\csharp\Contracts\MessagingContracts.cs(4879,16): warning CS1573: Parameter 'MessageName' has no matching param tag in the XML comment for 'ReceiptSentEvent.ReceiptSentEvent(Guid, string, MessageType, string, string, IReadOnlyList<string>, Guid, Guid?, DateTimeOffset, bool, ReceiptSentEventPayload)' (but other parameters do) [B:\maliev\Maliev.MessagingContracts\generated\csharp\Maliev.MessagingContracts.csproj]
B:\maliev\Maliev.MessagingContracts\generated\csharp\Contracts\MessagingContracts.cs(4880,21): warning CS1573: Parameter 'MessageType' has no matching param tag in the XML comment for 'ReceiptSentEvent.ReceiptSentEvent(Guid, string, MessageType, string, string, IReadOnlyList<string>, Guid, Guid?, DateTimeOffset, bool, ReceiptSentEventPayload)' (but other parameters do) [B:\maliev\Maliev.MessagingContracts\generated\csharp\Maliev.MessagingContracts.csproj]
B:\maliev\Maliev.MessagingContracts\generated\csharp\Contracts\MessagingContracts.cs(4881,16): warning CS1573: Parameter 'MessageVersion' has no matching param tag in the XML comment for 'ReceiptSentEvent.ReceiptSentEvent(Guid, string, MessageType, string, string, IReadOnlyList<string>, Guid, Guid?, DateTimeOffset, bool, ReceiptSentEventPayload)' (but other parameters do) [B:\maliev\Maliev.MessagingContracts\generated\csharp\Maliev.MessagingContracts.csproj]
B:\maliev\Maliev.MessagingContracts\generated\csharp\Contracts\MessagingContracts.cs(4882,16): warning CS1573: Parameter 'PublishedBy' has no matching param tag in the XML comment for 'ReceiptSentEvent.ReceiptSentEvent(Guid, string, MessageType, string, string, IReadOnlyList<string>, Guid, Guid?, DateTimeOffset, bool, ReceiptSentEventPayload)' (but other parameters do) [B:\maliev\Maliev.MessagingContracts\generated\csharp\Maliev.MessagingContracts.csproj]
B:\maliev\Maliev.MessagingContracts\generated\csharp\Contracts\MessagingContracts.cs(4883,58): warning CS1573: Parameter 'ConsumedBy' has no matching param tag in the XML comment for 'ReceiptSentEvent.ReceiptSentEvent(Guid, string, MessageType, string, string, IReadOnlyList<string>, Guid, Guid?, DateTimeOffset, bool, ReceiptSentEventPayload)' (but other parameters do) [B:\maliev\Maliev.MessagingContracts\generated\csharp\Maliev.MessagingContracts.csproj]
B:\maliev\Maliev.MessagingContracts\generated\csharp\Contracts\MessagingContracts.cs(4884,21): warning CS1573: Parameter 'CorrelationId' has no matching param tag in the XML comment for 'ReceiptSentEvent.ReceiptSentEvent(Guid, string, MessageType, string, string, IReadOnlyList<string>, Guid, Guid?, DateTimeOffset, bool, ReceiptSentEventPayload)' (but other parameters do) [B:\maliev\Maliev.MessagingContracts\generated\csharp\Maliev.MessagingContracts.csproj]
B:\maliev\Maliev.MessagingContracts\generated\csharp\Contracts\MessagingContracts.cs(4885,22): warning CS1573: Parameter 'CausationId' has no matching param tag in the XML comment for 'ReceiptSentEvent.ReceiptSentEvent(Guid, string, MessageType, string, string, IReadOnlyList<string>, Guid, Guid?, DateTimeOffset, bool, ReceiptSentEventPayload)' (but other parameters do) [B:\maliev\Maliev.MessagingContracts\generated\csharp\Maliev.MessagingContracts.csproj]
B:\maliev\Maliev.MessagingContracts\generated\csharp\Contracts\MessagingContracts.cs(4886,31): warning CS1573: Parameter 'OccurredAtUtc' has no matching param tag in the XML comment for 'ReceiptSentEvent.ReceiptSentEvent(Guid, string, MessageType, string, string, IReadOnlyList<string>, Guid, Guid?, DateTimeOffset, bool, ReceiptSentEventPayload)' (but other parameters do) [B:\maliev\Maliev.MessagingContracts\generated\csharp\Maliev.MessagingContracts.csproj]
B:\maliev\Maliev.MessagingContracts\generated\csharp\Contracts\MessagingContracts.cs(4887,14): warning CS1573: Parameter 'IsPublic' has no matching param tag in the XML comment for 'ReceiptSentEvent.ReceiptSentEvent(Guid, string, MessageType, string, string, IReadOnlyList<string>, Guid, Guid?, DateTimeOffset, bool, ReceiptSentEventPayload)' (but other parameters do) [B:\maliev\Maliev.MessagingContracts\generated\csharp\Maliev.MessagingContracts.csproj]
B:\maliev\Maliev.MessagingContracts\generated\csharp\Contracts\MessagingContracts.cs(4902,63): warning CS1573: Parameter 'ReceiptId' has no matching param tag in the XML comment for 'ReceiptVoidedEventPayload.ReceiptVoidedEventPayload(Guid, string, string, DateTimeOffset, string)' (but other parameters do) [B:\maliev\Maliev.MessagingContracts\generated\csharp\Maliev.MessagingContracts.csproj]
B:\maliev\Maliev.MessagingContracts\generated\csharp\Contracts\MessagingContracts.cs(4903,62): warning CS1573: Parameter 'ReceiptNumber' has no matching param tag in the XML comment for 'ReceiptVoidedEventPayload.ReceiptVoidedEventPayload(Guid, string, string, DateTimeOffset, string)' (but other parameters do) [B:\maliev\Maliev.MessagingContracts\generated\csharp\Maliev.MessagingContracts.csproj]
B:\maliev\Maliev.MessagingContracts\generated\csharp\Contracts\MessagingContracts.cs(4905,72): warning CS1573: Parameter 'VoidedAt' has no matching param tag in the XML comment for 'ReceiptVoidedEventPayload.ReceiptVoidedEventPayload(Guid, string, string, DateTimeOffset, string)' (but other parameters do) [B:\maliev\Maliev.MessagingContracts\generated\csharp\Maliev.MessagingContracts.csproj]
B:\maliev\Maliev.MessagingContracts\generated\csharp\Contracts\MessagingContracts.cs(4918,21): warning CS1573: Parameter 'MessageId' has no matching param tag in the XML comment for 'ReceiptVoidedEvent.ReceiptVoidedEvent(Guid, string, MessageType, string, string, IReadOnlyList<string>, Guid, Guid?, DateTimeOffset, bool, ReceiptVoidedEventPayload)' (but other parameters do) [B:\maliev\Maliev.MessagingContracts\generated\csharp\Maliev.MessagingContracts.csproj]
B:\maliev\Maliev.MessagingContracts\generated\csharp\Contracts\MessagingContracts.cs(4919,16): warning CS1573: Parameter 'MessageName' has no matching param tag in the XML comment for 'ReceiptVoidedEvent.ReceiptVoidedEvent(Guid, string, MessageType, string, string, IReadOnlyList<string>, Guid, Guid?, DateTimeOffset, bool, ReceiptVoidedEventPayload)' (but other parameters do) [B:\maliev\Maliev.MessagingContracts\generated\csharp\Maliev.MessagingContracts.csproj]
B:\maliev\Maliev.MessagingContracts\generated\csharp\Contracts\MessagingContracts.cs(4920,21): warning CS1573: Parameter 'MessageType' has no matching param tag in the XML comment for 'ReceiptVoidedEvent.ReceiptVoidedEvent(Guid, string, MessageType, string, string, IReadOnlyList<string>, Guid, Guid?, DateTimeOffset, bool, ReceiptVoidedEventPayload)' (but other parameters do) [B:\maliev\Maliev.MessagingContracts\generated\csharp\Maliev.MessagingContracts.csproj]
B:\maliev\Maliev.MessagingContracts\generated\csharp\Contracts\MessagingContracts.cs(4921,16): warning CS1573: Parameter 'MessageVersion' has no matching param tag in the XML comment for 'ReceiptVoidedEvent.ReceiptVoidedEvent(Guid, string, MessageType, string, string, IReadOnlyList<string>, Guid, Guid?, DateTimeOffset, bool, ReceiptVoidedEventPayload)' (but other parameters do) [B:\maliev\Maliev.MessagingContracts\generated\csharp\Maliev.MessagingContracts.csproj]
B:\maliev\Maliev.MessagingContracts\generated\csharp\Contracts\MessagingContracts.cs(4922,16): warning CS1573: Parameter 'PublishedBy' has no matching param tag in the XML comment for 'ReceiptVoidedEvent.ReceiptVoidedEvent(Guid, string, MessageType, string, string, IReadOnlyList<string>, Guid, Guid?, DateTimeOffset, bool, ReceiptVoidedEventPayload)' (but other parameters do) [B:\maliev\Maliev.MessagingContracts\generated\csharp\Maliev.MessagingContracts.csproj]
B:\maliev\Maliev.MessagingContracts\generated\csharp\Contracts\MessagingContracts.cs(4923,58): warning CS1573: Parameter 'ConsumedBy' has no matching param tag in the XML comment for 'ReceiptVoidedEvent.ReceiptVoidedEvent(Guid, string, MessageType, string, string, IReadOnlyList<string>, Guid, Guid?, DateTimeOffset, bool, ReceiptVoidedEventPayload)' (but other parameters do) [B:\maliev\Maliev.MessagingContracts\generated\csharp\Maliev.MessagingContracts.csproj]
B:\maliev\Maliev.MessagingContracts\generated\csharp\Contracts\MessagingContracts.cs(4924,21): warning CS1573: Parameter 'CorrelationId' has no matching param tag in the XML comment for 'ReceiptVoidedEvent.ReceiptVoidedEvent(Guid, string, MessageType, string, string, IReadOnlyList<string>, Guid, Guid?, DateTimeOffset, bool, ReceiptVoidedEventPayload)' (but other parameters do) [B:\maliev\Maliev.MessagingContracts\generated\csharp\Maliev.MessagingContracts.csproj]
B:\maliev\Maliev.MessagingContracts\generated\csharp\Contracts\MessagingContracts.cs(4925,22): warning CS1573: Parameter 'CausationId' has no matching param tag in the XML comment for 'ReceiptVoidedEvent.ReceiptVoidedEvent(Guid, string, MessageType, string, string, IReadOnlyList<string>, Guid, Guid?, DateTimeOffset, bool, ReceiptVoidedEventPayload)' (but other parameters do) [B:\maliev\Maliev.MessagingContracts\generated\csharp\Maliev.MessagingContracts.csproj]
B:\maliev\Maliev.MessagingContracts\generated\csharp\Contracts\MessagingContracts.cs(4926,31): warning CS1573: Parameter 'OccurredAtUtc' has no matching param tag in the XML comment for 'ReceiptVoidedEvent.ReceiptVoidedEvent(Guid, string, MessageType, string, string, IReadOnlyList<string>, Guid, Guid?, DateTimeOffset, bool, ReceiptVoidedEventPayload)' (but other parameters do) [B:\maliev\Maliev.MessagingContracts\generated\csharp\Maliev.MessagingContracts.csproj]
B:\maliev\Maliev.MessagingContracts\generated\csharp\Contracts\MessagingContracts.cs(4927,14): warning CS1573: Parameter 'IsPublic' has no matching param tag in the XML comment for 'ReceiptVoidedEvent.ReceiptVoidedEvent(Guid, string, MessageType, string, string, IReadOnlyList<string>, Guid, Guid?, DateTimeOffset, bool, ReceiptVoidedEventPayload)' (but other parameters do) [B:\maliev\Maliev.MessagingContracts\generated\csharp\Maliev.MessagingContracts.csproj]
B:\maliev\Maliev.MessagingContracts\generated\csharp\Contracts\MessagingContracts.cs(5018,21): warning CS1573: Parameter 'MessageId' has no matching param tag in the XML comment for 'ReceiptPdfRequestedEvent.ReceiptPdfRequestedEvent(Guid, string, MessageType, string, string, IReadOnlyList<string>, Guid, Guid?, DateTimeOffset, bool, ReceiptPdfRequestedEventPayload)' (but other parameters do) [B:\maliev\Maliev.MessagingContracts\generated\csharp\Maliev.MessagingContracts.csproj]
B:\maliev\Maliev.MessagingContracts\generated\csharp\Contracts\MessagingContracts.cs(5019,16): warning CS1573: Parameter 'MessageName' has no matching param tag in the XML comment for 'ReceiptPdfRequestedEvent.ReceiptPdfRequestedEvent(Guid, string, MessageType, string, string, IReadOnlyList<string>, Guid, Guid?, DateTimeOffset, bool, ReceiptPdfRequestedEventPayload)' (but other parameters do) [B:\maliev\Maliev.MessagingContracts\generated\csharp\Maliev.MessagingContracts.csproj]
B:\maliev\Maliev.MessagingContracts\generated\csharp\Contracts\MessagingContracts.cs(5020,21): warning CS1573: Parameter 'MessageType' has no matching param tag in the XML comment for 'ReceiptPdfRequestedEvent.ReceiptPdfRequestedEvent(Guid, string, MessageType, string, string, IReadOnlyList<string>, Guid, Guid?, DateTimeOffset, bool, ReceiptPdfRequestedEventPayload)' (but other parameters do) [B:\maliev\Maliev.MessagingContracts\generated\csharp\Maliev.MessagingContracts.csproj]
B:\maliev\Maliev.MessagingContracts\generated\csharp\Contracts\MessagingContracts.cs(5021,16): warning CS1573: Parameter 'MessageVersion' has no matching param tag in the XML comment for 'ReceiptPdfRequestedEvent.ReceiptPdfRequestedEvent(Guid, string, MessageType, string, string, IReadOnlyList<string>, Guid, Guid?, DateTimeOffset, bool, ReceiptPdfRequestedEventPayload)' (but other parameters do) [B:\maliev\Maliev.MessagingContracts\generated\csharp\Maliev.MessagingContracts.csproj]
B:\maliev\Maliev.MessagingContracts\generated\csharp\Contracts\MessagingContracts.cs(5022,16): warning CS1573: Parameter 'PublishedBy' has no matching param tag in the XML comment for 'ReceiptPdfRequestedEvent.ReceiptPdfRequestedEvent(Guid, string, MessageType, string, string, IReadOnlyList<string>, Guid, Guid?, DateTimeOffset, bool, ReceiptPdfRequestedEventPayload)' (but other parameters do) [B:\maliev\Maliev.MessagingContracts\generated\csharp\Maliev.MessagingContracts.csproj]
B:\maliev\Maliev.MessagingContracts\generated\csharp\Contracts\MessagingContracts.cs(5023,58): warning CS1573: Parameter 'ConsumedBy' has no matching param tag in the XML comment for 'ReceiptPdfRequestedEvent.ReceiptPdfRequestedEvent(Guid, string, MessageType, string, string, IReadOnlyList<string>, Guid, Guid?, DateTimeOffset, bool, ReceiptPdfRequestedEventPayload)' (but other parameters do) [B:\maliev\Maliev.MessagingContracts\generated\csharp\Maliev.MessagingContracts.csproj]
B:\maliev\Maliev.MessagingContracts\generated\csharp\Contracts\MessagingContracts.cs(5024,21): warning CS1573: Parameter 'CorrelationId' has no matching param tag in the XML comment for 'ReceiptPdfRequestedEvent.ReceiptPdfRequestedEvent(Guid, string, MessageType, string, string, IReadOnlyList<string>, Guid, Guid?, DateTimeOffset, bool, ReceiptPdfRequestedEventPayload)' (but other parameters do) [B:\maliev\Maliev.MessagingContracts\generated\csharp\Maliev.MessagingContracts.csproj]
B:\maliev\Maliev.MessagingContracts\generated\csharp\Contracts\MessagingContracts.cs(5025,22): warning CS1573: Parameter 'CausationId' has no matching param tag in the XML comment for 'ReceiptPdfRequestedEvent.ReceiptPdfRequestedEvent(Guid, string, MessageType, string, string, IReadOnlyList<string>, Guid, Guid?, DateTimeOffset, bool, ReceiptPdfRequestedEventPayload)' (but other parameters do) [B:\maliev\Maliev.MessagingContracts\generated\csharp\Maliev.MessagingContracts.csproj]
B:\maliev\Maliev.MessagingContracts\generated\csharp\Contracts\MessagingContracts.cs(5026,31): warning CS1573: Parameter 'OccurredAtUtc' has no matching param tag in the XML comment for 'ReceiptPdfRequestedEvent.ReceiptPdfRequestedEvent(Guid, string, MessageType, string, string, IReadOnlyList<string>, Guid, Guid?, DateTimeOffset, bool, ReceiptPdfRequestedEventPayload)' (but other parameters do) [B:\maliev\Maliev.MessagingContracts\generated\csharp\Maliev.MessagingContracts.csproj]
B:\maliev\Maliev.MessagingContracts\generated\csharp\Contracts\MessagingContracts.cs(5027,14): warning CS1573: Parameter 'IsPublic' has no matching param tag in the XML comment for 'ReceiptPdfRequestedEvent.ReceiptPdfRequestedEvent(Guid, string, MessageType, string, string, IReadOnlyList<string>, Guid, Guid?, DateTimeOffset, bool, ReceiptPdfRequestedEventPayload)' (but other parameters do) [B:\maliev\Maliev.MessagingContracts\generated\csharp\Maliev.MessagingContracts.csproj]
B:\maliev\Maliev.MessagingContracts\generated\csharp\Contracts\MessagingContracts.cs(5079,19): warning CS1591: Missing XML comment for publicly visible type or member 'NotificationEvent' [B:\maliev\Maliev.MessagingContracts\generated\csharp\Maliev.MessagingContracts.csproj]
B:\maliev\Maliev.MessagingContracts\generated\csharp\Contracts\MessagingContracts.cs(5079,19): warning CS1591: Missing XML comment for publicly visible type or member 'NotificationEvent.NotificationEvent(Guid, string, MessageType, string, string, IReadOnlyList<string>, Guid, Guid?, DateTimeOffset, bool, NotificationEventPayload)' [B:\maliev\Maliev.MessagingContracts\generated\csharp\Maliev.MessagingContracts.csproj]
B:\maliev\Maliev.MessagingContracts\generated\csharp\Contracts\MessagingContracts.cs(5090,74): warning CS1591: Missing XML comment for publicly visible type or member 'NotificationEvent.Payload' [B:\maliev\Maliev.MessagingContracts\generated\csharp\Maliev.MessagingContracts.csproj]
B:\maliev\Maliev.MessagingContracts\generated\csharp\Contracts\MessagingContracts.cs(5128,21): warning CS1573: Parameter 'MessageId' has no matching param tag in the XML comment for 'SupplierCreatedEvent.SupplierCreatedEvent(Guid, string, MessageType, string, string, IReadOnlyList<string>, Guid, Guid?, DateTimeOffset, bool, SupplierCreatedEventPayload)' (but other parameters do) [B:\maliev\Maliev.MessagingContracts\generated\csharp\Maliev.MessagingContracts.csproj]
B:\maliev\Maliev.MessagingContracts\generated\csharp\Contracts\MessagingContracts.cs(5129,16): warning CS1573: Parameter 'MessageName' has no matching param tag in the XML comment for 'SupplierCreatedEvent.SupplierCreatedEvent(Guid, string, MessageType, string, string, IReadOnlyList<string>, Guid, Guid?, DateTimeOffset, bool, SupplierCreatedEventPayload)' (but other parameters do) [B:\maliev\Maliev.MessagingContracts\generated\csharp\Maliev.MessagingContracts.csproj]
B:\maliev\Maliev.MessagingContracts\generated\csharp\Contracts\MessagingContracts.cs(5130,21): warning CS1573: Parameter 'MessageType' has no matching param tag in the XML comment for 'SupplierCreatedEvent.SupplierCreatedEvent(Guid, string, MessageType, string, string, IReadOnlyList<string>, Guid, Guid?, DateTimeOffset, bool, SupplierCreatedEventPayload)' (but other parameters do) [B:\maliev\Maliev.MessagingContracts\generated\csharp\Maliev.MessagingContracts.csproj]
B:\maliev\Maliev.MessagingContracts\generated\csharp\Contracts\MessagingContracts.cs(5131,16): warning CS1573: Parameter 'MessageVersion' has no matching param tag in the XML comment for 'SupplierCreatedEvent.SupplierCreatedEvent(Guid, string, MessageType, string, string, IReadOnlyList<string>, Guid, Guid?, DateTimeOffset, bool, SupplierCreatedEventPayload)' (but other parameters do) [B:\maliev\Maliev.MessagingContracts\generated\csharp\Maliev.MessagingContracts.csproj]
B:\maliev\Maliev.MessagingContracts\generated\csharp\Contracts\MessagingContracts.cs(5132,16): warning CS1573: Parameter 'PublishedBy' has no matching param tag in the XML comment for 'SupplierCreatedEvent.SupplierCreatedEvent(Guid, string, MessageType, string, string, IReadOnlyList<string>, Guid, Guid?, DateTimeOffset, bool, SupplierCreatedEventPayload)' (but other parameters do) [B:\maliev\Maliev.MessagingContracts\generated\csharp\Maliev.MessagingContracts.csproj]
B:\maliev\Maliev.MessagingContracts\generated\csharp\Contracts\MessagingContracts.cs(5133,58): warning CS1573: Parameter 'ConsumedBy' has no matching param tag in the XML comment for 'SupplierCreatedEvent.SupplierCreatedEvent(Guid, string, MessageType, string, string, IReadOnlyList<string>, Guid, Guid?, DateTimeOffset, bool, SupplierCreatedEventPayload)' (but other parameters do) [B:\maliev\Maliev.MessagingContracts\generated\csharp\Maliev.MessagingContracts.csproj]
B:\maliev\Maliev.MessagingContracts\generated\csharp\Contracts\MessagingContracts.cs(5134,21): warning CS1573: Parameter 'CorrelationId' has no matching param tag in the XML comment for 'SupplierCreatedEvent.SupplierCreatedEvent(Guid, string, MessageType, string, string, IReadOnlyList<string>, Guid, Guid?, DateTimeOffset, bool, SupplierCreatedEventPayload)' (but other parameters do) [B:\maliev\Maliev.MessagingContracts\generated\csharp\Maliev.MessagingContracts.csproj]
B:\maliev\Maliev.MessagingContracts\generated\csharp\Contracts\MessagingContracts.cs(5135,22): warning CS1573: Parameter 'CausationId' has no matching param tag in the XML comment for 'SupplierCreatedEvent.SupplierCreatedEvent(Guid, string, MessageType, string, string, IReadOnlyList<string>, Guid, Guid?, DateTimeOffset, bool, SupplierCreatedEventPayload)' (but other parameters do) [B:\maliev\Maliev.MessagingContracts\generated\csharp\Maliev.MessagingContracts.csproj]
B:\maliev\Maliev.MessagingContracts\generated\csharp\Contracts\MessagingContracts.cs(5136,31): warning CS1573: Parameter 'OccurredAtUtc' has no matching param tag in the XML comment for 'SupplierCreatedEvent.SupplierCreatedEvent(Guid, string, MessageType, string, string, IReadOnlyList<string>, Guid, Guid?, DateTimeOffset, bool, SupplierCreatedEventPayload)' (but other parameters do) [B:\maliev\Maliev.MessagingContracts\generated\csharp\Maliev.MessagingContracts.csproj]
B:\maliev\Maliev.MessagingContracts\generated\csharp\Contracts\MessagingContracts.cs(5137,14): warning CS1573: Parameter 'IsPublic' has no matching param tag in the XML comment for 'SupplierCreatedEvent.SupplierCreatedEvent(Guid, string, MessageType, string, string, IReadOnlyList<string>, Guid, Guid?, DateTimeOffset, bool, SupplierCreatedEventPayload)' (but other parameters do) [B:\maliev\Maliev.MessagingContracts\generated\csharp\Maliev.MessagingContracts.csproj]
B:\maliev\Maliev.MessagingContracts\generated\csharp\Contracts\MessagingContracts.cs(5171,21): warning CS1573: Parameter 'MessageId' has no matching param tag in the XML comment for 'SupplierUpdatedEvent.SupplierUpdatedEvent(Guid, string, MessageType, string, string, IReadOnlyList<string>, Guid, Guid?, DateTimeOffset, bool, SupplierUpdatedEventPayload)' (but other parameters do) [B:\maliev\Maliev.MessagingContracts\generated\csharp\Maliev.MessagingContracts.csproj]
B:\maliev\Maliev.MessagingContracts\generated\csharp\Contracts\MessagingContracts.cs(5172,16): warning CS1573: Parameter 'MessageName' has no matching param tag in the XML comment for 'SupplierUpdatedEvent.SupplierUpdatedEvent(Guid, string, MessageType, string, string, IReadOnlyList<string>, Guid, Guid?, DateTimeOffset, bool, SupplierUpdatedEventPayload)' (but other parameters do) [B:\maliev\Maliev.MessagingContracts\generated\csharp\Maliev.MessagingContracts.csproj]
B:\maliev\Maliev.MessagingContracts\generated\csharp\Contracts\MessagingContracts.cs(5173,21): warning CS1573: Parameter 'MessageType' has no matching param tag in the XML comment for 'SupplierUpdatedEvent.SupplierUpdatedEvent(Guid, string, MessageType, string, string, IReadOnlyList<string>, Guid, Guid?, DateTimeOffset, bool, SupplierUpdatedEventPayload)' (but other parameters do) [B:\maliev\Maliev.MessagingContracts\generated\csharp\Maliev.MessagingContracts.csproj]
B:\maliev\Maliev.MessagingContracts\generated\csharp\Contracts\MessagingContracts.cs(5174,16): warning CS1573: Parameter 'MessageVersion' has no matching param tag in the XML comment for 'SupplierUpdatedEvent.SupplierUpdatedEvent(Guid, string, MessageType, string, string, IReadOnlyList<string>, Guid, Guid?, DateTimeOffset, bool, SupplierUpdatedEventPayload)' (but other parameters do) [B:\maliev\Maliev.MessagingContracts\generated\csharp\Maliev.MessagingContracts.csproj]
B:\maliev\Maliev.MessagingContracts\generated\csharp\Contracts\MessagingContracts.cs(5175,16): warning CS1573: Parameter 'PublishedBy' has no matching param tag in the XML comment for 'SupplierUpdatedEvent.SupplierUpdatedEvent(Guid, string, MessageType, string, string, IReadOnlyList<string>, Guid, Guid?, DateTimeOffset, bool, SupplierUpdatedEventPayload)' (but other parameters do) [B:\maliev\Maliev.MessagingContracts\generated\csharp\Maliev.MessagingContracts.csproj]
B:\maliev\Maliev.MessagingContracts\generated\csharp\Contracts\MessagingContracts.cs(5176,58): warning CS1573: Parameter 'ConsumedBy' has no matching param tag in the XML comment for 'SupplierUpdatedEvent.SupplierUpdatedEvent(Guid, string, MessageType, string, string, IReadOnlyList<string>, Guid, Guid?, DateTimeOffset, bool, SupplierUpdatedEventPayload)' (but other parameters do) [B:\maliev\Maliev.MessagingContracts\generated\csharp\Maliev.MessagingContracts.csproj]
B:\maliev\Maliev.MessagingContracts\generated\csharp\Contracts\MessagingContracts.cs(5177,21): warning CS1573: Parameter 'CorrelationId' has no matching param tag in the XML comment for 'SupplierUpdatedEvent.SupplierUpdatedEvent(Guid, string, MessageType, string, string, IReadOnlyList<string>, Guid, Guid?, DateTimeOffset, bool, SupplierUpdatedEventPayload)' (but other parameters do) [B:\maliev\Maliev.MessagingContracts\generated\csharp\Maliev.MessagingContracts.csproj]
B:\maliev\Maliev.MessagingContracts\generated\csharp\Contracts\MessagingContracts.cs(5178,22): warning CS1573: Parameter 'CausationId' has no matching param tag in the XML comment for 'SupplierUpdatedEvent.SupplierUpdatedEvent(Guid, string, MessageType, string, string, IReadOnlyList<string>, Guid, Guid?, DateTimeOffset, bool, SupplierUpdatedEventPayload)' (but other parameters do) [B:\maliev\Maliev.MessagingContracts\generated\csharp\Maliev.MessagingContracts.csproj]
B:\maliev\Maliev.MessagingContracts\generated\csharp\Contracts\MessagingContracts.cs(5179,31): warning CS1573: Parameter 'OccurredAtUtc' has no matching param tag in the XML comment for 'SupplierUpdatedEvent.SupplierUpdatedEvent(Guid, string, MessageType, string, string, IReadOnlyList<string>, Guid, Guid?, DateTimeOffset, bool, SupplierUpdatedEventPayload)' (but other parameters do) [B:\maliev\Maliev.MessagingContracts\generated\csharp\Maliev.MessagingContracts.csproj]
B:\maliev\Maliev.MessagingContracts\generated\csharp\Contracts\MessagingContracts.cs(5180,14): warning CS1573: Parameter 'IsPublic' has no matching param tag in the XML comment for 'SupplierUpdatedEvent.SupplierUpdatedEvent(Guid, string, MessageType, string, string, IReadOnlyList<string>, Guid, Guid?, DateTimeOffset, bool, SupplierUpdatedEventPayload)' (but other parameters do) [B:\maliev\Maliev.MessagingContracts\generated\csharp\Maliev.MessagingContracts.csproj]
B:\maliev\Maliev.MessagingContracts\generated\csharp\Contracts\MessagingContracts.cs(5214,21): warning CS1573: Parameter 'MessageId' has no matching param tag in the XML comment for 'SupplierStatusChangedEvent.SupplierStatusChangedEvent(Guid, string, MessageType, string, string, IReadOnlyList<string>, Guid, Guid?, DateTimeOffset, bool, SupplierStatusChangedEventPayload)' (but other parameters do) [B:\maliev\Maliev.MessagingContracts\generated\csharp\Maliev.MessagingContracts.csproj]
B:\maliev\Maliev.MessagingContracts\generated\csharp\Contracts\MessagingContracts.cs(5215,16): warning CS1573: Parameter 'MessageName' has no matching param tag in the XML comment for 'SupplierStatusChangedEvent.SupplierStatusChangedEvent(Guid, string, MessageType, string, string, IReadOnlyList<string>, Guid, Guid?, DateTimeOffset, bool, SupplierStatusChangedEventPayload)' (but other parameters do) [B:\maliev\Maliev.MessagingContracts\generated\csharp\Maliev.MessagingContracts.csproj]
B:\maliev\Maliev.MessagingContracts\generated\csharp\Contracts\MessagingContracts.cs(5216,21): warning CS1573: Parameter 'MessageType' has no matching param tag in the XML comment for 'SupplierStatusChangedEvent.SupplierStatusChangedEvent(Guid, string, MessageType, string, string, IReadOnlyList<string>, Guid, Guid?, DateTimeOffset, bool, SupplierStatusChangedEventPayload)' (but other parameters do) [B:\maliev\Maliev.MessagingContracts\generated\csharp\Maliev.MessagingContracts.csproj]
B:\maliev\Maliev.MessagingContracts\generated\csharp\Contracts\MessagingContracts.cs(5217,16): warning CS1573: Parameter 'MessageVersion' has no matching param tag in the XML comment for 'SupplierStatusChangedEvent.SupplierStatusChangedEvent(Guid, string, MessageType, string, string, IReadOnlyList<string>, Guid, Guid?, DateTimeOffset, bool, SupplierStatusChangedEventPayload)' (but other parameters do) [B:\maliev\Maliev.MessagingContracts\generated\csharp\Maliev.MessagingContracts.csproj]
B:\maliev\Maliev.MessagingContracts\generated\csharp\Contracts\MessagingContracts.cs(5218,16): warning CS1573: Parameter 'PublishedBy' has no matching param tag in the XML comment for 'SupplierStatusChangedEvent.SupplierStatusChangedEvent(Guid, string, MessageType, string, string, IReadOnlyList<string>, Guid, Guid?, DateTimeOffset, bool, SupplierStatusChangedEventPayload)' (but other parameters do) [B:\maliev\Maliev.MessagingContracts\generated\csharp\Maliev.MessagingContracts.csproj]
B:\maliev\Maliev.MessagingContracts\generated\csharp\Contracts\MessagingContracts.cs(5219,58): warning CS1573: Parameter 'ConsumedBy' has no matching param tag in the XML comment for 'SupplierStatusChangedEvent.SupplierStatusChangedEvent(Guid, string, MessageType, string, string, IReadOnlyList<string>, Guid, Guid?, DateTimeOffset, bool, SupplierStatusChangedEventPayload)' (but other parameters do) [B:\maliev\Maliev.MessagingContracts\generated\csharp\Maliev.MessagingContracts.csproj]
B:\maliev\Maliev.MessagingContracts\generated\csharp\Contracts\MessagingContracts.cs(5220,21): warning CS1573: Parameter 'CorrelationId' has no matching param tag in the XML comment for 'SupplierStatusChangedEvent.SupplierStatusChangedEvent(Guid, string, MessageType, string, string, IReadOnlyList<string>, Guid, Guid?, DateTimeOffset, bool, SupplierStatusChangedEventPayload)' (but other parameters do) [B:\maliev\Maliev.MessagingContracts\generated\csharp\Maliev.MessagingContracts.csproj]
B:\maliev\Maliev.MessagingContracts\generated\csharp\Contracts\MessagingContracts.cs(5221,22): warning CS1573: Parameter 'CausationId' has no matching param tag in the XML comment for 'SupplierStatusChangedEvent.SupplierStatusChangedEvent(Guid, string, MessageType, string, string, IReadOnlyList<string>, Guid, Guid?, DateTimeOffset, bool, SupplierStatusChangedEventPayload)' (but other parameters do) [B:\maliev\Maliev.MessagingContracts\generated\csharp\Maliev.MessagingContracts.csproj]
B:\maliev\Maliev.MessagingContracts\generated\csharp\Contracts\MessagingContracts.cs(5222,31): warning CS1573: Parameter 'OccurredAtUtc' has no matching param tag in the XML comment for 'SupplierStatusChangedEvent.SupplierStatusChangedEvent(Guid, string, MessageType, string, string, IReadOnlyList<string>, Guid, Guid?, DateTimeOffset, bool, SupplierStatusChangedEventPayload)' (but other parameters do) [B:\maliev\Maliev.MessagingContracts\generated\csharp\Maliev.MessagingContracts.csproj]
B:\maliev\Maliev.MessagingContracts\generated\csharp\Contracts\MessagingContracts.cs(5223,14): warning CS1573: Parameter 'IsPublic' has no matching param tag in the XML comment for 'SupplierStatusChangedEvent.SupplierStatusChangedEvent(Guid, string, MessageType, string, string, IReadOnlyList<string>, Guid, Guid?, DateTimeOffset, bool, SupplierStatusChangedEventPayload)' (but other parameters do) [B:\maliev\Maliev.MessagingContracts\generated\csharp\Maliev.MessagingContracts.csproj]
B:\maliev\Maliev.MessagingContracts\generated\csharp\Contracts\MessagingContracts.cs(5253,74): warning CS1573: Parameter 'UploadedAt' has no matching param tag in the XML comment for 'FileUploadedEventPayload.FileUploadedEventPayload(string, string, string, string, string, int, string?, DateTimeOffset, string?, DateTimeOffset?, object)' (but other parameters do) [B:\maliev\Maliev.MessagingContracts\generated\csharp\Maliev.MessagingContracts.csproj]
B:\maliev\Maliev.MessagingContracts\generated\csharp\Contracts\MessagingContracts.cs(5268,21): warning CS1573: Parameter 'MessageId' has no matching param tag in the XML comment for 'FileUploadedEvent.FileUploadedEvent(Guid, string, MessageType, string, string, IReadOnlyList<string>, Guid, Guid?, DateTimeOffset, bool, FileUploadedEventPayload)' (but other parameters do) [B:\maliev\Maliev.MessagingContracts\generated\csharp\Maliev.MessagingContracts.csproj]
B:\maliev\Maliev.MessagingContracts\generated\csharp\Contracts\MessagingContracts.cs(5269,16): warning CS1573: Parameter 'MessageName' has no matching param tag in the XML comment for 'FileUploadedEvent.FileUploadedEvent(Guid, string, MessageType, string, string, IReadOnlyList<string>, Guid, Guid?, DateTimeOffset, bool, FileUploadedEventPayload)' (but other parameters do) [B:\maliev\Maliev.MessagingContracts\generated\csharp\Maliev.MessagingContracts.csproj]
B:\maliev\Maliev.MessagingContracts\generated\csharp\Contracts\MessagingContracts.cs(5270,21): warning CS1573: Parameter 'MessageType' has no matching param tag in the XML comment for 'FileUploadedEvent.FileUploadedEvent(Guid, string, MessageType, string, string, IReadOnlyList<string>, Guid, Guid?, DateTimeOffset, bool, FileUploadedEventPayload)' (but other parameters do) [B:\maliev\Maliev.MessagingContracts\generated\csharp\Maliev.MessagingContracts.csproj]
B:\maliev\Maliev.MessagingContracts\generated\csharp\Contracts\MessagingContracts.cs(5271,16): warning CS1573: Parameter 'MessageVersion' has no matching param tag in the XML comment for 'FileUploadedEvent.FileUploadedEvent(Guid, string, MessageType, string, string, IReadOnlyList<string>, Guid, Guid?, DateTimeOffset, bool, FileUploadedEventPayload)' (but other parameters do) [B:\maliev\Maliev.MessagingContracts\generated\csharp\Maliev.MessagingContracts.csproj]
B:\maliev\Maliev.MessagingContracts\generated\csharp\Contracts\MessagingContracts.cs(5272,16): warning CS1573: Parameter 'PublishedBy' has no matching param tag in the XML comment for 'FileUploadedEvent.FileUploadedEvent(Guid, string, MessageType, string, string, IReadOnlyList<string>, Guid, Guid?, DateTimeOffset, bool, FileUploadedEventPayload)' (but other parameters do) [B:\maliev\Maliev.MessagingContracts\generated\csharp\Maliev.MessagingContracts.csproj]
B:\maliev\Maliev.MessagingContracts\generated\csharp\Contracts\MessagingContracts.cs(5273,58): warning CS1573: Parameter 'ConsumedBy' has no matching param tag in the XML comment for 'FileUploadedEvent.FileUploadedEvent(Guid, string, MessageType, string, string, IReadOnlyList<string>, Guid, Guid?, DateTimeOffset, bool, FileUploadedEventPayload)' (but other parameters do) [B:\maliev\Maliev.MessagingContracts\generated\csharp\Maliev.MessagingContracts.csproj]
B:\maliev\Maliev.MessagingContracts\generated\csharp\Contracts\MessagingContracts.cs(5274,21): warning CS1573: Parameter 'CorrelationId' has no matching param tag in the XML comment for 'FileUploadedEvent.FileUploadedEvent(Guid, string, MessageType, string, string, IReadOnlyList<string>, Guid, Guid?, DateTimeOffset, bool, FileUploadedEventPayload)' (but other parameters do) [B:\maliev\Maliev.MessagingContracts\generated\csharp\Maliev.MessagingContracts.csproj]
B:\maliev\Maliev.MessagingContracts\generated\csharp\Contracts\MessagingContracts.cs(5275,22): warning CS1573: Parameter 'CausationId' has no matching param tag in the XML comment for 'FileUploadedEvent.FileUploadedEvent(Guid, string, MessageType, string, string, IReadOnlyList<string>, Guid, Guid?, DateTimeOffset, bool, FileUploadedEventPayload)' (but other parameters do) [B:\maliev\Maliev.MessagingContracts\generated\csharp\Maliev.MessagingContracts.csproj]
B:\maliev\Maliev.MessagingContracts\generated\csharp\Contracts\MessagingContracts.cs(5276,31): warning CS1573: Parameter 'OccurredAtUtc' has no matching param tag in the XML comment for 'FileUploadedEvent.FileUploadedEvent(Guid, string, MessageType, string, string, IReadOnlyList<string>, Guid, Guid?, DateTimeOffset, bool, FileUploadedEventPayload)' (but other parameters do) [B:\maliev\Maliev.MessagingContracts\generated\csharp\Maliev.MessagingContracts.csproj]
B:\maliev\Maliev.MessagingContracts\generated\csharp\Contracts\MessagingContracts.cs(5277,14): warning CS1573: Parameter 'IsPublic' has no matching param tag in the XML comment for 'FileUploadedEvent.FileUploadedEvent(Guid, string, MessageType, string, string, IReadOnlyList<string>, Guid, Guid?, DateTimeOffset, bool, FileUploadedEventPayload)' (but other parameters do) [B:\maliev\Maliev.MessagingContracts\generated\csharp\Maliev.MessagingContracts.csproj]
B:\maliev\Maliev.MessagingContracts\generated\csharp\Contracts\MessagingContracts.cs(5300,73): warning CS1573: Parameter 'DeletedAt' has no matching param tag in the XML comment for 'FileDeletedEventPayload.FileDeletedEventPayload(string, string, string, string, DateTimeOffset, string?, string?)' (but other parameters do) [B:\maliev\Maliev.MessagingContracts\generated\csharp\Maliev.MessagingContracts.csproj]
B:\maliev\Maliev.MessagingContracts\generated\csharp\Contracts\MessagingContracts.cs(5314,21): warning CS1573: Parameter 'MessageId' has no matching param tag in the XML comment for 'FileDeletedEvent.FileDeletedEvent(Guid, string, MessageType, string, string, IReadOnlyList<string>, Guid, Guid?, DateTimeOffset, bool, FileDeletedEventPayload)' (but other parameters do) [B:\maliev\Maliev.MessagingContracts\generated\csharp\Maliev.MessagingContracts.csproj]
B:\maliev\Maliev.MessagingContracts\generated\csharp\Contracts\MessagingContracts.cs(5315,16): warning CS1573: Parameter 'MessageName' has no matching param tag in the XML comment for 'FileDeletedEvent.FileDeletedEvent(Guid, string, MessageType, string, string, IReadOnlyList<string>, Guid, Guid?, DateTimeOffset, bool, FileDeletedEventPayload)' (but other parameters do) [B:\maliev\Maliev.MessagingContracts\generated\csharp\Maliev.MessagingContracts.csproj]
B:\maliev\Maliev.MessagingContracts\generated\csharp\Contracts\MessagingContracts.cs(5316,21): warning CS1573: Parameter 'MessageType' has no matching param tag in the XML comment for 'FileDeletedEvent.FileDeletedEvent(Guid, string, MessageType, string, string, IReadOnlyList<string>, Guid, Guid?, DateTimeOffset, bool, FileDeletedEventPayload)' (but other parameters do) [B:\maliev\Maliev.MessagingContracts\generated\csharp\Maliev.MessagingContracts.csproj]
B:\maliev\Maliev.MessagingContracts\generated\csharp\Contracts\MessagingContracts.cs(5317,16): warning CS1573: Parameter 'MessageVersion' has no matching param tag in the XML comment for 'FileDeletedEvent.FileDeletedEvent(Guid, string, MessageType, string, string, IReadOnlyList<string>, Guid, Guid?, DateTimeOffset, bool, FileDeletedEventPayload)' (but other parameters do) [B:\maliev\Maliev.MessagingContracts\generated\csharp\Maliev.MessagingContracts.csproj]
B:\maliev\Maliev.MessagingContracts\generated\csharp\Contracts\MessagingContracts.cs(5318,16): warning CS1573: Parameter 'PublishedBy' has no matching param tag in the XML comment for 'FileDeletedEvent.FileDeletedEvent(Guid, string, MessageType, string, string, IReadOnlyList<string>, Guid, Guid?, DateTimeOffset, bool, FileDeletedEventPayload)' (but other parameters do) [B:\maliev\Maliev.MessagingContracts\generated\csharp\Maliev.MessagingContracts.csproj]
B:\maliev\Maliev.MessagingContracts\generated\csharp\Contracts\MessagingContracts.cs(5319,58): warning CS1573: Parameter 'ConsumedBy' has no matching param tag in the XML comment for 'FileDeletedEvent.FileDeletedEvent(Guid, string, MessageType, string, string, IReadOnlyList<string>, Guid, Guid?, DateTimeOffset, bool, FileDeletedEventPayload)' (but other parameters do) [B:\maliev\Maliev.MessagingContracts\generated\csharp\Maliev.MessagingContracts.csproj]
B:\maliev\Maliev.MessagingContracts\generated\csharp\Contracts\MessagingContracts.cs(5320,21): warning CS1573: Parameter 'CorrelationId' has no matching param tag in the XML comment for 'FileDeletedEvent.FileDeletedEvent(Guid, string, MessageType, string, string, IReadOnlyList<string>, Guid, Guid?, DateTimeOffset, bool, FileDeletedEventPayload)' (but other parameters do) [B:\maliev\Maliev.MessagingContracts\generated\csharp\Maliev.MessagingContracts.csproj]
B:\maliev\Maliev.MessagingContracts\generated\csharp\Contracts\MessagingContracts.cs(5321,22): warning CS1573: Parameter 'CausationId' has no matching param tag in the XML comment for 'FileDeletedEvent.FileDeletedEvent(Guid, string, MessageType, string, string, IReadOnlyList<string>, Guid, Guid?, DateTimeOffset, bool, FileDeletedEventPayload)' (but other parameters do) [B:\maliev\Maliev.MessagingContracts\generated\csharp\Maliev.MessagingContracts.csproj]
B:\maliev\Maliev.MessagingContracts\generated\csharp\Contracts\MessagingContracts.cs(5322,31): warning CS1573: Parameter 'OccurredAtUtc' has no matching param tag in the XML comment for 'FileDeletedEvent.FileDeletedEvent(Guid, string, MessageType, string, string, IReadOnlyList<string>, Guid, Guid?, DateTimeOffset, bool, FileDeletedEventPayload)' (but other parameters do) [B:\maliev\Maliev.MessagingContracts\generated\csharp\Maliev.MessagingContracts.csproj]
B:\maliev\Maliev.MessagingContracts\generated\csharp\Contracts\MessagingContracts.cs(5323,14): warning CS1573: Parameter 'IsPublic' has no matching param tag in the XML comment for 'FileDeletedEvent.FileDeletedEvent(Guid, string, MessageType, string, string, IReadOnlyList<string>, Guid, Guid?, DateTimeOffset, bool, FileDeletedEventPayload)' (but other parameters do) [B:\maliev\Maliev.MessagingContracts\generated\csharp\Maliev.MessagingContracts.csproj]
  Maliev.MessagingContracts -> B:\maliev\Maliev.MessagingContracts\generated\csharp\bin\Debug\net10.0\Maliev.MessagingContracts.dll
B:\maliev\Maliev.Aspire\Maliev.Aspire.ServiceDefaults\Authorization\PermissionAuthorizationHandler.cs(12,14): error CS1591: Missing XML comment for publicly visible type or member 'PermissionAuthorizationHandler' [B:\maliev\Maliev.Aspire\Maliev.Aspire.ServiceDefaults\Maliev.Aspire.ServiceDefaults.csproj::TargetFramework=net10.0]
B:\maliev\Maliev.Aspire\Maliev.Aspire.ServiceDefaults\Authorization\PermissionAuthorizationHandler.cs(20,12): error CS1591: Missing XML comment for publicly visible type or member 'PermissionAuthorizationHandler.PermissionAuthorizationHandler(IServiceProvider, IHttpContextAccessor, ILogger<PermissionAuthorizationHandler>, IIamServiceClient?, IAuthMetrics?)' [B:\maliev\Maliev.Aspire\Maliev.Aspire.ServiceDefaults\Maliev.Aspire.ServiceDefaults.csproj::TargetFramework=net10.0]
B:\maliev\Maliev.Aspire\Maliev.Aspire.ServiceDefaults\Authorization\PermissionAuthorizationHandler.cs(34,35): error CS1591: Missing XML comment for publicly visible type or member 'PermissionAuthorizationHandler.HandleRequirementAsync(AuthorizationHandlerContext, PermissionRequirement)' [B:\maliev\Maliev.Aspire\Maliev.Aspire.ServiceDefaults\Maliev.Aspire.ServiceDefaults.csproj::TargetFramework=net10.0]
B:\maliev\Maliev.Aspire\Maliev.Aspire.ServiceDefaults\Authorization\PermissionAuthorizationPolicyProvider.cs(6,14): error CS1591: Missing XML comment for publicly visible type or member 'PermissionAuthorizationPolicyProvider' [B:\maliev\Maliev.Aspire\Maliev.Aspire.ServiceDefaults\Maliev.Aspire.ServiceDefaults.csproj::TargetFramework=net10.0]
B:\maliev\Maliev.Aspire\Maliev.Aspire.ServiceDefaults\Authorization\PermissionAuthorizationPolicyProvider.cs(8,12): error CS1591: Missing XML comment for publicly visible type or member 'PermissionAuthorizationPolicyProvider.PermissionAuthorizationPolicyProvider(IOptions<AuthorizationOptions>)' [B:\maliev\Maliev.Aspire\Maliev.Aspire.ServiceDefaults\Maliev.Aspire.ServiceDefaults.csproj::TargetFramework=net10.0]
B:\maliev\Maliev.Aspire\Maliev.Aspire.ServiceDefaults\Authorization\PermissionAuthorizationPolicyProvider.cs(12,54): error CS1591: Missing XML comment for publicly visible type or member 'PermissionAuthorizationPolicyProvider.GetPolicyAsync(string)' [B:\maliev\Maliev.Aspire\Maliev.Aspire.ServiceDefaults\Maliev.Aspire.ServiceDefaults.csproj::TargetFramework=net10.0]
B:\maliev\Maliev.Aspire\Maliev.Aspire.ServiceDefaults\Authorization\PermissionRequirement.cs(5,14): error CS1591: Missing XML comment for publicly visible type or member 'PermissionRequirement' [B:\maliev\Maliev.Aspire\Maliev.Aspire.ServiceDefaults\Maliev.Aspire.ServiceDefaults.csproj::TargetFramework=net10.0]
B:\maliev\Maliev.Aspire\Maliev.Aspire.ServiceDefaults\Authorization\PermissionRequirement.cs(7,19): error CS1591: Missing XML comment for publicly visible type or member 'PermissionRequirement.Permission' [B:\maliev\Maliev.Aspire\Maliev.Aspire.ServiceDefaults\Maliev.Aspire.ServiceDefaults.csproj::TargetFramework=net10.0]
B:\maliev\Maliev.Aspire\Maliev.Aspire.ServiceDefaults\Authorization\PermissionRequirement.cs(8,20): error CS1591: Missing XML comment for publicly visible type or member 'PermissionRequirement.ResourcePathTemplate' [B:\maliev\Maliev.Aspire\Maliev.Aspire.ServiceDefaults\Maliev.Aspire.ServiceDefaults.csproj::TargetFramework=net10.0]
B:\maliev\Maliev.Aspire\Maliev.Aspire.ServiceDefaults\Authorization\PermissionRequirement.cs(9,17): error CS1591: Missing XML comment for publicly visible type or member 'PermissionRequirement.RequireLiveCheck' [B:\maliev\Maliev.Aspire\Maliev.Aspire.ServiceDefaults\Maliev.Aspire.ServiceDefaults.csproj::TargetFramework=net10.0]
B:\maliev\Maliev.Aspire\Maliev.Aspire.ServiceDefaults\Authorization\PermissionRequirement.cs(10,17): error CS1591: Missing XML comment for publicly visible type or member 'PermissionRequirement.PreValidateModel' [B:\maliev\Maliev.Aspire\Maliev.Aspire.ServiceDefaults\Maliev.Aspire.ServiceDefaults.csproj::TargetFramework=net10.0]
B:\maliev\Maliev.Aspire\Maliev.Aspire.ServiceDefaults\Authorization\PermissionRequirement.cs(11,17): error CS1591: Missing XML comment for publicly visible type or member 'PermissionRequirement.IsCritical' [B:\maliev\Maliev.Aspire\Maliev.Aspire.ServiceDefaults\Maliev.Aspire.ServiceDefaults.csproj::TargetFramework=net10.0]
B:\maliev\Maliev.Aspire\Maliev.Aspire.ServiceDefaults\Authorization\PermissionRequirement.cs(12,20): error CS1591: Missing XML comment for publicly visible type or member 'PermissionRequirement.AuditPurpose' [B:\maliev\Maliev.Aspire\Maliev.Aspire.ServiceDefaults\Maliev.Aspire.ServiceDefaults.csproj::TargetFramework=net10.0]
B:\maliev\Maliev.Aspire\Maliev.Aspire.ServiceDefaults\Authorization\PermissionRequirement.cs(14,12): error CS1591: Missing XML comment for publicly visible type or member 'PermissionRequirement.PermissionRequirement(string, string?, bool, bool, bool, string?)' [B:\maliev\Maliev.Aspire\Maliev.Aspire.ServiceDefaults\Maliev.Aspire.ServiceDefaults.csproj::TargetFramework=net10.0]
B:\maliev\Maliev.Aspire\Maliev.Aspire.ServiceDefaults\Authorization\RequirePermissionAttribute.cs(19,19): error CS1591: Missing XML comment for publicly visible type or member 'RequirePermissionAttribute.Permission' [B:\maliev\Maliev.Aspire\Maliev.Aspire.ServiceDefaults\Maliev.Aspire.ServiceDefaults.csproj::TargetFramework=net10.0]
B:\maliev\Maliev.Aspire\Maliev.Aspire.ServiceDefaults\Authorization\RequirePermissionAttribute.cs(25,20): error CS1591: Missing XML comment for publicly visible type or member 'RequirePermissionAttribute.ResourcePathTemplate' [B:\maliev\Maliev.Aspire\Maliev.Aspire.ServiceDefaults\Maliev.Aspire.ServiceDefaults.csproj::TargetFramework=net10.0]
B:\maliev\Maliev.Aspire\Maliev.Aspire.ServiceDefaults\Authorization\RequirePermissionAttribute.cs(31,17): error CS1591: Missing XML comment for publicly visible type or member 'RequirePermissionAttribute.RequireLiveCheck' [B:\maliev\Maliev.Aspire\Maliev.Aspire.ServiceDefaults\Maliev.Aspire.ServiceDefaults.csproj::TargetFramework=net10.0]
B:\maliev\Maliev.Aspire\Maliev.Aspire.ServiceDefaults\Authorization\RequirePermissionAttribute.cs(37,17): error CS1591: Missing XML comment for publicly visible type or member 'RequirePermissionAttribute.IsCritical' [B:\maliev\Maliev.Aspire\Maliev.Aspire.ServiceDefaults\Maliev.Aspire.ServiceDefaults.csproj::TargetFramework=net10.0]
B:\maliev\Maliev.Aspire\Maliev.Aspire.ServiceDefaults\Authorization\RequirePermissionAttribute.cs(43,20): error CS1591: Missing XML comment for publicly visible type or member 'RequirePermissionAttribute.AuditPurpose' [B:\maliev\Maliev.Aspire\Maliev.Aspire.ServiceDefaults\Maliev.Aspire.ServiceDefaults.csproj::TargetFramework=net10.0]
B:\maliev\Maliev.Aspire\Maliev.Aspire.ServiceDefaults\Authorization\RequirePermissionAttribute.cs(49,17): error CS1591: Missing XML comment for publicly visible type or member 'RequirePermissionAttribute.PreValidateModel' [B:\maliev\Maliev.Aspire\Maliev.Aspire.ServiceDefaults\Maliev.Aspire.ServiceDefaults.csproj::TargetFramework=net10.0]
B:\maliev\Maliev.Aspire\Maliev.Aspire.ServiceDefaults\Authorization\RequirePermissionAttribute.cs(55,12): error CS1591: Missing XML comment for publicly visible type or member 'RequirePermissionAttribute.RequirePermissionAttribute(string)' [B:\maliev\Maliev.Aspire\Maliev.Aspire.ServiceDefaults\Maliev.Aspire.ServiceDefaults.csproj::TargetFramework=net10.0]
B:\maliev\Maliev.Aspire\Maliev.Aspire.ServiceDefaults\Caching\RedisCacheService.cs(19,12): error CS1591: Missing XML comment for publicly visible type or member 'RedisCacheService.RedisCacheService(IConnectionMultiplexer, IOptions<RedisCacheOptions>, ILogger<RedisCacheService>)' [B:\maliev\Maliev.Aspire\Maliev.Aspire.ServiceDefaults\Maliev.Aspire.ServiceDefaults.csproj::TargetFramework=net10.0]
B:\maliev\Maliev.Aspire\Maliev.Aspire.ServiceDefaults\Caching\RedisCacheService.cs(35,27): error CS1591: Missing XML comment for publicly visible type or member 'RedisCacheService.GetAsync<T>(string, CancellationToken)' [B:\maliev\Maliev.Aspire\Maliev.Aspire.ServiceDefaults\Maliev.Aspire.ServiceDefaults.csproj::TargetFramework=net10.0]
B:\maliev\Maliev.Aspire\Maliev.Aspire.ServiceDefaults\Caching\RedisCacheService.cs(63,23): error CS1591: Missing XML comment for publicly visible type or member 'RedisCacheService.SetAsync<T>(string, T, TimeSpan, CancellationToken)' [B:\maliev\Maliev.Aspire\Maliev.Aspire.ServiceDefaults\Maliev.Aspire.ServiceDefaults.csproj::TargetFramework=net10.0]
B:\maliev\Maliev.Aspire\Maliev.Aspire.ServiceDefaults\Caching\RedisCacheService.cs(88,23): error CS1591: Missing XML comment for publicly visible type or member 'RedisCacheService.RemoveAsync(string, CancellationToken)' [B:\maliev\Maliev.Aspire\Maliev.Aspire.ServiceDefaults\Maliev.Aspire.ServiceDefaults.csproj::TargetFramework=net10.0]
B:\maliev\Maliev.Aspire\Maliev.Aspire.ServiceDefaults\Caching\RedisCacheService.cs(102,23): error CS1591: Missing XML comment for publicly visible type or member 'RedisCacheService.RemoveByPatternAsync(string, CancellationToken)' [B:\maliev\Maliev.Aspire\Maliev.Aspire.ServiceDefaults\Maliev.Aspire.ServiceDefaults.csproj::TargetFramework=net10.0]
B:\maliev\Maliev.Aspire\Maliev.Aspire.ServiceDefaults\Caching\RedisCacheService.cs(135,29): error CS1591: Missing XML comment for publicly visible type or member 'RedisCacheService.ExistsAsync(string, CancellationToken)' [B:\maliev\Maliev.Aspire\Maliev.Aspire.ServiceDefaults\Maliev.Aspire.ServiceDefaults.csproj::TargetFramework=net10.0]
B:\maliev\Maliev.Aspire\Maliev.Aspire.ServiceDefaults\Caching\RedisCacheService.cs(150,29): error CS1591: Missing XML comment for publicly visible type or member 'RedisCacheService.IncrementAsync(string, TimeSpan, CancellationToken)' [B:\maliev\Maliev.Aspire\Maliev.Aspire.ServiceDefaults\Maliev.Aspire.ServiceDefaults.csproj::TargetFramework=net10.0]
B:\maliev\Maliev.Aspire\Maliev.Aspire.ServiceDefaults\IAM\IAMRegistrationHealthCheck.cs(12,12): error CS1591: Missing XML comment for publicly visible type or member 'IAMRegistrationHealthCheck.IAMRegistrationHealthCheck(IAMRegistrationStatusTracker)' [B:\maliev\Maliev.Aspire\Maliev.Aspire.ServiceDefaults\Maliev.Aspire.ServiceDefaults.csproj::TargetFramework=net10.0]
B:\maliev\Maliev.Aspire\Maliev.Aspire.ServiceDefaults\IAM\IAMRegistrationHealthCheck.cs(17,36): error CS1591: Missing XML comment for publicly visible type or member 'IAMRegistrationHealthCheck.CheckHealthAsync(HealthCheckContext, CancellationToken)' [B:\maliev\Maliev.Aspire\Maliev.Aspire.ServiceDefaults\Maliev.Aspire.ServiceDefaults.csproj::TargetFramework=net10.0]
B:\maliev\Maliev.Aspire\Maliev.Aspire.ServiceDefaults\IAM\PermissionMatcher.cs(3,21): error CS1591: Missing XML comment for publicly visible type or member 'PermissionMatcher' [B:\maliev\Maliev.Aspire\Maliev.Aspire.ServiceDefaults\Maliev.Aspire.ServiceDefaults.csproj::TargetFramework=net10.0]
B:\maliev\Maliev.Aspire\Maliev.Aspire.ServiceDefaults\IAM\PermissionMatcher.cs(5,24): error CS1591: Missing XML comment for publicly visible type or member 'PermissionMatcher.Match(string, IEnumerable<string>)' [B:\maliev\Maliev.Aspire\Maliev.Aspire.ServiceDefaults\Maliev.Aspire.ServiceDefaults.csproj::TargetFramework=net10.0]
B:\maliev\Maliev.Aspire\Maliev.Aspire.ServiceDefaults\IAM\PermissionMatcher.cs(24,24): error CS1591: Missing XML comment for publicly visible type or member 'PermissionMatcher.IsMatch(string, string)' [B:\maliev\Maliev.Aspire\Maliev.Aspire.ServiceDefaults\Maliev.Aspire.ServiceDefaults.csproj::TargetFramework=net10.0]
B:\maliev\Maliev.Aspire\Maliev.Aspire.ServiceDefaults\IAM\ServiceAccountAuthenticationHandler.cs(14,12): error CS1591: Missing XML comment for publicly visible type or member 'ServiceAccountAuthenticationHandler.ServiceAccountAuthenticationHandler(IServiceAccountTokenProvider, ILogger<ServiceAccountAuthenticationHandler>)' [B:\maliev\Maliev.Aspire\Maliev.Aspire.ServiceDefaults\Maliev.Aspire.ServiceDefaults.csproj::TargetFramework=net10.0]
B:\maliev\Maliev.Aspire\Maliev.Aspire.ServiceDefaults\IAM\ServiceAccountAuthenticationHandler.cs(22,56): error CS1591: Missing XML comment for publicly visible type or member 'ServiceAccountAuthenticationHandler.SendAsync(HttpRequestMessage, CancellationToken)' [B:\maliev\Maliev.Aspire\Maliev.Aspire.ServiceDefaults\Maliev.Aspire.ServiceDefaults.csproj::TargetFramework=net10.0]
B:\maliev\Maliev.Aspire\Maliev.Aspire.ServiceDefaults\IAM\ServiceAccountAuthenticationHandler.cs(64,29): error CS1591: Missing XML comment for publicly visible type or member 'ServiceAccountAuthenticationHandler.Dispose(bool)' [B:\maliev\Maliev.Aspire\Maliev.Aspire.ServiceDefaults\Maliev.Aspire.ServiceDefaults.csproj::TargetFramework=net10.0]
B:\maliev\Maliev.Aspire\Maliev.Aspire.ServiceDefaults\IAM\ServiceAccountTokenProvider.cs(30,12): error CS1591: Missing XML comment for publicly visible type or member 'ServiceAccountTokenProvider.ServiceAccountTokenProvider(IConfiguration, string)' [B:\maliev\Maliev.Aspire\Maliev.Aspire.ServiceDefaults\Maliev.Aspire.ServiceDefaults.csproj::TargetFramework=net10.0]
B:\maliev\Maliev.Aspire\Maliev.Aspire.ServiceDefaults\Middleware\CorrelationIdMiddleware.cs(6,14): error CS1591: Missing XML comment for publicly visible type or member 'CorrelationIdMiddleware' [B:\maliev\Maliev.Aspire\Maliev.Aspire.ServiceDefaults\Maliev.Aspire.ServiceDefaults.csproj::TargetFramework=net10.0]
B:\maliev\Maliev.Aspire\Maliev.Aspire.ServiceDefaults\Middleware\CorrelationIdMiddleware.cs(12,12): error CS1591: Missing XML comment for publicly visible type or member 'CorrelationIdMiddleware.CorrelationIdMiddleware(RequestDelegate, ILogger<CorrelationIdMiddleware>)' [B:\maliev\Maliev.Aspire\Maliev.Aspire.ServiceDefaults\Maliev.Aspire.ServiceDefaults.csproj::TargetFramework=net10.0]
B:\maliev\Maliev.Aspire\Maliev.Aspire.ServiceDefaults\Middleware\CorrelationIdMiddleware.cs(18,23): error CS1591: Missing XML comment for publicly visible type or member 'CorrelationIdMiddleware.InvokeAsync(HttpContext)' [B:\maliev\Maliev.Aspire\Maliev.Aspire.ServiceDefaults\Maliev.Aspire.ServiceDefaults.csproj::TargetFramework=net10.0]
B:\maliev\Maliev.Aspire\Maliev.Aspire.ServiceDefaults\Middleware\ExceptionHandlingMiddleware.cs(9,14): error CS1591: Missing XML comment for publicly visible type or member 'ExceptionHandlingMiddleware' [B:\maliev\Maliev.Aspire\Maliev.Aspire.ServiceDefaults\Maliev.Aspire.ServiceDefaults.csproj::TargetFramework=net10.0]
B:\maliev\Maliev.Aspire\Maliev.Aspire.ServiceDefaults\Middleware\ExceptionHandlingMiddleware.cs(15,12): error CS1591: Missing XML comment for publicly visible type or member 'ExceptionHandlingMiddleware.ExceptionHandlingMiddleware(RequestDelegate, ILogger<ExceptionHandlingMiddleware>, IHostEnvironment)' [B:\maliev\Maliev.Aspire\Maliev.Aspire.ServiceDefaults\Maliev.Aspire.ServiceDefaults.csproj::TargetFramework=net10.0]
B:\maliev\Maliev.Aspire\Maliev.Aspire.ServiceDefaults\Middleware\ExceptionHandlingMiddleware.cs(25,23): error CS1591: Missing XML comment for publicly visible type or member 'ExceptionHandlingMiddleware.InvokeAsync(HttpContext)' [B:\maliev\Maliev.Aspire\Maliev.Aspire.ServiceDefaults\Maliev.Aspire.ServiceDefaults.csproj::TargetFramework=net10.0]
B:\maliev\Maliev.Aspire\Maliev.Aspire.ServiceDefaults\Middleware\RequestLoggingMiddleware.cs(7,14): error CS1591: Missing XML comment for publicly visible type or member 'RequestLoggingMiddleware' [B:\maliev\Maliev.Aspire\Maliev.Aspire.ServiceDefaults\Maliev.Aspire.ServiceDefaults.csproj::TargetFramework=net10.0]
B:\maliev\Maliev.Aspire\Maliev.Aspire.ServiceDefaults\Middleware\RequestLoggingMiddleware.cs(12,12): error CS1591: Missing XML comment for publicly visible type or member 'RequestLoggingMiddleware.RequestLoggingMiddleware(RequestDelegate, ILogger<RequestLoggingMiddleware>)' [B:\maliev\Maliev.Aspire\Maliev.Aspire.ServiceDefaults\Maliev.Aspire.ServiceDefaults.csproj::TargetFramework=net10.0]
B:\maliev\Maliev.Aspire\Maliev.Aspire.ServiceDefaults\Middleware\RequestLoggingMiddleware.cs(18,23): error CS1591: Missing XML comment for publicly visible type or member 'RequestLoggingMiddleware.InvokeAsync(HttpContext)' [B:\maliev\Maliev.Aspire\Maliev.Aspire.ServiceDefaults\Maliev.Aspire.ServiceDefaults.csproj::TargetFramework=net10.0]
B:\maliev\Maliev.Aspire\Maliev.Aspire.ServiceDefaults\Middleware\SecurityHeadersMiddleware.cs(5,14): error CS1591: Missing XML comment for publicly visible type or member 'SecurityHeadersMiddleware' [B:\maliev\Maliev.Aspire\Maliev.Aspire.ServiceDefaults\Maliev.Aspire.ServiceDefaults.csproj::TargetFramework=net10.0]
B:\maliev\Maliev.Aspire\Maliev.Aspire.ServiceDefaults\Middleware\SecurityHeadersMiddleware.cs(9,12): error CS1591: Missing XML comment for publicly visible type or member 'SecurityHeadersMiddleware.SecurityHeadersMiddleware(RequestDelegate)' [B:\maliev\Maliev.Aspire\Maliev.Aspire.ServiceDefaults\Maliev.Aspire.ServiceDefaults.csproj::TargetFramework=net10.0]
B:\maliev\Maliev.Aspire\Maliev.Aspire.ServiceDefaults\Middleware\SecurityHeadersMiddleware.cs(14,23): error CS1591: Missing XML comment for publicly visible type or member 'SecurityHeadersMiddleware.InvokeAsync(HttpContext)' [B:\maliev\Maliev.Aspire\Maliev.Aspire.ServiceDefaults\Maliev.Aspire.ServiceDefaults.csproj::TargetFramework=net10.0]
B:\maliev\Maliev.Aspire\Maliev.Aspire.ServiceDefaults\Testing\IAMTestHelpers.cs(10,21): error CS1591: Missing XML comment for publicly visible type or member 'IAMTestHelpers' [B:\maliev\Maliev.Aspire\Maliev.Aspire.ServiceDefaults\Maliev.Aspire.ServiceDefaults.csproj::TargetFramework=net10.0]
B:\maliev\Maliev.Aspire\Maliev.Aspire.ServiceDefaults\Extensions.ApiDocumentation.cs(13,34): error CS1591: Missing XML comment for publicly visible type or member 'ApiDocumentationExtensions.MapApiDocumentation(WebApplication, string?, string, Action<ScalarOptions>?)' [B:\maliev\Maliev.Aspire\Maliev.Aspire.ServiceDefaults\Maliev.Aspire.ServiceDefaults.csproj::TargetFramework=net10.0]
B:\maliev\Maliev.Aspire\Maliev.Aspire.ServiceDefaults\Extensions.ApiDocumentation.cs(42,43): error CS1591: Missing XML comment for publicly visible type or member 'ApiDocumentationExtensions.AddStandardOpenApi(IHostApplicationBuilder, string?, string?, string)' [B:\maliev\Maliev.Aspire\Maliev.Aspire.ServiceDefaults\Maliev.Aspire.ServiceDefaults.csproj::TargetFramework=net10.0]
B:\maliev\Maliev.Aspire\Maliev.Aspire.ServiceDefaults\Extensions.ApiDocumentation.cs(65,34): error CS1591: Missing XML comment for publicly visible type or member 'ApiDocumentationExtensions.MapApiDocumentationDefault(WebApplication, string, Action<ScalarOptions>?)' [B:\maliev\Maliev.Aspire\Maliev.Aspire.ServiceDefaults\Maliev.Aspire.ServiceDefaults.csproj::TargetFramework=net10.0]
B:\maliev\Maliev.Aspire\Maliev.Aspire.ServiceDefaults\Extensions.Database.cs(13,43): error CS1591: Missing XML comment for publicly visible type or member 'DatabaseExtensions.AddPostgresDbContext<TContext>(IHostApplicationBuilder, string?, bool, Action<IServiceProvider, DbContextOptionsBuilder>?)' [B:\maliev\Maliev.Aspire\Maliev.Aspire.ServiceDefaults\Maliev.Aspire.ServiceDefaults.csproj::TargetFramework=net10.0]
B:\maliev\Maliev.Aspire\Maliev.Aspire.ServiceDefaults\Extensions.HttpClients.cs(9,21): error CS1591: Missing XML comment for publicly visible type or member 'HttpClientExtensions' [B:\maliev\Maliev.Aspire\Maliev.Aspire.ServiceDefaults\Maliev.Aspire.ServiceDefaults.csproj::TargetFramework=net10.0]
B:\maliev\Maliev.Aspire\Maliev.Aspire.ServiceDefaults\Extensions.Middleware.cs(8,21): error CS1591: Missing XML comment for publicly visible type or member 'MiddlewareExtensions' [B:\maliev\Maliev.Aspire\Maliev.Aspire.ServiceDefaults\Maliev.Aspire.ServiceDefaults.csproj::TargetFramework=net10.0]
B:\maliev\Maliev.Aspire\Maliev.Aspire.ServiceDefaults\Extensions.Middleware.cs(62,14): error CS1591: Missing XML comment for publicly visible type or member 'MiddlewareOptions' [B:\maliev\Maliev.Aspire\Maliev.Aspire.ServiceDefaults\Maliev.Aspire.ServiceDefaults.csproj::TargetFramework=net10.0]
B:\maliev\Maliev.Aspire\Maliev.Aspire.ServiceDefaults\Extensions.RateLimiting.cs(169,14): error CS1591: Missing XML comment for publicly visible type or member 'RateLimiterOptions' [B:\maliev\Maliev.Aspire\Maliev.Aspire.ServiceDefaults\Maliev.Aspire.ServiceDefaults.csproj::TargetFramework=net10.0]
B:\maliev\Maliev.Aspire\Maliev.Aspire.ServiceDefaults\Extensions.RateLimiting.cs(171,17): error CS1591: Missing XML comment for publicly visible type or member 'RateLimiterOptions.UseGlobalLimiter' [B:\maliev\Maliev.Aspire\Maliev.Aspire.ServiceDefaults\Maliev.Aspire.ServiceDefaults.csproj::TargetFramework=net10.0]
B:\maliev\Maliev.Aspire\Maliev.Aspire.ServiceDefaults\Extensions.RateLimiting.cs(172,16): error CS1591: Missing XML comment for publicly visible type or member 'RateLimiterOptions.PermitLimit' [B:\maliev\Maliev.Aspire\Maliev.Aspire.ServiceDefaults\Maliev.Aspire.ServiceDefaults.csproj::TargetFramework=net10.0]
B:\maliev\Maliev.Aspire\Maliev.Aspire.ServiceDefaults\Extensions.RateLimiting.cs(173,19): error CS1591: Missing XML comment for publicly visible type or member 'RateLimiterOptions.WindowMinutes' [B:\maliev\Maliev.Aspire\Maliev.Aspire.ServiceDefaults\Maliev.Aspire.ServiceDefaults.csproj::TargetFramework=net10.0]
B:\maliev\Maliev.Aspire\Maliev.Aspire.ServiceDefaults\Extensions.RateLimiting.cs(174,16): error CS1591: Missing XML comment for publicly visible type or member 'RateLimiterOptions.QueueLimit' [B:\maliev\Maliev.Aspire\Maliev.Aspire.ServiceDefaults\Maliev.Aspire.ServiceDefaults.csproj::TargetFramework=net10.0]
B:\maliev\Maliev.Aspire\Maliev.Aspire.ServiceDefaults\Extensions.RateLimiting.cs(175,33): error CS1591: Missing XML comment for publicly visible type or member 'RateLimiterOptions.QueueProcessingOrder' [B:\maliev\Maliev.Aspire\Maliev.Aspire.ServiceDefaults\Maliev.Aspire.ServiceDefaults.csproj::TargetFramework=net10.0]

Build FAILED.

B:\maliev\Maliev.MessagingContracts\generated\csharp\Contracts\FileAnalyzedEvent.cs(13,16): warning CS1591: Missing XML comment for publicly visible type or member 'DfmReport.ThinWallCount' [B:\maliev\Maliev.MessagingContracts\generated\csharp\Maliev.MessagingContracts.csproj]
B:\maliev\Maliev.MessagingContracts\generated\csharp\Contracts\FileAnalyzedEvent.cs(16,28): warning CS1591: Missing XML comment for publicly visible type or member 'DfmReport.ThinWallRegions' [B:\maliev\Maliev.MessagingContracts\generated\csharp\Maliev.MessagingContracts.csproj]
B:\maliev\Maliev.MessagingContracts\generated\csharp\Contracts\FileAnalyzedEvent.cs(19,16): warning CS1591: Missing XML comment for publicly visible type or member 'DfmReport.OverhangFaceCount' [B:\maliev\Maliev.MessagingContracts\generated\csharp\Maliev.MessagingContracts.csproj]
B:\maliev\Maliev.MessagingContracts\generated\csharp\Contracts\FileAnalyzedEvent.cs(22,20): warning CS1591: Missing XML comment for publicly visible type or member 'DfmReport.OverhangAreaCm2' [B:\maliev\Maliev.MessagingContracts\generated\csharp\Maliev.MessagingContracts.csproj]
B:\maliev\Maliev.MessagingContracts\generated\csharp\Contracts\FileAnalyzedEvent.cs(24,12): warning CS1591: Missing XML comment for publicly visible type or member 'DfmReport.DfmReport()' [B:\maliev\Maliev.MessagingContracts\generated\csharp\Maliev.MessagingContracts.csproj]
B:\maliev\Maliev.MessagingContracts\generated\csharp\Contracts\FileAnalyzedEvent.cs(26,12): warning CS1591: Missing XML comment for publicly visible type or member 'DfmReport.DfmReport(int, List<decimal[]>, int, decimal)' [B:\maliev\Maliev.MessagingContracts\generated\csharp\Maliev.MessagingContracts.csproj]
B:\maliev\Maliev.MessagingContracts\generated\csharp\Contracts\FileAnalyzedEvent.cs(40,17): warning CS1591: Missing XML comment for publicly visible type or member 'FileAnalyzedEvent.FileId' [B:\maliev\Maliev.MessagingContracts\generated\csharp\Maliev.MessagingContracts.csproj]
B:\maliev\Maliev.MessagingContracts\generated\csharp\Contracts\FileAnalyzedEvent.cs(41,17): warning CS1591: Missing XML comment for publicly visible type or member 'FileAnalyzedEvent.CustomerId' [B:\maliev\Maliev.MessagingContracts\generated\csharp\Maliev.MessagingContracts.csproj]
B:\maliev\Maliev.MessagingContracts\generated\csharp\Contracts\FileAnalyzedEvent.cs(43,20): warning CS1591: Missing XML comment for publicly visible type or member 'FileAnalyzedEvent.VolumeCm3' [B:\maliev\Maliev.MessagingContracts\generated\csharp\Maliev.MessagingContracts.csproj]
B:\maliev\Maliev.MessagingContracts\generated\csharp\Contracts\FileAnalyzedEvent.cs(44,20): warning CS1591: Missing XML comment for publicly visible type or member 'FileAnalyzedEvent.SupportVolumeCm3' [B:\maliev\Maliev.MessagingContracts\generated\csharp\Maliev.MessagingContracts.csproj]
B:\maliev\Maliev.MessagingContracts\generated\csharp\Contracts\FileAnalyzedEvent.cs(45,20): warning CS1591: Missing XML comment for publicly visible type or member 'FileAnalyzedEvent.SurfaceAreaCm2' [B:\maliev\Maliev.MessagingContracts\generated\csharp\Maliev.MessagingContracts.csproj]
B:\maliev\Maliev.MessagingContracts\generated\csharp\Contracts\FileAnalyzedEvent.cs(46,20): warning CS1591: Missing XML comment for publicly visible type or member 'FileAnalyzedEvent.BoundingBoxX' [B:\maliev\Maliev.MessagingContracts\generated\csharp\Maliev.MessagingContracts.csproj]
B:\maliev\Maliev.MessagingContracts\generated\csharp\Contracts\FileAnalyzedEvent.cs(47,20): warning CS1591: Missing XML comment for publicly visible type or member 'FileAnalyzedEvent.BoundingBoxY' [B:\maliev\Maliev.MessagingContracts\generated\csharp\Maliev.MessagingContracts.csproj]
B:\maliev\Maliev.MessagingContracts\generated\csharp\Contracts\FileAnalyzedEvent.cs(48,20): warning CS1591: Missing XML comment for publicly visible type or member 'FileAnalyzedEvent.BoundingBoxZ' [B:\maliev\Maliev.MessagingContracts\generated\csharp\Maliev.MessagingContracts.csproj]
B:\maliev\Maliev.MessagingContracts\generated\csharp\Contracts\FileAnalyzedEvent.cs(49,17): warning CS1591: Missing XML comment for publicly visible type or member 'FileAnalyzedEvent.IsManifold' [B:\maliev\Maliev.MessagingContracts\generated\csharp\Maliev.MessagingContracts.csproj]
B:\maliev\Maliev.MessagingContracts\generated\csharp\Contracts\FileAnalyzedEvent.cs(50,16): warning CS1591: Missing XML comment for publicly visible type or member 'FileAnalyzedEvent.TriangleCount' [B:\maliev\Maliev.MessagingContracts\generated\csharp\Maliev.MessagingContracts.csproj]
B:\maliev\Maliev.MessagingContracts\generated\csharp\Contracts\FileAnalyzedEvent.cs(52,20): warning CS1591: Missing XML comment for publicly visible type or member 'FileAnalyzedEvent.GlbStoragePath' [B:\maliev\Maliev.MessagingContracts\generated\csharp\Maliev.MessagingContracts.csproj]
B:\maliev\Maliev.MessagingContracts\generated\csharp\Contracts\FileAnalyzedEvent.cs(53,20): warning CS1591: Missing XML comment for publicly visible type or member 'FileAnalyzedEvent.ThumbnailStoragePath' [B:\maliev\Maliev.MessagingContracts\generated\csharp\Maliev.MessagingContracts.csproj]
B:\maliev\Maliev.MessagingContracts\generated\csharp\Contracts\FileAnalyzedEvent.cs(56,23): warning CS1591: Missing XML comment for publicly visible type or member 'FileAnalyzedEvent.DfmReport' [B:\maliev\Maliev.MessagingContracts\generated\csharp\Maliev.MessagingContracts.csproj]
B:\maliev\Maliev.MessagingContracts\generated\csharp\Contracts\FileAnalyzedEvent.cs(58,21): warning CS1591: Missing XML comment for publicly visible type or member 'FileAnalyzedEvent.AnalyzedAt' [B:\maliev\Maliev.MessagingContracts\generated\csharp\Maliev.MessagingContracts.csproj]
B:\maliev\Maliev.MessagingContracts\generated\csharp\Contracts\Inventory\MaterialLowStockEvent.cs(12,17): warning CS1591: Missing XML comment for publicly visible type or member 'MaterialLowStockEvent.MaterialId' [B:\maliev\Maliev.MessagingContracts\generated\csharp\Maliev.MessagingContracts.csproj]
B:\maliev\Maliev.MessagingContracts\generated\csharp\Contracts\Inventory\MaterialLowStockEvent.cs(15,17): warning CS1591: Missing XML comment for publicly visible type or member 'MaterialLowStockEvent.BatchId' [B:\maliev\Maliev.MessagingContracts\generated\csharp\Maliev.MessagingContracts.csproj]
B:\maliev\Maliev.MessagingContracts\generated\csharp\Contracts\Inventory\MaterialLowStockEvent.cs(18,20): warning CS1591: Missing XML comment for publicly visible type or member 'MaterialLowStockEvent.RemainingWeightGrams' [B:\maliev\Maliev.MessagingContracts\generated\csharp\Maliev.MessagingContracts.csproj]
B:\maliev\Maliev.MessagingContracts\generated\csharp\Contracts\Inventory\MaterialLowStockEvent.cs(21,20): warning CS1591: Missing XML comment for publicly visible type or member 'MaterialLowStockEvent.LowStockThresholdGrams' [B:\maliev\Maliev.MessagingContracts\generated\csharp\Maliev.MessagingContracts.csproj]
B:\maliev\Maliev.MessagingContracts\generated\csharp\Contracts\Inventory\MaterialLowStockEvent.cs(24,21): warning CS1591: Missing XML comment for publicly visible type or member 'MaterialLowStockEvent.OccurredAt' [B:\maliev\Maliev.MessagingContracts\generated\csharp\Maliev.MessagingContracts.csproj]
B:\maliev\Maliev.MessagingContracts\generated\csharp\Contracts\Inventory\MaterialLowStockEvent.cs(26,12): warning CS1591: Missing XML comment for publicly visible type or member 'MaterialLowStockEvent.MaterialLowStockEvent()' [B:\maliev\Maliev.MessagingContracts\generated\csharp\Maliev.MessagingContracts.csproj]
B:\maliev\Maliev.MessagingContracts\generated\csharp\Contracts\Inventory\MaterialLowStockEvent.cs(28,12): warning CS1591: Missing XML comment for publicly visible type or member 'MaterialLowStockEvent.MaterialLowStockEvent(Guid, Guid, decimal, decimal, DateTime)' [B:\maliev\Maliev.MessagingContracts\generated\csharp\Maliev.MessagingContracts.csproj]
B:\maliev\Maliev.MessagingContracts\generated\csharp\Contracts\Jobs\JobStartedEvent.cs(12,17): warning CS1591: Missing XML comment for publicly visible type or member 'JobStartedEvent.JobId' [B:\maliev\Maliev.MessagingContracts\generated\csharp\Maliev.MessagingContracts.csproj]
B:\maliev\Maliev.MessagingContracts\generated\csharp\Contracts\Jobs\JobStartedEvent.cs(15,17): warning CS1591: Missing XML comment for publicly visible type or member 'JobStartedEvent.OrderId' [B:\maliev\Maliev.MessagingContracts\generated\csharp\Maliev.MessagingContracts.csproj]
B:\maliev\Maliev.MessagingContracts\generated\csharp\Contracts\Jobs\JobStartedEvent.cs(18,17): warning CS1591: Missing XML comment for publicly visible type or member 'JobStartedEvent.MaterialId' [B:\maliev\Maliev.MessagingContracts\generated\csharp\Maliev.MessagingContracts.csproj]
B:\maliev\Maliev.MessagingContracts\generated\csharp\Contracts\Jobs\JobStartedEvent.cs(21,20): warning CS1591: Missing XML comment for publicly visible type or member 'JobStartedEvent.VolumeCm3' [B:\maliev\Maliev.MessagingContracts\generated\csharp\Maliev.MessagingContracts.csproj]
B:\maliev\Maliev.MessagingContracts\generated\csharp\Contracts\Jobs\JobStartedEvent.cs(24,19): warning CS1591: Missing XML comment for publicly visible type or member 'JobStartedEvent.Technology' [B:\maliev\Maliev.MessagingContracts\generated\csharp\Maliev.MessagingContracts.csproj]
B:\maliev\Maliev.MessagingContracts\generated\csharp\Contracts\Jobs\JobStartedEvent.cs(27,19): warning CS1591: Missing XML comment for publicly visible type or member 'JobStartedEvent.AssignedMachineId' [B:\maliev\Maliev.MessagingContracts\generated\csharp\Maliev.MessagingContracts.csproj]
B:\maliev\Maliev.MessagingContracts\generated\csharp\Contracts\Jobs\JobStartedEvent.cs(30,21): warning CS1591: Missing XML comment for publicly visible type or member 'JobStartedEvent.StartedAt' [B:\maliev\Maliev.MessagingContracts\generated\csharp\Maliev.MessagingContracts.csproj]
B:\maliev\Maliev.MessagingContracts\generated\csharp\Contracts\Jobs\JobStartedEvent.cs(32,12): warning CS1591: Missing XML comment for publicly visible type or member 'JobStartedEvent.JobStartedEvent()' [B:\maliev\Maliev.MessagingContracts\generated\csharp\Maliev.MessagingContracts.csproj]
B:\maliev\Maliev.MessagingContracts\generated\csharp\Contracts\Jobs\JobStartedEvent.cs(34,12): warning CS1591: Missing XML comment for publicly visible type or member 'JobStartedEvent.JobStartedEvent(Guid, Guid, Guid, decimal, string, string, DateTime)' [B:\maliev\Maliev.MessagingContracts\generated\csharp\Maliev.MessagingContracts.csproj]
B:\maliev\Maliev.MessagingContracts\generated\csharp\Contracts\Jobs\JobStatusChangedEvent.cs(12,17): warning CS1591: Missing XML comment for publicly visible type or member 'JobStatusChangedEvent.JobId' [B:\maliev\Maliev.MessagingContracts\generated\csharp\Maliev.MessagingContracts.csproj]
B:\maliev\Maliev.MessagingContracts\generated\csharp\Contracts\Jobs\JobStatusChangedEvent.cs(15,17): warning CS1591: Missing XML comment for publicly visible type or member 'JobStatusChangedEvent.OrderId' [B:\maliev\Maliev.MessagingContracts\generated\csharp\Maliev.MessagingContracts.csproj]
B:\maliev\Maliev.MessagingContracts\generated\csharp\Contracts\Jobs\JobStatusChangedEvent.cs(18,19): warning CS1591: Missing XML comment for publicly visible type or member 'JobStatusChangedEvent.PreviousStatus' [B:\maliev\Maliev.MessagingContracts\generated\csharp\Maliev.MessagingContracts.csproj]
B:\maliev\Maliev.MessagingContracts\generated\csharp\Contracts\Jobs\JobStatusChangedEvent.cs(21,19): warning CS1591: Missing XML comment for publicly visible type or member 'JobStatusChangedEvent.NewStatus' [B:\maliev\Maliev.MessagingContracts\generated\csharp\Maliev.MessagingContracts.csproj]
B:\maliev\Maliev.MessagingContracts\generated\csharp\Contracts\Jobs\JobStatusChangedEvent.cs(24,19): warning CS1591: Missing XML comment for publicly visible type or member 'JobStatusChangedEvent.Technology' [B:\maliev\Maliev.MessagingContracts\generated\csharp\Maliev.MessagingContracts.csproj]
B:\maliev\Maliev.MessagingContracts\generated\csharp\Contracts\Jobs\JobStatusChangedEvent.cs(27,20): warning CS1591: Missing XML comment for publicly visible type or member 'JobStatusChangedEvent.AssignedMachineId' [B:\maliev\Maliev.MessagingContracts\generated\csharp\Maliev.MessagingContracts.csproj]
B:\maliev\Maliev.MessagingContracts\generated\csharp\Contracts\Jobs\JobStatusChangedEvent.cs(30,21): warning CS1591: Missing XML comment for publicly visible type or member 'JobStatusChangedEvent.ChangedAt' [B:\maliev\Maliev.MessagingContracts\generated\csharp\Maliev.MessagingContracts.csproj]
B:\maliev\Maliev.MessagingContracts\generated\csharp\Contracts\Jobs\JobStatusChangedEvent.cs(33,19): warning CS1591: Missing XML comment for publicly visible type or member 'JobStatusChangedEvent.ChangedBy' [B:\maliev\Maliev.MessagingContracts\generated\csharp\Maliev.MessagingContracts.csproj]
B:\maliev\Maliev.MessagingContracts\generated\csharp\Contracts\Jobs\JobStatusChangedEvent.cs(35,12): warning CS1591: Missing XML comment for publicly visible type or member 'JobStatusChangedEvent.JobStatusChangedEvent()' [B:\maliev\Maliev.MessagingContracts\generated\csharp\Maliev.MessagingContracts.csproj]
B:\maliev\Maliev.MessagingContracts\generated\csharp\Contracts\Jobs\JobStatusChangedEvent.cs(37,12): warning CS1591: Missing XML comment for publicly visible type or member 'JobStatusChangedEvent.JobStatusChangedEvent(Guid, Guid, string, string, string, string?, DateTime, string)' [B:\maliev\Maliev.MessagingContracts\generated\csharp\Maliev.MessagingContracts.csproj]
B:\maliev\Maliev.MessagingContracts\generated\csharp\Contracts\NdaEvents.cs(10,17): warning CS1591: Missing XML comment for publicly visible type or member 'NdaExpiringEvent.NdaId' [B:\maliev\Maliev.MessagingContracts\generated\csharp\Maliev.MessagingContracts.csproj]
B:\maliev\Maliev.MessagingContracts\generated\csharp\Contracts\NdaEvents.cs(11,17): warning CS1591: Missing XML comment for publicly visible type or member 'NdaExpiringEvent.CustomerId' [B:\maliev\Maliev.MessagingContracts\generated\csharp\Maliev.MessagingContracts.csproj]
B:\maliev\Maliev.MessagingContracts\generated\csharp\Contracts\NdaEvents.cs(12,21): warning CS1591: Missing XML comment for publicly visible type or member 'NdaExpiringEvent.ExpiresAt' [B:\maliev\Maliev.MessagingContracts\generated\csharp\Maliev.MessagingContracts.csproj]
B:\maliev\Maliev.MessagingContracts\generated\csharp\Contracts\NdaEvents.cs(13,16): warning CS1591: Missing XML comment for publicly visible type or member 'NdaExpiringEvent.DaysUntilExpiration' [B:\maliev\Maliev.MessagingContracts\generated\csharp\Maliev.MessagingContracts.csproj]
B:\maliev\Maliev.MessagingContracts\generated\csharp\Contracts\NdaEvents.cs(14,21): warning CS1591: Missing XML comment for publicly visible type or member 'NdaExpiringEvent.WarningGeneratedAt' [B:\maliev\Maliev.MessagingContracts\generated\csharp\Maliev.MessagingContracts.csproj]
B:\maliev\Maliev.MessagingContracts\generated\csharp\Contracts\NdaEvents.cs(22,17): warning CS1591: Missing XML comment for publicly visible type or member 'NdaExpiredEvent.NdaId' [B:\maliev\Maliev.MessagingContracts\generated\csharp\Maliev.MessagingContracts.csproj]
B:\maliev\Maliev.MessagingContracts\generated\csharp\Contracts\NdaEvents.cs(23,17): warning CS1591: Missing XML comment for publicly visible type or member 'NdaExpiredEvent.CustomerId' [B:\maliev\Maliev.MessagingContracts\generated\csharp\Maliev.MessagingContracts.csproj]
B:\maliev\Maliev.MessagingContracts\generated\csharp\Contracts\NdaEvents.cs(24,21): warning CS1591: Missing XML comment for publicly visible type or member 'NdaExpiredEvent.ExpiredAt' [B:\maliev\Maliev.MessagingContracts\generated\csharp\Maliev.MessagingContracts.csproj]
B:\maliev\Maliev.MessagingContracts\generated\csharp\Contracts\NdaEvents.cs(25,21): warning CS1591: Missing XML comment for publicly visible type or member 'NdaExpiredEvent.ProcessedAt' [B:\maliev\Maliev.MessagingContracts\generated\csharp\Maliev.MessagingContracts.csproj]
B:\maliev\Maliev.MessagingContracts\generated\csharp\Contracts\Pricing\PriceCalculatedEvent.cs(10,17): warning CS1591: Missing XML comment for publicly visible type or member 'PriceCalculatedEvent.PricingAuditId' [B:\maliev\Maliev.MessagingContracts\generated\csharp\Maliev.MessagingContracts.csproj]
B:\maliev\Maliev.MessagingContracts\generated\csharp\Contracts\Pricing\PriceCalculatedEvent.cs(11,18): warning CS1591: Missing XML comment for publicly visible type or member 'PriceCalculatedEvent.QuotationId' [B:\maliev\Maliev.MessagingContracts\generated\csharp\Maliev.MessagingContracts.csproj]
B:\maliev\Maliev.MessagingContracts\generated\csharp\Contracts\Pricing\PriceCalculatedEvent.cs(12,17): warning CS1591: Missing XML comment for publicly visible type or member 'PriceCalculatedEvent.FileId' [B:\maliev\Maliev.MessagingContracts\generated\csharp\Maliev.MessagingContracts.csproj]
B:\maliev\Maliev.MessagingContracts\generated\csharp\Contracts\Pricing\PriceCalculatedEvent.cs(13,17): warning CS1591: Missing XML comment for publicly visible type or member 'PriceCalculatedEvent.CustomerId' [B:\maliev\Maliev.MessagingContracts\generated\csharp\Maliev.MessagingContracts.csproj]
B:\maliev\Maliev.MessagingContracts\generated\csharp\Contracts\Pricing\PriceCalculatedEvent.cs(14,17): warning CS1591: Missing XML comment for publicly visible type or member 'PriceCalculatedEvent.MaterialId' [B:\maliev\Maliev.MessagingContracts\generated\csharp\Maliev.MessagingContracts.csproj]
B:\maliev\Maliev.MessagingContracts\generated\csharp\Contracts\Pricing\PriceCalculatedEvent.cs(15,17): warning CS1591: Missing XML comment for publicly visible type or member 'PriceCalculatedEvent.ProcessId' [B:\maliev\Maliev.MessagingContracts\generated\csharp\Maliev.MessagingContracts.csproj]
B:\maliev\Maliev.MessagingContracts\generated\csharp\Contracts\Pricing\PriceCalculatedEvent.cs(16,16): warning CS1591: Missing XML comment for publicly visible type or member 'PriceCalculatedEvent.Quantity' [B:\maliev\Maliev.MessagingContracts\generated\csharp\Maliev.MessagingContracts.csproj]
B:\maliev\Maliev.MessagingContracts\generated\csharp\Contracts\Pricing\PriceCalculatedEvent.cs(19,20): warning CS1591: Missing XML comment for publicly visible type or member 'PriceCalculatedEvent.InputVolumeCm3' [B:\maliev\Maliev.MessagingContracts\generated\csharp\Maliev.MessagingContracts.csproj]
B:\maliev\Maliev.MessagingContracts\generated\csharp\Contracts\Pricing\PriceCalculatedEvent.cs(20,20): warning CS1591: Missing XML comment for publicly visible type or member 'PriceCalculatedEvent.InputSupportVolumeCm3' [B:\maliev\Maliev.MessagingContracts\generated\csharp\Maliev.MessagingContracts.csproj]
B:\maliev\Maliev.MessagingContracts\generated\csharp\Contracts\Pricing\PriceCalculatedEvent.cs(21,20): warning CS1591: Missing XML comment for publicly visible type or member 'PriceCalculatedEvent.InputSurfaceAreaCm2' [B:\maliev\Maliev.MessagingContracts\generated\csharp\Maliev.MessagingContracts.csproj]
B:\maliev\Maliev.MessagingContracts\generated\csharp\Contracts\Pricing\PriceCalculatedEvent.cs(24,19): warning CS1591: Missing XML comment for publicly visible type or member 'PriceCalculatedEvent.Strategy' [B:\maliev\Maliev.MessagingContracts\generated\csharp\Maliev.MessagingContracts.csproj]
B:\maliev\Maliev.MessagingContracts\generated\csharp\Contracts\Pricing\PriceCalculatedEvent.cs(25,20): warning CS1591: Missing XML comment for publicly visible type or member 'PriceCalculatedEvent.MLModelVersion' [B:\maliev\Maliev.MessagingContracts\generated\csharp\Maliev.MessagingContracts.csproj]
B:\maliev\Maliev.MessagingContracts\generated\csharp\Contracts\Pricing\PriceCalculatedEvent.cs(26,20): warning CS1591: Missing XML comment for publicly visible type or member 'PriceCalculatedEvent.ConfidenceLevel' [B:\maliev\Maliev.MessagingContracts\generated\csharp\Maliev.MessagingContracts.csproj]
B:\maliev\Maliev.MessagingContracts\generated\csharp\Contracts\Pricing\PriceCalculatedEvent.cs(27,17): warning CS1591: Missing XML comment for publicly visible type or member 'PriceCalculatedEvent.PricingConfigurationId' [B:\maliev\Maliev.MessagingContracts\generated\csharp\Maliev.MessagingContracts.csproj]
B:\maliev\Maliev.MessagingContracts\generated\csharp\Contracts\Pricing\PriceCalculatedEvent.cs(30,35): warning CS1591: Missing XML comment for publicly visible type or member 'PriceCalculatedEvent.Breakdown' [B:\maliev\Maliev.MessagingContracts\generated\csharp\Maliev.MessagingContracts.csproj]
B:\maliev\Maliev.MessagingContracts\generated\csharp\Contracts\Pricing\PriceCalculatedEvent.cs(31,20): warning CS1591: Missing XML comment for publicly visible type or member 'PriceCalculatedEvent.TotalUnitPrice' [B:\maliev\Maliev.MessagingContracts\generated\csharp\Maliev.MessagingContracts.csproj]
B:\maliev\Maliev.MessagingContracts\generated\csharp\Contracts\Pricing\PriceCalculatedEvent.cs(32,20): warning CS1591: Missing XML comment for publicly visible type or member 'PriceCalculatedEvent.TotalPrice' [B:\maliev\Maliev.MessagingContracts\generated\csharp\Maliev.MessagingContracts.csproj]
B:\maliev\Maliev.MessagingContracts\generated\csharp\Contracts\Pricing\PriceCalculatedEvent.cs(33,19): warning CS1591: Missing XML comment for publicly visible type or member 'PriceCalculatedEvent.Currency' [B:\maliev\Maliev.MessagingContracts\generated\csharp\Maliev.MessagingContracts.csproj]
B:\maliev\Maliev.MessagingContracts\generated\csharp\Contracts\Pricing\PriceCalculatedEvent.cs(35,21): warning CS1591: Missing XML comment for publicly visible type or member 'PriceCalculatedEvent.ValidUntil' [B:\maliev\Maliev.MessagingContracts\generated\csharp\Maliev.MessagingContracts.csproj]
B:\maliev\Maliev.MessagingContracts\generated\csharp\Contracts\Pricing\PriceCalculatedEvent.cs(36,21): warning CS1591: Missing XML comment for publicly visible type or member 'PriceCalculatedEvent.CalculatedAt' [B:\maliev\Maliev.MessagingContracts\generated\csharp\Maliev.MessagingContracts.csproj]
B:\maliev\Maliev.MessagingContracts\generated\csharp\Contracts\Pricing\PriceCalculatedEvent.cs(39,15): warning CS1591: Missing XML comment for publicly visible type or member 'PriceBreakdownContract' [B:\maliev\Maliev.MessagingContracts\generated\csharp\Maliev.MessagingContracts.csproj]
B:\maliev\Maliev.MessagingContracts\generated\csharp\Contracts\Pricing\PriceCalculatedEvent.cs(41,20): warning CS1591: Missing XML comment for publicly visible type or member 'PriceBreakdownContract.MaterialCost' [B:\maliev\Maliev.MessagingContracts\generated\csharp\Maliev.MessagingContracts.csproj]
B:\maliev\Maliev.MessagingContracts\generated\csharp\Contracts\Pricing\PriceCalculatedEvent.cs(42,20): warning CS1591: Missing XML comment for publicly visible type or member 'PriceBreakdownContract.SupportCost' [B:\maliev\Maliev.MessagingContracts\generated\csharp\Maliev.MessagingContracts.csproj]
B:\maliev\Maliev.MessagingContracts\generated\csharp\Contracts\Pricing\PriceCalculatedEvent.cs(43,20): warning CS1591: Missing XML comment for publicly visible type or member 'PriceBreakdownContract.MachineTimeCost' [B:\maliev\Maliev.MessagingContracts\generated\csharp\Maliev.MessagingContracts.csproj]
B:\maliev\Maliev.MessagingContracts\generated\csharp\Contracts\Pricing\PriceCalculatedEvent.cs(44,20): warning CS1591: Missing XML comment for publicly visible type or member 'PriceBreakdownContract.SetupCost' [B:\maliev\Maliev.MessagingContracts\generated\csharp\Maliev.MessagingContracts.csproj]
B:\maliev\Maliev.MessagingContracts\generated\csharp\Contracts\Pricing\PriceCalculatedEvent.cs(45,20): warning CS1591: Missing XML comment for publicly visible type or member 'PriceBreakdownContract.ComplexitySurcharge' [B:\maliev\Maliev.MessagingContracts\generated\csharp\Maliev.MessagingContracts.csproj]
B:\maliev\Maliev.MessagingContracts\generated\csharp\Contracts\Pricing\PriceCalculatedEvent.cs(46,20): warning CS1591: Missing XML comment for publicly visible type or member 'PriceBreakdownContract.SubtotalBeforeMargin' [B:\maliev\Maliev.MessagingContracts\generated\csharp\Maliev.MessagingContracts.csproj]
B:\maliev\Maliev.MessagingContracts\generated\csharp\Contracts\Pricing\PriceCalculatedEvent.cs(47,20): warning CS1591: Missing XML comment for publicly visible type or member 'PriceBreakdownContract.MarginAmount' [B:\maliev\Maliev.MessagingContracts\generated\csharp\Maliev.MessagingContracts.csproj]
B:\maliev\Maliev.MessagingContracts\generated\csharp\Contracts\Pricing\PriceCalculatedEvent.cs(48,20): warning CS1591: Missing XML comment for publicly visible type or member 'PriceBreakdownContract.TotalPrice' [B:\maliev\Maliev.MessagingContracts\generated\csharp\Maliev.MessagingContracts.csproj]
B:\maliev\Maliev.MessagingContracts\generated\csharp\Contracts\MessagingContracts.cs(82,21): warning CS1573: Parameter 'MessageId' has no matching param tag in the XML comment for 'TransactionPostedEvent.TransactionPostedEvent(Guid, string, MessageType, string, string, IReadOnlyList<string>, Guid, Guid?, DateTimeOffset, bool, TransactionPostedEventPayload)' (but other parameters do) [B:\maliev\Maliev.MessagingContracts\generated\csharp\Maliev.MessagingContracts.csproj]
B:\maliev\Maliev.MessagingContracts\generated\csharp\Contracts\MessagingContracts.cs(83,16): warning CS1573: Parameter 'MessageName' has no matching param tag in the XML comment for 'TransactionPostedEvent.TransactionPostedEvent(Guid, string, MessageType, string, string, IReadOnlyList<string>, Guid, Guid?, DateTimeOffset, bool, TransactionPostedEventPayload)' (but other parameters do) [B:\maliev\Maliev.MessagingContracts\generated\csharp\Maliev.MessagingContracts.csproj]
B:\maliev\Maliev.MessagingContracts\generated\csharp\Contracts\MessagingContracts.cs(84,21): warning CS1573: Parameter 'MessageType' has no matching param tag in the XML comment for 'TransactionPostedEvent.TransactionPostedEvent(Guid, string, MessageType, string, string, IReadOnlyList<string>, Guid, Guid?, DateTimeOffset, bool, TransactionPostedEventPayload)' (but other parameters do) [B:\maliev\Maliev.MessagingContracts\generated\csharp\Maliev.MessagingContracts.csproj]
B:\maliev\Maliev.MessagingContracts\generated\csharp\Contracts\MessagingContracts.cs(85,16): warning CS1573: Parameter 'MessageVersion' has no matching param tag in the XML comment for 'TransactionPostedEvent.TransactionPostedEvent(Guid, string, MessageType, string, string, IReadOnlyList<string>, Guid, Guid?, DateTimeOffset, bool, TransactionPostedEventPayload)' (but other parameters do) [B:\maliev\Maliev.MessagingContracts\generated\csharp\Maliev.MessagingContracts.csproj]
B:\maliev\Maliev.MessagingContracts\generated\csharp\Contracts\MessagingContracts.cs(86,16): warning CS1573: Parameter 'PublishedBy' has no matching param tag in the XML comment for 'TransactionPostedEvent.TransactionPostedEvent(Guid, string, MessageType, string, string, IReadOnlyList<string>, Guid, Guid?, DateTimeOffset, bool, TransactionPostedEventPayload)' (but other parameters do) [B:\maliev\Maliev.MessagingContracts\generated\csharp\Maliev.MessagingContracts.csproj]
B:\maliev\Maliev.MessagingContracts\generated\csharp\Contracts\MessagingContracts.cs(87,58): warning CS1573: Parameter 'ConsumedBy' has no matching param tag in the XML comment for 'TransactionPostedEvent.TransactionPostedEvent(Guid, string, MessageType, string, string, IReadOnlyList<string>, Guid, Guid?, DateTimeOffset, bool, TransactionPostedEventPayload)' (but other parameters do) [B:\maliev\Maliev.MessagingContracts\generated\csharp\Maliev.MessagingContracts.csproj]
B:\maliev\Maliev.MessagingContracts\generated\csharp\Contracts\MessagingContracts.cs(88,21): warning CS1573: Parameter 'CorrelationId' has no matching param tag in the XML comment for 'TransactionPostedEvent.TransactionPostedEvent(Guid, string, MessageType, string, string, IReadOnlyList<string>, Guid, Guid?, DateTimeOffset, bool, TransactionPostedEventPayload)' (but other parameters do) [B:\maliev\Maliev.MessagingContracts\generated\csharp\Maliev.MessagingContracts.csproj]
B:\maliev\Maliev.MessagingContracts\generated\csharp\Contracts\MessagingContracts.cs(89,22): warning CS1573: Parameter 'CausationId' has no matching param tag in the XML comment for 'TransactionPostedEvent.TransactionPostedEvent(Guid, string, MessageType, string, string, IReadOnlyList<string>, Guid, Guid?, DateTimeOffset, bool, TransactionPostedEventPayload)' (but other parameters do) [B:\maliev\Maliev.MessagingContracts\generated\csharp\Maliev.MessagingContracts.csproj]
B:\maliev\Maliev.MessagingContracts\generated\csharp\Contracts\MessagingContracts.cs(90,31): warning CS1573: Parameter 'OccurredAtUtc' has no matching param tag in the XML comment for 'TransactionPostedEvent.TransactionPostedEvent(Guid, string, MessageType, string, string, IReadOnlyList<string>, Guid, Guid?, DateTimeOffset, bool, TransactionPostedEventPayload)' (but other parameters do) [B:\maliev\Maliev.MessagingContracts\generated\csharp\Maliev.MessagingContracts.csproj]
B:\maliev\Maliev.MessagingContracts\generated\csharp\Contracts\MessagingContracts.cs(91,14): warning CS1573: Parameter 'IsPublic' has no matching param tag in the XML comment for 'TransactionPostedEvent.TransactionPostedEvent(Guid, string, MessageType, string, string, IReadOnlyList<string>, Guid, Guid?, DateTimeOffset, bool, TransactionPostedEventPayload)' (but other parameters do) [B:\maliev\Maliev.MessagingContracts\generated\csharp\Maliev.MessagingContracts.csproj]
B:\maliev\Maliev.MessagingContracts\generated\csharp\Contracts\MessagingContracts.cs(127,21): warning CS1573: Parameter 'MessageId' has no matching param tag in the XML comment for 'InventoryMovementEvent.InventoryMovementEvent(Guid, string, MessageType, string, string, IReadOnlyList<string>, Guid, Guid?, DateTimeOffset, bool, InventoryMovementEventPayload)' (but other parameters do) [B:\maliev\Maliev.MessagingContracts\generated\csharp\Maliev.MessagingContracts.csproj]
B:\maliev\Maliev.MessagingContracts\generated\csharp\Contracts\MessagingContracts.cs(128,16): warning CS1573: Parameter 'MessageName' has no matching param tag in the XML comment for 'InventoryMovementEvent.InventoryMovementEvent(Guid, string, MessageType, string, string, IReadOnlyList<string>, Guid, Guid?, DateTimeOffset, bool, InventoryMovementEventPayload)' (but other parameters do) [B:\maliev\Maliev.MessagingContracts\generated\csharp\Maliev.MessagingContracts.csproj]
B:\maliev\Maliev.MessagingContracts\generated\csharp\Contracts\MessagingContracts.cs(129,21): warning CS1573: Parameter 'MessageType' has no matching param tag in the XML comment for 'InventoryMovementEvent.InventoryMovementEvent(Guid, string, MessageType, string, string, IReadOnlyList<string>, Guid, Guid?, DateTimeOffset, bool, InventoryMovementEventPayload)' (but other parameters do) [B:\maliev\Maliev.MessagingContracts\generated\csharp\Maliev.MessagingContracts.csproj]
B:\maliev\Maliev.MessagingContracts\generated\csharp\Contracts\MessagingContracts.cs(130,16): warning CS1573: Parameter 'MessageVersion' has no matching param tag in the XML comment for 'InventoryMovementEvent.InventoryMovementEvent(Guid, string, MessageType, string, string, IReadOnlyList<string>, Guid, Guid?, DateTimeOffset, bool, InventoryMovementEventPayload)' (but other parameters do) [B:\maliev\Maliev.MessagingContracts\generated\csharp\Maliev.MessagingContracts.csproj]
B:\maliev\Maliev.MessagingContracts\generated\csharp\Contracts\MessagingContracts.cs(131,16): warning CS1573: Parameter 'PublishedBy' has no matching param tag in the XML comment for 'InventoryMovementEvent.InventoryMovementEvent(Guid, string, MessageType, string, string, IReadOnlyList<string>, Guid, Guid?, DateTimeOffset, bool, InventoryMovementEventPayload)' (but other parameters do) [B:\maliev\Maliev.MessagingContracts\generated\csharp\Maliev.MessagingContracts.csproj]
B:\maliev\Maliev.MessagingContracts\generated\csharp\Contracts\MessagingContracts.cs(132,58): warning CS1573: Parameter 'ConsumedBy' has no matching param tag in the XML comment for 'InventoryMovementEvent.InventoryMovementEvent(Guid, string, MessageType, string, string, IReadOnlyList<string>, Guid, Guid?, DateTimeOffset, bool, InventoryMovementEventPayload)' (but other parameters do) [B:\maliev\Maliev.MessagingContracts\generated\csharp\Maliev.MessagingContracts.csproj]
B:\maliev\Maliev.MessagingContracts\generated\csharp\Contracts\MessagingContracts.cs(133,21): warning CS1573: Parameter 'CorrelationId' has no matching param tag in the XML comment for 'InventoryMovementEvent.InventoryMovementEvent(Guid, string, MessageType, string, string, IReadOnlyList<string>, Guid, Guid?, DateTimeOffset, bool, InventoryMovementEventPayload)' (but other parameters do) [B:\maliev\Maliev.MessagingContracts\generated\csharp\Maliev.MessagingContracts.csproj]
B:\maliev\Maliev.MessagingContracts\generated\csharp\Contracts\MessagingContracts.cs(134,22): warning CS1573: Parameter 'CausationId' has no matching param tag in the XML comment for 'InventoryMovementEvent.InventoryMovementEvent(Guid, string, MessageType, string, string, IReadOnlyList<string>, Guid, Guid?, DateTimeOffset, bool, InventoryMovementEventPayload)' (but other parameters do) [B:\maliev\Maliev.MessagingContracts\generated\csharp\Maliev.MessagingContracts.csproj]
B:\maliev\Maliev.MessagingContracts\generated\csharp\Contracts\MessagingContracts.cs(135,31): warning CS1573: Parameter 'OccurredAtUtc' has no matching param tag in the XML comment for 'InventoryMovementEvent.InventoryMovementEvent(Guid, string, MessageType, string, string, IReadOnlyList<string>, Guid, Guid?, DateTimeOffset, bool, InventoryMovementEventPayload)' (but other parameters do) [B:\maliev\Maliev.MessagingContracts\generated\csharp\Maliev.MessagingContracts.csproj]
B:\maliev\Maliev.MessagingContracts\generated\csharp\Contracts\MessagingContracts.cs(136,14): warning CS1573: Parameter 'IsPublic' has no matching param tag in the XML comment for 'InventoryMovementEvent.InventoryMovementEvent(Guid, string, MessageType, string, string, IReadOnlyList<string>, Guid, Guid?, DateTimeOffset, bool, InventoryMovementEventPayload)' (but other parameters do) [B:\maliev\Maliev.MessagingContracts\generated\csharp\Maliev.MessagingContracts.csproj]
B:\maliev\Maliev.MessagingContracts\generated\csharp\Contracts\MessagingContracts.cs(173,21): warning CS1573: Parameter 'MessageId' has no matching param tag in the XML comment for 'PayrollProcessedEvent.PayrollProcessedEvent(Guid, string, MessageType, string, string, IReadOnlyList<string>, Guid, Guid?, DateTimeOffset, bool, PayrollProcessedEventPayload)' (but other parameters do) [B:\maliev\Maliev.MessagingContracts\generated\csharp\Maliev.MessagingContracts.csproj]
B:\maliev\Maliev.MessagingContracts\generated\csharp\Contracts\MessagingContracts.cs(174,16): warning CS1573: Parameter 'MessageName' has no matching param tag in the XML comment for 'PayrollProcessedEvent.PayrollProcessedEvent(Guid, string, MessageType, string, string, IReadOnlyList<string>, Guid, Guid?, DateTimeOffset, bool, PayrollProcessedEventPayload)' (but other parameters do) [B:\maliev\Maliev.MessagingContracts\generated\csharp\Maliev.MessagingContracts.csproj]
B:\maliev\Maliev.MessagingContracts\generated\csharp\Contracts\MessagingContracts.cs(175,21): warning CS1573: Parameter 'MessageType' has no matching param tag in the XML comment for 'PayrollProcessedEvent.PayrollProcessedEvent(Guid, string, MessageType, string, string, IReadOnlyList<string>, Guid, Guid?, DateTimeOffset, bool, PayrollProcessedEventPayload)' (but other parameters do) [B:\maliev\Maliev.MessagingContracts\generated\csharp\Maliev.MessagingContracts.csproj]
B:\maliev\Maliev.MessagingContracts\generated\csharp\Contracts\MessagingContracts.cs(176,16): warning CS1573: Parameter 'MessageVersion' has no matching param tag in the XML comment for 'PayrollProcessedEvent.PayrollProcessedEvent(Guid, string, MessageType, string, string, IReadOnlyList<string>, Guid, Guid?, DateTimeOffset, bool, PayrollProcessedEventPayload)' (but other parameters do) [B:\maliev\Maliev.MessagingContracts\generated\csharp\Maliev.MessagingContracts.csproj]
B:\maliev\Maliev.MessagingContracts\generated\csharp\Contracts\MessagingContracts.cs(177,16): warning CS1573: Parameter 'PublishedBy' has no matching param tag in the XML comment for 'PayrollProcessedEvent.PayrollProcessedEvent(Guid, string, MessageType, string, string, IReadOnlyList<string>, Guid, Guid?, DateTimeOffset, bool, PayrollProcessedEventPayload)' (but other parameters do) [B:\maliev\Maliev.MessagingContracts\generated\csharp\Maliev.MessagingContracts.csproj]
B:\maliev\Maliev.MessagingContracts\generated\csharp\Contracts\MessagingContracts.cs(178,58): warning CS1573: Parameter 'ConsumedBy' has no matching param tag in the XML comment for 'PayrollProcessedEvent.PayrollProcessedEvent(Guid, string, MessageType, string, string, IReadOnlyList<string>, Guid, Guid?, DateTimeOffset, bool, PayrollProcessedEventPayload)' (but other parameters do) [B:\maliev\Maliev.MessagingContracts\generated\csharp\Maliev.MessagingContracts.csproj]
B:\maliev\Maliev.MessagingContracts\generated\csharp\Contracts\MessagingContracts.cs(179,21): warning CS1573: Parameter 'CorrelationId' has no matching param tag in the XML comment for 'PayrollProcessedEvent.PayrollProcessedEvent(Guid, string, MessageType, string, string, IReadOnlyList<string>, Guid, Guid?, DateTimeOffset, bool, PayrollProcessedEventPayload)' (but other parameters do) [B:\maliev\Maliev.MessagingContracts\generated\csharp\Maliev.MessagingContracts.csproj]
B:\maliev\Maliev.MessagingContracts\generated\csharp\Contracts\MessagingContracts.cs(180,22): warning CS1573: Parameter 'CausationId' has no matching param tag in the XML comment for 'PayrollProcessedEvent.PayrollProcessedEvent(Guid, string, MessageType, string, string, IReadOnlyList<string>, Guid, Guid?, DateTimeOffset, bool, PayrollProcessedEventPayload)' (but other parameters do) [B:\maliev\Maliev.MessagingContracts\generated\csharp\Maliev.MessagingContracts.csproj]
B:\maliev\Maliev.MessagingContracts\generated\csharp\Contracts\MessagingContracts.cs(181,31): warning CS1573: Parameter 'OccurredAtUtc' has no matching param tag in the XML comment for 'PayrollProcessedEvent.PayrollProcessedEvent(Guid, string, MessageType, string, string, IReadOnlyList<string>, Guid, Guid?, DateTimeOffset, bool, PayrollProcessedEventPayload)' (but other parameters do) [B:\maliev\Maliev.MessagingContracts\generated\csharp\Maliev.MessagingContracts.csproj]
B:\maliev\Maliev.MessagingContracts\generated\csharp\Contracts\MessagingContracts.cs(182,14): warning CS1573: Parameter 'IsPublic' has no matching param tag in the XML comment for 'PayrollProcessedEvent.PayrollProcessedEvent(Guid, string, MessageType, string, string, IReadOnlyList<string>, Guid, Guid?, DateTimeOffset, bool, PayrollProcessedEventPayload)' (but other parameters do) [B:\maliev\Maliev.MessagingContracts\generated\csharp\Maliev.MessagingContracts.csproj]
B:\maliev\Maliev.MessagingContracts\generated\csharp\Contracts\MessagingContracts.cs(216,21): warning CS1573: Parameter 'MessageId' has no matching param tag in the XML comment for 'SupplierInvoiceReceivedEvent.SupplierInvoiceReceivedEvent(Guid, string, MessageType, string, string, IReadOnlyList<string>, Guid, Guid?, DateTimeOffset, bool, SupplierInvoiceReceivedEventPayload)' (but other parameters do) [B:\maliev\Maliev.MessagingContracts\generated\csharp\Maliev.MessagingContracts.csproj]
B:\maliev\Maliev.MessagingContracts\generated\csharp\Contracts\MessagingContracts.cs(217,16): warning CS1573: Parameter 'MessageName' has no matching param tag in the XML comment for 'SupplierInvoiceReceivedEvent.SupplierInvoiceReceivedEvent(Guid, string, MessageType, string, string, IReadOnlyList<string>, Guid, Guid?, DateTimeOffset, bool, SupplierInvoiceReceivedEventPayload)' (but other parameters do) [B:\maliev\Maliev.MessagingContracts\generated\csharp\Maliev.MessagingContracts.csproj]
B:\maliev\Maliev.MessagingContracts\generated\csharp\Contracts\MessagingContracts.cs(218,21): warning CS1573: Parameter 'MessageType' has no matching param tag in the XML comment for 'SupplierInvoiceReceivedEvent.SupplierInvoiceReceivedEvent(Guid, string, MessageType, string, string, IReadOnlyList<string>, Guid, Guid?, DateTimeOffset, bool, SupplierInvoiceReceivedEventPayload)' (but other parameters do) [B:\maliev\Maliev.MessagingContracts\generated\csharp\Maliev.MessagingContracts.csproj]
B:\maliev\Maliev.MessagingContracts\generated\csharp\Contracts\MessagingContracts.cs(219,16): warning CS1573: Parameter 'MessageVersion' has no matching param tag in the XML comment for 'SupplierInvoiceReceivedEvent.SupplierInvoiceReceivedEvent(Guid, string, MessageType, string, string, IReadOnlyList<string>, Guid, Guid?, DateTimeOffset, bool, SupplierInvoiceReceivedEventPayload)' (but other parameters do) [B:\maliev\Maliev.MessagingContracts\generated\csharp\Maliev.MessagingContracts.csproj]
B:\maliev\Maliev.MessagingContracts\generated\csharp\Contracts\MessagingContracts.cs(220,16): warning CS1573: Parameter 'PublishedBy' has no matching param tag in the XML comment for 'SupplierInvoiceReceivedEvent.SupplierInvoiceReceivedEvent(Guid, string, MessageType, string, string, IReadOnlyList<string>, Guid, Guid?, DateTimeOffset, bool, SupplierInvoiceReceivedEventPayload)' (but other parameters do) [B:\maliev\Maliev.MessagingContracts\generated\csharp\Maliev.MessagingContracts.csproj]
B:\maliev\Maliev.MessagingContracts\generated\csharp\Contracts\MessagingContracts.cs(221,58): warning CS1573: Parameter 'ConsumedBy' has no matching param tag in the XML comment for 'SupplierInvoiceReceivedEvent.SupplierInvoiceReceivedEvent(Guid, string, MessageType, string, string, IReadOnlyList<string>, Guid, Guid?, DateTimeOffset, bool, SupplierInvoiceReceivedEventPayload)' (but other parameters do) [B:\maliev\Maliev.MessagingContracts\generated\csharp\Maliev.MessagingContracts.csproj]
B:\maliev\Maliev.MessagingContracts\generated\csharp\Contracts\MessagingContracts.cs(222,21): warning CS1573: Parameter 'CorrelationId' has no matching param tag in the XML comment for 'SupplierInvoiceReceivedEvent.SupplierInvoiceReceivedEvent(Guid, string, MessageType, string, string, IReadOnlyList<string>, Guid, Guid?, DateTimeOffset, bool, SupplierInvoiceReceivedEventPayload)' (but other parameters do) [B:\maliev\Maliev.MessagingContracts\generated\csharp\Maliev.MessagingContracts.csproj]
B:\maliev\Maliev.MessagingContracts\generated\csharp\Contracts\MessagingContracts.cs(223,22): warning CS1573: Parameter 'CausationId' has no matching param tag in the XML comment for 'SupplierInvoiceReceivedEvent.SupplierInvoiceReceivedEvent(Guid, string, MessageType, string, string, IReadOnlyList<string>, Guid, Guid?, DateTimeOffset, bool, SupplierInvoiceReceivedEventPayload)' (but other parameters do) [B:\maliev\Maliev.MessagingContracts\generated\csharp\Maliev.MessagingContracts.csproj]
B:\maliev\Maliev.MessagingContracts\generated\csharp\Contracts\MessagingContracts.cs(224,31): warning CS1573: Parameter 'OccurredAtUtc' has no matching param tag in the XML comment for 'SupplierInvoiceReceivedEvent.SupplierInvoiceReceivedEvent(Guid, string, MessageType, string, string, IReadOnlyList<string>, Guid, Guid?, DateTimeOffset, bool, SupplierInvoiceReceivedEventPayload)' (but other parameters do) [B:\maliev\Maliev.MessagingContracts\generated\csharp\Maliev.MessagingContracts.csproj]
B:\maliev\Maliev.MessagingContracts\generated\csharp\Contracts\MessagingContracts.cs(225,14): warning CS1573: Parameter 'IsPublic' has no matching param tag in the XML comment for 'SupplierInvoiceReceivedEvent.SupplierInvoiceReceivedEvent(Guid, string, MessageType, string, string, IReadOnlyList<string>, Guid, Guid?, DateTimeOffset, bool, SupplierInvoiceReceivedEventPayload)' (but other parameters do) [B:\maliev\Maliev.MessagingContracts\generated\csharp\Maliev.MessagingContracts.csproj]
B:\maliev\Maliev.MessagingContracts\generated\csharp\Contracts\MessagingContracts.cs(259,21): warning CS1573: Parameter 'MessageId' has no matching param tag in the XML comment for 'PaymentRecordedEvent.PaymentRecordedEvent(Guid, string, MessageType, string, string, IReadOnlyList<string>, Guid, Guid?, DateTimeOffset, bool, PaymentRecordedEventPayload)' (but other parameters do) [B:\maliev\Maliev.MessagingContracts\generated\csharp\Maliev.MessagingContracts.csproj]
B:\maliev\Maliev.MessagingContracts\generated\csharp\Contracts\MessagingContracts.cs(260,16): warning CS1573: Parameter 'MessageName' has no matching param tag in the XML comment for 'PaymentRecordedEvent.PaymentRecordedEvent(Guid, string, MessageType, string, string, IReadOnlyList<string>, Guid, Guid?, DateTimeOffset, bool, PaymentRecordedEventPayload)' (but other parameters do) [B:\maliev\Maliev.MessagingContracts\generated\csharp\Maliev.MessagingContracts.csproj]
B:\maliev\Maliev.MessagingContracts\generated\csharp\Contracts\MessagingContracts.cs(261,21): warning CS1573: Parameter 'MessageType' has no matching param tag in the XML comment for 'PaymentRecordedEvent.PaymentRecordedEvent(Guid, string, MessageType, string, string, IReadOnlyList<string>, Guid, Guid?, DateTimeOffset, bool, PaymentRecordedEventPayload)' (but other parameters do) [B:\maliev\Maliev.MessagingContracts\generated\csharp\Maliev.MessagingContracts.csproj]
B:\maliev\Maliev.MessagingContracts\generated\csharp\Contracts\MessagingContracts.cs(262,16): warning CS1573: Parameter 'MessageVersion' has no matching param tag in the XML comment for 'PaymentRecordedEvent.PaymentRecordedEvent(Guid, string, MessageType, string, string, IReadOnlyList<string>, Guid, Guid?, DateTimeOffset, bool, PaymentRecordedEventPayload)' (but other parameters do) [B:\maliev\Maliev.MessagingContracts\generated\csharp\Maliev.MessagingContracts.csproj]
B:\maliev\Maliev.MessagingContracts\generated\csharp\Contracts\MessagingContracts.cs(263,16): warning CS1573: Parameter 'PublishedBy' has no matching param tag in the XML comment for 'PaymentRecordedEvent.PaymentRecordedEvent(Guid, string, MessageType, string, string, IReadOnlyList<string>, Guid, Guid?, DateTimeOffset, bool, PaymentRecordedEventPayload)' (but other parameters do) [B:\maliev\Maliev.MessagingContracts\generated\csharp\Maliev.MessagingContracts.csproj]
B:\maliev\Maliev.MessagingContracts\generated\csharp\Contracts\MessagingContracts.cs(264,58): warning CS1573: Parameter 'ConsumedBy' has no matching param tag in the XML comment for 'PaymentRecordedEvent.PaymentRecordedEvent(Guid, string, MessageType, string, string, IReadOnlyList<string>, Guid, Guid?, DateTimeOffset, bool, PaymentRecordedEventPayload)' (but other parameters do) [B:\maliev\Maliev.MessagingContracts\generated\csharp\Maliev.MessagingContracts.csproj]
B:\maliev\Maliev.MessagingContracts\generated\csharp\Contracts\MessagingContracts.cs(265,21): warning CS1573: Parameter 'CorrelationId' has no matching param tag in the XML comment for 'PaymentRecordedEvent.PaymentRecordedEvent(Guid, string, MessageType, string, string, IReadOnlyList<string>, Guid, Guid?, DateTimeOffset, bool, PaymentRecordedEventPayload)' (but other parameters do) [B:\maliev\Maliev.MessagingContracts\generated\csharp\Maliev.MessagingContracts.csproj]
B:\maliev\Maliev.MessagingContracts\generated\csharp\Contracts\MessagingContracts.cs(266,22): warning CS1573: Parameter 'CausationId' has no matching param tag in the XML comment for 'PaymentRecordedEvent.PaymentRecordedEvent(Guid, string, MessageType, string, string, IReadOnlyList<string>, Guid, Guid?, DateTimeOffset, bool, PaymentRecordedEventPayload)' (but other parameters do) [B:\maliev\Maliev.MessagingContracts\generated\csharp\Maliev.MessagingContracts.csproj]
B:\maliev\Maliev.MessagingContracts\generated\csharp\Contracts\MessagingContracts.cs(267,31): warning CS1573: Parameter 'OccurredAtUtc' has no matching param tag in the XML comment for 'PaymentRecordedEvent.PaymentRecordedEvent(Guid, string, MessageType, string, string, IReadOnlyList<string>, Guid, Guid?, DateTimeOffset, bool, PaymentRecordedEventPayload)' (but other parameters do) [B:\maliev\Maliev.MessagingContracts\generated\csharp\Maliev.MessagingContracts.csproj]
B:\maliev\Maliev.MessagingContracts\generated\csharp\Contracts\MessagingContracts.cs(268,14): warning CS1573: Parameter 'IsPublic' has no matching param tag in the XML comment for 'PaymentRecordedEvent.PaymentRecordedEvent(Guid, string, MessageType, string, string, IReadOnlyList<string>, Guid, Guid?, DateTimeOffset, bool, PaymentRecordedEventPayload)' (but other parameters do) [B:\maliev\Maliev.MessagingContracts\generated\csharp\Maliev.MessagingContracts.csproj]
B:\maliev\Maliev.MessagingContracts\generated\csharp\Contracts\MessagingContracts.cs(291,74): warning CS1573: Parameter 'LoggedInAt' has no matching param tag in the XML comment for 'UserLoggedInEventPayload.UserLoggedInEventPayload(string, string?, string, string?, string, DateTimeOffset)' (but other parameters do) [B:\maliev\Maliev.MessagingContracts\generated\csharp\Maliev.MessagingContracts.csproj]
B:\maliev\Maliev.MessagingContracts\generated\csharp\Contracts\MessagingContracts.cs(303,21): warning CS1573: Parameter 'MessageId' has no matching param tag in the XML comment for 'UserLoggedInEvent.UserLoggedInEvent(Guid, string, MessageType, string, string, IReadOnlyList<string>, Guid, Guid?, DateTimeOffset, bool, UserLoggedInEventPayload)' (but other parameters do) [B:\maliev\Maliev.MessagingContracts\generated\csharp\Maliev.MessagingContracts.csproj]
B:\maliev\Maliev.MessagingContracts\generated\csharp\Contracts\MessagingContracts.cs(304,16): warning CS1573: Parameter 'MessageName' has no matching param tag in the XML comment for 'UserLoggedInEvent.UserLoggedInEvent(Guid, string, MessageType, string, string, IReadOnlyList<string>, Guid, Guid?, DateTimeOffset, bool, UserLoggedInEventPayload)' (but other parameters do) [B:\maliev\Maliev.MessagingContracts\generated\csharp\Maliev.MessagingContracts.csproj]
B:\maliev\Maliev.MessagingContracts\generated\csharp\Contracts\MessagingContracts.cs(305,21): warning CS1573: Parameter 'MessageType' has no matching param tag in the XML comment for 'UserLoggedInEvent.UserLoggedInEvent(Guid, string, MessageType, string, string, IReadOnlyList<string>, Guid, Guid?, DateTimeOffset, bool, UserLoggedInEventPayload)' (but other parameters do) [B:\maliev\Maliev.MessagingContracts\generated\csharp\Maliev.MessagingContracts.csproj]
B:\maliev\Maliev.MessagingContracts\generated\csharp\Contracts\MessagingContracts.cs(306,16): warning CS1573: Parameter 'MessageVersion' has no matching param tag in the XML comment for 'UserLoggedInEvent.UserLoggedInEvent(Guid, string, MessageType, string, string, IReadOnlyList<string>, Guid, Guid?, DateTimeOffset, bool, UserLoggedInEventPayload)' (but other parameters do) [B:\maliev\Maliev.MessagingContracts\generated\csharp\Maliev.MessagingContracts.csproj]
B:\maliev\Maliev.MessagingContracts\generated\csharp\Contracts\MessagingContracts.cs(307,16): warning CS1573: Parameter 'PublishedBy' has no matching param tag in the XML comment for 'UserLoggedInEvent.UserLoggedInEvent(Guid, string, MessageType, string, string, IReadOnlyList<string>, Guid, Guid?, DateTimeOffset, bool, UserLoggedInEventPayload)' (but other parameters do) [B:\maliev\Maliev.MessagingContracts\generated\csharp\Maliev.MessagingContracts.csproj]
B:\maliev\Maliev.MessagingContracts\generated\csharp\Contracts\MessagingContracts.cs(308,58): warning CS1573: Parameter 'ConsumedBy' has no matching param tag in the XML comment for 'UserLoggedInEvent.UserLoggedInEvent(Guid, string, MessageType, string, string, IReadOnlyList<string>, Guid, Guid?, DateTimeOffset, bool, UserLoggedInEventPayload)' (but other parameters do) [B:\maliev\Maliev.MessagingContracts\generated\csharp\Maliev.MessagingContracts.csproj]
B:\maliev\Maliev.MessagingContracts\generated\csharp\Contracts\MessagingContracts.cs(309,21): warning CS1573: Parameter 'CorrelationId' has no matching param tag in the XML comment for 'UserLoggedInEvent.UserLoggedInEvent(Guid, string, MessageType, string, string, IReadOnlyList<string>, Guid, Guid?, DateTimeOffset, bool, UserLoggedInEventPayload)' (but other parameters do) [B:\maliev\Maliev.MessagingContracts\generated\csharp\Maliev.MessagingContracts.csproj]
B:\maliev\Maliev.MessagingContracts\generated\csharp\Contracts\MessagingContracts.cs(310,22): warning CS1573: Parameter 'CausationId' has no matching param tag in the XML comment for 'UserLoggedInEvent.UserLoggedInEvent(Guid, string, MessageType, string, string, IReadOnlyList<string>, Guid, Guid?, DateTimeOffset, bool, UserLoggedInEventPayload)' (but other parameters do) [B:\maliev\Maliev.MessagingContracts\generated\csharp\Maliev.MessagingContracts.csproj]
B:\maliev\Maliev.MessagingContracts\generated\csharp\Contracts\MessagingContracts.cs(311,31): warning CS1573: Parameter 'OccurredAtUtc' has no matching param tag in the XML comment for 'UserLoggedInEvent.UserLoggedInEvent(Guid, string, MessageType, string, string, IReadOnlyList<string>, Guid, Guid?, DateTimeOffset, bool, UserLoggedInEventPayload)' (but other parameters do) [B:\maliev\Maliev.MessagingContracts\generated\csharp\Maliev.MessagingContracts.csproj]
B:\maliev\Maliev.MessagingContracts\generated\csharp\Contracts\MessagingContracts.cs(312,14): warning CS1573: Parameter 'IsPublic' has no matching param tag in the XML comment for 'UserLoggedInEvent.UserLoggedInEvent(Guid, string, MessageType, string, string, IReadOnlyList<string>, Guid, Guid?, DateTimeOffset, bool, UserLoggedInEventPayload)' (but other parameters do) [B:\maliev\Maliev.MessagingContracts\generated\csharp\Maliev.MessagingContracts.csproj]
B:\maliev\Maliev.MessagingContracts\generated\csharp\Contracts\MessagingContracts.cs(327,57): warning CS1573: Parameter 'UserType' has no matching param tag in the XML comment for 'UserLoggedOutEventPayload.UserLoggedOutEventPayload(string, string, DateTimeOffset)' (but other parameters do) [B:\maliev\Maliev.MessagingContracts\generated\csharp\Maliev.MessagingContracts.csproj]
B:\maliev\Maliev.MessagingContracts\generated\csharp\Contracts\MessagingContracts.cs(328,75): warning CS1573: Parameter 'LoggedOutAt' has no matching param tag in the XML comment for 'UserLoggedOutEventPayload.UserLoggedOutEventPayload(string, string, DateTimeOffset)' (but other parameters do) [B:\maliev\Maliev.MessagingContracts\generated\csharp\Maliev.MessagingContracts.csproj]
B:\maliev\Maliev.MessagingContracts\generated\csharp\Contracts\MessagingContracts.cs(340,21): warning CS1573: Parameter 'MessageId' has no matching param tag in the XML comment for 'UserLoggedOutEvent.UserLoggedOutEvent(Guid, string, MessageType, string, string, IReadOnlyList<string>, Guid, Guid?, DateTimeOffset, bool, UserLoggedOutEventPayload)' (but other parameters do) [B:\maliev\Maliev.MessagingContracts\generated\csharp\Maliev.MessagingContracts.csproj]
B:\maliev\Maliev.MessagingContracts\generated\csharp\Contracts\MessagingContracts.cs(341,16): warning CS1573: Parameter 'MessageName' has no matching param tag in the XML comment for 'UserLoggedOutEvent.UserLoggedOutEvent(Guid, string, MessageType, string, string, IReadOnlyList<string>, Guid, Guid?, DateTimeOffset, bool, UserLoggedOutEventPayload)' (but other parameters do) [B:\maliev\Maliev.MessagingContracts\generated\csharp\Maliev.MessagingContracts.csproj]
B:\maliev\Maliev.MessagingContracts\generated\csharp\Contracts\MessagingContracts.cs(342,21): warning CS1573: Parameter 'MessageType' has no matching param tag in the XML comment for 'UserLoggedOutEvent.UserLoggedOutEvent(Guid, string, MessageType, string, string, IReadOnlyList<string>, Guid, Guid?, DateTimeOffset, bool, UserLoggedOutEventPayload)' (but other parameters do) [B:\maliev\Maliev.MessagingContracts\generated\csharp\Maliev.MessagingContracts.csproj]
B:\maliev\Maliev.MessagingContracts\generated\csharp\Contracts\MessagingContracts.cs(343,16): warning CS1573: Parameter 'MessageVersion' has no matching param tag in the XML comment for 'UserLoggedOutEvent.UserLoggedOutEvent(Guid, string, MessageType, string, string, IReadOnlyList<string>, Guid, Guid?, DateTimeOffset, bool, UserLoggedOutEventPayload)' (but other parameters do) [B:\maliev\Maliev.MessagingContracts\generated\csharp\Maliev.MessagingContracts.csproj]
B:\maliev\Maliev.MessagingContracts\generated\csharp\Contracts\MessagingContracts.cs(344,16): warning CS1573: Parameter 'PublishedBy' has no matching param tag in the XML comment for 'UserLoggedOutEvent.UserLoggedOutEvent(Guid, string, MessageType, string, string, IReadOnlyList<string>, Guid, Guid?, DateTimeOffset, bool, UserLoggedOutEventPayload)' (but other parameters do) [B:\maliev\Maliev.MessagingContracts\generated\csharp\Maliev.MessagingContracts.csproj]
B:\maliev\Maliev.MessagingContracts\generated\csharp\Contracts\MessagingContracts.cs(345,58): warning CS1573: Parameter 'ConsumedBy' has no matching param tag in the XML comment for 'UserLoggedOutEvent.UserLoggedOutEvent(Guid, string, MessageType, string, string, IReadOnlyList<string>, Guid, Guid?, DateTimeOffset, bool, UserLoggedOutEventPayload)' (but other parameters do) [B:\maliev\Maliev.MessagingContracts\generated\csharp\Maliev.MessagingContracts.csproj]
B:\maliev\Maliev.MessagingContracts\generated\csharp\Contracts\MessagingContracts.cs(346,21): warning CS1573: Parameter 'CorrelationId' has no matching param tag in the XML comment for 'UserLoggedOutEvent.UserLoggedOutEvent(Guid, string, MessageType, string, string, IReadOnlyList<string>, Guid, Guid?, DateTimeOffset, bool, UserLoggedOutEventPayload)' (but other parameters do) [B:\maliev\Maliev.MessagingContracts\generated\csharp\Maliev.MessagingContracts.csproj]
B:\maliev\Maliev.MessagingContracts\generated\csharp\Contracts\MessagingContracts.cs(347,22): warning CS1573: Parameter 'CausationId' has no matching param tag in the XML comment for 'UserLoggedOutEvent.UserLoggedOutEvent(Guid, string, MessageType, string, string, IReadOnlyList<string>, Guid, Guid?, DateTimeOffset, bool, UserLoggedOutEventPayload)' (but other parameters do) [B:\maliev\Maliev.MessagingContracts\generated\csharp\Maliev.MessagingContracts.csproj]
B:\maliev\Maliev.MessagingContracts\generated\csharp\Contracts\MessagingContracts.cs(348,31): warning CS1573: Parameter 'OccurredAtUtc' has no matching param tag in the XML comment for 'UserLoggedOutEvent.UserLoggedOutEvent(Guid, string, MessageType, string, string, IReadOnlyList<string>, Guid, Guid?, DateTimeOffset, bool, UserLoggedOutEventPayload)' (but other parameters do) [B:\maliev\Maliev.MessagingContracts\generated\csharp\Maliev.MessagingContracts.csproj]
B:\maliev\Maliev.MessagingContracts\generated\csharp\Contracts\MessagingContracts.cs(349,14): warning CS1573: Parameter 'IsPublic' has no matching param tag in the XML comment for 'UserLoggedOutEvent.UserLoggedOutEvent(Guid, string, MessageType, string, string, IReadOnlyList<string>, Guid, Guid?, DateTimeOffset, bool, UserLoggedOutEventPayload)' (but other parameters do) [B:\maliev\Maliev.MessagingContracts\generated\csharp\Maliev.MessagingContracts.csproj]
B:\maliev\Maliev.MessagingContracts\generated\csharp\Contracts\MessagingContracts.cs(372,75): warning CS1573: Parameter 'AttemptedAt' has no matching param tag in the XML comment for 'LoginFailedEventPayload.LoginFailedEventPayload(string, string?, string, string?, string, DateTimeOffset)' (but other parameters do) [B:\maliev\Maliev.MessagingContracts\generated\csharp\Maliev.MessagingContracts.csproj]
B:\maliev\Maliev.MessagingContracts\generated\csharp\Contracts\MessagingContracts.cs(384,21): warning CS1573: Parameter 'MessageId' has no matching param tag in the XML comment for 'LoginFailedEvent.LoginFailedEvent(Guid, string, MessageType, string, string, IReadOnlyList<string>, Guid, Guid?, DateTimeOffset, bool, LoginFailedEventPayload)' (but other parameters do) [B:\maliev\Maliev.MessagingContracts\generated\csharp\Maliev.MessagingContracts.csproj]
B:\maliev\Maliev.MessagingContracts\generated\csharp\Contracts\MessagingContracts.cs(385,16): warning CS1573: Parameter 'MessageName' has no matching param tag in the XML comment for 'LoginFailedEvent.LoginFailedEvent(Guid, string, MessageType, string, string, IReadOnlyList<string>, Guid, Guid?, DateTimeOffset, bool, LoginFailedEventPayload)' (but other parameters do) [B:\maliev\Maliev.MessagingContracts\generated\csharp\Maliev.MessagingContracts.csproj]
B:\maliev\Maliev.MessagingContracts\generated\csharp\Contracts\MessagingContracts.cs(386,21): warning CS1573: Parameter 'MessageType' has no matching param tag in the XML comment for 'LoginFailedEvent.LoginFailedEvent(Guid, string, MessageType, string, string, IReadOnlyList<string>, Guid, Guid?, DateTimeOffset, bool, LoginFailedEventPayload)' (but other parameters do) [B:\maliev\Maliev.MessagingContracts\generated\csharp\Maliev.MessagingContracts.csproj]
B:\maliev\Maliev.MessagingContracts\generated\csharp\Contracts\MessagingContracts.cs(387,16): warning CS1573: Parameter 'MessageVersion' has no matching param tag in the XML comment for 'LoginFailedEvent.LoginFailedEvent(Guid, string, MessageType, string, string, IReadOnlyList<string>, Guid, Guid?, DateTimeOffset, bool, LoginFailedEventPayload)' (but other parameters do) [B:\maliev\Maliev.MessagingContracts\generated\csharp\Maliev.MessagingContracts.csproj]
B:\maliev\Maliev.MessagingContracts\generated\csharp\Contracts\MessagingContracts.cs(388,16): warning CS1573: Parameter 'PublishedBy' has no matching param tag in the XML comment for 'LoginFailedEvent.LoginFailedEvent(Guid, string, MessageType, string, string, IReadOnlyList<string>, Guid, Guid?, DateTimeOffset, bool, LoginFailedEventPayload)' (but other parameters do) [B:\maliev\Maliev.MessagingContracts\generated\csharp\Maliev.MessagingContracts.csproj]
B:\maliev\Maliev.MessagingContracts\generated\csharp\Contracts\MessagingContracts.cs(389,58): warning CS1573: Parameter 'ConsumedBy' has no matching param tag in the XML comment for 'LoginFailedEvent.LoginFailedEvent(Guid, string, MessageType, string, string, IReadOnlyList<string>, Guid, Guid?, DateTimeOffset, bool, LoginFailedEventPayload)' (but other parameters do) [B:\maliev\Maliev.MessagingContracts\generated\csharp\Maliev.MessagingContracts.csproj]
B:\maliev\Maliev.MessagingContracts\generated\csharp\Contracts\MessagingContracts.cs(390,21): warning CS1573: Parameter 'CorrelationId' has no matching param tag in the XML comment for 'LoginFailedEvent.LoginFailedEvent(Guid, string, MessageType, string, string, IReadOnlyList<string>, Guid, Guid?, DateTimeOffset, bool, LoginFailedEventPayload)' (but other parameters do) [B:\maliev\Maliev.MessagingContracts\generated\csharp\Maliev.MessagingContracts.csproj]
B:\maliev\Maliev.MessagingContracts\generated\csharp\Contracts\MessagingContracts.cs(391,22): warning CS1573: Parameter 'CausationId' has no matching param tag in the XML comment for 'LoginFailedEvent.LoginFailedEvent(Guid, string, MessageType, string, string, IReadOnlyList<string>, Guid, Guid?, DateTimeOffset, bool, LoginFailedEventPayload)' (but other parameters do) [B:\maliev\Maliev.MessagingContracts\generated\csharp\Maliev.MessagingContracts.csproj]
B:\maliev\Maliev.MessagingContracts\generated\csharp\Contracts\MessagingContracts.cs(392,31): warning CS1573: Parameter 'OccurredAtUtc' has no matching param tag in the XML comment for 'LoginFailedEvent.LoginFailedEvent(Guid, string, MessageType, string, string, IReadOnlyList<string>, Guid, Guid?, DateTimeOffset, bool, LoginFailedEventPayload)' (but other parameters do) [B:\maliev\Maliev.MessagingContracts\generated\csharp\Maliev.MessagingContracts.csproj]
B:\maliev\Maliev.MessagingContracts\generated\csharp\Contracts\MessagingContracts.cs(393,14): warning CS1573: Parameter 'IsPublic' has no matching param tag in the XML comment for 'LoginFailedEvent.LoginFailedEvent(Guid, string, MessageType, string, string, IReadOnlyList<string>, Guid, Guid?, DateTimeOffset, bool, LoginFailedEventPayload)' (but other parameters do) [B:\maliev\Maliev.MessagingContracts\generated\csharp\Maliev.MessagingContracts.csproj]
B:\maliev\Maliev.MessagingContracts\generated\csharp\Contracts\MessagingContracts.cs(408,57): warning CS1573: Parameter 'UserType' has no matching param tag in the XML comment for 'UserAccountLockedEventPayload.UserAccountLockedEventPayload(string, string, int, DateTimeOffset, DateTimeOffset)' (but other parameters do) [B:\maliev\Maliev.MessagingContracts\generated\csharp\Maliev.MessagingContracts.csproj]
B:\maliev\Maliev.MessagingContracts\generated\csharp\Contracts\MessagingContracts.cs(409,64): warning CS1573: Parameter 'FailedAttemptCount' has no matching param tag in the XML comment for 'UserAccountLockedEventPayload.UserAccountLockedEventPayload(string, string, int, DateTimeOffset, DateTimeOffset)' (but other parameters do) [B:\maliev\Maliev.MessagingContracts\generated\csharp\Maliev.MessagingContracts.csproj]
B:\maliev\Maliev.MessagingContracts\generated\csharp\Contracts\MessagingContracts.cs(410,75): warning CS1573: Parameter 'LockedUntil' has no matching param tag in the XML comment for 'UserAccountLockedEventPayload.UserAccountLockedEventPayload(string, string, int, DateTimeOffset, DateTimeOffset)' (but other parameters do) [B:\maliev\Maliev.MessagingContracts\generated\csharp\Maliev.MessagingContracts.csproj]
B:\maliev\Maliev.MessagingContracts\generated\csharp\Contracts\MessagingContracts.cs(411,72): warning CS1573: Parameter 'LockedAt' has no matching param tag in the XML comment for 'UserAccountLockedEventPayload.UserAccountLockedEventPayload(string, string, int, DateTimeOffset, DateTimeOffset)' (but other parameters do) [B:\maliev\Maliev.MessagingContracts\generated\csharp\Maliev.MessagingContracts.csproj]
B:\maliev\Maliev.MessagingContracts\generated\csharp\Contracts\MessagingContracts.cs(423,21): warning CS1573: Parameter 'MessageId' has no matching param tag in the XML comment for 'UserAccountLockedEvent.UserAccountLockedEvent(Guid, string, MessageType, string, string, IReadOnlyList<string>, Guid, Guid?, DateTimeOffset, bool, UserAccountLockedEventPayload)' (but other parameters do) [B:\maliev\Maliev.MessagingContracts\generated\csharp\Maliev.MessagingContracts.csproj]
B:\maliev\Maliev.MessagingContracts\generated\csharp\Contracts\MessagingContracts.cs(424,16): warning CS1573: Parameter 'MessageName' has no matching param tag in the XML comment for 'UserAccountLockedEvent.UserAccountLockedEvent(Guid, string, MessageType, string, string, IReadOnlyList<string>, Guid, Guid?, DateTimeOffset, bool, UserAccountLockedEventPayload)' (but other parameters do) [B:\maliev\Maliev.MessagingContracts\generated\csharp\Maliev.MessagingContracts.csproj]
B:\maliev\Maliev.MessagingContracts\generated\csharp\Contracts\MessagingContracts.cs(425,21): warning CS1573: Parameter 'MessageType' has no matching param tag in the XML comment for 'UserAccountLockedEvent.UserAccountLockedEvent(Guid, string, MessageType, string, string, IReadOnlyList<string>, Guid, Guid?, DateTimeOffset, bool, UserAccountLockedEventPayload)' (but other parameters do) [B:\maliev\Maliev.MessagingContracts\generated\csharp\Maliev.MessagingContracts.csproj]
B:\maliev\Maliev.MessagingContracts\generated\csharp\Contracts\MessagingContracts.cs(426,16): warning CS1573: Parameter 'MessageVersion' has no matching param tag in the XML comment for 'UserAccountLockedEvent.UserAccountLockedEvent(Guid, string, MessageType, string, string, IReadOnlyList<string>, Guid, Guid?, DateTimeOffset, bool, UserAccountLockedEventPayload)' (but other parameters do) [B:\maliev\Maliev.MessagingContracts\generated\csharp\Maliev.MessagingContracts.csproj]
B:\maliev\Maliev.MessagingContracts\generated\csharp\Contracts\MessagingContracts.cs(427,16): warning CS1573: Parameter 'PublishedBy' has no matching param tag in the XML comment for 'UserAccountLockedEvent.UserAccountLockedEvent(Guid, string, MessageType, string, string, IReadOnlyList<string>, Guid, Guid?, DateTimeOffset, bool, UserAccountLockedEventPayload)' (but other parameters do) [B:\maliev\Maliev.MessagingContracts\generated\csharp\Maliev.MessagingContracts.csproj]
B:\maliev\Maliev.MessagingContracts\generated\csharp\Contracts\MessagingContracts.cs(428,58): warning CS1573: Parameter 'ConsumedBy' has no matching param tag in the XML comment for 'UserAccountLockedEvent.UserAccountLockedEvent(Guid, string, MessageType, string, string, IReadOnlyList<string>, Guid, Guid?, DateTimeOffset, bool, UserAccountLockedEventPayload)' (but other parameters do) [B:\maliev\Maliev.MessagingContracts\generated\csharp\Maliev.MessagingContracts.csproj]
B:\maliev\Maliev.MessagingContracts\generated\csharp\Contracts\MessagingContracts.cs(429,21): warning CS1573: Parameter 'CorrelationId' has no matching param tag in the XML comment for 'UserAccountLockedEvent.UserAccountLockedEvent(Guid, string, MessageType, string, string, IReadOnlyList<string>, Guid, Guid?, DateTimeOffset, bool, UserAccountLockedEventPayload)' (but other parameters do) [B:\maliev\Maliev.MessagingContracts\generated\csharp\Maliev.MessagingContracts.csproj]
B:\maliev\Maliev.MessagingContracts\generated\csharp\Contracts\MessagingContracts.cs(430,22): warning CS1573: Parameter 'CausationId' has no matching param tag in the XML comment for 'UserAccountLockedEvent.UserAccountLockedEvent(Guid, string, MessageType, string, string, IReadOnlyList<string>, Guid, Guid?, DateTimeOffset, bool, UserAccountLockedEventPayload)' (but other parameters do) [B:\maliev\Maliev.MessagingContracts\generated\csharp\Maliev.MessagingContracts.csproj]
B:\maliev\Maliev.MessagingContracts\generated\csharp\Contracts\MessagingContracts.cs(431,31): warning CS1573: Parameter 'OccurredAtUtc' has no matching param tag in the XML comment for 'UserAccountLockedEvent.UserAccountLockedEvent(Guid, string, MessageType, string, string, IReadOnlyList<string>, Guid, Guid?, DateTimeOffset, bool, UserAccountLockedEventPayload)' (but other parameters do) [B:\maliev\Maliev.MessagingContracts\generated\csharp\Maliev.MessagingContracts.csproj]
B:\maliev\Maliev.MessagingContracts\generated\csharp\Contracts\MessagingContracts.cs(432,14): warning CS1573: Parameter 'IsPublic' has no matching param tag in the XML comment for 'UserAccountLockedEvent.UserAccountLockedEvent(Guid, string, MessageType, string, string, IReadOnlyList<string>, Guid, Guid?, DateTimeOffset, bool, UserAccountLockedEventPayload)' (but other parameters do) [B:\maliev\Maliev.MessagingContracts\generated\csharp\Maliev.MessagingContracts.csproj]
B:\maliev\Maliev.MessagingContracts\generated\csharp\Contracts\MessagingContracts.cs(448,57): warning CS1573: Parameter 'UserType' has no matching param tag in the XML comment for 'RefreshTokenRevokedEventPayload.RefreshTokenRevokedEventPayload(string, string, string, string, DateTimeOffset)' (but other parameters do) [B:\maliev\Maliev.MessagingContracts\generated\csharp\Maliev.MessagingContracts.csproj]
B:\maliev\Maliev.MessagingContracts\generated\csharp\Contracts\MessagingContracts.cs(450,65): warning CS1573: Parameter 'RevocationReason' has no matching param tag in the XML comment for 'RefreshTokenRevokedEventPayload.RefreshTokenRevokedEventPayload(string, string, string, string, DateTimeOffset)' (but other parameters do) [B:\maliev\Maliev.MessagingContracts\generated\csharp\Maliev.MessagingContracts.csproj]
B:\maliev\Maliev.MessagingContracts\generated\csharp\Contracts\MessagingContracts.cs(451,73): warning CS1573: Parameter 'RevokedAt' has no matching param tag in the XML comment for 'RefreshTokenRevokedEventPayload.RefreshTokenRevokedEventPayload(string, string, string, string, DateTimeOffset)' (but other parameters do) [B:\maliev\Maliev.MessagingContracts\generated\csharp\Maliev.MessagingContracts.csproj]
B:\maliev\Maliev.MessagingContracts\generated\csharp\Contracts\MessagingContracts.cs(463,21): warning CS1573: Parameter 'MessageId' has no matching param tag in the XML comment for 'RefreshTokenRevokedEvent.RefreshTokenRevokedEvent(Guid, string, MessageType, string, string, IReadOnlyList<string>, Guid, Guid?, DateTimeOffset, bool, RefreshTokenRevokedEventPayload)' (but other parameters do) [B:\maliev\Maliev.MessagingContracts\generated\csharp\Maliev.MessagingContracts.csproj]
B:\maliev\Maliev.MessagingContracts\generated\csharp\Contracts\MessagingContracts.cs(464,16): warning CS1573: Parameter 'MessageName' has no matching param tag in the XML comment for 'RefreshTokenRevokedEvent.RefreshTokenRevokedEvent(Guid, string, MessageType, string, string, IReadOnlyList<string>, Guid, Guid?, DateTimeOffset, bool, RefreshTokenRevokedEventPayload)' (but other parameters do) [B:\maliev\Maliev.MessagingContracts\generated\csharp\Maliev.MessagingContracts.csproj]
B:\maliev\Maliev.MessagingContracts\generated\csharp\Contracts\MessagingContracts.cs(465,21): warning CS1573: Parameter 'MessageType' has no matching param tag in the XML comment for 'RefreshTokenRevokedEvent.RefreshTokenRevokedEvent(Guid, string, MessageType, string, string, IReadOnlyList<string>, Guid, Guid?, DateTimeOffset, bool, RefreshTokenRevokedEventPayload)' (but other parameters do) [B:\maliev\Maliev.MessagingContracts\generated\csharp\Maliev.MessagingContracts.csproj]
B:\maliev\Maliev.MessagingContracts\generated\csharp\Contracts\MessagingContracts.cs(466,16): warning CS1573: Parameter 'MessageVersion' has no matching param tag in the XML comment for 'RefreshTokenRevokedEvent.RefreshTokenRevokedEvent(Guid, string, MessageType, string, string, IReadOnlyList<string>, Guid, Guid?, DateTimeOffset, bool, RefreshTokenRevokedEventPayload)' (but other parameters do) [B:\maliev\Maliev.MessagingContracts\generated\csharp\Maliev.MessagingContracts.csproj]
B:\maliev\Maliev.MessagingContracts\generated\csharp\Contracts\MessagingContracts.cs(467,16): warning CS1573: Parameter 'PublishedBy' has no matching param tag in the XML comment for 'RefreshTokenRevokedEvent.RefreshTokenRevokedEvent(Guid, string, MessageType, string, string, IReadOnlyList<string>, Guid, Guid?, DateTimeOffset, bool, RefreshTokenRevokedEventPayload)' (but other parameters do) [B:\maliev\Maliev.MessagingContracts\generated\csharp\Maliev.MessagingContracts.csproj]
B:\maliev\Maliev.MessagingContracts\generated\csharp\Contracts\MessagingContracts.cs(468,58): warning CS1573: Parameter 'ConsumedBy' has no matching param tag in the XML comment for 'RefreshTokenRevokedEvent.RefreshTokenRevokedEvent(Guid, string, MessageType, string, string, IReadOnlyList<string>, Guid, Guid?, DateTimeOffset, bool, RefreshTokenRevokedEventPayload)' (but other parameters do) [B:\maliev\Maliev.MessagingContracts\generated\csharp\Maliev.MessagingContracts.csproj]
B:\maliev\Maliev.MessagingContracts\generated\csharp\Contracts\MessagingContracts.cs(469,21): warning CS1573: Parameter 'CorrelationId' has no matching param tag in the XML comment for 'RefreshTokenRevokedEvent.RefreshTokenRevokedEvent(Guid, string, MessageType, string, string, IReadOnlyList<string>, Guid, Guid?, DateTimeOffset, bool, RefreshTokenRevokedEventPayload)' (but other parameters do) [B:\maliev\Maliev.MessagingContracts\generated\csharp\Maliev.MessagingContracts.csproj]
B:\maliev\Maliev.MessagingContracts\generated\csharp\Contracts\MessagingContracts.cs(470,22): warning CS1573: Parameter 'CausationId' has no matching param tag in the XML comment for 'RefreshTokenRevokedEvent.RefreshTokenRevokedEvent(Guid, string, MessageType, string, string, IReadOnlyList<string>, Guid, Guid?, DateTimeOffset, bool, RefreshTokenRevokedEventPayload)' (but other parameters do) [B:\maliev\Maliev.MessagingContracts\generated\csharp\Maliev.MessagingContracts.csproj]
B:\maliev\Maliev.MessagingContracts\generated\csharp\Contracts\MessagingContracts.cs(471,31): warning CS1573: Parameter 'OccurredAtUtc' has no matching param tag in the XML comment for 'RefreshTokenRevokedEvent.RefreshTokenRevokedEvent(Guid, string, MessageType, string, string, IReadOnlyList<string>, Guid, Guid?, DateTimeOffset, bool, RefreshTokenRevokedEventPayload)' (but other parameters do) [B:\maliev\Maliev.MessagingContracts\generated\csharp\Maliev.MessagingContracts.csproj]
B:\maliev\Maliev.MessagingContracts\generated\csharp\Contracts\MessagingContracts.cs(472,14): warning CS1573: Parameter 'IsPublic' has no matching param tag in the XML comment for 'RefreshTokenRevokedEvent.RefreshTokenRevokedEvent(Guid, string, MessageType, string, string, IReadOnlyList<string>, Guid, Guid?, DateTimeOffset, bool, RefreshTokenRevokedEventPayload)' (but other parameters do) [B:\maliev\Maliev.MessagingContracts\generated\csharp\Maliev.MessagingContracts.csproj]
B:\maliev\Maliev.MessagingContracts\generated\csharp\Contracts\MessagingContracts.cs(495,74): warning CS1573: Parameter 'DetectedAt' has no matching param tag in the XML comment for 'SuspiciousActivityDetectedEventPayload.SuspiciousActivityDetectedEventPayload(string?, string?, string, string?, string?, DateTimeOffset)' (but other parameters do) [B:\maliev\Maliev.MessagingContracts\generated\csharp\Maliev.MessagingContracts.csproj]
B:\maliev\Maliev.MessagingContracts\generated\csharp\Contracts\MessagingContracts.cs(507,21): warning CS1573: Parameter 'MessageId' has no matching param tag in the XML comment for 'SuspiciousActivityDetectedEvent.SuspiciousActivityDetectedEvent(Guid, string, MessageType, string, string, IReadOnlyList<string>, Guid, Guid?, DateTimeOffset, bool, SuspiciousActivityDetectedEventPayload)' (but other parameters do) [B:\maliev\Maliev.MessagingContracts\generated\csharp\Maliev.MessagingContracts.csproj]
B:\maliev\Maliev.MessagingContracts\generated\csharp\Contracts\MessagingContracts.cs(508,16): warning CS1573: Parameter 'MessageName' has no matching param tag in the XML comment for 'SuspiciousActivityDetectedEvent.SuspiciousActivityDetectedEvent(Guid, string, MessageType, string, string, IReadOnlyList<string>, Guid, Guid?, DateTimeOffset, bool, SuspiciousActivityDetectedEventPayload)' (but other parameters do) [B:\maliev\Maliev.MessagingContracts\generated\csharp\Maliev.MessagingContracts.csproj]
B:\maliev\Maliev.MessagingContracts\generated\csharp\Contracts\MessagingContracts.cs(509,21): warning CS1573: Parameter 'MessageType' has no matching param tag in the XML comment for 'SuspiciousActivityDetectedEvent.SuspiciousActivityDetectedEvent(Guid, string, MessageType, string, string, IReadOnlyList<string>, Guid, Guid?, DateTimeOffset, bool, SuspiciousActivityDetectedEventPayload)' (but other parameters do) [B:\maliev\Maliev.MessagingContracts\generated\csharp\Maliev.MessagingContracts.csproj]
B:\maliev\Maliev.MessagingContracts\generated\csharp\Contracts\MessagingContracts.cs(510,16): warning CS1573: Parameter 'MessageVersion' has no matching param tag in the XML comment for 'SuspiciousActivityDetectedEvent.SuspiciousActivityDetectedEvent(Guid, string, MessageType, string, string, IReadOnlyList<string>, Guid, Guid?, DateTimeOffset, bool, SuspiciousActivityDetectedEventPayload)' (but other parameters do) [B:\maliev\Maliev.MessagingContracts\generated\csharp\Maliev.MessagingContracts.csproj]
B:\maliev\Maliev.MessagingContracts\generated\csharp\Contracts\MessagingContracts.cs(511,16): warning CS1573: Parameter 'PublishedBy' has no matching param tag in the XML comment for 'SuspiciousActivityDetectedEvent.SuspiciousActivityDetectedEvent(Guid, string, MessageType, string, string, IReadOnlyList<string>, Guid, Guid?, DateTimeOffset, bool, SuspiciousActivityDetectedEventPayload)' (but other parameters do) [B:\maliev\Maliev.MessagingContracts\generated\csharp\Maliev.MessagingContracts.csproj]
B:\maliev\Maliev.MessagingContracts\generated\csharp\Contracts\MessagingContracts.cs(512,58): warning CS1573: Parameter 'ConsumedBy' has no matching param tag in the XML comment for 'SuspiciousActivityDetectedEvent.SuspiciousActivityDetectedEvent(Guid, string, MessageType, string, string, IReadOnlyList<string>, Guid, Guid?, DateTimeOffset, bool, SuspiciousActivityDetectedEventPayload)' (but other parameters do) [B:\maliev\Maliev.MessagingContracts\generated\csharp\Maliev.MessagingContracts.csproj]
B:\maliev\Maliev.MessagingContracts\generated\csharp\Contracts\MessagingContracts.cs(513,21): warning CS1573: Parameter 'CorrelationId' has no matching param tag in the XML comment for 'SuspiciousActivityDetectedEvent.SuspiciousActivityDetectedEvent(Guid, string, MessageType, string, string, IReadOnlyList<string>, Guid, Guid?, DateTimeOffset, bool, SuspiciousActivityDetectedEventPayload)' (but other parameters do) [B:\maliev\Maliev.MessagingContracts\generated\csharp\Maliev.MessagingContracts.csproj]
B:\maliev\Maliev.MessagingContracts\generated\csharp\Contracts\MessagingContracts.cs(514,22): warning CS1573: Parameter 'CausationId' has no matching param tag in the XML comment for 'SuspiciousActivityDetectedEvent.SuspiciousActivityDetectedEvent(Guid, string, MessageType, string, string, IReadOnlyList<string>, Guid, Guid?, DateTimeOffset, bool, SuspiciousActivityDetectedEventPayload)' (but other parameters do) [B:\maliev\Maliev.MessagingContracts\generated\csharp\Maliev.MessagingContracts.csproj]
B:\maliev\Maliev.MessagingContracts\generated\csharp\Contracts\MessagingContracts.cs(515,31): warning CS1573: Parameter 'OccurredAtUtc' has no matching param tag in the XML comment for 'SuspiciousActivityDetectedEvent.SuspiciousActivityDetectedEvent(Guid, string, MessageType, string, string, IReadOnlyList<string>, Guid, Guid?, DateTimeOffset, bool, SuspiciousActivityDetectedEventPayload)' (but other parameters do) [B:\maliev\Maliev.MessagingContracts\generated\csharp\Maliev.MessagingContracts.csproj]
B:\maliev\Maliev.MessagingContracts\generated\csharp\Contracts\MessagingContracts.cs(516,14): warning CS1573: Parameter 'IsPublic' has no matching param tag in the XML comment for 'SuspiciousActivityDetectedEvent.SuspiciousActivityDetectedEvent(Guid, string, MessageType, string, string, IReadOnlyList<string>, Guid, Guid?, DateTimeOffset, bool, SuspiciousActivityDetectedEventPayload)' (but other parameters do) [B:\maliev\Maliev.MessagingContracts\generated\csharp\Maliev.MessagingContracts.csproj]
B:\maliev\Maliev.MessagingContracts\generated\csharp\Contracts\MessagingContracts.cs(533,73): warning CS1573: Parameter 'RevokedAt' has no matching param tag in the XML comment for 'AccessTokenRevokedEventPayload.AccessTokenRevokedEventPayload(string, string, DateTimeOffset)' (but other parameters do) [B:\maliev\Maliev.MessagingContracts\generated\csharp\Maliev.MessagingContracts.csproj]
B:\maliev\Maliev.MessagingContracts\generated\csharp\Contracts\MessagingContracts.cs(545,21): warning CS1573: Parameter 'MessageId' has no matching param tag in the XML comment for 'AccessTokenRevokedEvent.AccessTokenRevokedEvent(Guid, string, MessageType, string, string, IReadOnlyList<string>, Guid, Guid?, DateTimeOffset, bool, AccessTokenRevokedEventPayload)' (but other parameters do) [B:\maliev\Maliev.MessagingContracts\generated\csharp\Maliev.MessagingContracts.csproj]
B:\maliev\Maliev.MessagingContracts\generated\csharp\Contracts\MessagingContracts.cs(546,16): warning CS1573: Parameter 'MessageName' has no matching param tag in the XML comment for 'AccessTokenRevokedEvent.AccessTokenRevokedEvent(Guid, string, MessageType, string, string, IReadOnlyList<string>, Guid, Guid?, DateTimeOffset, bool, AccessTokenRevokedEventPayload)' (but other parameters do) [B:\maliev\Maliev.MessagingContracts\generated\csharp\Maliev.MessagingContracts.csproj]
B:\maliev\Maliev.MessagingContracts\generated\csharp\Contracts\MessagingContracts.cs(547,21): warning CS1573: Parameter 'MessageType' has no matching param tag in the XML comment for 'AccessTokenRevokedEvent.AccessTokenRevokedEvent(Guid, string, MessageType, string, string, IReadOnlyList<string>, Guid, Guid?, DateTimeOffset, bool, AccessTokenRevokedEventPayload)' (but other parameters do) [B:\maliev\Maliev.MessagingContracts\generated\csharp\Maliev.MessagingContracts.csproj]
B:\maliev\Maliev.MessagingContracts\generated\csharp\Contracts\MessagingContracts.cs(548,16): warning CS1573: Parameter 'MessageVersion' has no matching param tag in the XML comment for 'AccessTokenRevokedEvent.AccessTokenRevokedEvent(Guid, string, MessageType, string, string, IReadOnlyList<string>, Guid, Guid?, DateTimeOffset, bool, AccessTokenRevokedEventPayload)' (but other parameters do) [B:\maliev\Maliev.MessagingContracts\generated\csharp\Maliev.MessagingContracts.csproj]
B:\maliev\Maliev.MessagingContracts\generated\csharp\Contracts\MessagingContracts.cs(549,16): warning CS1573: Parameter 'PublishedBy' has no matching param tag in the XML comment for 'AccessTokenRevokedEvent.AccessTokenRevokedEvent(Guid, string, MessageType, string, string, IReadOnlyList<string>, Guid, Guid?, DateTimeOffset, bool, AccessTokenRevokedEventPayload)' (but other parameters do) [B:\maliev\Maliev.MessagingContracts\generated\csharp\Maliev.MessagingContracts.csproj]
B:\maliev\Maliev.MessagingContracts\generated\csharp\Contracts\MessagingContracts.cs(550,58): warning CS1573: Parameter 'ConsumedBy' has no matching param tag in the XML comment for 'AccessTokenRevokedEvent.AccessTokenRevokedEvent(Guid, string, MessageType, string, string, IReadOnlyList<string>, Guid, Guid?, DateTimeOffset, bool, AccessTokenRevokedEventPayload)' (but other parameters do) [B:\maliev\Maliev.MessagingContracts\generated\csharp\Maliev.MessagingContracts.csproj]
B:\maliev\Maliev.MessagingContracts\generated\csharp\Contracts\MessagingContracts.cs(551,21): warning CS1573: Parameter 'CorrelationId' has no matching param tag in the XML comment for 'AccessTokenRevokedEvent.AccessTokenRevokedEvent(Guid, string, MessageType, string, string, IReadOnlyList<string>, Guid, Guid?, DateTimeOffset, bool, AccessTokenRevokedEventPayload)' (but other parameters do) [B:\maliev\Maliev.MessagingContracts\generated\csharp\Maliev.MessagingContracts.csproj]
B:\maliev\Maliev.MessagingContracts\generated\csharp\Contracts\MessagingContracts.cs(552,22): warning CS1573: Parameter 'CausationId' has no matching param tag in the XML comment for 'AccessTokenRevokedEvent.AccessTokenRevokedEvent(Guid, string, MessageType, string, string, IReadOnlyList<string>, Guid, Guid?, DateTimeOffset, bool, AccessTokenRevokedEventPayload)' (but other parameters do) [B:\maliev\Maliev.MessagingContracts\generated\csharp\Maliev.MessagingContracts.csproj]
B:\maliev\Maliev.MessagingContracts\generated\csharp\Contracts\MessagingContracts.cs(553,31): warning CS1573: Parameter 'OccurredAtUtc' has no matching param tag in the XML comment for 'AccessTokenRevokedEvent.AccessTokenRevokedEvent(Guid, string, MessageType, string, string, IReadOnlyList<string>, Guid, Guid?, DateTimeOffset, bool, AccessTokenRevokedEventPayload)' (but other parameters do) [B:\maliev\Maliev.MessagingContracts\generated\csharp\Maliev.MessagingContracts.csproj]
B:\maliev\Maliev.MessagingContracts\generated\csharp\Contracts\MessagingContracts.cs(554,14): warning CS1573: Parameter 'IsPublic' has no matching param tag in the XML comment for 'AccessTokenRevokedEvent.AccessTokenRevokedEvent(Guid, string, MessageType, string, string, IReadOnlyList<string>, Guid, Guid?, DateTimeOffset, bool, AccessTokenRevokedEventPayload)' (but other parameters do) [B:\maliev\Maliev.MessagingContracts\generated\csharp\Maliev.MessagingContracts.csproj]
B:\maliev\Maliev.MessagingContracts\generated\csharp\Contracts\MessagingContracts.cs(582,21): warning CS1573: Parameter 'MessageId' has no matching param tag in the XML comment for 'TrainingEnrolledEvent.TrainingEnrolledEvent(Guid, string, MessageType, string, string, IReadOnlyList<string>, Guid, Guid?, DateTimeOffset, bool, TrainingEnrolledEventPayload)' (but other parameters do) [B:\maliev\Maliev.MessagingContracts\generated\csharp\Maliev.MessagingContracts.csproj]
B:\maliev\Maliev.MessagingContracts\generated\csharp\Contracts\MessagingContracts.cs(583,16): warning CS1573: Parameter 'MessageName' has no matching param tag in the XML comment for 'TrainingEnrolledEvent.TrainingEnrolledEvent(Guid, string, MessageType, string, string, IReadOnlyList<string>, Guid, Guid?, DateTimeOffset, bool, TrainingEnrolledEventPayload)' (but other parameters do) [B:\maliev\Maliev.MessagingContracts\generated\csharp\Maliev.MessagingContracts.csproj]
B:\maliev\Maliev.MessagingContracts\generated\csharp\Contracts\MessagingContracts.cs(584,21): warning CS1573: Parameter 'MessageType' has no matching param tag in the XML comment for 'TrainingEnrolledEvent.TrainingEnrolledEvent(Guid, string, MessageType, string, string, IReadOnlyList<string>, Guid, Guid?, DateTimeOffset, bool, TrainingEnrolledEventPayload)' (but other parameters do) [B:\maliev\Maliev.MessagingContracts\generated\csharp\Maliev.MessagingContracts.csproj]
B:\maliev\Maliev.MessagingContracts\generated\csharp\Contracts\MessagingContracts.cs(585,16): warning CS1573: Parameter 'MessageVersion' has no matching param tag in the XML comment for 'TrainingEnrolledEvent.TrainingEnrolledEvent(Guid, string, MessageType, string, string, IReadOnlyList<string>, Guid, Guid?, DateTimeOffset, bool, TrainingEnrolledEventPayload)' (but other parameters do) [B:\maliev\Maliev.MessagingContracts\generated\csharp\Maliev.MessagingContracts.csproj]
B:\maliev\Maliev.MessagingContracts\generated\csharp\Contracts\MessagingContracts.cs(586,16): warning CS1573: Parameter 'PublishedBy' has no matching param tag in the XML comment for 'TrainingEnrolledEvent.TrainingEnrolledEvent(Guid, string, MessageType, string, string, IReadOnlyList<string>, Guid, Guid?, DateTimeOffset, bool, TrainingEnrolledEventPayload)' (but other parameters do) [B:\maliev\Maliev.MessagingContracts\generated\csharp\Maliev.MessagingContracts.csproj]
B:\maliev\Maliev.MessagingContracts\generated\csharp\Contracts\MessagingContracts.cs(587,58): warning CS1573: Parameter 'ConsumedBy' has no matching param tag in the XML comment for 'TrainingEnrolledEvent.TrainingEnrolledEvent(Guid, string, MessageType, string, string, IReadOnlyList<string>, Guid, Guid?, DateTimeOffset, bool, TrainingEnrolledEventPayload)' (but other parameters do) [B:\maliev\Maliev.MessagingContracts\generated\csharp\Maliev.MessagingContracts.csproj]
B:\maliev\Maliev.MessagingContracts\generated\csharp\Contracts\MessagingContracts.cs(588,21): warning CS1573: Parameter 'CorrelationId' has no matching param tag in the XML comment for 'TrainingEnrolledEvent.TrainingEnrolledEvent(Guid, string, MessageType, string, string, IReadOnlyList<string>, Guid, Guid?, DateTimeOffset, bool, TrainingEnrolledEventPayload)' (but other parameters do) [B:\maliev\Maliev.MessagingContracts\generated\csharp\Maliev.MessagingContracts.csproj]
B:\maliev\Maliev.MessagingContracts\generated\csharp\Contracts\MessagingContracts.cs(589,22): warning CS1573: Parameter 'CausationId' has no matching param tag in the XML comment for 'TrainingEnrolledEvent.TrainingEnrolledEvent(Guid, string, MessageType, string, string, IReadOnlyList<string>, Guid, Guid?, DateTimeOffset, bool, TrainingEnrolledEventPayload)' (but other parameters do) [B:\maliev\Maliev.MessagingContracts\generated\csharp\Maliev.MessagingContracts.csproj]
B:\maliev\Maliev.MessagingContracts\generated\csharp\Contracts\MessagingContracts.cs(590,31): warning CS1573: Parameter 'OccurredAtUtc' has no matching param tag in the XML comment for 'TrainingEnrolledEvent.TrainingEnrolledEvent(Guid, string, MessageType, string, string, IReadOnlyList<string>, Guid, Guid?, DateTimeOffset, bool, TrainingEnrolledEventPayload)' (but other parameters do) [B:\maliev\Maliev.MessagingContracts\generated\csharp\Maliev.MessagingContracts.csproj]
B:\maliev\Maliev.MessagingContracts\generated\csharp\Contracts\MessagingContracts.cs(591,14): warning CS1573: Parameter 'IsPublic' has no matching param tag in the XML comment for 'TrainingEnrolledEvent.TrainingEnrolledEvent(Guid, string, MessageType, string, string, IReadOnlyList<string>, Guid, Guid?, DateTimeOffset, bool, TrainingEnrolledEventPayload)' (but other parameters do) [B:\maliev\Maliev.MessagingContracts\generated\csharp\Maliev.MessagingContracts.csproj]
B:\maliev\Maliev.MessagingContracts\generated\csharp\Contracts\MessagingContracts.cs(620,21): warning CS1573: Parameter 'MessageId' has no matching param tag in the XML comment for 'TrainingCompletedEvent.TrainingCompletedEvent(Guid, string, MessageType, string, string, IReadOnlyList<string>, Guid, Guid?, DateTimeOffset, bool, TrainingCompletedEventPayload)' (but other parameters do) [B:\maliev\Maliev.MessagingContracts\generated\csharp\Maliev.MessagingContracts.csproj]
B:\maliev\Maliev.MessagingContracts\generated\csharp\Contracts\MessagingContracts.cs(621,16): warning CS1573: Parameter 'MessageName' has no matching param tag in the XML comment for 'TrainingCompletedEvent.TrainingCompletedEvent(Guid, string, MessageType, string, string, IReadOnlyList<string>, Guid, Guid?, DateTimeOffset, bool, TrainingCompletedEventPayload)' (but other parameters do) [B:\maliev\Maliev.MessagingContracts\generated\csharp\Maliev.MessagingContracts.csproj]
B:\maliev\Maliev.MessagingContracts\generated\csharp\Contracts\MessagingContracts.cs(622,21): warning CS1573: Parameter 'MessageType' has no matching param tag in the XML comment for 'TrainingCompletedEvent.TrainingCompletedEvent(Guid, string, MessageType, string, string, IReadOnlyList<string>, Guid, Guid?, DateTimeOffset, bool, TrainingCompletedEventPayload)' (but other parameters do) [B:\maliev\Maliev.MessagingContracts\generated\csharp\Maliev.MessagingContracts.csproj]
B:\maliev\Maliev.MessagingContracts\generated\csharp\Contracts\MessagingContracts.cs(623,16): warning CS1573: Parameter 'MessageVersion' has no matching param tag in the XML comment for 'TrainingCompletedEvent.TrainingCompletedEvent(Guid, string, MessageType, string, string, IReadOnlyList<string>, Guid, Guid?, DateTimeOffset, bool, TrainingCompletedEventPayload)' (but other parameters do) [B:\maliev\Maliev.MessagingContracts\generated\csharp\Maliev.MessagingContracts.csproj]
B:\maliev\Maliev.MessagingContracts\generated\csharp\Contracts\MessagingContracts.cs(624,16): warning CS1573: Parameter 'PublishedBy' has no matching param tag in the XML comment for 'TrainingCompletedEvent.TrainingCompletedEvent(Guid, string, MessageType, string, string, IReadOnlyList<string>, Guid, Guid?, DateTimeOffset, bool, TrainingCompletedEventPayload)' (but other parameters do) [B:\maliev\Maliev.MessagingContracts\generated\csharp\Maliev.MessagingContracts.csproj]
B:\maliev\Maliev.MessagingContracts\generated\csharp\Contracts\MessagingContracts.cs(625,58): warning CS1573: Parameter 'ConsumedBy' has no matching param tag in the XML comment for 'TrainingCompletedEvent.TrainingCompletedEvent(Guid, string, MessageType, string, string, IReadOnlyList<string>, Guid, Guid?, DateTimeOffset, bool, TrainingCompletedEventPayload)' (but other parameters do) [B:\maliev\Maliev.MessagingContracts\generated\csharp\Maliev.MessagingContracts.csproj]
B:\maliev\Maliev.MessagingContracts\generated\csharp\Contracts\MessagingContracts.cs(626,21): warning CS1573: Parameter 'CorrelationId' has no matching param tag in the XML comment for 'TrainingCompletedEvent.TrainingCompletedEvent(Guid, string, MessageType, string, string, IReadOnlyList<string>, Guid, Guid?, DateTimeOffset, bool, TrainingCompletedEventPayload)' (but other parameters do) [B:\maliev\Maliev.MessagingContracts\generated\csharp\Maliev.MessagingContracts.csproj]
B:\maliev\Maliev.MessagingContracts\generated\csharp\Contracts\MessagingContracts.cs(627,22): warning CS1573: Parameter 'CausationId' has no matching param tag in the XML comment for 'TrainingCompletedEvent.TrainingCompletedEvent(Guid, string, MessageType, string, string, IReadOnlyList<string>, Guid, Guid?, DateTimeOffset, bool, TrainingCompletedEventPayload)' (but other parameters do) [B:\maliev\Maliev.MessagingContracts\generated\csharp\Maliev.MessagingContracts.csproj]
B:\maliev\Maliev.MessagingContracts\generated\csharp\Contracts\MessagingContracts.cs(628,31): warning CS1573: Parameter 'OccurredAtUtc' has no matching param tag in the XML comment for 'TrainingCompletedEvent.TrainingCompletedEvent(Guid, string, MessageType, string, string, IReadOnlyList<string>, Guid, Guid?, DateTimeOffset, bool, TrainingCompletedEventPayload)' (but other parameters do) [B:\maliev\Maliev.MessagingContracts\generated\csharp\Maliev.MessagingContracts.csproj]
B:\maliev\Maliev.MessagingContracts\generated\csharp\Contracts\MessagingContracts.cs(629,14): warning CS1573: Parameter 'IsPublic' has no matching param tag in the XML comment for 'TrainingCompletedEvent.TrainingCompletedEvent(Guid, string, MessageType, string, string, IReadOnlyList<string>, Guid, Guid?, DateTimeOffset, bool, TrainingCompletedEventPayload)' (but other parameters do) [B:\maliev\Maliev.MessagingContracts\generated\csharp\Maliev.MessagingContracts.csproj]
B:\maliev\Maliev.MessagingContracts\generated\csharp\Contracts\MessagingContracts.cs(658,21): warning CS1573: Parameter 'MessageId' has no matching param tag in the XML comment for 'CertificationAwardedEvent.CertificationAwardedEvent(Guid, string, MessageType, string, string, IReadOnlyList<string>, Guid, Guid?, DateTimeOffset, bool, CertificationAwardedEventPayload)' (but other parameters do) [B:\maliev\Maliev.MessagingContracts\generated\csharp\Maliev.MessagingContracts.csproj]
B:\maliev\Maliev.MessagingContracts\generated\csharp\Contracts\MessagingContracts.cs(659,16): warning CS1573: Parameter 'MessageName' has no matching param tag in the XML comment for 'CertificationAwardedEvent.CertificationAwardedEvent(Guid, string, MessageType, string, string, IReadOnlyList<string>, Guid, Guid?, DateTimeOffset, bool, CertificationAwardedEventPayload)' (but other parameters do) [B:\maliev\Maliev.MessagingContracts\generated\csharp\Maliev.MessagingContracts.csproj]
B:\maliev\Maliev.MessagingContracts\generated\csharp\Contracts\MessagingContracts.cs(660,21): warning CS1573: Parameter 'MessageType' has no matching param tag in the XML comment for 'CertificationAwardedEvent.CertificationAwardedEvent(Guid, string, MessageType, string, string, IReadOnlyList<string>, Guid, Guid?, DateTimeOffset, bool, CertificationAwardedEventPayload)' (but other parameters do) [B:\maliev\Maliev.MessagingContracts\generated\csharp\Maliev.MessagingContracts.csproj]
B:\maliev\Maliev.MessagingContracts\generated\csharp\Contracts\MessagingContracts.cs(661,16): warning CS1573: Parameter 'MessageVersion' has no matching param tag in the XML comment for 'CertificationAwardedEvent.CertificationAwardedEvent(Guid, string, MessageType, string, string, IReadOnlyList<string>, Guid, Guid?, DateTimeOffset, bool, CertificationAwardedEventPayload)' (but other parameters do) [B:\maliev\Maliev.MessagingContracts\generated\csharp\Maliev.MessagingContracts.csproj]
B:\maliev\Maliev.MessagingContracts\generated\csharp\Contracts\MessagingContracts.cs(662,16): warning CS1573: Parameter 'PublishedBy' has no matching param tag in the XML comment for 'CertificationAwardedEvent.CertificationAwardedEvent(Guid, string, MessageType, string, string, IReadOnlyList<string>, Guid, Guid?, DateTimeOffset, bool, CertificationAwardedEventPayload)' (but other parameters do) [B:\maliev\Maliev.MessagingContracts\generated\csharp\Maliev.MessagingContracts.csproj]
B:\maliev\Maliev.MessagingContracts\generated\csharp\Contracts\MessagingContracts.cs(663,58): warning CS1573: Parameter 'ConsumedBy' has no matching param tag in the XML comment for 'CertificationAwardedEvent.CertificationAwardedEvent(Guid, string, MessageType, string, string, IReadOnlyList<string>, Guid, Guid?, DateTimeOffset, bool, CertificationAwardedEventPayload)' (but other parameters do) [B:\maliev\Maliev.MessagingContracts\generated\csharp\Maliev.MessagingContracts.csproj]
B:\maliev\Maliev.MessagingContracts\generated\csharp\Contracts\MessagingContracts.cs(664,21): warning CS1573: Parameter 'CorrelationId' has no matching param tag in the XML comment for 'CertificationAwardedEvent.CertificationAwardedEvent(Guid, string, MessageType, string, string, IReadOnlyList<string>, Guid, Guid?, DateTimeOffset, bool, CertificationAwardedEventPayload)' (but other parameters do) [B:\maliev\Maliev.MessagingContracts\generated\csharp\Maliev.MessagingContracts.csproj]
B:\maliev\Maliev.MessagingContracts\generated\csharp\Contracts\MessagingContracts.cs(665,22): warning CS1573: Parameter 'CausationId' has no matching param tag in the XML comment for 'CertificationAwardedEvent.CertificationAwardedEvent(Guid, string, MessageType, string, string, IReadOnlyList<string>, Guid, Guid?, DateTimeOffset, bool, CertificationAwardedEventPayload)' (but other parameters do) [B:\maliev\Maliev.MessagingContracts\generated\csharp\Maliev.MessagingContracts.csproj]
B:\maliev\Maliev.MessagingContracts\generated\csharp\Contracts\MessagingContracts.cs(666,31): warning CS1573: Parameter 'OccurredAtUtc' has no matching param tag in the XML comment for 'CertificationAwardedEvent.CertificationAwardedEvent(Guid, string, MessageType, string, string, IReadOnlyList<string>, Guid, Guid?, DateTimeOffset, bool, CertificationAwardedEventPayload)' (but other parameters do) [B:\maliev\Maliev.MessagingContracts\generated\csharp\Maliev.MessagingContracts.csproj]
B:\maliev\Maliev.MessagingContracts\generated\csharp\Contracts\MessagingContracts.cs(667,14): warning CS1573: Parameter 'IsPublic' has no matching param tag in the XML comment for 'CertificationAwardedEvent.CertificationAwardedEvent(Guid, string, MessageType, string, string, IReadOnlyList<string>, Guid, Guid?, DateTimeOffset, bool, CertificationAwardedEventPayload)' (but other parameters do) [B:\maliev\Maliev.MessagingContracts\generated\csharp\Maliev.MessagingContracts.csproj]
B:\maliev\Maliev.MessagingContracts\generated\csharp\Contracts\MessagingContracts.cs(695,21): warning CS1573: Parameter 'MessageId' has no matching param tag in the XML comment for 'CertificationExpiredEvent.CertificationExpiredEvent(Guid, string, MessageType, string, string, IReadOnlyList<string>, Guid, Guid?, DateTimeOffset, bool, CertificationExpiredEventPayload)' (but other parameters do) [B:\maliev\Maliev.MessagingContracts\generated\csharp\Maliev.MessagingContracts.csproj]
B:\maliev\Maliev.MessagingContracts\generated\csharp\Contracts\MessagingContracts.cs(696,16): warning CS1573: Parameter 'MessageName' has no matching param tag in the XML comment for 'CertificationExpiredEvent.CertificationExpiredEvent(Guid, string, MessageType, string, string, IReadOnlyList<string>, Guid, Guid?, DateTimeOffset, bool, CertificationExpiredEventPayload)' (but other parameters do) [B:\maliev\Maliev.MessagingContracts\generated\csharp\Maliev.MessagingContracts.csproj]
B:\maliev\Maliev.MessagingContracts\generated\csharp\Contracts\MessagingContracts.cs(697,21): warning CS1573: Parameter 'MessageType' has no matching param tag in the XML comment for 'CertificationExpiredEvent.CertificationExpiredEvent(Guid, string, MessageType, string, string, IReadOnlyList<string>, Guid, Guid?, DateTimeOffset, bool, CertificationExpiredEventPayload)' (but other parameters do) [B:\maliev\Maliev.MessagingContracts\generated\csharp\Maliev.MessagingContracts.csproj]
B:\maliev\Maliev.MessagingContracts\generated\csharp\Contracts\MessagingContracts.cs(698,16): warning CS1573: Parameter 'MessageVersion' has no matching param tag in the XML comment for 'CertificationExpiredEvent.CertificationExpiredEvent(Guid, string, MessageType, string, string, IReadOnlyList<string>, Guid, Guid?, DateTimeOffset, bool, CertificationExpiredEventPayload)' (but other parameters do) [B:\maliev\Maliev.MessagingContracts\generated\csharp\Maliev.MessagingContracts.csproj]
B:\maliev\Maliev.MessagingContracts\generated\csharp\Contracts\MessagingContracts.cs(699,16): warning CS1573: Parameter 'PublishedBy' has no matching param tag in the XML comment for 'CertificationExpiredEvent.CertificationExpiredEvent(Guid, string, MessageType, string, string, IReadOnlyList<string>, Guid, Guid?, DateTimeOffset, bool, CertificationExpiredEventPayload)' (but other parameters do) [B:\maliev\Maliev.MessagingContracts\generated\csharp\Maliev.MessagingContracts.csproj]
B:\maliev\Maliev.MessagingContracts\generated\csharp\Contracts\MessagingContracts.cs(700,58): warning CS1573: Parameter 'ConsumedBy' has no matching param tag in the XML comment for 'CertificationExpiredEvent.CertificationExpiredEvent(Guid, string, MessageType, string, string, IReadOnlyList<string>, Guid, Guid?, DateTimeOffset, bool, CertificationExpiredEventPayload)' (but other parameters do) [B:\maliev\Maliev.MessagingContracts\generated\csharp\Maliev.MessagingContracts.csproj]
B:\maliev\Maliev.MessagingContracts\generated\csharp\Contracts\MessagingContracts.cs(701,21): warning CS1573: Parameter 'CorrelationId' has no matching param tag in the XML comment for 'CertificationExpiredEvent.CertificationExpiredEvent(Guid, string, MessageType, string, string, IReadOnlyList<string>, Guid, Guid?, DateTimeOffset, bool, CertificationExpiredEventPayload)' (but other parameters do) [B:\maliev\Maliev.MessagingContracts\generated\csharp\Maliev.MessagingContracts.csproj]
B:\maliev\Maliev.MessagingContracts\generated\csharp\Contracts\MessagingContracts.cs(702,22): warning CS1573: Parameter 'CausationId' has no matching param tag in the XML comment for 'CertificationExpiredEvent.CertificationExpiredEvent(Guid, string, MessageType, string, string, IReadOnlyList<string>, Guid, Guid?, DateTimeOffset, bool, CertificationExpiredEventPayload)' (but other parameters do) [B:\maliev\Maliev.MessagingContracts\generated\csharp\Maliev.MessagingContracts.csproj]
B:\maliev\Maliev.MessagingContracts\generated\csharp\Contracts\MessagingContracts.cs(703,31): warning CS1573: Parameter 'OccurredAtUtc' has no matching param tag in the XML comment for 'CertificationExpiredEvent.CertificationExpiredEvent(Guid, string, MessageType, string, string, IReadOnlyList<string>, Guid, Guid?, DateTimeOffset, bool, CertificationExpiredEventPayload)' (but other parameters do) [B:\maliev\Maliev.MessagingContracts\generated\csharp\Maliev.MessagingContracts.csproj]
B:\maliev\Maliev.MessagingContracts\generated\csharp\Contracts\MessagingContracts.cs(704,14): warning CS1573: Parameter 'IsPublic' has no matching param tag in the XML comment for 'CertificationExpiredEvent.CertificationExpiredEvent(Guid, string, MessageType, string, string, IReadOnlyList<string>, Guid, Guid?, DateTimeOffset, bool, CertificationExpiredEventPayload)' (but other parameters do) [B:\maliev\Maliev.MessagingContracts\generated\csharp\Maliev.MessagingContracts.csproj]
B:\maliev\Maliev.MessagingContracts\generated\csharp\Contracts\MessagingContracts.cs(733,21): warning CS1573: Parameter 'MessageId' has no matching param tag in the XML comment for 'MandatoryTrainingOverdueEvent.MandatoryTrainingOverdueEvent(Guid, string, MessageType, string, string, IReadOnlyList<string>, Guid, Guid?, DateTimeOffset, bool, MandatoryTrainingOverdueEventPayload)' (but other parameters do) [B:\maliev\Maliev.MessagingContracts\generated\csharp\Maliev.MessagingContracts.csproj]
B:\maliev\Maliev.MessagingContracts\generated\csharp\Contracts\MessagingContracts.cs(734,16): warning CS1573: Parameter 'MessageName' has no matching param tag in the XML comment for 'MandatoryTrainingOverdueEvent.MandatoryTrainingOverdueEvent(Guid, string, MessageType, string, string, IReadOnlyList<string>, Guid, Guid?, DateTimeOffset, bool, MandatoryTrainingOverdueEventPayload)' (but other parameters do) [B:\maliev\Maliev.MessagingContracts\generated\csharp\Maliev.MessagingContracts.csproj]
B:\maliev\Maliev.MessagingContracts\generated\csharp\Contracts\MessagingContracts.cs(735,21): warning CS1573: Parameter 'MessageType' has no matching param tag in the XML comment for 'MandatoryTrainingOverdueEvent.MandatoryTrainingOverdueEvent(Guid, string, MessageType, string, string, IReadOnlyList<string>, Guid, Guid?, DateTimeOffset, bool, MandatoryTrainingOverdueEventPayload)' (but other parameters do) [B:\maliev\Maliev.MessagingContracts\generated\csharp\Maliev.MessagingContracts.csproj]
B:\maliev\Maliev.MessagingContracts\generated\csharp\Contracts\MessagingContracts.cs(736,16): warning CS1573: Parameter 'MessageVersion' has no matching param tag in the XML comment for 'MandatoryTrainingOverdueEvent.MandatoryTrainingOverdueEvent(Guid, string, MessageType, string, string, IReadOnlyList<string>, Guid, Guid?, DateTimeOffset, bool, MandatoryTrainingOverdueEventPayload)' (but other parameters do) [B:\maliev\Maliev.MessagingContracts\generated\csharp\Maliev.MessagingContracts.csproj]
B:\maliev\Maliev.MessagingContracts\generated\csharp\Contracts\MessagingContracts.cs(737,16): warning CS1573: Parameter 'PublishedBy' has no matching param tag in the XML comment for 'MandatoryTrainingOverdueEvent.MandatoryTrainingOverdueEvent(Guid, string, MessageType, string, string, IReadOnlyList<string>, Guid, Guid?, DateTimeOffset, bool, MandatoryTrainingOverdueEventPayload)' (but other parameters do) [B:\maliev\Maliev.MessagingContracts\generated\csharp\Maliev.MessagingContracts.csproj]
B:\maliev\Maliev.MessagingContracts\generated\csharp\Contracts\MessagingContracts.cs(738,58): warning CS1573: Parameter 'ConsumedBy' has no matching param tag in the XML comment for 'MandatoryTrainingOverdueEvent.MandatoryTrainingOverdueEvent(Guid, string, MessageType, string, string, IReadOnlyList<string>, Guid, Guid?, DateTimeOffset, bool, MandatoryTrainingOverdueEventPayload)' (but other parameters do) [B:\maliev\Maliev.MessagingContracts\generated\csharp\Maliev.MessagingContracts.csproj]
B:\maliev\Maliev.MessagingContracts\generated\csharp\Contracts\MessagingContracts.cs(739,21): warning CS1573: Parameter 'CorrelationId' has no matching param tag in the XML comment for 'MandatoryTrainingOverdueEvent.MandatoryTrainingOverdueEvent(Guid, string, MessageType, string, string, IReadOnlyList<string>, Guid, Guid?, DateTimeOffset, bool, MandatoryTrainingOverdueEventPayload)' (but other parameters do) [B:\maliev\Maliev.MessagingContracts\generated\csharp\Maliev.MessagingContracts.csproj]
B:\maliev\Maliev.MessagingContracts\generated\csharp\Contracts\MessagingContracts.cs(740,22): warning CS1573: Parameter 'CausationId' has no matching param tag in the XML comment for 'MandatoryTrainingOverdueEvent.MandatoryTrainingOverdueEvent(Guid, string, MessageType, string, string, IReadOnlyList<string>, Guid, Guid?, DateTimeOffset, bool, MandatoryTrainingOverdueEventPayload)' (but other parameters do) [B:\maliev\Maliev.MessagingContracts\generated\csharp\Maliev.MessagingContracts.csproj]
B:\maliev\Maliev.MessagingContracts\generated\csharp\Contracts\MessagingContracts.cs(741,31): warning CS1573: Parameter 'OccurredAtUtc' has no matching param tag in the XML comment for 'MandatoryTrainingOverdueEvent.MandatoryTrainingOverdueEvent(Guid, string, MessageType, string, string, IReadOnlyList<string>, Guid, Guid?, DateTimeOffset, bool, MandatoryTrainingOverdueEventPayload)' (but other parameters do) [B:\maliev\Maliev.MessagingContracts\generated\csharp\Maliev.MessagingContracts.csproj]
B:\maliev\Maliev.MessagingContracts\generated\csharp\Contracts\MessagingContracts.cs(742,14): warning CS1573: Parameter 'IsPublic' has no matching param tag in the XML comment for 'MandatoryTrainingOverdueEvent.MandatoryTrainingOverdueEvent(Guid, string, MessageType, string, string, IReadOnlyList<string>, Guid, Guid?, DateTimeOffset, bool, MandatoryTrainingOverdueEventPayload)' (but other parameters do) [B:\maliev\Maliev.MessagingContracts\generated\csharp\Maliev.MessagingContracts.csproj]
B:\maliev\Maliev.MessagingContracts\generated\csharp\Contracts\MessagingContracts.cs(771,21): warning CS1573: Parameter 'MessageId' has no matching param tag in the XML comment for 'CertificationExpiringEvent.CertificationExpiringEvent(Guid, string, MessageType, string, string, IReadOnlyList<string>, Guid, Guid?, DateTimeOffset, bool, CertificationExpiringEventPayload)' (but other parameters do) [B:\maliev\Maliev.MessagingContracts\generated\csharp\Maliev.MessagingContracts.csproj]
B:\maliev\Maliev.MessagingContracts\generated\csharp\Contracts\MessagingContracts.cs(772,16): warning CS1573: Parameter 'MessageName' has no matching param tag in the XML comment for 'CertificationExpiringEvent.CertificationExpiringEvent(Guid, string, MessageType, string, string, IReadOnlyList<string>, Guid, Guid?, DateTimeOffset, bool, CertificationExpiringEventPayload)' (but other parameters do) [B:\maliev\Maliev.MessagingContracts\generated\csharp\Maliev.MessagingContracts.csproj]
B:\maliev\Maliev.MessagingContracts\generated\csharp\Contracts\MessagingContracts.cs(773,21): warning CS1573: Parameter 'MessageType' has no matching param tag in the XML comment for 'CertificationExpiringEvent.CertificationExpiringEvent(Guid, string, MessageType, string, string, IReadOnlyList<string>, Guid, Guid?, DateTimeOffset, bool, CertificationExpiringEventPayload)' (but other parameters do) [B:\maliev\Maliev.MessagingContracts\generated\csharp\Maliev.MessagingContracts.csproj]
B:\maliev\Maliev.MessagingContracts\generated\csharp\Contracts\MessagingContracts.cs(774,16): warning CS1573: Parameter 'MessageVersion' has no matching param tag in the XML comment for 'CertificationExpiringEvent.CertificationExpiringEvent(Guid, string, MessageType, string, string, IReadOnlyList<string>, Guid, Guid?, DateTimeOffset, bool, CertificationExpiringEventPayload)' (but other parameters do) [B:\maliev\Maliev.MessagingContracts\generated\csharp\Maliev.MessagingContracts.csproj]
B:\maliev\Maliev.MessagingContracts\generated\csharp\Contracts\MessagingContracts.cs(775,16): warning CS1573: Parameter 'PublishedBy' has no matching param tag in the XML comment for 'CertificationExpiringEvent.CertificationExpiringEvent(Guid, string, MessageType, string, string, IReadOnlyList<string>, Guid, Guid?, DateTimeOffset, bool, CertificationExpiringEventPayload)' (but other parameters do) [B:\maliev\Maliev.MessagingContracts\generated\csharp\Maliev.MessagingContracts.csproj]
B:\maliev\Maliev.MessagingContracts\generated\csharp\Contracts\MessagingContracts.cs(776,58): warning CS1573: Parameter 'ConsumedBy' has no matching param tag in the XML comment for 'CertificationExpiringEvent.CertificationExpiringEvent(Guid, string, MessageType, string, string, IReadOnlyList<string>, Guid, Guid?, DateTimeOffset, bool, CertificationExpiringEventPayload)' (but other parameters do) [B:\maliev\Maliev.MessagingContracts\generated\csharp\Maliev.MessagingContracts.csproj]
B:\maliev\Maliev.MessagingContracts\generated\csharp\Contracts\MessagingContracts.cs(777,21): warning CS1573: Parameter 'CorrelationId' has no matching param tag in the XML comment for 'CertificationExpiringEvent.CertificationExpiringEvent(Guid, string, MessageType, string, string, IReadOnlyList<string>, Guid, Guid?, DateTimeOffset, bool, CertificationExpiringEventPayload)' (but other parameters do) [B:\maliev\Maliev.MessagingContracts\generated\csharp\Maliev.MessagingContracts.csproj]
B:\maliev\Maliev.MessagingContracts\generated\csharp\Contracts\MessagingContracts.cs(778,22): warning CS1573: Parameter 'CausationId' has no matching param tag in the XML comment for 'CertificationExpiringEvent.CertificationExpiringEvent(Guid, string, MessageType, string, string, IReadOnlyList<string>, Guid, Guid?, DateTimeOffset, bool, CertificationExpiringEventPayload)' (but other parameters do) [B:\maliev\Maliev.MessagingContracts\generated\csharp\Maliev.MessagingContracts.csproj]
B:\maliev\Maliev.MessagingContracts\generated\csharp\Contracts\MessagingContracts.cs(779,31): warning CS1573: Parameter 'OccurredAtUtc' has no matching param tag in the XML comment for 'CertificationExpiringEvent.CertificationExpiringEvent(Guid, string, MessageType, string, string, IReadOnlyList<string>, Guid, Guid?, DateTimeOffset, bool, CertificationExpiringEventPayload)' (but other parameters do) [B:\maliev\Maliev.MessagingContracts\generated\csharp\Maliev.MessagingContracts.csproj]
B:\maliev\Maliev.MessagingContracts\generated\csharp\Contracts\MessagingContracts.cs(780,14): warning CS1573: Parameter 'IsPublic' has no matching param tag in the XML comment for 'CertificationExpiringEvent.CertificationExpiringEvent(Guid, string, MessageType, string, string, IReadOnlyList<string>, Guid, Guid?, DateTimeOffset, bool, CertificationExpiringEventPayload)' (but other parameters do) [B:\maliev\Maliev.MessagingContracts\generated\csharp\Maliev.MessagingContracts.csproj]
B:\maliev\Maliev.MessagingContracts\generated\csharp\Contracts\MessagingContracts.cs(826,21): warning CS1573: Parameter 'MessageId' has no matching param tag in the XML comment for 'CandidateAcceptedEvent.CandidateAcceptedEvent(Guid, string, MessageType, string, string, IReadOnlyList<string>, Guid, Guid?, DateTimeOffset, bool, CandidateAcceptedEventPayload)' (but other parameters do) [B:\maliev\Maliev.MessagingContracts\generated\csharp\Maliev.MessagingContracts.csproj]
B:\maliev\Maliev.MessagingContracts\generated\csharp\Contracts\MessagingContracts.cs(827,16): warning CS1573: Parameter 'MessageName' has no matching param tag in the XML comment for 'CandidateAcceptedEvent.CandidateAcceptedEvent(Guid, string, MessageType, string, string, IReadOnlyList<string>, Guid, Guid?, DateTimeOffset, bool, CandidateAcceptedEventPayload)' (but other parameters do) [B:\maliev\Maliev.MessagingContracts\generated\csharp\Maliev.MessagingContracts.csproj]
B:\maliev\Maliev.MessagingContracts\generated\csharp\Contracts\MessagingContracts.cs(828,21): warning CS1573: Parameter 'MessageType' has no matching param tag in the XML comment for 'CandidateAcceptedEvent.CandidateAcceptedEvent(Guid, string, MessageType, string, string, IReadOnlyList<string>, Guid, Guid?, DateTimeOffset, bool, CandidateAcceptedEventPayload)' (but other parameters do) [B:\maliev\Maliev.MessagingContracts\generated\csharp\Maliev.MessagingContracts.csproj]
B:\maliev\Maliev.MessagingContracts\generated\csharp\Contracts\MessagingContracts.cs(829,16): warning CS1573: Parameter 'MessageVersion' has no matching param tag in the XML comment for 'CandidateAcceptedEvent.CandidateAcceptedEvent(Guid, string, MessageType, string, string, IReadOnlyList<string>, Guid, Guid?, DateTimeOffset, bool, CandidateAcceptedEventPayload)' (but other parameters do) [B:\maliev\Maliev.MessagingContracts\generated\csharp\Maliev.MessagingContracts.csproj]
B:\maliev\Maliev.MessagingContracts\generated\csharp\Contracts\MessagingContracts.cs(830,16): warning CS1573: Parameter 'PublishedBy' has no matching param tag in the XML comment for 'CandidateAcceptedEvent.CandidateAcceptedEvent(Guid, string, MessageType, string, string, IReadOnlyList<string>, Guid, Guid?, DateTimeOffset, bool, CandidateAcceptedEventPayload)' (but other parameters do) [B:\maliev\Maliev.MessagingContracts\generated\csharp\Maliev.MessagingContracts.csproj]
B:\maliev\Maliev.MessagingContracts\generated\csharp\Contracts\MessagingContracts.cs(831,58): warning CS1573: Parameter 'ConsumedBy' has no matching param tag in the XML comment for 'CandidateAcceptedEvent.CandidateAcceptedEvent(Guid, string, MessageType, string, string, IReadOnlyList<string>, Guid, Guid?, DateTimeOffset, bool, CandidateAcceptedEventPayload)' (but other parameters do) [B:\maliev\Maliev.MessagingContracts\generated\csharp\Maliev.MessagingContracts.csproj]
B:\maliev\Maliev.MessagingContracts\generated\csharp\Contracts\MessagingContracts.cs(832,21): warning CS1573: Parameter 'CorrelationId' has no matching param tag in the XML comment for 'CandidateAcceptedEvent.CandidateAcceptedEvent(Guid, string, MessageType, string, string, IReadOnlyList<string>, Guid, Guid?, DateTimeOffset, bool, CandidateAcceptedEventPayload)' (but other parameters do) [B:\maliev\Maliev.MessagingContracts\generated\csharp\Maliev.MessagingContracts.csproj]
B:\maliev\Maliev.MessagingContracts\generated\csharp\Contracts\MessagingContracts.cs(833,22): warning CS1573: Parameter 'CausationId' has no matching param tag in the XML comment for 'CandidateAcceptedEvent.CandidateAcceptedEvent(Guid, string, MessageType, string, string, IReadOnlyList<string>, Guid, Guid?, DateTimeOffset, bool, CandidateAcceptedEventPayload)' (but other parameters do) [B:\maliev\Maliev.MessagingContracts\generated\csharp\Maliev.MessagingContracts.csproj]
B:\maliev\Maliev.MessagingContracts\generated\csharp\Contracts\MessagingContracts.cs(834,31): warning CS1573: Parameter 'OccurredAtUtc' has no matching param tag in the XML comment for 'CandidateAcceptedEvent.CandidateAcceptedEvent(Guid, string, MessageType, string, string, IReadOnlyList<string>, Guid, Guid?, DateTimeOffset, bool, CandidateAcceptedEventPayload)' (but other parameters do) [B:\maliev\Maliev.MessagingContracts\generated\csharp\Maliev.MessagingContracts.csproj]
B:\maliev\Maliev.MessagingContracts\generated\csharp\Contracts\MessagingContracts.cs(835,14): warning CS1573: Parameter 'IsPublic' has no matching param tag in the XML comment for 'CandidateAcceptedEvent.CandidateAcceptedEvent(Guid, string, MessageType, string, string, IReadOnlyList<string>, Guid, Guid?, DateTimeOffset, bool, CandidateAcceptedEventPayload)' (but other parameters do) [B:\maliev\Maliev.MessagingContracts\generated\csharp\Maliev.MessagingContracts.csproj]
B:\maliev\Maliev.MessagingContracts\generated\csharp\Contracts\MessagingContracts.cs(851,67): warning CS1573: Parameter 'ApplicationId' has no matching param tag in the XML comment for 'JobApplicationSubmittedEventPayload.JobApplicationSubmittedEventPayload(Guid, Guid, string, string, string)' (but other parameters do) [B:\maliev\Maliev.MessagingContracts\generated\csharp\Maliev.MessagingContracts.csproj]
B:\maliev\Maliev.MessagingContracts\generated\csharp\Contracts\MessagingContracts.cs(852,66): warning CS1573: Parameter 'JobPostingId' has no matching param tag in the XML comment for 'JobApplicationSubmittedEventPayload.JobApplicationSubmittedEventPayload(Guid, Guid, string, string, string)' (but other parameters do) [B:\maliev\Maliev.MessagingContracts\generated\csharp\Maliev.MessagingContracts.csproj]
B:\maliev\Maliev.MessagingContracts\generated\csharp\Contracts\MessagingContracts.cs(867,21): warning CS1573: Parameter 'MessageId' has no matching param tag in the XML comment for 'JobApplicationSubmittedEvent.JobApplicationSubmittedEvent(Guid, string, MessageType, string, string, IReadOnlyList<string>, Guid, Guid?, DateTimeOffset, bool, JobApplicationSubmittedEventPayload)' (but other parameters do) [B:\maliev\Maliev.MessagingContracts\generated\csharp\Maliev.MessagingContracts.csproj]
B:\maliev\Maliev.MessagingContracts\generated\csharp\Contracts\MessagingContracts.cs(868,16): warning CS1573: Parameter 'MessageName' has no matching param tag in the XML comment for 'JobApplicationSubmittedEvent.JobApplicationSubmittedEvent(Guid, string, MessageType, string, string, IReadOnlyList<string>, Guid, Guid?, DateTimeOffset, bool, JobApplicationSubmittedEventPayload)' (but other parameters do) [B:\maliev\Maliev.MessagingContracts\generated\csharp\Maliev.MessagingContracts.csproj]
B:\maliev\Maliev.MessagingContracts\generated\csharp\Contracts\MessagingContracts.cs(869,21): warning CS1573: Parameter 'MessageType' has no matching param tag in the XML comment for 'JobApplicationSubmittedEvent.JobApplicationSubmittedEvent(Guid, string, MessageType, string, string, IReadOnlyList<string>, Guid, Guid?, DateTimeOffset, bool, JobApplicationSubmittedEventPayload)' (but other parameters do) [B:\maliev\Maliev.MessagingContracts\generated\csharp\Maliev.MessagingContracts.csproj]
B:\maliev\Maliev.MessagingContracts\generated\csharp\Contracts\MessagingContracts.cs(870,16): warning CS1573: Parameter 'MessageVersion' has no matching param tag in the XML comment for 'JobApplicationSubmittedEvent.JobApplicationSubmittedEvent(Guid, string, MessageType, string, string, IReadOnlyList<string>, Guid, Guid?, DateTimeOffset, bool, JobApplicationSubmittedEventPayload)' (but other parameters do) [B:\maliev\Maliev.MessagingContracts\generated\csharp\Maliev.MessagingContracts.csproj]
B:\maliev\Maliev.MessagingContracts\generated\csharp\Contracts\MessagingContracts.cs(871,16): warning CS1573: Parameter 'PublishedBy' has no matching param tag in the XML comment for 'JobApplicationSubmittedEvent.JobApplicationSubmittedEvent(Guid, string, MessageType, string, string, IReadOnlyList<string>, Guid, Guid?, DateTimeOffset, bool, JobApplicationSubmittedEventPayload)' (but other parameters do) [B:\maliev\Maliev.MessagingContracts\generated\csharp\Maliev.MessagingContracts.csproj]
B:\maliev\Maliev.MessagingContracts\generated\csharp\Contracts\MessagingContracts.cs(872,58): warning CS1573: Parameter 'ConsumedBy' has no matching param tag in the XML comment for 'JobApplicationSubmittedEvent.JobApplicationSubmittedEvent(Guid, string, MessageType, string, string, IReadOnlyList<string>, Guid, Guid?, DateTimeOffset, bool, JobApplicationSubmittedEventPayload)' (but other parameters do) [B:\maliev\Maliev.MessagingContracts\generated\csharp\Maliev.MessagingContracts.csproj]
B:\maliev\Maliev.MessagingContracts\generated\csharp\Contracts\MessagingContracts.cs(873,21): warning CS1573: Parameter 'CorrelationId' has no matching param tag in the XML comment for 'JobApplicationSubmittedEvent.JobApplicationSubmittedEvent(Guid, string, MessageType, string, string, IReadOnlyList<string>, Guid, Guid?, DateTimeOffset, bool, JobApplicationSubmittedEventPayload)' (but other parameters do) [B:\maliev\Maliev.MessagingContracts\generated\csharp\Maliev.MessagingContracts.csproj]
B:\maliev\Maliev.MessagingContracts\generated\csharp\Contracts\MessagingContracts.cs(874,22): warning CS1573: Parameter 'CausationId' has no matching param tag in the XML comment for 'JobApplicationSubmittedEvent.JobApplicationSubmittedEvent(Guid, string, MessageType, string, string, IReadOnlyList<string>, Guid, Guid?, DateTimeOffset, bool, JobApplicationSubmittedEventPayload)' (but other parameters do) [B:\maliev\Maliev.MessagingContracts\generated\csharp\Maliev.MessagingContracts.csproj]
B:\maliev\Maliev.MessagingContracts\generated\csharp\Contracts\MessagingContracts.cs(875,31): warning CS1573: Parameter 'OccurredAtUtc' has no matching param tag in the XML comment for 'JobApplicationSubmittedEvent.JobApplicationSubmittedEvent(Guid, string, MessageType, string, string, IReadOnlyList<string>, Guid, Guid?, DateTimeOffset, bool, JobApplicationSubmittedEventPayload)' (but other parameters do) [B:\maliev\Maliev.MessagingContracts\generated\csharp\Maliev.MessagingContracts.csproj]
B:\maliev\Maliev.MessagingContracts\generated\csharp\Contracts\MessagingContracts.cs(876,14): warning CS1573: Parameter 'IsPublic' has no matching param tag in the XML comment for 'JobApplicationSubmittedEvent.JobApplicationSubmittedEvent(Guid, string, MessageType, string, string, IReadOnlyList<string>, Guid, Guid?, DateTimeOffset, bool, JobApplicationSubmittedEventPayload)' (but other parameters do) [B:\maliev\Maliev.MessagingContracts\generated\csharp\Maliev.MessagingContracts.csproj]
B:\maliev\Maliev.MessagingContracts\generated\csharp\Contracts\MessagingContracts.cs(914,19): warning CS1591: Missing XML comment for publicly visible type or member 'ChatbotMessageReceivedEvent' [B:\maliev\Maliev.MessagingContracts\generated\csharp\Maliev.MessagingContracts.csproj]
B:\maliev\Maliev.MessagingContracts\generated\csharp\Contracts\MessagingContracts.cs(914,19): warning CS1591: Missing XML comment for publicly visible type or member 'ChatbotMessageReceivedEvent.ChatbotMessageReceivedEvent(Guid, string, MessageType, string, string, IReadOnlyList<string>, Guid, Guid?, DateTimeOffset, bool, ChatbotMessageReceivedEventPayload)' [B:\maliev\Maliev.MessagingContracts\generated\csharp\Maliev.MessagingContracts.csproj]
B:\maliev\Maliev.MessagingContracts\generated\csharp\Contracts\MessagingContracts.cs(925,84): warning CS1591: Missing XML comment for publicly visible type or member 'ChatbotMessageReceivedEvent.Payload' [B:\maliev\Maliev.MessagingContracts\generated\csharp\Maliev.MessagingContracts.csproj]
B:\maliev\Maliev.MessagingContracts\generated\csharp\Contracts\MessagingContracts.cs(959,19): warning CS1591: Missing XML comment for publicly visible type or member 'ChatbotRateLimitExceededEvent' [B:\maliev\Maliev.MessagingContracts\generated\csharp\Maliev.MessagingContracts.csproj]
B:\maliev\Maliev.MessagingContracts\generated\csharp\Contracts\MessagingContracts.cs(959,19): warning CS1591: Missing XML comment for publicly visible type or member 'ChatbotRateLimitExceededEvent.ChatbotRateLimitExceededEvent(Guid, string, MessageType, string, string, IReadOnlyList<string>, Guid, Guid?, DateTimeOffset, bool, ChatbotRateLimitExceededEventPayload)' [B:\maliev\Maliev.MessagingContracts\generated\csharp\Maliev.MessagingContracts.csproj]
B:\maliev\Maliev.MessagingContracts\generated\csharp\Contracts\MessagingContracts.cs(970,86): warning CS1591: Missing XML comment for publicly visible type or member 'ChatbotRateLimitExceededEvent.Payload' [B:\maliev\Maliev.MessagingContracts\generated\csharp\Maliev.MessagingContracts.csproj]
B:\maliev\Maliev.MessagingContracts\generated\csharp\Contracts\MessagingContracts.cs(1006,19): warning CS1591: Missing XML comment for publicly visible type or member 'ChatbotSessionClosedEvent' [B:\maliev\Maliev.MessagingContracts\generated\csharp\Maliev.MessagingContracts.csproj]
B:\maliev\Maliev.MessagingContracts\generated\csharp\Contracts\MessagingContracts.cs(1006,19): warning CS1591: Missing XML comment for publicly visible type or member 'ChatbotSessionClosedEvent.ChatbotSessionClosedEvent(Guid, string, MessageType, string, string, IReadOnlyList<string>, Guid, Guid?, DateTimeOffset, bool, ChatbotSessionClosedEventPayload)' [B:\maliev\Maliev.MessagingContracts\generated\csharp\Maliev.MessagingContracts.csproj]
B:\maliev\Maliev.MessagingContracts\generated\csharp\Contracts\MessagingContracts.cs(1017,82): warning CS1591: Missing XML comment for publicly visible type or member 'ChatbotSessionClosedEvent.Payload' [B:\maliev\Maliev.MessagingContracts\generated\csharp\Maliev.MessagingContracts.csproj]
B:\maliev\Maliev.MessagingContracts\generated\csharp\Contracts\MessagingContracts.cs(1051,19): warning CS1591: Missing XML comment for publicly visible type or member 'ChatbotSessionCreatedEvent' [B:\maliev\Maliev.MessagingContracts\generated\csharp\Maliev.MessagingContracts.csproj]
B:\maliev\Maliev.MessagingContracts\generated\csharp\Contracts\MessagingContracts.cs(1051,19): warning CS1591: Missing XML comment for publicly visible type or member 'ChatbotSessionCreatedEvent.ChatbotSessionCreatedEvent(Guid, string, MessageType, string, string, IReadOnlyList<string>, Guid, Guid?, DateTimeOffset, bool, ChatbotSessionCreatedEventPayload)' [B:\maliev\Maliev.MessagingContracts\generated\csharp\Maliev.MessagingContracts.csproj]
B:\maliev\Maliev.MessagingContracts\generated\csharp\Contracts\MessagingContracts.cs(1062,83): warning CS1591: Missing XML comment for publicly visible type or member 'ChatbotSessionCreatedEvent.Payload' [B:\maliev\Maliev.MessagingContracts\generated\csharp\Maliev.MessagingContracts.csproj]
B:\maliev\Maliev.MessagingContracts\generated\csharp\Contracts\MessagingContracts.cs(1086,19): warning CS1591: Missing XML comment for publicly visible type or member 'CreateUserCommand' [B:\maliev\Maliev.MessagingContracts\generated\csharp\Maliev.MessagingContracts.csproj]
B:\maliev\Maliev.MessagingContracts\generated\csharp\Contracts\MessagingContracts.cs(1086,19): warning CS1591: Missing XML comment for publicly visible type or member 'CreateUserCommand.CreateUserCommand(Guid, string, MessageType, string, string, IReadOnlyList<string>, Guid, Guid?, DateTimeOffset, bool, CreateUserCommandPayload)' [B:\maliev\Maliev.MessagingContracts\generated\csharp\Maliev.MessagingContracts.csproj]
B:\maliev\Maliev.MessagingContracts\generated\csharp\Contracts\MessagingContracts.cs(1097,74): warning CS1591: Missing XML comment for publicly visible type or member 'CreateUserCommand.Payload' [B:\maliev\Maliev.MessagingContracts\generated\csharp\Maliev.MessagingContracts.csproj]
B:\maliev\Maliev.MessagingContracts\generated\csharp\Contracts\MessagingContracts.cs(1128,21): warning CS1573: Parameter 'MessageId' has no matching param tag in the XML comment for 'SalaryChangedEvent.SalaryChangedEvent(Guid, string, MessageType, string, string, IReadOnlyList<string>, Guid, Guid?, DateTimeOffset, bool, SalaryChangedEventPayload)' (but other parameters do) [B:\maliev\Maliev.MessagingContracts\generated\csharp\Maliev.MessagingContracts.csproj]
B:\maliev\Maliev.MessagingContracts\generated\csharp\Contracts\MessagingContracts.cs(1129,16): warning CS1573: Parameter 'MessageName' has no matching param tag in the XML comment for 'SalaryChangedEvent.SalaryChangedEvent(Guid, string, MessageType, string, string, IReadOnlyList<string>, Guid, Guid?, DateTimeOffset, bool, SalaryChangedEventPayload)' (but other parameters do) [B:\maliev\Maliev.MessagingContracts\generated\csharp\Maliev.MessagingContracts.csproj]
B:\maliev\Maliev.MessagingContracts\generated\csharp\Contracts\MessagingContracts.cs(1130,21): warning CS1573: Parameter 'MessageType' has no matching param tag in the XML comment for 'SalaryChangedEvent.SalaryChangedEvent(Guid, string, MessageType, string, string, IReadOnlyList<string>, Guid, Guid?, DateTimeOffset, bool, SalaryChangedEventPayload)' (but other parameters do) [B:\maliev\Maliev.MessagingContracts\generated\csharp\Maliev.MessagingContracts.csproj]
B:\maliev\Maliev.MessagingContracts\generated\csharp\Contracts\MessagingContracts.cs(1131,16): warning CS1573: Parameter 'MessageVersion' has no matching param tag in the XML comment for 'SalaryChangedEvent.SalaryChangedEvent(Guid, string, MessageType, string, string, IReadOnlyList<string>, Guid, Guid?, DateTimeOffset, bool, SalaryChangedEventPayload)' (but other parameters do) [B:\maliev\Maliev.MessagingContracts\generated\csharp\Maliev.MessagingContracts.csproj]
B:\maliev\Maliev.MessagingContracts\generated\csharp\Contracts\MessagingContracts.cs(1132,16): warning CS1573: Parameter 'PublishedBy' has no matching param tag in the XML comment for 'SalaryChangedEvent.SalaryChangedEvent(Guid, string, MessageType, string, string, IReadOnlyList<string>, Guid, Guid?, DateTimeOffset, bool, SalaryChangedEventPayload)' (but other parameters do) [B:\maliev\Maliev.MessagingContracts\generated\csharp\Maliev.MessagingContracts.csproj]
B:\maliev\Maliev.MessagingContracts\generated\csharp\Contracts\MessagingContracts.cs(1133,58): warning CS1573: Parameter 'ConsumedBy' has no matching param tag in the XML comment for 'SalaryChangedEvent.SalaryChangedEvent(Guid, string, MessageType, string, string, IReadOnlyList<string>, Guid, Guid?, DateTimeOffset, bool, SalaryChangedEventPayload)' (but other parameters do) [B:\maliev\Maliev.MessagingContracts\generated\csharp\Maliev.MessagingContracts.csproj]
B:\maliev\Maliev.MessagingContracts\generated\csharp\Contracts\MessagingContracts.cs(1134,21): warning CS1573: Parameter 'CorrelationId' has no matching param tag in the XML comment for 'SalaryChangedEvent.SalaryChangedEvent(Guid, string, MessageType, string, string, IReadOnlyList<string>, Guid, Guid?, DateTimeOffset, bool, SalaryChangedEventPayload)' (but other parameters do) [B:\maliev\Maliev.MessagingContracts\generated\csharp\Maliev.MessagingContracts.csproj]
B:\maliev\Maliev.MessagingContracts\generated\csharp\Contracts\MessagingContracts.cs(1135,22): warning CS1573: Parameter 'CausationId' has no matching param tag in the XML comment for 'SalaryChangedEvent.SalaryChangedEvent(Guid, string, MessageType, string, string, IReadOnlyList<string>, Guid, Guid?, DateTimeOffset, bool, SalaryChangedEventPayload)' (but other parameters do) [B:\maliev\Maliev.MessagingContracts\generated\csharp\Maliev.MessagingContracts.csproj]
B:\maliev\Maliev.MessagingContracts\generated\csharp\Contracts\MessagingContracts.cs(1136,31): warning CS1573: Parameter 'OccurredAtUtc' has no matching param tag in the XML comment for 'SalaryChangedEvent.SalaryChangedEvent(Guid, string, MessageType, string, string, IReadOnlyList<string>, Guid, Guid?, DateTimeOffset, bool, SalaryChangedEventPayload)' (but other parameters do) [B:\maliev\Maliev.MessagingContracts\generated\csharp\Maliev.MessagingContracts.csproj]
B:\maliev\Maliev.MessagingContracts\generated\csharp\Contracts\MessagingContracts.cs(1137,14): warning CS1573: Parameter 'IsPublic' has no matching param tag in the XML comment for 'SalaryChangedEvent.SalaryChangedEvent(Guid, string, MessageType, string, string, IReadOnlyList<string>, Guid, Guid?, DateTimeOffset, bool, SalaryChangedEventPayload)' (but other parameters do) [B:\maliev\Maliev.MessagingContracts\generated\csharp\Maliev.MessagingContracts.csproj]
B:\maliev\Maliev.MessagingContracts\generated\csharp\Contracts\MessagingContracts.cs(1167,21): warning CS1573: Parameter 'MessageId' has no matching param tag in the XML comment for 'BonusAwardedEvent.BonusAwardedEvent(Guid, string, MessageType, string, string, IReadOnlyList<string>, Guid, Guid?, DateTimeOffset, bool, BonusAwardedEventPayload)' (but other parameters do) [B:\maliev\Maliev.MessagingContracts\generated\csharp\Maliev.MessagingContracts.csproj]
B:\maliev\Maliev.MessagingContracts\generated\csharp\Contracts\MessagingContracts.cs(1168,16): warning CS1573: Parameter 'MessageName' has no matching param tag in the XML comment for 'BonusAwardedEvent.BonusAwardedEvent(Guid, string, MessageType, string, string, IReadOnlyList<string>, Guid, Guid?, DateTimeOffset, bool, BonusAwardedEventPayload)' (but other parameters do) [B:\maliev\Maliev.MessagingContracts\generated\csharp\Maliev.MessagingContracts.csproj]
B:\maliev\Maliev.MessagingContracts\generated\csharp\Contracts\MessagingContracts.cs(1169,21): warning CS1573: Parameter 'MessageType' has no matching param tag in the XML comment for 'BonusAwardedEvent.BonusAwardedEvent(Guid, string, MessageType, string, string, IReadOnlyList<string>, Guid, Guid?, DateTimeOffset, bool, BonusAwardedEventPayload)' (but other parameters do) [B:\maliev\Maliev.MessagingContracts\generated\csharp\Maliev.MessagingContracts.csproj]
B:\maliev\Maliev.MessagingContracts\generated\csharp\Contracts\MessagingContracts.cs(1170,16): warning CS1573: Parameter 'MessageVersion' has no matching param tag in the XML comment for 'BonusAwardedEvent.BonusAwardedEvent(Guid, string, MessageType, string, string, IReadOnlyList<string>, Guid, Guid?, DateTimeOffset, bool, BonusAwardedEventPayload)' (but other parameters do) [B:\maliev\Maliev.MessagingContracts\generated\csharp\Maliev.MessagingContracts.csproj]
B:\maliev\Maliev.MessagingContracts\generated\csharp\Contracts\MessagingContracts.cs(1171,16): warning CS1573: Parameter 'PublishedBy' has no matching param tag in the XML comment for 'BonusAwardedEvent.BonusAwardedEvent(Guid, string, MessageType, string, string, IReadOnlyList<string>, Guid, Guid?, DateTimeOffset, bool, BonusAwardedEventPayload)' (but other parameters do) [B:\maliev\Maliev.MessagingContracts\generated\csharp\Maliev.MessagingContracts.csproj]
B:\maliev\Maliev.MessagingContracts\generated\csharp\Contracts\MessagingContracts.cs(1172,58): warning CS1573: Parameter 'ConsumedBy' has no matching param tag in the XML comment for 'BonusAwardedEvent.BonusAwardedEvent(Guid, string, MessageType, string, string, IReadOnlyList<string>, Guid, Guid?, DateTimeOffset, bool, BonusAwardedEventPayload)' (but other parameters do) [B:\maliev\Maliev.MessagingContracts\generated\csharp\Maliev.MessagingContracts.csproj]
B:\maliev\Maliev.MessagingContracts\generated\csharp\Contracts\MessagingContracts.cs(1173,21): warning CS1573: Parameter 'CorrelationId' has no matching param tag in the XML comment for 'BonusAwardedEvent.BonusAwardedEvent(Guid, string, MessageType, string, string, IReadOnlyList<string>, Guid, Guid?, DateTimeOffset, bool, BonusAwardedEventPayload)' (but other parameters do) [B:\maliev\Maliev.MessagingContracts\generated\csharp\Maliev.MessagingContracts.csproj]
B:\maliev\Maliev.MessagingContracts\generated\csharp\Contracts\MessagingContracts.cs(1174,22): warning CS1573: Parameter 'CausationId' has no matching param tag in the XML comment for 'BonusAwardedEvent.BonusAwardedEvent(Guid, string, MessageType, string, string, IReadOnlyList<string>, Guid, Guid?, DateTimeOffset, bool, BonusAwardedEventPayload)' (but other parameters do) [B:\maliev\Maliev.MessagingContracts\generated\csharp\Maliev.MessagingContracts.csproj]
B:\maliev\Maliev.MessagingContracts\generated\csharp\Contracts\MessagingContracts.cs(1175,31): warning CS1573: Parameter 'OccurredAtUtc' has no matching param tag in the XML comment for 'BonusAwardedEvent.BonusAwardedEvent(Guid, string, MessageType, string, string, IReadOnlyList<string>, Guid, Guid?, DateTimeOffset, bool, BonusAwardedEventPayload)' (but other parameters do) [B:\maliev\Maliev.MessagingContracts\generated\csharp\Maliev.MessagingContracts.csproj]
B:\maliev\Maliev.MessagingContracts\generated\csharp\Contracts\MessagingContracts.cs(1176,14): warning CS1573: Parameter 'IsPublic' has no matching param tag in the XML comment for 'BonusAwardedEvent.BonusAwardedEvent(Guid, string, MessageType, string, string, IReadOnlyList<string>, Guid, Guid?, DateTimeOffset, bool, BonusAwardedEventPayload)' (but other parameters do) [B:\maliev\Maliev.MessagingContracts\generated\csharp\Maliev.MessagingContracts.csproj]
B:\maliev\Maliev.MessagingContracts\generated\csharp\Contracts\MessagingContracts.cs(1204,21): warning CS1573: Parameter 'MessageId' has no matching param tag in the XML comment for 'BenefitEnrolledEvent.BenefitEnrolledEvent(Guid, string, MessageType, string, string, IReadOnlyList<string>, Guid, Guid?, DateTimeOffset, bool, BenefitEnrolledEventPayload)' (but other parameters do) [B:\maliev\Maliev.MessagingContracts\generated\csharp\Maliev.MessagingContracts.csproj]
B:\maliev\Maliev.MessagingContracts\generated\csharp\Contracts\MessagingContracts.cs(1205,16): warning CS1573: Parameter 'MessageName' has no matching param tag in the XML comment for 'BenefitEnrolledEvent.BenefitEnrolledEvent(Guid, string, MessageType, string, string, IReadOnlyList<string>, Guid, Guid?, DateTimeOffset, bool, BenefitEnrolledEventPayload)' (but other parameters do) [B:\maliev\Maliev.MessagingContracts\generated\csharp\Maliev.MessagingContracts.csproj]
B:\maliev\Maliev.MessagingContracts\generated\csharp\Contracts\MessagingContracts.cs(1206,21): warning CS1573: Parameter 'MessageType' has no matching param tag in the XML comment for 'BenefitEnrolledEvent.BenefitEnrolledEvent(Guid, string, MessageType, string, string, IReadOnlyList<string>, Guid, Guid?, DateTimeOffset, bool, BenefitEnrolledEventPayload)' (but other parameters do) [B:\maliev\Maliev.MessagingContracts\generated\csharp\Maliev.MessagingContracts.csproj]
B:\maliev\Maliev.MessagingContracts\generated\csharp\Contracts\MessagingContracts.cs(1207,16): warning CS1573: Parameter 'MessageVersion' has no matching param tag in the XML comment for 'BenefitEnrolledEvent.BenefitEnrolledEvent(Guid, string, MessageType, string, string, IReadOnlyList<string>, Guid, Guid?, DateTimeOffset, bool, BenefitEnrolledEventPayload)' (but other parameters do) [B:\maliev\Maliev.MessagingContracts\generated\csharp\Maliev.MessagingContracts.csproj]
B:\maliev\Maliev.MessagingContracts\generated\csharp\Contracts\MessagingContracts.cs(1208,16): warning CS1573: Parameter 'PublishedBy' has no matching param tag in the XML comment for 'BenefitEnrolledEvent.BenefitEnrolledEvent(Guid, string, MessageType, string, string, IReadOnlyList<string>, Guid, Guid?, DateTimeOffset, bool, BenefitEnrolledEventPayload)' (but other parameters do) [B:\maliev\Maliev.MessagingContracts\generated\csharp\Maliev.MessagingContracts.csproj]
B:\maliev\Maliev.MessagingContracts\generated\csharp\Contracts\MessagingContracts.cs(1209,58): warning CS1573: Parameter 'ConsumedBy' has no matching param tag in the XML comment for 'BenefitEnrolledEvent.BenefitEnrolledEvent(Guid, string, MessageType, string, string, IReadOnlyList<string>, Guid, Guid?, DateTimeOffset, bool, BenefitEnrolledEventPayload)' (but other parameters do) [B:\maliev\Maliev.MessagingContracts\generated\csharp\Maliev.MessagingContracts.csproj]
B:\maliev\Maliev.MessagingContracts\generated\csharp\Contracts\MessagingContracts.cs(1210,21): warning CS1573: Parameter 'CorrelationId' has no matching param tag in the XML comment for 'BenefitEnrolledEvent.BenefitEnrolledEvent(Guid, string, MessageType, string, string, IReadOnlyList<string>, Guid, Guid?, DateTimeOffset, bool, BenefitEnrolledEventPayload)' (but other parameters do) [B:\maliev\Maliev.MessagingContracts\generated\csharp\Maliev.MessagingContracts.csproj]
B:\maliev\Maliev.MessagingContracts\generated\csharp\Contracts\MessagingContracts.cs(1211,22): warning CS1573: Parameter 'CausationId' has no matching param tag in the XML comment for 'BenefitEnrolledEvent.BenefitEnrolledEvent(Guid, string, MessageType, string, string, IReadOnlyList<string>, Guid, Guid?, DateTimeOffset, bool, BenefitEnrolledEventPayload)' (but other parameters do) [B:\maliev\Maliev.MessagingContracts\generated\csharp\Maliev.MessagingContracts.csproj]
B:\maliev\Maliev.MessagingContracts\generated\csharp\Contracts\MessagingContracts.cs(1212,31): warning CS1573: Parameter 'OccurredAtUtc' has no matching param tag in the XML comment for 'BenefitEnrolledEvent.BenefitEnrolledEvent(Guid, string, MessageType, string, string, IReadOnlyList<string>, Guid, Guid?, DateTimeOffset, bool, BenefitEnrolledEventPayload)' (but other parameters do) [B:\maliev\Maliev.MessagingContracts\generated\csharp\Maliev.MessagingContracts.csproj]
B:\maliev\Maliev.MessagingContracts\generated\csharp\Contracts\MessagingContracts.cs(1213,14): warning CS1573: Parameter 'IsPublic' has no matching param tag in the XML comment for 'BenefitEnrolledEvent.BenefitEnrolledEvent(Guid, string, MessageType, string, string, IReadOnlyList<string>, Guid, Guid?, DateTimeOffset, bool, BenefitEnrolledEventPayload)' (but other parameters do) [B:\maliev\Maliev.MessagingContracts\generated\csharp\Maliev.MessagingContracts.csproj]
B:\maliev\Maliev.MessagingContracts\generated\csharp\Contracts\MessagingContracts.cs(1241,21): warning CS1573: Parameter 'MessageId' has no matching param tag in the XML comment for 'BulkSalaryIncreaseCompletedEvent.BulkSalaryIncreaseCompletedEvent(Guid, string, MessageType, string, string, IReadOnlyList<string>, Guid, Guid?, DateTimeOffset, bool, BulkSalaryIncreaseCompletedEventPayload)' (but other parameters do) [B:\maliev\Maliev.MessagingContracts\generated\csharp\Maliev.MessagingContracts.csproj]
B:\maliev\Maliev.MessagingContracts\generated\csharp\Contracts\MessagingContracts.cs(1242,16): warning CS1573: Parameter 'MessageName' has no matching param tag in the XML comment for 'BulkSalaryIncreaseCompletedEvent.BulkSalaryIncreaseCompletedEvent(Guid, string, MessageType, string, string, IReadOnlyList<string>, Guid, Guid?, DateTimeOffset, bool, BulkSalaryIncreaseCompletedEventPayload)' (but other parameters do) [B:\maliev\Maliev.MessagingContracts\generated\csharp\Maliev.MessagingContracts.csproj]
B:\maliev\Maliev.MessagingContracts\generated\csharp\Contracts\MessagingContracts.cs(1243,21): warning CS1573: Parameter 'MessageType' has no matching param tag in the XML comment for 'BulkSalaryIncreaseCompletedEvent.BulkSalaryIncreaseCompletedEvent(Guid, string, MessageType, string, string, IReadOnlyList<string>, Guid, Guid?, DateTimeOffset, bool, BulkSalaryIncreaseCompletedEventPayload)' (but other parameters do) [B:\maliev\Maliev.MessagingContracts\generated\csharp\Maliev.MessagingContracts.csproj]
B:\maliev\Maliev.MessagingContracts\generated\csharp\Contracts\MessagingContracts.cs(1244,16): warning CS1573: Parameter 'MessageVersion' has no matching param tag in the XML comment for 'BulkSalaryIncreaseCompletedEvent.BulkSalaryIncreaseCompletedEvent(Guid, string, MessageType, string, string, IReadOnlyList<string>, Guid, Guid?, DateTimeOffset, bool, BulkSalaryIncreaseCompletedEventPayload)' (but other parameters do) [B:\maliev\Maliev.MessagingContracts\generated\csharp\Maliev.MessagingContracts.csproj]
B:\maliev\Maliev.MessagingContracts\generated\csharp\Contracts\MessagingContracts.cs(1245,16): warning CS1573: Parameter 'PublishedBy' has no matching param tag in the XML comment for 'BulkSalaryIncreaseCompletedEvent.BulkSalaryIncreaseCompletedEvent(Guid, string, MessageType, string, string, IReadOnlyList<string>, Guid, Guid?, DateTimeOffset, bool, BulkSalaryIncreaseCompletedEventPayload)' (but other parameters do) [B:\maliev\Maliev.MessagingContracts\generated\csharp\Maliev.MessagingContracts.csproj]
B:\maliev\Maliev.MessagingContracts\generated\csharp\Contracts\MessagingContracts.cs(1246,58): warning CS1573: Parameter 'ConsumedBy' has no matching param tag in the XML comment for 'BulkSalaryIncreaseCompletedEvent.BulkSalaryIncreaseCompletedEvent(Guid, string, MessageType, string, string, IReadOnlyList<string>, Guid, Guid?, DateTimeOffset, bool, BulkSalaryIncreaseCompletedEventPayload)' (but other parameters do) [B:\maliev\Maliev.MessagingContracts\generated\csharp\Maliev.MessagingContracts.csproj]
B:\maliev\Maliev.MessagingContracts\generated\csharp\Contracts\MessagingContracts.cs(1247,21): warning CS1573: Parameter 'CorrelationId' has no matching param tag in the XML comment for 'BulkSalaryIncreaseCompletedEvent.BulkSalaryIncreaseCompletedEvent(Guid, string, MessageType, string, string, IReadOnlyList<string>, Guid, Guid?, DateTimeOffset, bool, BulkSalaryIncreaseCompletedEventPayload)' (but other parameters do) [B:\maliev\Maliev.MessagingContracts\generated\csharp\Maliev.MessagingContracts.csproj]
B:\maliev\Maliev.MessagingContracts\generated\csharp\Contracts\MessagingContracts.cs(1248,22): warning CS1573: Parameter 'CausationId' has no matching param tag in the XML comment for 'BulkSalaryIncreaseCompletedEvent.BulkSalaryIncreaseCompletedEvent(Guid, string, MessageType, string, string, IReadOnlyList<string>, Guid, Guid?, DateTimeOffset, bool, BulkSalaryIncreaseCompletedEventPayload)' (but other parameters do) [B:\maliev\Maliev.MessagingContracts\generated\csharp\Maliev.MessagingContracts.csproj]
B:\maliev\Maliev.MessagingContracts\generated\csharp\Contracts\MessagingContracts.cs(1249,31): warning CS1573: Parameter 'OccurredAtUtc' has no matching param tag in the XML comment for 'BulkSalaryIncreaseCompletedEvent.BulkSalaryIncreaseCompletedEvent(Guid, string, MessageType, string, string, IReadOnlyList<string>, Guid, Guid?, DateTimeOffset, bool, BulkSalaryIncreaseCompletedEventPayload)' (but other parameters do) [B:\maliev\Maliev.MessagingContracts\generated\csharp\Maliev.MessagingContracts.csproj]
B:\maliev\Maliev.MessagingContracts\generated\csharp\Contracts\MessagingContracts.cs(1250,14): warning CS1573: Parameter 'IsPublic' has no matching param tag in the XML comment for 'BulkSalaryIncreaseCompletedEvent.BulkSalaryIncreaseCompletedEvent(Guid, string, MessageType, string, string, IReadOnlyList<string>, Guid, Guid?, DateTimeOffset, bool, BulkSalaryIncreaseCompletedEventPayload)' (but other parameters do) [B:\maliev\Maliev.MessagingContracts\generated\csharp\Maliev.MessagingContracts.csproj]
B:\maliev\Maliev.MessagingContracts\generated\csharp\Contracts\MessagingContracts.cs(1276,21): warning CS1573: Parameter 'MessageId' has no matching param tag in the XML comment for 'CompensationArchivedEvent.CompensationArchivedEvent(Guid, string, MessageType, string, string, IReadOnlyList<string>, Guid, Guid?, DateTimeOffset, bool, CompensationArchivedEventPayload)' (but other parameters do) [B:\maliev\Maliev.MessagingContracts\generated\csharp\Maliev.MessagingContracts.csproj]
B:\maliev\Maliev.MessagingContracts\generated\csharp\Contracts\MessagingContracts.cs(1277,16): warning CS1573: Parameter 'MessageName' has no matching param tag in the XML comment for 'CompensationArchivedEvent.CompensationArchivedEvent(Guid, string, MessageType, string, string, IReadOnlyList<string>, Guid, Guid?, DateTimeOffset, bool, CompensationArchivedEventPayload)' (but other parameters do) [B:\maliev\Maliev.MessagingContracts\generated\csharp\Maliev.MessagingContracts.csproj]
B:\maliev\Maliev.MessagingContracts\generated\csharp\Contracts\MessagingContracts.cs(1278,21): warning CS1573: Parameter 'MessageType' has no matching param tag in the XML comment for 'CompensationArchivedEvent.CompensationArchivedEvent(Guid, string, MessageType, string, string, IReadOnlyList<string>, Guid, Guid?, DateTimeOffset, bool, CompensationArchivedEventPayload)' (but other parameters do) [B:\maliev\Maliev.MessagingContracts\generated\csharp\Maliev.MessagingContracts.csproj]
B:\maliev\Maliev.MessagingContracts\generated\csharp\Contracts\MessagingContracts.cs(1279,16): warning CS1573: Parameter 'MessageVersion' has no matching param tag in the XML comment for 'CompensationArchivedEvent.CompensationArchivedEvent(Guid, string, MessageType, string, string, IReadOnlyList<string>, Guid, Guid?, DateTimeOffset, bool, CompensationArchivedEventPayload)' (but other parameters do) [B:\maliev\Maliev.MessagingContracts\generated\csharp\Maliev.MessagingContracts.csproj]
B:\maliev\Maliev.MessagingContracts\generated\csharp\Contracts\MessagingContracts.cs(1280,16): warning CS1573: Parameter 'PublishedBy' has no matching param tag in the XML comment for 'CompensationArchivedEvent.CompensationArchivedEvent(Guid, string, MessageType, string, string, IReadOnlyList<string>, Guid, Guid?, DateTimeOffset, bool, CompensationArchivedEventPayload)' (but other parameters do) [B:\maliev\Maliev.MessagingContracts\generated\csharp\Maliev.MessagingContracts.csproj]
B:\maliev\Maliev.MessagingContracts\generated\csharp\Contracts\MessagingContracts.cs(1281,58): warning CS1573: Parameter 'ConsumedBy' has no matching param tag in the XML comment for 'CompensationArchivedEvent.CompensationArchivedEvent(Guid, string, MessageType, string, string, IReadOnlyList<string>, Guid, Guid?, DateTimeOffset, bool, CompensationArchivedEventPayload)' (but other parameters do) [B:\maliev\Maliev.MessagingContracts\generated\csharp\Maliev.MessagingContracts.csproj]
B:\maliev\Maliev.MessagingContracts\generated\csharp\Contracts\MessagingContracts.cs(1282,21): warning CS1573: Parameter 'CorrelationId' has no matching param tag in the XML comment for 'CompensationArchivedEvent.CompensationArchivedEvent(Guid, string, MessageType, string, string, IReadOnlyList<string>, Guid, Guid?, DateTimeOffset, bool, CompensationArchivedEventPayload)' (but other parameters do) [B:\maliev\Maliev.MessagingContracts\generated\csharp\Maliev.MessagingContracts.csproj]
B:\maliev\Maliev.MessagingContracts\generated\csharp\Contracts\MessagingContracts.cs(1283,22): warning CS1573: Parameter 'CausationId' has no matching param tag in the XML comment for 'CompensationArchivedEvent.CompensationArchivedEvent(Guid, string, MessageType, string, string, IReadOnlyList<string>, Guid, Guid?, DateTimeOffset, bool, CompensationArchivedEventPayload)' (but other parameters do) [B:\maliev\Maliev.MessagingContracts\generated\csharp\Maliev.MessagingContracts.csproj]
B:\maliev\Maliev.MessagingContracts\generated\csharp\Contracts\MessagingContracts.cs(1284,31): warning CS1573: Parameter 'OccurredAtUtc' has no matching param tag in the XML comment for 'CompensationArchivedEvent.CompensationArchivedEvent(Guid, string, MessageType, string, string, IReadOnlyList<string>, Guid, Guid?, DateTimeOffset, bool, CompensationArchivedEventPayload)' (but other parameters do) [B:\maliev\Maliev.MessagingContracts\generated\csharp\Maliev.MessagingContracts.csproj]
B:\maliev\Maliev.MessagingContracts\generated\csharp\Contracts\MessagingContracts.cs(1285,14): warning CS1573: Parameter 'IsPublic' has no matching param tag in the XML comment for 'CompensationArchivedEvent.CompensationArchivedEvent(Guid, string, MessageType, string, string, IReadOnlyList<string>, Guid, Guid?, DateTimeOffset, bool, CompensationArchivedEventPayload)' (but other parameters do) [B:\maliev\Maliev.MessagingContracts\generated\csharp\Maliev.MessagingContracts.csproj]
B:\maliev\Maliev.MessagingContracts\generated\csharp\Contracts\MessagingContracts.cs(1314,21): warning CS1573: Parameter 'MessageId' has no matching param tag in the XML comment for 'WorkAuthorizationExpiringEvent.WorkAuthorizationExpiringEvent(Guid, string, MessageType, string, string, IReadOnlyList<string>, Guid, Guid?, DateTimeOffset, bool, WorkAuthorizationExpiringEventPayload)' (but other parameters do) [B:\maliev\Maliev.MessagingContracts\generated\csharp\Maliev.MessagingContracts.csproj]
B:\maliev\Maliev.MessagingContracts\generated\csharp\Contracts\MessagingContracts.cs(1315,16): warning CS1573: Parameter 'MessageName' has no matching param tag in the XML comment for 'WorkAuthorizationExpiringEvent.WorkAuthorizationExpiringEvent(Guid, string, MessageType, string, string, IReadOnlyList<string>, Guid, Guid?, DateTimeOffset, bool, WorkAuthorizationExpiringEventPayload)' (but other parameters do) [B:\maliev\Maliev.MessagingContracts\generated\csharp\Maliev.MessagingContracts.csproj]
B:\maliev\Maliev.MessagingContracts\generated\csharp\Contracts\MessagingContracts.cs(1316,21): warning CS1573: Parameter 'MessageType' has no matching param tag in the XML comment for 'WorkAuthorizationExpiringEvent.WorkAuthorizationExpiringEvent(Guid, string, MessageType, string, string, IReadOnlyList<string>, Guid, Guid?, DateTimeOffset, bool, WorkAuthorizationExpiringEventPayload)' (but other parameters do) [B:\maliev\Maliev.MessagingContracts\generated\csharp\Maliev.MessagingContracts.csproj]
B:\maliev\Maliev.MessagingContracts\generated\csharp\Contracts\MessagingContracts.cs(1317,16): warning CS1573: Parameter 'MessageVersion' has no matching param tag in the XML comment for 'WorkAuthorizationExpiringEvent.WorkAuthorizationExpiringEvent(Guid, string, MessageType, string, string, IReadOnlyList<string>, Guid, Guid?, DateTimeOffset, bool, WorkAuthorizationExpiringEventPayload)' (but other parameters do) [B:\maliev\Maliev.MessagingContracts\generated\csharp\Maliev.MessagingContracts.csproj]
B:\maliev\Maliev.MessagingContracts\generated\csharp\Contracts\MessagingContracts.cs(1318,16): warning CS1573: Parameter 'PublishedBy' has no matching param tag in the XML comment for 'WorkAuthorizationExpiringEvent.WorkAuthorizationExpiringEvent(Guid, string, MessageType, string, string, IReadOnlyList<string>, Guid, Guid?, DateTimeOffset, bool, WorkAuthorizationExpiringEventPayload)' (but other parameters do) [B:\maliev\Maliev.MessagingContracts\generated\csharp\Maliev.MessagingContracts.csproj]
B:\maliev\Maliev.MessagingContracts\generated\csharp\Contracts\MessagingContracts.cs(1319,58): warning CS1573: Parameter 'ConsumedBy' has no matching param tag in the XML comment for 'WorkAuthorizationExpiringEvent.WorkAuthorizationExpiringEvent(Guid, string, MessageType, string, string, IReadOnlyList<string>, Guid, Guid?, DateTimeOffset, bool, WorkAuthorizationExpiringEventPayload)' (but other parameters do) [B:\maliev\Maliev.MessagingContracts\generated\csharp\Maliev.MessagingContracts.csproj]
B:\maliev\Maliev.MessagingContracts\generated\csharp\Contracts\MessagingContracts.cs(1320,21): warning CS1573: Parameter 'CorrelationId' has no matching param tag in the XML comment for 'WorkAuthorizationExpiringEvent.WorkAuthorizationExpiringEvent(Guid, string, MessageType, string, string, IReadOnlyList<string>, Guid, Guid?, DateTimeOffset, bool, WorkAuthorizationExpiringEventPayload)' (but other parameters do) [B:\maliev\Maliev.MessagingContracts\generated\csharp\Maliev.MessagingContracts.csproj]
B:\maliev\Maliev.MessagingContracts\generated\csharp\Contracts\MessagingContracts.cs(1321,22): warning CS1573: Parameter 'CausationId' has no matching param tag in the XML comment for 'WorkAuthorizationExpiringEvent.WorkAuthorizationExpiringEvent(Guid, string, MessageType, string, string, IReadOnlyList<string>, Guid, Guid?, DateTimeOffset, bool, WorkAuthorizationExpiringEventPayload)' (but other parameters do) [B:\maliev\Maliev.MessagingContracts\generated\csharp\Maliev.MessagingContracts.csproj]
B:\maliev\Maliev.MessagingContracts\generated\csharp\Contracts\MessagingContracts.cs(1322,31): warning CS1573: Parameter 'OccurredAtUtc' has no matching param tag in the XML comment for 'WorkAuthorizationExpiringEvent.WorkAuthorizationExpiringEvent(Guid, string, MessageType, string, string, IReadOnlyList<string>, Guid, Guid?, DateTimeOffset, bool, WorkAuthorizationExpiringEventPayload)' (but other parameters do) [B:\maliev\Maliev.MessagingContracts\generated\csharp\Maliev.MessagingContracts.csproj]
B:\maliev\Maliev.MessagingContracts\generated\csharp\Contracts\MessagingContracts.cs(1323,14): warning CS1573: Parameter 'IsPublic' has no matching param tag in the XML comment for 'WorkAuthorizationExpiringEvent.WorkAuthorizationExpiringEvent(Guid, string, MessageType, string, string, IReadOnlyList<string>, Guid, Guid?, DateTimeOffset, bool, WorkAuthorizationExpiringEventPayload)' (but other parameters do) [B:\maliev\Maliev.MessagingContracts\generated\csharp\Maliev.MessagingContracts.csproj]
B:\maliev\Maliev.MessagingContracts\generated\csharp\Contracts\MessagingContracts.cs(1351,21): warning CS1573: Parameter 'MessageId' has no matching param tag in the XML comment for 'WorkAuthorizationExpiredEvent.WorkAuthorizationExpiredEvent(Guid, string, MessageType, string, string, IReadOnlyList<string>, Guid, Guid?, DateTimeOffset, bool, WorkAuthorizationExpiredEventPayload)' (but other parameters do) [B:\maliev\Maliev.MessagingContracts\generated\csharp\Maliev.MessagingContracts.csproj]
B:\maliev\Maliev.MessagingContracts\generated\csharp\Contracts\MessagingContracts.cs(1352,16): warning CS1573: Parameter 'MessageName' has no matching param tag in the XML comment for 'WorkAuthorizationExpiredEvent.WorkAuthorizationExpiredEvent(Guid, string, MessageType, string, string, IReadOnlyList<string>, Guid, Guid?, DateTimeOffset, bool, WorkAuthorizationExpiredEventPayload)' (but other parameters do) [B:\maliev\Maliev.MessagingContracts\generated\csharp\Maliev.MessagingContracts.csproj]
B:\maliev\Maliev.MessagingContracts\generated\csharp\Contracts\MessagingContracts.cs(1353,21): warning CS1573: Parameter 'MessageType' has no matching param tag in the XML comment for 'WorkAuthorizationExpiredEvent.WorkAuthorizationExpiredEvent(Guid, string, MessageType, string, string, IReadOnlyList<string>, Guid, Guid?, DateTimeOffset, bool, WorkAuthorizationExpiredEventPayload)' (but other parameters do) [B:\maliev\Maliev.MessagingContracts\generated\csharp\Maliev.MessagingContracts.csproj]
B:\maliev\Maliev.MessagingContracts\generated\csharp\Contracts\MessagingContracts.cs(1354,16): warning CS1573: Parameter 'MessageVersion' has no matching param tag in the XML comment for 'WorkAuthorizationExpiredEvent.WorkAuthorizationExpiredEvent(Guid, string, MessageType, string, string, IReadOnlyList<string>, Guid, Guid?, DateTimeOffset, bool, WorkAuthorizationExpiredEventPayload)' (but other parameters do) [B:\maliev\Maliev.MessagingContracts\generated\csharp\Maliev.MessagingContracts.csproj]
B:\maliev\Maliev.MessagingContracts\generated\csharp\Contracts\MessagingContracts.cs(1355,16): warning CS1573: Parameter 'PublishedBy' has no matching param tag in the XML comment for 'WorkAuthorizationExpiredEvent.WorkAuthorizationExpiredEvent(Guid, string, MessageType, string, string, IReadOnlyList<string>, Guid, Guid?, DateTimeOffset, bool, WorkAuthorizationExpiredEventPayload)' (but other parameters do) [B:\maliev\Maliev.MessagingContracts\generated\csharp\Maliev.MessagingContracts.csproj]
B:\maliev\Maliev.MessagingContracts\generated\csharp\Contracts\MessagingContracts.cs(1356,58): warning CS1573: Parameter 'ConsumedBy' has no matching param tag in the XML comment for 'WorkAuthorizationExpiredEvent.WorkAuthorizationExpiredEvent(Guid, string, MessageType, string, string, IReadOnlyList<string>, Guid, Guid?, DateTimeOffset, bool, WorkAuthorizationExpiredEventPayload)' (but other parameters do) [B:\maliev\Maliev.MessagingContracts\generated\csharp\Maliev.MessagingContracts.csproj]
B:\maliev\Maliev.MessagingContracts\generated\csharp\Contracts\MessagingContracts.cs(1357,21): warning CS1573: Parameter 'CorrelationId' has no matching param tag in the XML comment for 'WorkAuthorizationExpiredEvent.WorkAuthorizationExpiredEvent(Guid, string, MessageType, string, string, IReadOnlyList<string>, Guid, Guid?, DateTimeOffset, bool, WorkAuthorizationExpiredEventPayload)' (but other parameters do) [B:\maliev\Maliev.MessagingContracts\generated\csharp\Maliev.MessagingContracts.csproj]
B:\maliev\Maliev.MessagingContracts\generated\csharp\Contracts\MessagingContracts.cs(1358,22): warning CS1573: Parameter 'CausationId' has no matching param tag in the XML comment for 'WorkAuthorizationExpiredEvent.WorkAuthorizationExpiredEvent(Guid, string, MessageType, string, string, IReadOnlyList<string>, Guid, Guid?, DateTimeOffset, bool, WorkAuthorizationExpiredEventPayload)' (but other parameters do) [B:\maliev\Maliev.MessagingContracts\generated\csharp\Maliev.MessagingContracts.csproj]
B:\maliev\Maliev.MessagingContracts\generated\csharp\Contracts\MessagingContracts.cs(1359,31): warning CS1573: Parameter 'OccurredAtUtc' has no matching param tag in the XML comment for 'WorkAuthorizationExpiredEvent.WorkAuthorizationExpiredEvent(Guid, string, MessageType, string, string, IReadOnlyList<string>, Guid, Guid?, DateTimeOffset, bool, WorkAuthorizationExpiredEventPayload)' (but other parameters do) [B:\maliev\Maliev.MessagingContracts\generated\csharp\Maliev.MessagingContracts.csproj]
B:\maliev\Maliev.MessagingContracts\generated\csharp\Contracts\MessagingContracts.cs(1360,14): warning CS1573: Parameter 'IsPublic' has no matching param tag in the XML comment for 'WorkAuthorizationExpiredEvent.WorkAuthorizationExpiredEvent(Guid, string, MessageType, string, string, IReadOnlyList<string>, Guid, Guid?, DateTimeOffset, bool, WorkAuthorizationExpiredEventPayload)' (but other parameters do) [B:\maliev\Maliev.MessagingContracts\generated\csharp\Maliev.MessagingContracts.csproj]
B:\maliev\Maliev.MessagingContracts\generated\csharp\Contracts\MessagingContracts.cs(1388,21): warning CS1573: Parameter 'MessageId' has no matching param tag in the XML comment for 'ComplianceDocumentUploadedEvent.ComplianceDocumentUploadedEvent(Guid, string, MessageType, string, string, IReadOnlyList<string>, Guid, Guid?, DateTimeOffset, bool, ComplianceDocumentUploadedEventPayload)' (but other parameters do) [B:\maliev\Maliev.MessagingContracts\generated\csharp\Maliev.MessagingContracts.csproj]
B:\maliev\Maliev.MessagingContracts\generated\csharp\Contracts\MessagingContracts.cs(1389,16): warning CS1573: Parameter 'MessageName' has no matching param tag in the XML comment for 'ComplianceDocumentUploadedEvent.ComplianceDocumentUploadedEvent(Guid, string, MessageType, string, string, IReadOnlyList<string>, Guid, Guid?, DateTimeOffset, bool, ComplianceDocumentUploadedEventPayload)' (but other parameters do) [B:\maliev\Maliev.MessagingContracts\generated\csharp\Maliev.MessagingContracts.csproj]
B:\maliev\Maliev.MessagingContracts\generated\csharp\Contracts\MessagingContracts.cs(1390,21): warning CS1573: Parameter 'MessageType' has no matching param tag in the XML comment for 'ComplianceDocumentUploadedEvent.ComplianceDocumentUploadedEvent(Guid, string, MessageType, string, string, IReadOnlyList<string>, Guid, Guid?, DateTimeOffset, bool, ComplianceDocumentUploadedEventPayload)' (but other parameters do) [B:\maliev\Maliev.MessagingContracts\generated\csharp\Maliev.MessagingContracts.csproj]
B:\maliev\Maliev.MessagingContracts\generated\csharp\Contracts\MessagingContracts.cs(1391,16): warning CS1573: Parameter 'MessageVersion' has no matching param tag in the XML comment for 'ComplianceDocumentUploadedEvent.ComplianceDocumentUploadedEvent(Guid, string, MessageType, string, string, IReadOnlyList<string>, Guid, Guid?, DateTimeOffset, bool, ComplianceDocumentUploadedEventPayload)' (but other parameters do) [B:\maliev\Maliev.MessagingContracts\generated\csharp\Maliev.MessagingContracts.csproj]
B:\maliev\Maliev.MessagingContracts\generated\csharp\Contracts\MessagingContracts.cs(1392,16): warning CS1573: Parameter 'PublishedBy' has no matching param tag in the XML comment for 'ComplianceDocumentUploadedEvent.ComplianceDocumentUploadedEvent(Guid, string, MessageType, string, string, IReadOnlyList<string>, Guid, Guid?, DateTimeOffset, bool, ComplianceDocumentUploadedEventPayload)' (but other parameters do) [B:\maliev\Maliev.MessagingContracts\generated\csharp\Maliev.MessagingContracts.csproj]
B:\maliev\Maliev.MessagingContracts\generated\csharp\Contracts\MessagingContracts.cs(1393,58): warning CS1573: Parameter 'ConsumedBy' has no matching param tag in the XML comment for 'ComplianceDocumentUploadedEvent.ComplianceDocumentUploadedEvent(Guid, string, MessageType, string, string, IReadOnlyList<string>, Guid, Guid?, DateTimeOffset, bool, ComplianceDocumentUploadedEventPayload)' (but other parameters do) [B:\maliev\Maliev.MessagingContracts\generated\csharp\Maliev.MessagingContracts.csproj]
B:\maliev\Maliev.MessagingContracts\generated\csharp\Contracts\MessagingContracts.cs(1394,21): warning CS1573: Parameter 'CorrelationId' has no matching param tag in the XML comment for 'ComplianceDocumentUploadedEvent.ComplianceDocumentUploadedEvent(Guid, string, MessageType, string, string, IReadOnlyList<string>, Guid, Guid?, DateTimeOffset, bool, ComplianceDocumentUploadedEventPayload)' (but other parameters do) [B:\maliev\Maliev.MessagingContracts\generated\csharp\Maliev.MessagingContracts.csproj]
B:\maliev\Maliev.MessagingContracts\generated\csharp\Contracts\MessagingContracts.cs(1395,22): warning CS1573: Parameter 'CausationId' has no matching param tag in the XML comment for 'ComplianceDocumentUploadedEvent.ComplianceDocumentUploadedEvent(Guid, string, MessageType, string, string, IReadOnlyList<string>, Guid, Guid?, DateTimeOffset, bool, ComplianceDocumentUploadedEventPayload)' (but other parameters do) [B:\maliev\Maliev.MessagingContracts\generated\csharp\Maliev.MessagingContracts.csproj]
B:\maliev\Maliev.MessagingContracts\generated\csharp\Contracts\MessagingContracts.cs(1396,31): warning CS1573: Parameter 'OccurredAtUtc' has no matching param tag in the XML comment for 'ComplianceDocumentUploadedEvent.ComplianceDocumentUploadedEvent(Guid, string, MessageType, string, string, IReadOnlyList<string>, Guid, Guid?, DateTimeOffset, bool, ComplianceDocumentUploadedEventPayload)' (but other parameters do) [B:\maliev\Maliev.MessagingContracts\generated\csharp\Maliev.MessagingContracts.csproj]
B:\maliev\Maliev.MessagingContracts\generated\csharp\Contracts\MessagingContracts.cs(1397,14): warning CS1573: Parameter 'IsPublic' has no matching param tag in the XML comment for 'ComplianceDocumentUploadedEvent.ComplianceDocumentUploadedEvent(Guid, string, MessageType, string, string, IReadOnlyList<string>, Guid, Guid?, DateTimeOffset, bool, ComplianceDocumentUploadedEventPayload)' (but other parameters do) [B:\maliev\Maliev.MessagingContracts\generated\csharp\Maliev.MessagingContracts.csproj]
B:\maliev\Maliev.MessagingContracts\generated\csharp\Contracts\MessagingContracts.cs(1422,19): warning CS1591: Missing XML comment for publicly visible type or member 'CustomerDetailsResponse' [B:\maliev\Maliev.MessagingContracts\generated\csharp\Maliev.MessagingContracts.csproj]
B:\maliev\Maliev.MessagingContracts\generated\csharp\Contracts\MessagingContracts.cs(1422,19): warning CS1591: Missing XML comment for publicly visible type or member 'CustomerDetailsResponse.CustomerDetailsResponse(Guid, string, MessageType, string, string, IReadOnlyList<string>, Guid, Guid?, DateTimeOffset, bool, CustomerDetailsResponsePayload)' [B:\maliev\Maliev.MessagingContracts\generated\csharp\Maliev.MessagingContracts.csproj]
B:\maliev\Maliev.MessagingContracts\generated\csharp\Contracts\MessagingContracts.cs(1433,80): warning CS1591: Missing XML comment for publicly visible type or member 'CustomerDetailsResponse.Payload' [B:\maliev\Maliev.MessagingContracts\generated\csharp\Maliev.MessagingContracts.csproj]
B:\maliev\Maliev.MessagingContracts\generated\csharp\Contracts\MessagingContracts.cs(1453,64): warning CS1573: Parameter 'CustomerId' has no matching param tag in the XML comment for 'CustomerCreatedEventPayload.CustomerCreatedEventPayload(Guid, Guid, string, string, string, string?, string?, string?, string, string, Guid?, DateTimeOffset)' (but other parameters do) [B:\maliev\Maliev.MessagingContracts\generated\csharp\Maliev.MessagingContracts.csproj]
B:\maliev\Maliev.MessagingContracts\generated\csharp\Contracts\MessagingContracts.cs(1455,58): warning CS1573: Parameter 'FirstName' has no matching param tag in the XML comment for 'CustomerCreatedEventPayload.CustomerCreatedEventPayload(Guid, Guid, string, string, string, string?, string?, string?, string, string, Guid?, DateTimeOffset)' (but other parameters do) [B:\maliev\Maliev.MessagingContracts\generated\csharp\Maliev.MessagingContracts.csproj]
B:\maliev\Maliev.MessagingContracts\generated\csharp\Contracts\MessagingContracts.cs(1456,57): warning CS1573: Parameter 'LastName' has no matching param tag in the XML comment for 'CustomerCreatedEventPayload.CustomerCreatedEventPayload(Guid, Guid, string, string, string, string?, string?, string?, string, string, Guid?, DateTimeOffset)' (but other parameters do) [B:\maliev\Maliev.MessagingContracts\generated\csharp\Maliev.MessagingContracts.csproj]
B:\maliev\Maliev.MessagingContracts\generated\csharp\Contracts\MessagingContracts.cs(1457,54): warning CS1573: Parameter 'Email' has no matching param tag in the XML comment for 'CustomerCreatedEventPayload.CustomerCreatedEventPayload(Guid, Guid, string, string, string, string?, string?, string?, string, string, Guid?, DateTimeOffset)' (but other parameters do) [B:\maliev\Maliev.MessagingContracts\generated\csharp\Maliev.MessagingContracts.csproj]
B:\maliev\Maliev.MessagingContracts\generated\csharp\Contracts\MessagingContracts.cs(1464,73): warning CS1573: Parameter 'CreatedAt' has no matching param tag in the XML comment for 'CustomerCreatedEventPayload.CustomerCreatedEventPayload(Guid, Guid, string, string, string, string?, string?, string?, string, string, Guid?, DateTimeOffset)' (but other parameters do) [B:\maliev\Maliev.MessagingContracts\generated\csharp\Maliev.MessagingContracts.csproj]
B:\maliev\Maliev.MessagingContracts\generated\csharp\Contracts\MessagingContracts.cs(1476,21): warning CS1573: Parameter 'MessageId' has no matching param tag in the XML comment for 'CustomerCreatedEvent.CustomerCreatedEvent(Guid, string, MessageType, string, string, IReadOnlyList<string>, Guid, Guid?, DateTimeOffset, bool, CustomerCreatedEventPayload)' (but other parameters do) [B:\maliev\Maliev.MessagingContracts\generated\csharp\Maliev.MessagingContracts.csproj]
B:\maliev\Maliev.MessagingContracts\generated\csharp\Contracts\MessagingContracts.cs(1477,16): warning CS1573: Parameter 'MessageName' has no matching param tag in the XML comment for 'CustomerCreatedEvent.CustomerCreatedEvent(Guid, string, MessageType, string, string, IReadOnlyList<string>, Guid, Guid?, DateTimeOffset, bool, CustomerCreatedEventPayload)' (but other parameters do) [B:\maliev\Maliev.MessagingContracts\generated\csharp\Maliev.MessagingContracts.csproj]
B:\maliev\Maliev.MessagingContracts\generated\csharp\Contracts\MessagingContracts.cs(1478,21): warning CS1573: Parameter 'MessageType' has no matching param tag in the XML comment for 'CustomerCreatedEvent.CustomerCreatedEvent(Guid, string, MessageType, string, string, IReadOnlyList<string>, Guid, Guid?, DateTimeOffset, bool, CustomerCreatedEventPayload)' (but other parameters do) [B:\maliev\Maliev.MessagingContracts\generated\csharp\Maliev.MessagingContracts.csproj]
B:\maliev\Maliev.MessagingContracts\generated\csharp\Contracts\MessagingContracts.cs(1479,16): warning CS1573: Parameter 'MessageVersion' has no matching param tag in the XML comment for 'CustomerCreatedEvent.CustomerCreatedEvent(Guid, string, MessageType, string, string, IReadOnlyList<string>, Guid, Guid?, DateTimeOffset, bool, CustomerCreatedEventPayload)' (but other parameters do) [B:\maliev\Maliev.MessagingContracts\generated\csharp\Maliev.MessagingContracts.csproj]
B:\maliev\Maliev.MessagingContracts\generated\csharp\Contracts\MessagingContracts.cs(1480,16): warning CS1573: Parameter 'PublishedBy' has no matching param tag in the XML comment for 'CustomerCreatedEvent.CustomerCreatedEvent(Guid, string, MessageType, string, string, IReadOnlyList<string>, Guid, Guid?, DateTimeOffset, bool, CustomerCreatedEventPayload)' (but other parameters do) [B:\maliev\Maliev.MessagingContracts\generated\csharp\Maliev.MessagingContracts.csproj]
B:\maliev\Maliev.MessagingContracts\generated\csharp\Contracts\MessagingContracts.cs(1481,58): warning CS1573: Parameter 'ConsumedBy' has no matching param tag in the XML comment for 'CustomerCreatedEvent.CustomerCreatedEvent(Guid, string, MessageType, string, string, IReadOnlyList<string>, Guid, Guid?, DateTimeOffset, bool, CustomerCreatedEventPayload)' (but other parameters do) [B:\maliev\Maliev.MessagingContracts\generated\csharp\Maliev.MessagingContracts.csproj]
B:\maliev\Maliev.MessagingContracts\generated\csharp\Contracts\MessagingContracts.cs(1482,21): warning CS1573: Parameter 'CorrelationId' has no matching param tag in the XML comment for 'CustomerCreatedEvent.CustomerCreatedEvent(Guid, string, MessageType, string, string, IReadOnlyList<string>, Guid, Guid?, DateTimeOffset, bool, CustomerCreatedEventPayload)' (but other parameters do) [B:\maliev\Maliev.MessagingContracts\generated\csharp\Maliev.MessagingContracts.csproj]
B:\maliev\Maliev.MessagingContracts\generated\csharp\Contracts\MessagingContracts.cs(1483,22): warning CS1573: Parameter 'CausationId' has no matching param tag in the XML comment for 'CustomerCreatedEvent.CustomerCreatedEvent(Guid, string, MessageType, string, string, IReadOnlyList<string>, Guid, Guid?, DateTimeOffset, bool, CustomerCreatedEventPayload)' (but other parameters do) [B:\maliev\Maliev.MessagingContracts\generated\csharp\Maliev.MessagingContracts.csproj]
B:\maliev\Maliev.MessagingContracts\generated\csharp\Contracts\MessagingContracts.cs(1484,31): warning CS1573: Parameter 'OccurredAtUtc' has no matching param tag in the XML comment for 'CustomerCreatedEvent.CustomerCreatedEvent(Guid, string, MessageType, string, string, IReadOnlyList<string>, Guid, Guid?, DateTimeOffset, bool, CustomerCreatedEventPayload)' (but other parameters do) [B:\maliev\Maliev.MessagingContracts\generated\csharp\Maliev.MessagingContracts.csproj]
B:\maliev\Maliev.MessagingContracts\generated\csharp\Contracts\MessagingContracts.cs(1485,14): warning CS1573: Parameter 'IsPublic' has no matching param tag in the XML comment for 'CustomerCreatedEvent.CustomerCreatedEvent(Guid, string, MessageType, string, string, IReadOnlyList<string>, Guid, Guid?, DateTimeOffset, bool, CustomerCreatedEventPayload)' (but other parameters do) [B:\maliev\Maliev.MessagingContracts\generated\csharp\Maliev.MessagingContracts.csproj]
B:\maliev\Maliev.MessagingContracts\generated\csharp\Contracts\MessagingContracts.cs(1501,64): warning CS1573: Parameter 'CustomerId' has no matching param tag in the XML comment for 'CustomerUpdatedEventPayload.CustomerUpdatedEventPayload(Guid, object, string, string, DateTimeOffset)' (but other parameters do) [B:\maliev\Maliev.MessagingContracts\generated\csharp\Maliev.MessagingContracts.csproj]
B:\maliev\Maliev.MessagingContracts\generated\csharp\Contracts\MessagingContracts.cs(1505,73): warning CS1573: Parameter 'UpdatedAt' has no matching param tag in the XML comment for 'CustomerUpdatedEventPayload.CustomerUpdatedEventPayload(Guid, object, string, string, DateTimeOffset)' (but other parameters do) [B:\maliev\Maliev.MessagingContracts\generated\csharp\Maliev.MessagingContracts.csproj]
B:\maliev\Maliev.MessagingContracts\generated\csharp\Contracts\MessagingContracts.cs(1517,21): warning CS1573: Parameter 'MessageId' has no matching param tag in the XML comment for 'CustomerUpdatedEvent.CustomerUpdatedEvent(Guid, string, MessageType, string, string, IReadOnlyList<string>, Guid, Guid?, DateTimeOffset, bool, CustomerUpdatedEventPayload)' (but other parameters do) [B:\maliev\Maliev.MessagingContracts\generated\csharp\Maliev.MessagingContracts.csproj]
B:\maliev\Maliev.MessagingContracts\generated\csharp\Contracts\MessagingContracts.cs(1518,16): warning CS1573: Parameter 'MessageName' has no matching param tag in the XML comment for 'CustomerUpdatedEvent.CustomerUpdatedEvent(Guid, string, MessageType, string, string, IReadOnlyList<string>, Guid, Guid?, DateTimeOffset, bool, CustomerUpdatedEventPayload)' (but other parameters do) [B:\maliev\Maliev.MessagingContracts\generated\csharp\Maliev.MessagingContracts.csproj]
B:\maliev\Maliev.MessagingContracts\generated\csharp\Contracts\MessagingContracts.cs(1519,21): warning CS1573: Parameter 'MessageType' has no matching param tag in the XML comment for 'CustomerUpdatedEvent.CustomerUpdatedEvent(Guid, string, MessageType, string, string, IReadOnlyList<string>, Guid, Guid?, DateTimeOffset, bool, CustomerUpdatedEventPayload)' (but other parameters do) [B:\maliev\Maliev.MessagingContracts\generated\csharp\Maliev.MessagingContracts.csproj]
B:\maliev\Maliev.MessagingContracts\generated\csharp\Contracts\MessagingContracts.cs(1520,16): warning CS1573: Parameter 'MessageVersion' has no matching param tag in the XML comment for 'CustomerUpdatedEvent.CustomerUpdatedEvent(Guid, string, MessageType, string, string, IReadOnlyList<string>, Guid, Guid?, DateTimeOffset, bool, CustomerUpdatedEventPayload)' (but other parameters do) [B:\maliev\Maliev.MessagingContracts\generated\csharp\Maliev.MessagingContracts.csproj]
B:\maliev\Maliev.MessagingContracts\generated\csharp\Contracts\MessagingContracts.cs(1521,16): warning CS1573: Parameter 'PublishedBy' has no matching param tag in the XML comment for 'CustomerUpdatedEvent.CustomerUpdatedEvent(Guid, string, MessageType, string, string, IReadOnlyList<string>, Guid, Guid?, DateTimeOffset, bool, CustomerUpdatedEventPayload)' (but other parameters do) [B:\maliev\Maliev.MessagingContracts\generated\csharp\Maliev.MessagingContracts.csproj]
B:\maliev\Maliev.MessagingContracts\generated\csharp\Contracts\MessagingContracts.cs(1522,58): warning CS1573: Parameter 'ConsumedBy' has no matching param tag in the XML comment for 'CustomerUpdatedEvent.CustomerUpdatedEvent(Guid, string, MessageType, string, string, IReadOnlyList<string>, Guid, Guid?, DateTimeOffset, bool, CustomerUpdatedEventPayload)' (but other parameters do) [B:\maliev\Maliev.MessagingContracts\generated\csharp\Maliev.MessagingContracts.csproj]
B:\maliev\Maliev.MessagingContracts\generated\csharp\Contracts\MessagingContracts.cs(1523,21): warning CS1573: Parameter 'CorrelationId' has no matching param tag in the XML comment for 'CustomerUpdatedEvent.CustomerUpdatedEvent(Guid, string, MessageType, string, string, IReadOnlyList<string>, Guid, Guid?, DateTimeOffset, bool, CustomerUpdatedEventPayload)' (but other parameters do) [B:\maliev\Maliev.MessagingContracts\generated\csharp\Maliev.MessagingContracts.csproj]
B:\maliev\Maliev.MessagingContracts\generated\csharp\Contracts\MessagingContracts.cs(1524,22): warning CS1573: Parameter 'CausationId' has no matching param tag in the XML comment for 'CustomerUpdatedEvent.CustomerUpdatedEvent(Guid, string, MessageType, string, string, IReadOnlyList<string>, Guid, Guid?, DateTimeOffset, bool, CustomerUpdatedEventPayload)' (but other parameters do) [B:\maliev\Maliev.MessagingContracts\generated\csharp\Maliev.MessagingContracts.csproj]
B:\maliev\Maliev.MessagingContracts\generated\csharp\Contracts\MessagingContracts.cs(1525,31): warning CS1573: Parameter 'OccurredAtUtc' has no matching param tag in the XML comment for 'CustomerUpdatedEvent.CustomerUpdatedEvent(Guid, string, MessageType, string, string, IReadOnlyList<string>, Guid, Guid?, DateTimeOffset, bool, CustomerUpdatedEventPayload)' (but other parameters do) [B:\maliev\Maliev.MessagingContracts\generated\csharp\Maliev.MessagingContracts.csproj]
B:\maliev\Maliev.MessagingContracts\generated\csharp\Contracts\MessagingContracts.cs(1526,14): warning CS1573: Parameter 'IsPublic' has no matching param tag in the XML comment for 'CustomerUpdatedEvent.CustomerUpdatedEvent(Guid, string, MessageType, string, string, IReadOnlyList<string>, Guid, Guid?, DateTimeOffset, bool, CustomerUpdatedEventPayload)' (but other parameters do) [B:\maliev\Maliev.MessagingContracts\generated\csharp\Maliev.MessagingContracts.csproj]
B:\maliev\Maliev.MessagingContracts\generated\csharp\Contracts\MessagingContracts.cs(1541,64): warning CS1573: Parameter 'CustomerId' has no matching param tag in the XML comment for 'CustomerDeletedEventPayload.CustomerDeletedEventPayload(Guid, string, string, DateTimeOffset)' (but other parameters do) [B:\maliev\Maliev.MessagingContracts\generated\csharp\Maliev.MessagingContracts.csproj]
B:\maliev\Maliev.MessagingContracts\generated\csharp\Contracts\MessagingContracts.cs(1544,73): warning CS1573: Parameter 'DeletedAt' has no matching param tag in the XML comment for 'CustomerDeletedEventPayload.CustomerDeletedEventPayload(Guid, string, string, DateTimeOffset)' (but other parameters do) [B:\maliev\Maliev.MessagingContracts\generated\csharp\Maliev.MessagingContracts.csproj]
B:\maliev\Maliev.MessagingContracts\generated\csharp\Contracts\MessagingContracts.cs(1556,21): warning CS1573: Parameter 'MessageId' has no matching param tag in the XML comment for 'CustomerDeletedEvent.CustomerDeletedEvent(Guid, string, MessageType, string, string, IReadOnlyList<string>, Guid, Guid?, DateTimeOffset, bool, CustomerDeletedEventPayload)' (but other parameters do) [B:\maliev\Maliev.MessagingContracts\generated\csharp\Maliev.MessagingContracts.csproj]
B:\maliev\Maliev.MessagingContracts\generated\csharp\Contracts\MessagingContracts.cs(1557,16): warning CS1573: Parameter 'MessageName' has no matching param tag in the XML comment for 'CustomerDeletedEvent.CustomerDeletedEvent(Guid, string, MessageType, string, string, IReadOnlyList<string>, Guid, Guid?, DateTimeOffset, bool, CustomerDeletedEventPayload)' (but other parameters do) [B:\maliev\Maliev.MessagingContracts\generated\csharp\Maliev.MessagingContracts.csproj]
B:\maliev\Maliev.MessagingContracts\generated\csharp\Contracts\MessagingContracts.cs(1558,21): warning CS1573: Parameter 'MessageType' has no matching param tag in the XML comment for 'CustomerDeletedEvent.CustomerDeletedEvent(Guid, string, MessageType, string, string, IReadOnlyList<string>, Guid, Guid?, DateTimeOffset, bool, CustomerDeletedEventPayload)' (but other parameters do) [B:\maliev\Maliev.MessagingContracts\generated\csharp\Maliev.MessagingContracts.csproj]
B:\maliev\Maliev.MessagingContracts\generated\csharp\Contracts\MessagingContracts.cs(1559,16): warning CS1573: Parameter 'MessageVersion' has no matching param tag in the XML comment for 'CustomerDeletedEvent.CustomerDeletedEvent(Guid, string, MessageType, string, string, IReadOnlyList<string>, Guid, Guid?, DateTimeOffset, bool, CustomerDeletedEventPayload)' (but other parameters do) [B:\maliev\Maliev.MessagingContracts\generated\csharp\Maliev.MessagingContracts.csproj]
B:\maliev\Maliev.MessagingContracts\generated\csharp\Contracts\MessagingContracts.cs(1560,16): warning CS1573: Parameter 'PublishedBy' has no matching param tag in the XML comment for 'CustomerDeletedEvent.CustomerDeletedEvent(Guid, string, MessageType, string, string, IReadOnlyList<string>, Guid, Guid?, DateTimeOffset, bool, CustomerDeletedEventPayload)' (but other parameters do) [B:\maliev\Maliev.MessagingContracts\generated\csharp\Maliev.MessagingContracts.csproj]
B:\maliev\Maliev.MessagingContracts\generated\csharp\Contracts\MessagingContracts.cs(1561,58): warning CS1573: Parameter 'ConsumedBy' has no matching param tag in the XML comment for 'CustomerDeletedEvent.CustomerDeletedEvent(Guid, string, MessageType, string, string, IReadOnlyList<string>, Guid, Guid?, DateTimeOffset, bool, CustomerDeletedEventPayload)' (but other parameters do) [B:\maliev\Maliev.MessagingContracts\generated\csharp\Maliev.MessagingContracts.csproj]
B:\maliev\Maliev.MessagingContracts\generated\csharp\Contracts\MessagingContracts.cs(1562,21): warning CS1573: Parameter 'CorrelationId' has no matching param tag in the XML comment for 'CustomerDeletedEvent.CustomerDeletedEvent(Guid, string, MessageType, string, string, IReadOnlyList<string>, Guid, Guid?, DateTimeOffset, bool, CustomerDeletedEventPayload)' (but other parameters do) [B:\maliev\Maliev.MessagingContracts\generated\csharp\Maliev.MessagingContracts.csproj]
B:\maliev\Maliev.MessagingContracts\generated\csharp\Contracts\MessagingContracts.cs(1563,22): warning CS1573: Parameter 'CausationId' has no matching param tag in the XML comment for 'CustomerDeletedEvent.CustomerDeletedEvent(Guid, string, MessageType, string, string, IReadOnlyList<string>, Guid, Guid?, DateTimeOffset, bool, CustomerDeletedEventPayload)' (but other parameters do) [B:\maliev\Maliev.MessagingContracts\generated\csharp\Maliev.MessagingContracts.csproj]
B:\maliev\Maliev.MessagingContracts\generated\csharp\Contracts\MessagingContracts.cs(1564,31): warning CS1573: Parameter 'OccurredAtUtc' has no matching param tag in the XML comment for 'CustomerDeletedEvent.CustomerDeletedEvent(Guid, string, MessageType, string, string, IReadOnlyList<string>, Guid, Guid?, DateTimeOffset, bool, CustomerDeletedEventPayload)' (but other parameters do) [B:\maliev\Maliev.MessagingContracts\generated\csharp\Maliev.MessagingContracts.csproj]
B:\maliev\Maliev.MessagingContracts\generated\csharp\Contracts\MessagingContracts.cs(1565,14): warning CS1573: Parameter 'IsPublic' has no matching param tag in the XML comment for 'CustomerDeletedEvent.CustomerDeletedEvent(Guid, string, MessageType, string, string, IReadOnlyList<string>, Guid, Guid?, DateTimeOffset, bool, CustomerDeletedEventPayload)' (but other parameters do) [B:\maliev\Maliev.MessagingContracts\generated\csharp\Maliev.MessagingContracts.csproj]
B:\maliev\Maliev.MessagingContracts\generated\csharp\Contracts\MessagingContracts.cs(1588,19): warning CS1591: Missing XML comment for publicly visible type or member 'GetCustomerDetailsRequest' [B:\maliev\Maliev.MessagingContracts\generated\csharp\Maliev.MessagingContracts.csproj]
B:\maliev\Maliev.MessagingContracts\generated\csharp\Contracts\MessagingContracts.cs(1588,19): warning CS1591: Missing XML comment for publicly visible type or member 'GetCustomerDetailsRequest.GetCustomerDetailsRequest(Guid, string, MessageType, string, string, IReadOnlyList<string>, Guid, Guid?, DateTimeOffset, bool, GetCustomerDetailsRequestPayload)' [B:\maliev\Maliev.MessagingContracts\generated\csharp\Maliev.MessagingContracts.csproj]
B:\maliev\Maliev.MessagingContracts\generated\csharp\Contracts\MessagingContracts.cs(1599,82): warning CS1591: Missing XML comment for publicly visible type or member 'GetCustomerDetailsRequest.Payload' [B:\maliev\Maliev.MessagingContracts\generated\csharp\Maliev.MessagingContracts.csproj]
B:\maliev\Maliev.MessagingContracts\generated\csharp\Contracts\MessagingContracts.cs(1614,64): warning CS1573: Parameter 'EmployeeId' has no matching param tag in the XML comment for 'EmployeeCreatedEventPayload.EmployeeCreatedEventPayload(Guid, string, Guid, string, string, DateTimeOffset, Guid, Guid?, Guid?)' (but other parameters do) [B:\maliev\Maliev.MessagingContracts\generated\csharp\Maliev.MessagingContracts.csproj]
B:\maliev\Maliev.MessagingContracts\generated\csharp\Contracts\MessagingContracts.cs(1615,63): warning CS1573: Parameter 'EmployeeNumber' has no matching param tag in the XML comment for 'EmployeeCreatedEventPayload.EmployeeCreatedEventPayload(Guid, string, Guid, string, string, DateTimeOffset, Guid, Guid?, Guid?)' (but other parameters do) [B:\maliev\Maliev.MessagingContracts\generated\csharp\Maliev.MessagingContracts.csproj]
B:\maliev\Maliev.MessagingContracts\generated\csharp\Contracts\MessagingContracts.cs(1616,65): warning CS1573: Parameter 'PrincipalId' has no matching param tag in the XML comment for 'EmployeeCreatedEventPayload.EmployeeCreatedEventPayload(Guid, string, Guid, string, string, DateTimeOffset, Guid, Guid?, Guid?)' (but other parameters do) [B:\maliev\Maliev.MessagingContracts\generated\csharp\Maliev.MessagingContracts.csproj]
B:\maliev\Maliev.MessagingContracts\generated\csharp\Contracts\MessagingContracts.cs(1619,73): warning CS1573: Parameter 'StartDate' has no matching param tag in the XML comment for 'EmployeeCreatedEventPayload.EmployeeCreatedEventPayload(Guid, string, Guid, string, string, DateTimeOffset, Guid, Guid?, Guid?)' (but other parameters do) [B:\maliev\Maliev.MessagingContracts\generated\csharp\Maliev.MessagingContracts.csproj]
B:\maliev\Maliev.MessagingContracts\generated\csharp\Contracts\MessagingContracts.cs(1620,66): warning CS1573: Parameter 'DepartmentId' has no matching param tag in the XML comment for 'EmployeeCreatedEventPayload.EmployeeCreatedEventPayload(Guid, string, Guid, string, string, DateTimeOffset, Guid, Guid?, Guid?)' (but other parameters do) [B:\maliev\Maliev.MessagingContracts\generated\csharp\Maliev.MessagingContracts.csproj]
B:\maliev\Maliev.MessagingContracts\generated\csharp\Contracts\MessagingContracts.cs(1621,65): warning CS1573: Parameter 'PositionId' has no matching param tag in the XML comment for 'EmployeeCreatedEventPayload.EmployeeCreatedEventPayload(Guid, string, Guid, string, string, DateTimeOffset, Guid, Guid?, Guid?)' (but other parameters do) [B:\maliev\Maliev.MessagingContracts\generated\csharp\Maliev.MessagingContracts.csproj]
B:\maliev\Maliev.MessagingContracts\generated\csharp\Contracts\MessagingContracts.cs(1622,64): warning CS1573: Parameter 'ManagerId' has no matching param tag in the XML comment for 'EmployeeCreatedEventPayload.EmployeeCreatedEventPayload(Guid, string, Guid, string, string, DateTimeOffset, Guid, Guid?, Guid?)' (but other parameters do) [B:\maliev\Maliev.MessagingContracts\generated\csharp\Maliev.MessagingContracts.csproj]
B:\maliev\Maliev.MessagingContracts\generated\csharp\Contracts\MessagingContracts.cs(1634,21): warning CS1573: Parameter 'MessageId' has no matching param tag in the XML comment for 'EmployeeCreatedEvent.EmployeeCreatedEvent(Guid, string, MessageType, string, string, IReadOnlyList<string>, Guid, Guid?, DateTimeOffset, bool, EmployeeCreatedEventPayload)' (but other parameters do) [B:\maliev\Maliev.MessagingContracts\generated\csharp\Maliev.MessagingContracts.csproj]
B:\maliev\Maliev.MessagingContracts\generated\csharp\Contracts\MessagingContracts.cs(1635,16): warning CS1573: Parameter 'MessageName' has no matching param tag in the XML comment for 'EmployeeCreatedEvent.EmployeeCreatedEvent(Guid, string, MessageType, string, string, IReadOnlyList<string>, Guid, Guid?, DateTimeOffset, bool, EmployeeCreatedEventPayload)' (but other parameters do) [B:\maliev\Maliev.MessagingContracts\generated\csharp\Maliev.MessagingContracts.csproj]
B:\maliev\Maliev.MessagingContracts\generated\csharp\Contracts\MessagingContracts.cs(1636,21): warning CS1573: Parameter 'MessageType' has no matching param tag in the XML comment for 'EmployeeCreatedEvent.EmployeeCreatedEvent(Guid, string, MessageType, string, string, IReadOnlyList<string>, Guid, Guid?, DateTimeOffset, bool, EmployeeCreatedEventPayload)' (but other parameters do) [B:\maliev\Maliev.MessagingContracts\generated\csharp\Maliev.MessagingContracts.csproj]
B:\maliev\Maliev.MessagingContracts\generated\csharp\Contracts\MessagingContracts.cs(1637,16): warning CS1573: Parameter 'MessageVersion' has no matching param tag in the XML comment for 'EmployeeCreatedEvent.EmployeeCreatedEvent(Guid, string, MessageType, string, string, IReadOnlyList<string>, Guid, Guid?, DateTimeOffset, bool, EmployeeCreatedEventPayload)' (but other parameters do) [B:\maliev\Maliev.MessagingContracts\generated\csharp\Maliev.MessagingContracts.csproj]
B:\maliev\Maliev.MessagingContracts\generated\csharp\Contracts\MessagingContracts.cs(1638,16): warning CS1573: Parameter 'PublishedBy' has no matching param tag in the XML comment for 'EmployeeCreatedEvent.EmployeeCreatedEvent(Guid, string, MessageType, string, string, IReadOnlyList<string>, Guid, Guid?, DateTimeOffset, bool, EmployeeCreatedEventPayload)' (but other parameters do) [B:\maliev\Maliev.MessagingContracts\generated\csharp\Maliev.MessagingContracts.csproj]
B:\maliev\Maliev.MessagingContracts\generated\csharp\Contracts\MessagingContracts.cs(1639,58): warning CS1573: Parameter 'ConsumedBy' has no matching param tag in the XML comment for 'EmployeeCreatedEvent.EmployeeCreatedEvent(Guid, string, MessageType, string, string, IReadOnlyList<string>, Guid, Guid?, DateTimeOffset, bool, EmployeeCreatedEventPayload)' (but other parameters do) [B:\maliev\Maliev.MessagingContracts\generated\csharp\Maliev.MessagingContracts.csproj]
B:\maliev\Maliev.MessagingContracts\generated\csharp\Contracts\MessagingContracts.cs(1640,21): warning CS1573: Parameter 'CorrelationId' has no matching param tag in the XML comment for 'EmployeeCreatedEvent.EmployeeCreatedEvent(Guid, string, MessageType, string, string, IReadOnlyList<string>, Guid, Guid?, DateTimeOffset, bool, EmployeeCreatedEventPayload)' (but other parameters do) [B:\maliev\Maliev.MessagingContracts\generated\csharp\Maliev.MessagingContracts.csproj]
B:\maliev\Maliev.MessagingContracts\generated\csharp\Contracts\MessagingContracts.cs(1641,22): warning CS1573: Parameter 'CausationId' has no matching param tag in the XML comment for 'EmployeeCreatedEvent.EmployeeCreatedEvent(Guid, string, MessageType, string, string, IReadOnlyList<string>, Guid, Guid?, DateTimeOffset, bool, EmployeeCreatedEventPayload)' (but other parameters do) [B:\maliev\Maliev.MessagingContracts\generated\csharp\Maliev.MessagingContracts.csproj]
B:\maliev\Maliev.MessagingContracts\generated\csharp\Contracts\MessagingContracts.cs(1642,31): warning CS1573: Parameter 'OccurredAtUtc' has no matching param tag in the XML comment for 'EmployeeCreatedEvent.EmployeeCreatedEvent(Guid, string, MessageType, string, string, IReadOnlyList<string>, Guid, Guid?, DateTimeOffset, bool, EmployeeCreatedEventPayload)' (but other parameters do) [B:\maliev\Maliev.MessagingContracts\generated\csharp\Maliev.MessagingContracts.csproj]
B:\maliev\Maliev.MessagingContracts\generated\csharp\Contracts\MessagingContracts.cs(1643,14): warning CS1573: Parameter 'IsPublic' has no matching param tag in the XML comment for 'EmployeeCreatedEvent.EmployeeCreatedEvent(Guid, string, MessageType, string, string, IReadOnlyList<string>, Guid, Guid?, DateTimeOffset, bool, EmployeeCreatedEventPayload)' (but other parameters do) [B:\maliev\Maliev.MessagingContracts\generated\csharp\Maliev.MessagingContracts.csproj]
B:\maliev\Maliev.MessagingContracts\generated\csharp\Contracts\MessagingContracts.cs(1671,21): warning CS1573: Parameter 'MessageId' has no matching param tag in the XML comment for 'EmployeeTerminatedEvent.EmployeeTerminatedEvent(Guid, string, MessageType, string, string, IReadOnlyList<string>, Guid, Guid?, DateTimeOffset, bool, EmployeeTerminatedEventPayload)' (but other parameters do) [B:\maliev\Maliev.MessagingContracts\generated\csharp\Maliev.MessagingContracts.csproj]
B:\maliev\Maliev.MessagingContracts\generated\csharp\Contracts\MessagingContracts.cs(1672,16): warning CS1573: Parameter 'MessageName' has no matching param tag in the XML comment for 'EmployeeTerminatedEvent.EmployeeTerminatedEvent(Guid, string, MessageType, string, string, IReadOnlyList<string>, Guid, Guid?, DateTimeOffset, bool, EmployeeTerminatedEventPayload)' (but other parameters do) [B:\maliev\Maliev.MessagingContracts\generated\csharp\Maliev.MessagingContracts.csproj]
B:\maliev\Maliev.MessagingContracts\generated\csharp\Contracts\MessagingContracts.cs(1673,21): warning CS1573: Parameter 'MessageType' has no matching param tag in the XML comment for 'EmployeeTerminatedEvent.EmployeeTerminatedEvent(Guid, string, MessageType, string, string, IReadOnlyList<string>, Guid, Guid?, DateTimeOffset, bool, EmployeeTerminatedEventPayload)' (but other parameters do) [B:\maliev\Maliev.MessagingContracts\generated\csharp\Maliev.MessagingContracts.csproj]
B:\maliev\Maliev.MessagingContracts\generated\csharp\Contracts\MessagingContracts.cs(1674,16): warning CS1573: Parameter 'MessageVersion' has no matching param tag in the XML comment for 'EmployeeTerminatedEvent.EmployeeTerminatedEvent(Guid, string, MessageType, string, string, IReadOnlyList<string>, Guid, Guid?, DateTimeOffset, bool, EmployeeTerminatedEventPayload)' (but other parameters do) [B:\maliev\Maliev.MessagingContracts\generated\csharp\Maliev.MessagingContracts.csproj]
B:\maliev\Maliev.MessagingContracts\generated\csharp\Contracts\MessagingContracts.cs(1675,16): warning CS1573: Parameter 'PublishedBy' has no matching param tag in the XML comment for 'EmployeeTerminatedEvent.EmployeeTerminatedEvent(Guid, string, MessageType, string, string, IReadOnlyList<string>, Guid, Guid?, DateTimeOffset, bool, EmployeeTerminatedEventPayload)' (but other parameters do) [B:\maliev\Maliev.MessagingContracts\generated\csharp\Maliev.MessagingContracts.csproj]
B:\maliev\Maliev.MessagingContracts\generated\csharp\Contracts\MessagingContracts.cs(1676,58): warning CS1573: Parameter 'ConsumedBy' has no matching param tag in the XML comment for 'EmployeeTerminatedEvent.EmployeeTerminatedEvent(Guid, string, MessageType, string, string, IReadOnlyList<string>, Guid, Guid?, DateTimeOffset, bool, EmployeeTerminatedEventPayload)' (but other parameters do) [B:\maliev\Maliev.MessagingContracts\generated\csharp\Maliev.MessagingContracts.csproj]
B:\maliev\Maliev.MessagingContracts\generated\csharp\Contracts\MessagingContracts.cs(1677,21): warning CS1573: Parameter 'CorrelationId' has no matching param tag in the XML comment for 'EmployeeTerminatedEvent.EmployeeTerminatedEvent(Guid, string, MessageType, string, string, IReadOnlyList<string>, Guid, Guid?, DateTimeOffset, bool, EmployeeTerminatedEventPayload)' (but other parameters do) [B:\maliev\Maliev.MessagingContracts\generated\csharp\Maliev.MessagingContracts.csproj]
B:\maliev\Maliev.MessagingContracts\generated\csharp\Contracts\MessagingContracts.cs(1678,22): warning CS1573: Parameter 'CausationId' has no matching param tag in the XML comment for 'EmployeeTerminatedEvent.EmployeeTerminatedEvent(Guid, string, MessageType, string, string, IReadOnlyList<string>, Guid, Guid?, DateTimeOffset, bool, EmployeeTerminatedEventPayload)' (but other parameters do) [B:\maliev\Maliev.MessagingContracts\generated\csharp\Maliev.MessagingContracts.csproj]
B:\maliev\Maliev.MessagingContracts\generated\csharp\Contracts\MessagingContracts.cs(1679,31): warning CS1573: Parameter 'OccurredAtUtc' has no matching param tag in the XML comment for 'EmployeeTerminatedEvent.EmployeeTerminatedEvent(Guid, string, MessageType, string, string, IReadOnlyList<string>, Guid, Guid?, DateTimeOffset, bool, EmployeeTerminatedEventPayload)' (but other parameters do) [B:\maliev\Maliev.MessagingContracts\generated\csharp\Maliev.MessagingContracts.csproj]
B:\maliev\Maliev.MessagingContracts\generated\csharp\Contracts\MessagingContracts.cs(1680,14): warning CS1573: Parameter 'IsPublic' has no matching param tag in the XML comment for 'EmployeeTerminatedEvent.EmployeeTerminatedEvent(Guid, string, MessageType, string, string, IReadOnlyList<string>, Guid, Guid?, DateTimeOffset, bool, EmployeeTerminatedEventPayload)' (but other parameters do) [B:\maliev\Maliev.MessagingContracts\generated\csharp\Maliev.MessagingContracts.csproj]
B:\maliev\Maliev.MessagingContracts\generated\csharp\Contracts\MessagingContracts.cs(1708,21): warning CS1573: Parameter 'MessageId' has no matching param tag in the XML comment for 'DepartmentTransferredEvent.DepartmentTransferredEvent(Guid, string, MessageType, string, string, IReadOnlyList<string>, Guid, Guid?, DateTimeOffset, bool, DepartmentTransferredEventPayload)' (but other parameters do) [B:\maliev\Maliev.MessagingContracts\generated\csharp\Maliev.MessagingContracts.csproj]
B:\maliev\Maliev.MessagingContracts\generated\csharp\Contracts\MessagingContracts.cs(1709,16): warning CS1573: Parameter 'MessageName' has no matching param tag in the XML comment for 'DepartmentTransferredEvent.DepartmentTransferredEvent(Guid, string, MessageType, string, string, IReadOnlyList<string>, Guid, Guid?, DateTimeOffset, bool, DepartmentTransferredEventPayload)' (but other parameters do) [B:\maliev\Maliev.MessagingContracts\generated\csharp\Maliev.MessagingContracts.csproj]
B:\maliev\Maliev.MessagingContracts\generated\csharp\Contracts\MessagingContracts.cs(1710,21): warning CS1573: Parameter 'MessageType' has no matching param tag in the XML comment for 'DepartmentTransferredEvent.DepartmentTransferredEvent(Guid, string, MessageType, string, string, IReadOnlyList<string>, Guid, Guid?, DateTimeOffset, bool, DepartmentTransferredEventPayload)' (but other parameters do) [B:\maliev\Maliev.MessagingContracts\generated\csharp\Maliev.MessagingContracts.csproj]
B:\maliev\Maliev.MessagingContracts\generated\csharp\Contracts\MessagingContracts.cs(1711,16): warning CS1573: Parameter 'MessageVersion' has no matching param tag in the XML comment for 'DepartmentTransferredEvent.DepartmentTransferredEvent(Guid, string, MessageType, string, string, IReadOnlyList<string>, Guid, Guid?, DateTimeOffset, bool, DepartmentTransferredEventPayload)' (but other parameters do) [B:\maliev\Maliev.MessagingContracts\generated\csharp\Maliev.MessagingContracts.csproj]
B:\maliev\Maliev.MessagingContracts\generated\csharp\Contracts\MessagingContracts.cs(1712,16): warning CS1573: Parameter 'PublishedBy' has no matching param tag in the XML comment for 'DepartmentTransferredEvent.DepartmentTransferredEvent(Guid, string, MessageType, string, string, IReadOnlyList<string>, Guid, Guid?, DateTimeOffset, bool, DepartmentTransferredEventPayload)' (but other parameters do) [B:\maliev\Maliev.MessagingContracts\generated\csharp\Maliev.MessagingContracts.csproj]
B:\maliev\Maliev.MessagingContracts\generated\csharp\Contracts\MessagingContracts.cs(1713,58): warning CS1573: Parameter 'ConsumedBy' has no matching param tag in the XML comment for 'DepartmentTransferredEvent.DepartmentTransferredEvent(Guid, string, MessageType, string, string, IReadOnlyList<string>, Guid, Guid?, DateTimeOffset, bool, DepartmentTransferredEventPayload)' (but other parameters do) [B:\maliev\Maliev.MessagingContracts\generated\csharp\Maliev.MessagingContracts.csproj]
B:\maliev\Maliev.MessagingContracts\generated\csharp\Contracts\MessagingContracts.cs(1714,21): warning CS1573: Parameter 'CorrelationId' has no matching param tag in the XML comment for 'DepartmentTransferredEvent.DepartmentTransferredEvent(Guid, string, MessageType, string, string, IReadOnlyList<string>, Guid, Guid?, DateTimeOffset, bool, DepartmentTransferredEventPayload)' (but other parameters do) [B:\maliev\Maliev.MessagingContracts\generated\csharp\Maliev.MessagingContracts.csproj]
B:\maliev\Maliev.MessagingContracts\generated\csharp\Contracts\MessagingContracts.cs(1715,22): warning CS1573: Parameter 'CausationId' has no matching param tag in the XML comment for 'DepartmentTransferredEvent.DepartmentTransferredEvent(Guid, string, MessageType, string, string, IReadOnlyList<string>, Guid, Guid?, DateTimeOffset, bool, DepartmentTransferredEventPayload)' (but other parameters do) [B:\maliev\Maliev.MessagingContracts\generated\csharp\Maliev.MessagingContracts.csproj]
B:\maliev\Maliev.MessagingContracts\generated\csharp\Contracts\MessagingContracts.cs(1716,31): warning CS1573: Parameter 'OccurredAtUtc' has no matching param tag in the XML comment for 'DepartmentTransferredEvent.DepartmentTransferredEvent(Guid, string, MessageType, string, string, IReadOnlyList<string>, Guid, Guid?, DateTimeOffset, bool, DepartmentTransferredEventPayload)' (but other parameters do) [B:\maliev\Maliev.MessagingContracts\generated\csharp\Maliev.MessagingContracts.csproj]
B:\maliev\Maliev.MessagingContracts\generated\csharp\Contracts\MessagingContracts.cs(1717,14): warning CS1573: Parameter 'IsPublic' has no matching param tag in the XML comment for 'DepartmentTransferredEvent.DepartmentTransferredEvent(Guid, string, MessageType, string, string, IReadOnlyList<string>, Guid, Guid?, DateTimeOffset, bool, DepartmentTransferredEventPayload)' (but other parameters do) [B:\maliev\Maliev.MessagingContracts\generated\csharp\Maliev.MessagingContracts.csproj]
B:\maliev\Maliev.MessagingContracts\generated\csharp\Contracts\MessagingContracts.cs(1745,21): warning CS1573: Parameter 'MessageId' has no matching param tag in the XML comment for 'EmployeeDepartmentTransferredEvent.EmployeeDepartmentTransferredEvent(Guid, string, MessageType, string, string, IReadOnlyList<string>, Guid, Guid?, DateTimeOffset, bool, EmployeeDepartmentTransferredEventPayload)' (but other parameters do) [B:\maliev\Maliev.MessagingContracts\generated\csharp\Maliev.MessagingContracts.csproj]
B:\maliev\Maliev.MessagingContracts\generated\csharp\Contracts\MessagingContracts.cs(1746,16): warning CS1573: Parameter 'MessageName' has no matching param tag in the XML comment for 'EmployeeDepartmentTransferredEvent.EmployeeDepartmentTransferredEvent(Guid, string, MessageType, string, string, IReadOnlyList<string>, Guid, Guid?, DateTimeOffset, bool, EmployeeDepartmentTransferredEventPayload)' (but other parameters do) [B:\maliev\Maliev.MessagingContracts\generated\csharp\Maliev.MessagingContracts.csproj]
B:\maliev\Maliev.MessagingContracts\generated\csharp\Contracts\MessagingContracts.cs(1747,21): warning CS1573: Parameter 'MessageType' has no matching param tag in the XML comment for 'EmployeeDepartmentTransferredEvent.EmployeeDepartmentTransferredEvent(Guid, string, MessageType, string, string, IReadOnlyList<string>, Guid, Guid?, DateTimeOffset, bool, EmployeeDepartmentTransferredEventPayload)' (but other parameters do) [B:\maliev\Maliev.MessagingContracts\generated\csharp\Maliev.MessagingContracts.csproj]
B:\maliev\Maliev.MessagingContracts\generated\csharp\Contracts\MessagingContracts.cs(1748,16): warning CS1573: Parameter 'MessageVersion' has no matching param tag in the XML comment for 'EmployeeDepartmentTransferredEvent.EmployeeDepartmentTransferredEvent(Guid, string, MessageType, string, string, IReadOnlyList<string>, Guid, Guid?, DateTimeOffset, bool, EmployeeDepartmentTransferredEventPayload)' (but other parameters do) [B:\maliev\Maliev.MessagingContracts\generated\csharp\Maliev.MessagingContracts.csproj]
B:\maliev\Maliev.MessagingContracts\generated\csharp\Contracts\MessagingContracts.cs(1749,16): warning CS1573: Parameter 'PublishedBy' has no matching param tag in the XML comment for 'EmployeeDepartmentTransferredEvent.EmployeeDepartmentTransferredEvent(Guid, string, MessageType, string, string, IReadOnlyList<string>, Guid, Guid?, DateTimeOffset, bool, EmployeeDepartmentTransferredEventPayload)' (but other parameters do) [B:\maliev\Maliev.MessagingContracts\generated\csharp\Maliev.MessagingContracts.csproj]
B:\maliev\Maliev.MessagingContracts\generated\csharp\Contracts\MessagingContracts.cs(1750,58): warning CS1573: Parameter 'ConsumedBy' has no matching param tag in the XML comment for 'EmployeeDepartmentTransferredEvent.EmployeeDepartmentTransferredEvent(Guid, string, MessageType, string, string, IReadOnlyList<string>, Guid, Guid?, DateTimeOffset, bool, EmployeeDepartmentTransferredEventPayload)' (but other parameters do) [B:\maliev\Maliev.MessagingContracts\generated\csharp\Maliev.MessagingContracts.csproj]
B:\maliev\Maliev.MessagingContracts\generated\csharp\Contracts\MessagingContracts.cs(1751,21): warning CS1573: Parameter 'CorrelationId' has no matching param tag in the XML comment for 'EmployeeDepartmentTransferredEvent.EmployeeDepartmentTransferredEvent(Guid, string, MessageType, string, string, IReadOnlyList<string>, Guid, Guid?, DateTimeOffset, bool, EmployeeDepartmentTransferredEventPayload)' (but other parameters do) [B:\maliev\Maliev.MessagingContracts\generated\csharp\Maliev.MessagingContracts.csproj]
B:\maliev\Maliev.MessagingContracts\generated\csharp\Contracts\MessagingContracts.cs(1752,22): warning CS1573: Parameter 'CausationId' has no matching param tag in the XML comment for 'EmployeeDepartmentTransferredEvent.EmployeeDepartmentTransferredEvent(Guid, string, MessageType, string, string, IReadOnlyList<string>, Guid, Guid?, DateTimeOffset, bool, EmployeeDepartmentTransferredEventPayload)' (but other parameters do) [B:\maliev\Maliev.MessagingContracts\generated\csharp\Maliev.MessagingContracts.csproj]
B:\maliev\Maliev.MessagingContracts\generated\csharp\Contracts\MessagingContracts.cs(1753,31): warning CS1573: Parameter 'OccurredAtUtc' has no matching param tag in the XML comment for 'EmployeeDepartmentTransferredEvent.EmployeeDepartmentTransferredEvent(Guid, string, MessageType, string, string, IReadOnlyList<string>, Guid, Guid?, DateTimeOffset, bool, EmployeeDepartmentTransferredEventPayload)' (but other parameters do) [B:\maliev\Maliev.MessagingContracts\generated\csharp\Maliev.MessagingContracts.csproj]
B:\maliev\Maliev.MessagingContracts\generated\csharp\Contracts\MessagingContracts.cs(1754,14): warning CS1573: Parameter 'IsPublic' has no matching param tag in the XML comment for 'EmployeeDepartmentTransferredEvent.EmployeeDepartmentTransferredEvent(Guid, string, MessageType, string, string, IReadOnlyList<string>, Guid, Guid?, DateTimeOffset, bool, EmployeeDepartmentTransferredEventPayload)' (but other parameters do) [B:\maliev\Maliev.MessagingContracts\generated\csharp\Maliev.MessagingContracts.csproj]
B:\maliev\Maliev.MessagingContracts\generated\csharp\Contracts\MessagingContracts.cs(1786,21): warning CS1573: Parameter 'MessageId' has no matching param tag in the XML comment for 'TeamCreatedEvent.TeamCreatedEvent(Guid, string, MessageType, string, string, IReadOnlyList<string>, Guid, Guid?, DateTimeOffset, bool, TeamCreatedEventPayload)' (but other parameters do) [B:\maliev\Maliev.MessagingContracts\generated\csharp\Maliev.MessagingContracts.csproj]
B:\maliev\Maliev.MessagingContracts\generated\csharp\Contracts\MessagingContracts.cs(1787,16): warning CS1573: Parameter 'MessageName' has no matching param tag in the XML comment for 'TeamCreatedEvent.TeamCreatedEvent(Guid, string, MessageType, string, string, IReadOnlyList<string>, Guid, Guid?, DateTimeOffset, bool, TeamCreatedEventPayload)' (but other parameters do) [B:\maliev\Maliev.MessagingContracts\generated\csharp\Maliev.MessagingContracts.csproj]
B:\maliev\Maliev.MessagingContracts\generated\csharp\Contracts\MessagingContracts.cs(1788,21): warning CS1573: Parameter 'MessageType' has no matching param tag in the XML comment for 'TeamCreatedEvent.TeamCreatedEvent(Guid, string, MessageType, string, string, IReadOnlyList<string>, Guid, Guid?, DateTimeOffset, bool, TeamCreatedEventPayload)' (but other parameters do) [B:\maliev\Maliev.MessagingContracts\generated\csharp\Maliev.MessagingContracts.csproj]
B:\maliev\Maliev.MessagingContracts\generated\csharp\Contracts\MessagingContracts.cs(1789,16): warning CS1573: Parameter 'MessageVersion' has no matching param tag in the XML comment for 'TeamCreatedEvent.TeamCreatedEvent(Guid, string, MessageType, string, string, IReadOnlyList<string>, Guid, Guid?, DateTimeOffset, bool, TeamCreatedEventPayload)' (but other parameters do) [B:\maliev\Maliev.MessagingContracts\generated\csharp\Maliev.MessagingContracts.csproj]
B:\maliev\Maliev.MessagingContracts\generated\csharp\Contracts\MessagingContracts.cs(1790,16): warning CS1573: Parameter 'PublishedBy' has no matching param tag in the XML comment for 'TeamCreatedEvent.TeamCreatedEvent(Guid, string, MessageType, string, string, IReadOnlyList<string>, Guid, Guid?, DateTimeOffset, bool, TeamCreatedEventPayload)' (but other parameters do) [B:\maliev\Maliev.MessagingContracts\generated\csharp\Maliev.MessagingContracts.csproj]
B:\maliev\Maliev.MessagingContracts\generated\csharp\Contracts\MessagingContracts.cs(1791,58): warning CS1573: Parameter 'ConsumedBy' has no matching param tag in the XML comment for 'TeamCreatedEvent.TeamCreatedEvent(Guid, string, MessageType, string, string, IReadOnlyList<string>, Guid, Guid?, DateTimeOffset, bool, TeamCreatedEventPayload)' (but other parameters do) [B:\maliev\Maliev.MessagingContracts\generated\csharp\Maliev.MessagingContracts.csproj]
B:\maliev\Maliev.MessagingContracts\generated\csharp\Contracts\MessagingContracts.cs(1792,21): warning CS1573: Parameter 'CorrelationId' has no matching param tag in the XML comment for 'TeamCreatedEvent.TeamCreatedEvent(Guid, string, MessageType, string, string, IReadOnlyList<string>, Guid, Guid?, DateTimeOffset, bool, TeamCreatedEventPayload)' (but other parameters do) [B:\maliev\Maliev.MessagingContracts\generated\csharp\Maliev.MessagingContracts.csproj]
B:\maliev\Maliev.MessagingContracts\generated\csharp\Contracts\MessagingContracts.cs(1793,22): warning CS1573: Parameter 'CausationId' has no matching param tag in the XML comment for 'TeamCreatedEvent.TeamCreatedEvent(Guid, string, MessageType, string, string, IReadOnlyList<string>, Guid, Guid?, DateTimeOffset, bool, TeamCreatedEventPayload)' (but other parameters do) [B:\maliev\Maliev.MessagingContracts\generated\csharp\Maliev.MessagingContracts.csproj]
B:\maliev\Maliev.MessagingContracts\generated\csharp\Contracts\MessagingContracts.cs(1794,31): warning CS1573: Parameter 'OccurredAtUtc' has no matching param tag in the XML comment for 'TeamCreatedEvent.TeamCreatedEvent(Guid, string, MessageType, string, string, IReadOnlyList<string>, Guid, Guid?, DateTimeOffset, bool, TeamCreatedEventPayload)' (but other parameters do) [B:\maliev\Maliev.MessagingContracts\generated\csharp\Maliev.MessagingContracts.csproj]
B:\maliev\Maliev.MessagingContracts\generated\csharp\Contracts\MessagingContracts.cs(1795,14): warning CS1573: Parameter 'IsPublic' has no matching param tag in the XML comment for 'TeamCreatedEvent.TeamCreatedEvent(Guid, string, MessageType, string, string, IReadOnlyList<string>, Guid, Guid?, DateTimeOffset, bool, TeamCreatedEventPayload)' (but other parameters do) [B:\maliev\Maliev.MessagingContracts\generated\csharp\Maliev.MessagingContracts.csproj]
B:\maliev\Maliev.MessagingContracts\generated\csharp\Contracts\MessagingContracts.cs(1827,21): warning CS1573: Parameter 'MessageId' has no matching param tag in the XML comment for 'TeamUpdatedEvent.TeamUpdatedEvent(Guid, string, MessageType, string, string, IReadOnlyList<string>, Guid, Guid?, DateTimeOffset, bool, TeamUpdatedEventPayload)' (but other parameters do) [B:\maliev\Maliev.MessagingContracts\generated\csharp\Maliev.MessagingContracts.csproj]
B:\maliev\Maliev.MessagingContracts\generated\csharp\Contracts\MessagingContracts.cs(1828,16): warning CS1573: Parameter 'MessageName' has no matching param tag in the XML comment for 'TeamUpdatedEvent.TeamUpdatedEvent(Guid, string, MessageType, string, string, IReadOnlyList<string>, Guid, Guid?, DateTimeOffset, bool, TeamUpdatedEventPayload)' (but other parameters do) [B:\maliev\Maliev.MessagingContracts\generated\csharp\Maliev.MessagingContracts.csproj]
B:\maliev\Maliev.MessagingContracts\generated\csharp\Contracts\MessagingContracts.cs(1829,21): warning CS1573: Parameter 'MessageType' has no matching param tag in the XML comment for 'TeamUpdatedEvent.TeamUpdatedEvent(Guid, string, MessageType, string, string, IReadOnlyList<string>, Guid, Guid?, DateTimeOffset, bool, TeamUpdatedEventPayload)' (but other parameters do) [B:\maliev\Maliev.MessagingContracts\generated\csharp\Maliev.MessagingContracts.csproj]
B:\maliev\Maliev.MessagingContracts\generated\csharp\Contracts\MessagingContracts.cs(1830,16): warning CS1573: Parameter 'MessageVersion' has no matching param tag in the XML comment for 'TeamUpdatedEvent.TeamUpdatedEvent(Guid, string, MessageType, string, string, IReadOnlyList<string>, Guid, Guid?, DateTimeOffset, bool, TeamUpdatedEventPayload)' (but other parameters do) [B:\maliev\Maliev.MessagingContracts\generated\csharp\Maliev.MessagingContracts.csproj]
B:\maliev\Maliev.MessagingContracts\generated\csharp\Contracts\MessagingContracts.cs(1831,16): warning CS1573: Parameter 'PublishedBy' has no matching param tag in the XML comment for 'TeamUpdatedEvent.TeamUpdatedEvent(Guid, string, MessageType, string, string, IReadOnlyList<string>, Guid, Guid?, DateTimeOffset, bool, TeamUpdatedEventPayload)' (but other parameters do) [B:\maliev\Maliev.MessagingContracts\generated\csharp\Maliev.MessagingContracts.csproj]
B:\maliev\Maliev.MessagingContracts\generated\csharp\Contracts\MessagingContracts.cs(1832,58): warning CS1573: Parameter 'ConsumedBy' has no matching param tag in the XML comment for 'TeamUpdatedEvent.TeamUpdatedEvent(Guid, string, MessageType, string, string, IReadOnlyList<string>, Guid, Guid?, DateTimeOffset, bool, TeamUpdatedEventPayload)' (but other parameters do) [B:\maliev\Maliev.MessagingContracts\generated\csharp\Maliev.MessagingContracts.csproj]
B:\maliev\Maliev.MessagingContracts\generated\csharp\Contracts\MessagingContracts.cs(1833,21): warning CS1573: Parameter 'CorrelationId' has no matching param tag in the XML comment for 'TeamUpdatedEvent.TeamUpdatedEvent(Guid, string, MessageType, string, string, IReadOnlyList<string>, Guid, Guid?, DateTimeOffset, bool, TeamUpdatedEventPayload)' (but other parameters do) [B:\maliev\Maliev.MessagingContracts\generated\csharp\Maliev.MessagingContracts.csproj]
B:\maliev\Maliev.MessagingContracts\generated\csharp\Contracts\MessagingContracts.cs(1834,22): warning CS1573: Parameter 'CausationId' has no matching param tag in the XML comment for 'TeamUpdatedEvent.TeamUpdatedEvent(Guid, string, MessageType, string, string, IReadOnlyList<string>, Guid, Guid?, DateTimeOffset, bool, TeamUpdatedEventPayload)' (but other parameters do) [B:\maliev\Maliev.MessagingContracts\generated\csharp\Maliev.MessagingContracts.csproj]
B:\maliev\Maliev.MessagingContracts\generated\csharp\Contracts\MessagingContracts.cs(1835,31): warning CS1573: Parameter 'OccurredAtUtc' has no matching param tag in the XML comment for 'TeamUpdatedEvent.TeamUpdatedEvent(Guid, string, MessageType, string, string, IReadOnlyList<string>, Guid, Guid?, DateTimeOffset, bool, TeamUpdatedEventPayload)' (but other parameters do) [B:\maliev\Maliev.MessagingContracts\generated\csharp\Maliev.MessagingContracts.csproj]
B:\maliev\Maliev.MessagingContracts\generated\csharp\Contracts\MessagingContracts.cs(1836,14): warning CS1573: Parameter 'IsPublic' has no matching param tag in the XML comment for 'TeamUpdatedEvent.TeamUpdatedEvent(Guid, string, MessageType, string, string, IReadOnlyList<string>, Guid, Guid?, DateTimeOffset, bool, TeamUpdatedEventPayload)' (but other parameters do) [B:\maliev\Maliev.MessagingContracts\generated\csharp\Maliev.MessagingContracts.csproj]
B:\maliev\Maliev.MessagingContracts\generated\csharp\Contracts\MessagingContracts.cs(1868,21): warning CS1573: Parameter 'MessageId' has no matching param tag in the XML comment for 'TeamMemberAddedEvent.TeamMemberAddedEvent(Guid, string, MessageType, string, string, IReadOnlyList<string>, Guid, Guid?, DateTimeOffset, bool, TeamMemberAddedEventPayload)' (but other parameters do) [B:\maliev\Maliev.MessagingContracts\generated\csharp\Maliev.MessagingContracts.csproj]
B:\maliev\Maliev.MessagingContracts\generated\csharp\Contracts\MessagingContracts.cs(1869,16): warning CS1573: Parameter 'MessageName' has no matching param tag in the XML comment for 'TeamMemberAddedEvent.TeamMemberAddedEvent(Guid, string, MessageType, string, string, IReadOnlyList<string>, Guid, Guid?, DateTimeOffset, bool, TeamMemberAddedEventPayload)' (but other parameters do) [B:\maliev\Maliev.MessagingContracts\generated\csharp\Maliev.MessagingContracts.csproj]
B:\maliev\Maliev.MessagingContracts\generated\csharp\Contracts\MessagingContracts.cs(1870,21): warning CS1573: Parameter 'MessageType' has no matching param tag in the XML comment for 'TeamMemberAddedEvent.TeamMemberAddedEvent(Guid, string, MessageType, string, string, IReadOnlyList<string>, Guid, Guid?, DateTimeOffset, bool, TeamMemberAddedEventPayload)' (but other parameters do) [B:\maliev\Maliev.MessagingContracts\generated\csharp\Maliev.MessagingContracts.csproj]
B:\maliev\Maliev.MessagingContracts\generated\csharp\Contracts\MessagingContracts.cs(1871,16): warning CS1573: Parameter 'MessageVersion' has no matching param tag in the XML comment for 'TeamMemberAddedEvent.TeamMemberAddedEvent(Guid, string, MessageType, string, string, IReadOnlyList<string>, Guid, Guid?, DateTimeOffset, bool, TeamMemberAddedEventPayload)' (but other parameters do) [B:\maliev\Maliev.MessagingContracts\generated\csharp\Maliev.MessagingContracts.csproj]
B:\maliev\Maliev.MessagingContracts\generated\csharp\Contracts\MessagingContracts.cs(1872,16): warning CS1573: Parameter 'PublishedBy' has no matching param tag in the XML comment for 'TeamMemberAddedEvent.TeamMemberAddedEvent(Guid, string, MessageType, string, string, IReadOnlyList<string>, Guid, Guid?, DateTimeOffset, bool, TeamMemberAddedEventPayload)' (but other parameters do) [B:\maliev\Maliev.MessagingContracts\generated\csharp\Maliev.MessagingContracts.csproj]
B:\maliev\Maliev.MessagingContracts\generated\csharp\Contracts\MessagingContracts.cs(1873,58): warning CS1573: Parameter 'ConsumedBy' has no matching param tag in the XML comment for 'TeamMemberAddedEvent.TeamMemberAddedEvent(Guid, string, MessageType, string, string, IReadOnlyList<string>, Guid, Guid?, DateTimeOffset, bool, TeamMemberAddedEventPayload)' (but other parameters do) [B:\maliev\Maliev.MessagingContracts\generated\csharp\Maliev.MessagingContracts.csproj]
B:\maliev\Maliev.MessagingContracts\generated\csharp\Contracts\MessagingContracts.cs(1874,21): warning CS1573: Parameter 'CorrelationId' has no matching param tag in the XML comment for 'TeamMemberAddedEvent.TeamMemberAddedEvent(Guid, string, MessageType, string, string, IReadOnlyList<string>, Guid, Guid?, DateTimeOffset, bool, TeamMemberAddedEventPayload)' (but other parameters do) [B:\maliev\Maliev.MessagingContracts\generated\csharp\Maliev.MessagingContracts.csproj]
B:\maliev\Maliev.MessagingContracts\generated\csharp\Contracts\MessagingContracts.cs(1875,22): warning CS1573: Parameter 'CausationId' has no matching param tag in the XML comment for 'TeamMemberAddedEvent.TeamMemberAddedEvent(Guid, string, MessageType, string, string, IReadOnlyList<string>, Guid, Guid?, DateTimeOffset, bool, TeamMemberAddedEventPayload)' (but other parameters do) [B:\maliev\Maliev.MessagingContracts\generated\csharp\Maliev.MessagingContracts.csproj]
B:\maliev\Maliev.MessagingContracts\generated\csharp\Contracts\MessagingContracts.cs(1876,31): warning CS1573: Parameter 'OccurredAtUtc' has no matching param tag in the XML comment for 'TeamMemberAddedEvent.TeamMemberAddedEvent(Guid, string, MessageType, string, string, IReadOnlyList<string>, Guid, Guid?, DateTimeOffset, bool, TeamMemberAddedEventPayload)' (but other parameters do) [B:\maliev\Maliev.MessagingContracts\generated\csharp\Maliev.MessagingContracts.csproj]
B:\maliev\Maliev.MessagingContracts\generated\csharp\Contracts\MessagingContracts.cs(1877,14): warning CS1573: Parameter 'IsPublic' has no matching param tag in the XML comment for 'TeamMemberAddedEvent.TeamMemberAddedEvent(Guid, string, MessageType, string, string, IReadOnlyList<string>, Guid, Guid?, DateTimeOffset, bool, TeamMemberAddedEventPayload)' (but other parameters do) [B:\maliev\Maliev.MessagingContracts\generated\csharp\Maliev.MessagingContracts.csproj]
B:\maliev\Maliev.MessagingContracts\generated\csharp\Contracts\MessagingContracts.cs(1908,21): warning CS1573: Parameter 'MessageId' has no matching param tag in the XML comment for 'TeamMemberRemovedEvent.TeamMemberRemovedEvent(Guid, string, MessageType, string, string, IReadOnlyList<string>, Guid, Guid?, DateTimeOffset, bool, TeamMemberRemovedEventPayload)' (but other parameters do) [B:\maliev\Maliev.MessagingContracts\generated\csharp\Maliev.MessagingContracts.csproj]
B:\maliev\Maliev.MessagingContracts\generated\csharp\Contracts\MessagingContracts.cs(1909,16): warning CS1573: Parameter 'MessageName' has no matching param tag in the XML comment for 'TeamMemberRemovedEvent.TeamMemberRemovedEvent(Guid, string, MessageType, string, string, IReadOnlyList<string>, Guid, Guid?, DateTimeOffset, bool, TeamMemberRemovedEventPayload)' (but other parameters do) [B:\maliev\Maliev.MessagingContracts\generated\csharp\Maliev.MessagingContracts.csproj]
B:\maliev\Maliev.MessagingContracts\generated\csharp\Contracts\MessagingContracts.cs(1910,21): warning CS1573: Parameter 'MessageType' has no matching param tag in the XML comment for 'TeamMemberRemovedEvent.TeamMemberRemovedEvent(Guid, string, MessageType, string, string, IReadOnlyList<string>, Guid, Guid?, DateTimeOffset, bool, TeamMemberRemovedEventPayload)' (but other parameters do) [B:\maliev\Maliev.MessagingContracts\generated\csharp\Maliev.MessagingContracts.csproj]
B:\maliev\Maliev.MessagingContracts\generated\csharp\Contracts\MessagingContracts.cs(1911,16): warning CS1573: Parameter 'MessageVersion' has no matching param tag in the XML comment for 'TeamMemberRemovedEvent.TeamMemberRemovedEvent(Guid, string, MessageType, string, string, IReadOnlyList<string>, Guid, Guid?, DateTimeOffset, bool, TeamMemberRemovedEventPayload)' (but other parameters do) [B:\maliev\Maliev.MessagingContracts\generated\csharp\Maliev.MessagingContracts.csproj]
B:\maliev\Maliev.MessagingContracts\generated\csharp\Contracts\MessagingContracts.cs(1912,16): warning CS1573: Parameter 'PublishedBy' has no matching param tag in the XML comment for 'TeamMemberRemovedEvent.TeamMemberRemovedEvent(Guid, string, MessageType, string, string, IReadOnlyList<string>, Guid, Guid?, DateTimeOffset, bool, TeamMemberRemovedEventPayload)' (but other parameters do) [B:\maliev\Maliev.MessagingContracts\generated\csharp\Maliev.MessagingContracts.csproj]
B:\maliev\Maliev.MessagingContracts\generated\csharp\Contracts\MessagingContracts.cs(1913,58): warning CS1573: Parameter 'ConsumedBy' has no matching param tag in the XML comment for 'TeamMemberRemovedEvent.TeamMemberRemovedEvent(Guid, string, MessageType, string, string, IReadOnlyList<string>, Guid, Guid?, DateTimeOffset, bool, TeamMemberRemovedEventPayload)' (but other parameters do) [B:\maliev\Maliev.MessagingContracts\generated\csharp\Maliev.MessagingContracts.csproj]
B:\maliev\Maliev.MessagingContracts\generated\csharp\Contracts\MessagingContracts.cs(1914,21): warning CS1573: Parameter 'CorrelationId' has no matching param tag in the XML comment for 'TeamMemberRemovedEvent.TeamMemberRemovedEvent(Guid, string, MessageType, string, string, IReadOnlyList<string>, Guid, Guid?, DateTimeOffset, bool, TeamMemberRemovedEventPayload)' (but other parameters do) [B:\maliev\Maliev.MessagingContracts\generated\csharp\Maliev.MessagingContracts.csproj]
B:\maliev\Maliev.MessagingContracts\generated\csharp\Contracts\MessagingContracts.cs(1915,22): warning CS1573: Parameter 'CausationId' has no matching param tag in the XML comment for 'TeamMemberRemovedEvent.TeamMemberRemovedEvent(Guid, string, MessageType, string, string, IReadOnlyList<string>, Guid, Guid?, DateTimeOffset, bool, TeamMemberRemovedEventPayload)' (but other parameters do) [B:\maliev\Maliev.MessagingContracts\generated\csharp\Maliev.MessagingContracts.csproj]
B:\maliev\Maliev.MessagingContracts\generated\csharp\Contracts\MessagingContracts.cs(1916,31): warning CS1573: Parameter 'OccurredAtUtc' has no matching param tag in the XML comment for 'TeamMemberRemovedEvent.TeamMemberRemovedEvent(Guid, string, MessageType, string, string, IReadOnlyList<string>, Guid, Guid?, DateTimeOffset, bool, TeamMemberRemovedEventPayload)' (but other parameters do) [B:\maliev\Maliev.MessagingContracts\generated\csharp\Maliev.MessagingContracts.csproj]
B:\maliev\Maliev.MessagingContracts\generated\csharp\Contracts\MessagingContracts.cs(1917,14): warning CS1573: Parameter 'IsPublic' has no matching param tag in the XML comment for 'TeamMemberRemovedEvent.TeamMemberRemovedEvent(Guid, string, MessageType, string, string, IReadOnlyList<string>, Guid, Guid?, DateTimeOffset, bool, TeamMemberRemovedEventPayload)' (but other parameters do) [B:\maliev\Maliev.MessagingContracts\generated\csharp\Maliev.MessagingContracts.csproj]
B:\maliev\Maliev.MessagingContracts\generated\csharp\Contracts\MessagingContracts.cs(1962,81): warning CS1573: Parameter 'Metrics' has no matching param tag in the XML comment for 'FileAnalyzedEventPayload.FileAnalyzedEventPayload(string, FileAnalyzedEventPayloadMetrics, DateTimeOffset)' (but other parameters do) [B:\maliev\Maliev.MessagingContracts\generated\csharp\Maliev.MessagingContracts.csproj]
B:\maliev\Maliev.MessagingContracts\generated\csharp\Contracts\MessagingContracts.cs(1963,75): warning CS1573: Parameter 'ProcessedAt' has no matching param tag in the XML comment for 'FileAnalyzedEventPayload.FileAnalyzedEventPayload(string, FileAnalyzedEventPayloadMetrics, DateTimeOffset)' (but other parameters do) [B:\maliev\Maliev.MessagingContracts\generated\csharp\Maliev.MessagingContracts.csproj]
B:\maliev\Maliev.MessagingContracts\generated\csharp\Contracts\MessagingContracts.cs(1975,21): warning CS1573: Parameter 'MessageId' has no matching param tag in the XML comment for 'FileAnalyzedEvent.FileAnalyzedEvent(Guid, string, MessageType, string, string, IReadOnlyList<string>, Guid, Guid?, DateTimeOffset, bool, FileAnalyzedEventPayload)' (but other parameters do) [B:\maliev\Maliev.MessagingContracts\generated\csharp\Maliev.MessagingContracts.csproj]
B:\maliev\Maliev.MessagingContracts\generated\csharp\Contracts\MessagingContracts.cs(1976,16): warning CS1573: Parameter 'MessageName' has no matching param tag in the XML comment for 'FileAnalyzedEvent.FileAnalyzedEvent(Guid, string, MessageType, string, string, IReadOnlyList<string>, Guid, Guid?, DateTimeOffset, bool, FileAnalyzedEventPayload)' (but other parameters do) [B:\maliev\Maliev.MessagingContracts\generated\csharp\Maliev.MessagingContracts.csproj]
B:\maliev\Maliev.MessagingContracts\generated\csharp\Contracts\MessagingContracts.cs(1977,21): warning CS1573: Parameter 'MessageType' has no matching param tag in the XML comment for 'FileAnalyzedEvent.FileAnalyzedEvent(Guid, string, MessageType, string, string, IReadOnlyList<string>, Guid, Guid?, DateTimeOffset, bool, FileAnalyzedEventPayload)' (but other parameters do) [B:\maliev\Maliev.MessagingContracts\generated\csharp\Maliev.MessagingContracts.csproj]
B:\maliev\Maliev.MessagingContracts\generated\csharp\Contracts\MessagingContracts.cs(1978,16): warning CS1573: Parameter 'MessageVersion' has no matching param tag in the XML comment for 'FileAnalyzedEvent.FileAnalyzedEvent(Guid, string, MessageType, string, string, IReadOnlyList<string>, Guid, Guid?, DateTimeOffset, bool, FileAnalyzedEventPayload)' (but other parameters do) [B:\maliev\Maliev.MessagingContracts\generated\csharp\Maliev.MessagingContracts.csproj]
B:\maliev\Maliev.MessagingContracts\generated\csharp\Contracts\MessagingContracts.cs(1979,16): warning CS1573: Parameter 'PublishedBy' has no matching param tag in the XML comment for 'FileAnalyzedEvent.FileAnalyzedEvent(Guid, string, MessageType, string, string, IReadOnlyList<string>, Guid, Guid?, DateTimeOffset, bool, FileAnalyzedEventPayload)' (but other parameters do) [B:\maliev\Maliev.MessagingContracts\generated\csharp\Maliev.MessagingContracts.csproj]
B:\maliev\Maliev.MessagingContracts\generated\csharp\Contracts\MessagingContracts.cs(1980,58): warning CS1573: Parameter 'ConsumedBy' has no matching param tag in the XML comment for 'FileAnalyzedEvent.FileAnalyzedEvent(Guid, string, MessageType, string, string, IReadOnlyList<string>, Guid, Guid?, DateTimeOffset, bool, FileAnalyzedEventPayload)' (but other parameters do) [B:\maliev\Maliev.MessagingContracts\generated\csharp\Maliev.MessagingContracts.csproj]
B:\maliev\Maliev.MessagingContracts\generated\csharp\Contracts\MessagingContracts.cs(1981,21): warning CS1573: Parameter 'CorrelationId' has no matching param tag in the XML comment for 'FileAnalyzedEvent.FileAnalyzedEvent(Guid, string, MessageType, string, string, IReadOnlyList<string>, Guid, Guid?, DateTimeOffset, bool, FileAnalyzedEventPayload)' (but other parameters do) [B:\maliev\Maliev.MessagingContracts\generated\csharp\Maliev.MessagingContracts.csproj]
B:\maliev\Maliev.MessagingContracts\generated\csharp\Contracts\MessagingContracts.cs(1982,22): warning CS1573: Parameter 'CausationId' has no matching param tag in the XML comment for 'FileAnalyzedEvent.FileAnalyzedEvent(Guid, string, MessageType, string, string, IReadOnlyList<string>, Guid, Guid?, DateTimeOffset, bool, FileAnalyzedEventPayload)' (but other parameters do) [B:\maliev\Maliev.MessagingContracts\generated\csharp\Maliev.MessagingContracts.csproj]
B:\maliev\Maliev.MessagingContracts\generated\csharp\Contracts\MessagingContracts.cs(1983,31): warning CS1573: Parameter 'OccurredAtUtc' has no matching param tag in the XML comment for 'FileAnalyzedEvent.FileAnalyzedEvent(Guid, string, MessageType, string, string, IReadOnlyList<string>, Guid, Guid?, DateTimeOffset, bool, FileAnalyzedEventPayload)' (but other parameters do) [B:\maliev\Maliev.MessagingContracts\generated\csharp\Maliev.MessagingContracts.csproj]
B:\maliev\Maliev.MessagingContracts\generated\csharp\Contracts\MessagingContracts.cs(1984,14): warning CS1573: Parameter 'IsPublic' has no matching param tag in the XML comment for 'FileAnalyzedEvent.FileAnalyzedEvent(Guid, string, MessageType, string, string, IReadOnlyList<string>, Guid, Guid?, DateTimeOffset, bool, FileAnalyzedEventPayload)' (but other parameters do) [B:\maliev\Maliev.MessagingContracts\generated\csharp\Maliev.MessagingContracts.csproj]
B:\maliev\Maliev.MessagingContracts\generated\csharp\Contracts\MessagingContracts.cs(1999,58): warning CS1573: Parameter 'ErrorCode' has no matching param tag in the XML comment for 'FileAnalysisFailedEventPayload.FileAnalysisFailedEventPayload(string, string, string?)' (but other parameters do) [B:\maliev\Maliev.MessagingContracts\generated\csharp\Maliev.MessagingContracts.csproj]
B:\maliev\Maliev.MessagingContracts\generated\csharp\Contracts\MessagingContracts.cs(2000,57): warning CS1573: Parameter 'Details' has no matching param tag in the XML comment for 'FileAnalysisFailedEventPayload.FileAnalysisFailedEventPayload(string, string, string?)' (but other parameters do) [B:\maliev\Maliev.MessagingContracts\generated\csharp\Maliev.MessagingContracts.csproj]
B:\maliev\Maliev.MessagingContracts\generated\csharp\Contracts\MessagingContracts.cs(2012,21): warning CS1573: Parameter 'MessageId' has no matching param tag in the XML comment for 'FileAnalysisFailedEvent.FileAnalysisFailedEvent(Guid, string, MessageType, string, string, IReadOnlyList<string>, Guid, Guid?, DateTimeOffset, bool, FileAnalysisFailedEventPayload)' (but other parameters do) [B:\maliev\Maliev.MessagingContracts\generated\csharp\Maliev.MessagingContracts.csproj]
B:\maliev\Maliev.MessagingContracts\generated\csharp\Contracts\MessagingContracts.cs(2013,16): warning CS1573: Parameter 'MessageName' has no matching param tag in the XML comment for 'FileAnalysisFailedEvent.FileAnalysisFailedEvent(Guid, string, MessageType, string, string, IReadOnlyList<string>, Guid, Guid?, DateTimeOffset, bool, FileAnalysisFailedEventPayload)' (but other parameters do) [B:\maliev\Maliev.MessagingContracts\generated\csharp\Maliev.MessagingContracts.csproj]
B:\maliev\Maliev.MessagingContracts\generated\csharp\Contracts\MessagingContracts.cs(2014,21): warning CS1573: Parameter 'MessageType' has no matching param tag in the XML comment for 'FileAnalysisFailedEvent.FileAnalysisFailedEvent(Guid, string, MessageType, string, string, IReadOnlyList<string>, Guid, Guid?, DateTimeOffset, bool, FileAnalysisFailedEventPayload)' (but other parameters do) [B:\maliev\Maliev.MessagingContracts\generated\csharp\Maliev.MessagingContracts.csproj]
B:\maliev\Maliev.MessagingContracts\generated\csharp\Contracts\MessagingContracts.cs(2015,16): warning CS1573: Parameter 'MessageVersion' has no matching param tag in the XML comment for 'FileAnalysisFailedEvent.FileAnalysisFailedEvent(Guid, string, MessageType, string, string, IReadOnlyList<string>, Guid, Guid?, DateTimeOffset, bool, FileAnalysisFailedEventPayload)' (but other parameters do) [B:\maliev\Maliev.MessagingContracts\generated\csharp\Maliev.MessagingContracts.csproj]
B:\maliev\Maliev.MessagingContracts\generated\csharp\Contracts\MessagingContracts.cs(2016,16): warning CS1573: Parameter 'PublishedBy' has no matching param tag in the XML comment for 'FileAnalysisFailedEvent.FileAnalysisFailedEvent(Guid, string, MessageType, string, string, IReadOnlyList<string>, Guid, Guid?, DateTimeOffset, bool, FileAnalysisFailedEventPayload)' (but other parameters do) [B:\maliev\Maliev.MessagingContracts\generated\csharp\Maliev.MessagingContracts.csproj]
B:\maliev\Maliev.MessagingContracts\generated\csharp\Contracts\MessagingContracts.cs(2017,58): warning CS1573: Parameter 'ConsumedBy' has no matching param tag in the XML comment for 'FileAnalysisFailedEvent.FileAnalysisFailedEvent(Guid, string, MessageType, string, string, IReadOnlyList<string>, Guid, Guid?, DateTimeOffset, bool, FileAnalysisFailedEventPayload)' (but other parameters do) [B:\maliev\Maliev.MessagingContracts\generated\csharp\Maliev.MessagingContracts.csproj]
B:\maliev\Maliev.MessagingContracts\generated\csharp\Contracts\MessagingContracts.cs(2018,21): warning CS1573: Parameter 'CorrelationId' has no matching param tag in the XML comment for 'FileAnalysisFailedEvent.FileAnalysisFailedEvent(Guid, string, MessageType, string, string, IReadOnlyList<string>, Guid, Guid?, DateTimeOffset, bool, FileAnalysisFailedEventPayload)' (but other parameters do) [B:\maliev\Maliev.MessagingContracts\generated\csharp\Maliev.MessagingContracts.csproj]
B:\maliev\Maliev.MessagingContracts\generated\csharp\Contracts\MessagingContracts.cs(2019,22): warning CS1573: Parameter 'CausationId' has no matching param tag in the XML comment for 'FileAnalysisFailedEvent.FileAnalysisFailedEvent(Guid, string, MessageType, string, string, IReadOnlyList<string>, Guid, Guid?, DateTimeOffset, bool, FileAnalysisFailedEventPayload)' (but other parameters do) [B:\maliev\Maliev.MessagingContracts\generated\csharp\Maliev.MessagingContracts.csproj]
B:\maliev\Maliev.MessagingContracts\generated\csharp\Contracts\MessagingContracts.cs(2020,31): warning CS1573: Parameter 'OccurredAtUtc' has no matching param tag in the XML comment for 'FileAnalysisFailedEvent.FileAnalysisFailedEvent(Guid, string, MessageType, string, string, IReadOnlyList<string>, Guid, Guid?, DateTimeOffset, bool, FileAnalysisFailedEventPayload)' (but other parameters do) [B:\maliev\Maliev.MessagingContracts\generated\csharp\Maliev.MessagingContracts.csproj]
B:\maliev\Maliev.MessagingContracts\generated\csharp\Contracts\MessagingContracts.cs(2021,14): warning CS1573: Parameter 'IsPublic' has no matching param tag in the XML comment for 'FileAnalysisFailedEvent.FileAnalysisFailedEvent(Guid, string, MessageType, string, string, IReadOnlyList<string>, Guid, Guid?, DateTimeOffset, bool, FileAnalysisFailedEventPayload)' (but other parameters do) [B:\maliev\Maliev.MessagingContracts\generated\csharp\Maliev.MessagingContracts.csproj]
B:\maliev\Maliev.MessagingContracts\generated\csharp\Contracts\MessagingContracts.cs(2039,21): warning CS1573: Parameter 'MessageId' has no matching param tag in the XML comment for 'PermissionRegisteredEvent.PermissionRegisteredEvent(Guid, string, MessageType, string, string, IReadOnlyList<string>, Guid, Guid?, DateTimeOffset, bool, string, string, string, string, DateTimeOffset)' (but other parameters do) [B:\maliev\Maliev.MessagingContracts\generated\csharp\Maliev.MessagingContracts.csproj]
B:\maliev\Maliev.MessagingContracts\generated\csharp\Contracts\MessagingContracts.cs(2040,16): warning CS1573: Parameter 'MessageName' has no matching param tag in the XML comment for 'PermissionRegisteredEvent.PermissionRegisteredEvent(Guid, string, MessageType, string, string, IReadOnlyList<string>, Guid, Guid?, DateTimeOffset, bool, string, string, string, string, DateTimeOffset)' (but other parameters do) [B:\maliev\Maliev.MessagingContracts\generated\csharp\Maliev.MessagingContracts.csproj]
B:\maliev\Maliev.MessagingContracts\generated\csharp\Contracts\MessagingContracts.cs(2041,21): warning CS1573: Parameter 'MessageType' has no matching param tag in the XML comment for 'PermissionRegisteredEvent.PermissionRegisteredEvent(Guid, string, MessageType, string, string, IReadOnlyList<string>, Guid, Guid?, DateTimeOffset, bool, string, string, string, string, DateTimeOffset)' (but other parameters do) [B:\maliev\Maliev.MessagingContracts\generated\csharp\Maliev.MessagingContracts.csproj]
B:\maliev\Maliev.MessagingContracts\generated\csharp\Contracts\MessagingContracts.cs(2042,16): warning CS1573: Parameter 'MessageVersion' has no matching param tag in the XML comment for 'PermissionRegisteredEvent.PermissionRegisteredEvent(Guid, string, MessageType, string, string, IReadOnlyList<string>, Guid, Guid?, DateTimeOffset, bool, string, string, string, string, DateTimeOffset)' (but other parameters do) [B:\maliev\Maliev.MessagingContracts\generated\csharp\Maliev.MessagingContracts.csproj]
B:\maliev\Maliev.MessagingContracts\generated\csharp\Contracts\MessagingContracts.cs(2043,16): warning CS1573: Parameter 'PublishedBy' has no matching param tag in the XML comment for 'PermissionRegisteredEvent.PermissionRegisteredEvent(Guid, string, MessageType, string, string, IReadOnlyList<string>, Guid, Guid?, DateTimeOffset, bool, string, string, string, string, DateTimeOffset)' (but other parameters do) [B:\maliev\Maliev.MessagingContracts\generated\csharp\Maliev.MessagingContracts.csproj]
B:\maliev\Maliev.MessagingContracts\generated\csharp\Contracts\MessagingContracts.cs(2044,58): warning CS1573: Parameter 'ConsumedBy' has no matching param tag in the XML comment for 'PermissionRegisteredEvent.PermissionRegisteredEvent(Guid, string, MessageType, string, string, IReadOnlyList<string>, Guid, Guid?, DateTimeOffset, bool, string, string, string, string, DateTimeOffset)' (but other parameters do) [B:\maliev\Maliev.MessagingContracts\generated\csharp\Maliev.MessagingContracts.csproj]
B:\maliev\Maliev.MessagingContracts\generated\csharp\Contracts\MessagingContracts.cs(2045,21): warning CS1573: Parameter 'CorrelationId' has no matching param tag in the XML comment for 'PermissionRegisteredEvent.PermissionRegisteredEvent(Guid, string, MessageType, string, string, IReadOnlyList<string>, Guid, Guid?, DateTimeOffset, bool, string, string, string, string, DateTimeOffset)' (but other parameters do) [B:\maliev\Maliev.MessagingContracts\generated\csharp\Maliev.MessagingContracts.csproj]
B:\maliev\Maliev.MessagingContracts\generated\csharp\Contracts\MessagingContracts.cs(2046,22): warning CS1573: Parameter 'CausationId' has no matching param tag in the XML comment for 'PermissionRegisteredEvent.PermissionRegisteredEvent(Guid, string, MessageType, string, string, IReadOnlyList<string>, Guid, Guid?, DateTimeOffset, bool, string, string, string, string, DateTimeOffset)' (but other parameters do) [B:\maliev\Maliev.MessagingContracts\generated\csharp\Maliev.MessagingContracts.csproj]
B:\maliev\Maliev.MessagingContracts\generated\csharp\Contracts\MessagingContracts.cs(2047,31): warning CS1573: Parameter 'OccurredAtUtc' has no matching param tag in the XML comment for 'PermissionRegisteredEvent.PermissionRegisteredEvent(Guid, string, MessageType, string, string, IReadOnlyList<string>, Guid, Guid?, DateTimeOffset, bool, string, string, string, string, DateTimeOffset)' (but other parameters do) [B:\maliev\Maliev.MessagingContracts\generated\csharp\Maliev.MessagingContracts.csproj]
B:\maliev\Maliev.MessagingContracts\generated\csharp\Contracts\MessagingContracts.cs(2048,14): warning CS1573: Parameter 'IsPublic' has no matching param tag in the XML comment for 'PermissionRegisteredEvent.PermissionRegisteredEvent(Guid, string, MessageType, string, string, IReadOnlyList<string>, Guid, Guid?, DateTimeOffset, bool, string, string, string, string, DateTimeOffset)' (but other parameters do) [B:\maliev\Maliev.MessagingContracts\generated\csharp\Maliev.MessagingContracts.csproj]
B:\maliev\Maliev.MessagingContracts\generated\csharp\Contracts\MessagingContracts.cs(2070,21): warning CS1573: Parameter 'MessageId' has no matching param tag in the XML comment for 'PermissionRegistrationCompleted.PermissionRegistrationCompleted(Guid, string, MessageType, string, string, IReadOnlyList<string>, Guid, Guid?, DateTimeOffset, bool, string, int, int, DateTimeOffset)' (but other parameters do) [B:\maliev\Maliev.MessagingContracts\generated\csharp\Maliev.MessagingContracts.csproj]
B:\maliev\Maliev.MessagingContracts\generated\csharp\Contracts\MessagingContracts.cs(2071,16): warning CS1573: Parameter 'MessageName' has no matching param tag in the XML comment for 'PermissionRegistrationCompleted.PermissionRegistrationCompleted(Guid, string, MessageType, string, string, IReadOnlyList<string>, Guid, Guid?, DateTimeOffset, bool, string, int, int, DateTimeOffset)' (but other parameters do) [B:\maliev\Maliev.MessagingContracts\generated\csharp\Maliev.MessagingContracts.csproj]
B:\maliev\Maliev.MessagingContracts\generated\csharp\Contracts\MessagingContracts.cs(2072,21): warning CS1573: Parameter 'MessageType' has no matching param tag in the XML comment for 'PermissionRegistrationCompleted.PermissionRegistrationCompleted(Guid, string, MessageType, string, string, IReadOnlyList<string>, Guid, Guid?, DateTimeOffset, bool, string, int, int, DateTimeOffset)' (but other parameters do) [B:\maliev\Maliev.MessagingContracts\generated\csharp\Maliev.MessagingContracts.csproj]
B:\maliev\Maliev.MessagingContracts\generated\csharp\Contracts\MessagingContracts.cs(2073,16): warning CS1573: Parameter 'MessageVersion' has no matching param tag in the XML comment for 'PermissionRegistrationCompleted.PermissionRegistrationCompleted(Guid, string, MessageType, string, string, IReadOnlyList<string>, Guid, Guid?, DateTimeOffset, bool, string, int, int, DateTimeOffset)' (but other parameters do) [B:\maliev\Maliev.MessagingContracts\generated\csharp\Maliev.MessagingContracts.csproj]
B:\maliev\Maliev.MessagingContracts\generated\csharp\Contracts\MessagingContracts.cs(2074,16): warning CS1573: Parameter 'PublishedBy' has no matching param tag in the XML comment for 'PermissionRegistrationCompleted.PermissionRegistrationCompleted(Guid, string, MessageType, string, string, IReadOnlyList<string>, Guid, Guid?, DateTimeOffset, bool, string, int, int, DateTimeOffset)' (but other parameters do) [B:\maliev\Maliev.MessagingContracts\generated\csharp\Maliev.MessagingContracts.csproj]
B:\maliev\Maliev.MessagingContracts\generated\csharp\Contracts\MessagingContracts.cs(2075,58): warning CS1573: Parameter 'ConsumedBy' has no matching param tag in the XML comment for 'PermissionRegistrationCompleted.PermissionRegistrationCompleted(Guid, string, MessageType, string, string, IReadOnlyList<string>, Guid, Guid?, DateTimeOffset, bool, string, int, int, DateTimeOffset)' (but other parameters do) [B:\maliev\Maliev.MessagingContracts\generated\csharp\Maliev.MessagingContracts.csproj]
B:\maliev\Maliev.MessagingContracts\generated\csharp\Contracts\MessagingContracts.cs(2076,21): warning CS1573: Parameter 'CorrelationId' has no matching param tag in the XML comment for 'PermissionRegistrationCompleted.PermissionRegistrationCompleted(Guid, string, MessageType, string, string, IReadOnlyList<string>, Guid, Guid?, DateTimeOffset, bool, string, int, int, DateTimeOffset)' (but other parameters do) [B:\maliev\Maliev.MessagingContracts\generated\csharp\Maliev.MessagingContracts.csproj]
B:\maliev\Maliev.MessagingContracts\generated\csharp\Contracts\MessagingContracts.cs(2077,22): warning CS1573: Parameter 'CausationId' has no matching param tag in the XML comment for 'PermissionRegistrationCompleted.PermissionRegistrationCompleted(Guid, string, MessageType, string, string, IReadOnlyList<string>, Guid, Guid?, DateTimeOffset, bool, string, int, int, DateTimeOffset)' (but other parameters do) [B:\maliev\Maliev.MessagingContracts\generated\csharp\Maliev.MessagingContracts.csproj]
B:\maliev\Maliev.MessagingContracts\generated\csharp\Contracts\MessagingContracts.cs(2078,31): warning CS1573: Parameter 'OccurredAtUtc' has no matching param tag in the XML comment for 'PermissionRegistrationCompleted.PermissionRegistrationCompleted(Guid, string, MessageType, string, string, IReadOnlyList<string>, Guid, Guid?, DateTimeOffset, bool, string, int, int, DateTimeOffset)' (but other parameters do) [B:\maliev\Maliev.MessagingContracts\generated\csharp\Maliev.MessagingContracts.csproj]
B:\maliev\Maliev.MessagingContracts\generated\csharp\Contracts\MessagingContracts.cs(2079,14): warning CS1573: Parameter 'IsPublic' has no matching param tag in the XML comment for 'PermissionRegistrationCompleted.PermissionRegistrationCompleted(Guid, string, MessageType, string, string, IReadOnlyList<string>, Guid, Guid?, DateTimeOffset, bool, string, int, int, DateTimeOffset)' (but other parameters do) [B:\maliev\Maliev.MessagingContracts\generated\csharp\Maliev.MessagingContracts.csproj]
B:\maliev\Maliev.MessagingContracts\generated\csharp\Contracts\MessagingContracts.cs(2129,21): warning CS1573: Parameter 'MessageId' has no matching param tag in the XML comment for 'PermissionRegistrationRequest.PermissionRegistrationRequest(Guid, string, MessageType, string, string, IReadOnlyList<string>, Guid, Guid?, DateTimeOffset, bool, string, IReadOnlyList<PermissionRegistrationRequestPermissionsItem>, IReadOnlyList<PermissionRegistrationRequestRolesItem>)' (but other parameters do) [B:\maliev\Maliev.MessagingContracts\generated\csharp\Maliev.MessagingContracts.csproj]
B:\maliev\Maliev.MessagingContracts\generated\csharp\Contracts\MessagingContracts.cs(2130,16): warning CS1573: Parameter 'MessageName' has no matching param tag in the XML comment for 'PermissionRegistrationRequest.PermissionRegistrationRequest(Guid, string, MessageType, string, string, IReadOnlyList<string>, Guid, Guid?, DateTimeOffset, bool, string, IReadOnlyList<PermissionRegistrationRequestPermissionsItem>, IReadOnlyList<PermissionRegistrationRequestRolesItem>)' (but other parameters do) [B:\maliev\Maliev.MessagingContracts\generated\csharp\Maliev.MessagingContracts.csproj]
B:\maliev\Maliev.MessagingContracts\generated\csharp\Contracts\MessagingContracts.cs(2131,21): warning CS1573: Parameter 'MessageType' has no matching param tag in the XML comment for 'PermissionRegistrationRequest.PermissionRegistrationRequest(Guid, string, MessageType, string, string, IReadOnlyList<string>, Guid, Guid?, DateTimeOffset, bool, string, IReadOnlyList<PermissionRegistrationRequestPermissionsItem>, IReadOnlyList<PermissionRegistrationRequestRolesItem>)' (but other parameters do) [B:\maliev\Maliev.MessagingContracts\generated\csharp\Maliev.MessagingContracts.csproj]
B:\maliev\Maliev.MessagingContracts\generated\csharp\Contracts\MessagingContracts.cs(2132,16): warning CS1573: Parameter 'MessageVersion' has no matching param tag in the XML comment for 'PermissionRegistrationRequest.PermissionRegistrationRequest(Guid, string, MessageType, string, string, IReadOnlyList<string>, Guid, Guid?, DateTimeOffset, bool, string, IReadOnlyList<PermissionRegistrationRequestPermissionsItem>, IReadOnlyList<PermissionRegistrationRequestRolesItem>)' (but other parameters do) [B:\maliev\Maliev.MessagingContracts\generated\csharp\Maliev.MessagingContracts.csproj]
B:\maliev\Maliev.MessagingContracts\generated\csharp\Contracts\MessagingContracts.cs(2133,16): warning CS1573: Parameter 'PublishedBy' has no matching param tag in the XML comment for 'PermissionRegistrationRequest.PermissionRegistrationRequest(Guid, string, MessageType, string, string, IReadOnlyList<string>, Guid, Guid?, DateTimeOffset, bool, string, IReadOnlyList<PermissionRegistrationRequestPermissionsItem>, IReadOnlyList<PermissionRegistrationRequestRolesItem>)' (but other parameters do) [B:\maliev\Maliev.MessagingContracts\generated\csharp\Maliev.MessagingContracts.csproj]
B:\maliev\Maliev.MessagingContracts\generated\csharp\Contracts\MessagingContracts.cs(2134,58): warning CS1573: Parameter 'ConsumedBy' has no matching param tag in the XML comment for 'PermissionRegistrationRequest.PermissionRegistrationRequest(Guid, string, MessageType, string, string, IReadOnlyList<string>, Guid, Guid?, DateTimeOffset, bool, string, IReadOnlyList<PermissionRegistrationRequestPermissionsItem>, IReadOnlyList<PermissionRegistrationRequestRolesItem>)' (but other parameters do) [B:\maliev\Maliev.MessagingContracts\generated\csharp\Maliev.MessagingContracts.csproj]
B:\maliev\Maliev.MessagingContracts\generated\csharp\Contracts\MessagingContracts.cs(2135,21): warning CS1573: Parameter 'CorrelationId' has no matching param tag in the XML comment for 'PermissionRegistrationRequest.PermissionRegistrationRequest(Guid, string, MessageType, string, string, IReadOnlyList<string>, Guid, Guid?, DateTimeOffset, bool, string, IReadOnlyList<PermissionRegistrationRequestPermissionsItem>, IReadOnlyList<PermissionRegistrationRequestRolesItem>)' (but other parameters do) [B:\maliev\Maliev.MessagingContracts\generated\csharp\Maliev.MessagingContracts.csproj]
B:\maliev\Maliev.MessagingContracts\generated\csharp\Contracts\MessagingContracts.cs(2136,22): warning CS1573: Parameter 'CausationId' has no matching param tag in the XML comment for 'PermissionRegistrationRequest.PermissionRegistrationRequest(Guid, string, MessageType, string, string, IReadOnlyList<string>, Guid, Guid?, DateTimeOffset, bool, string, IReadOnlyList<PermissionRegistrationRequestPermissionsItem>, IReadOnlyList<PermissionRegistrationRequestRolesItem>)' (but other parameters do) [B:\maliev\Maliev.MessagingContracts\generated\csharp\Maliev.MessagingContracts.csproj]
B:\maliev\Maliev.MessagingContracts\generated\csharp\Contracts\MessagingContracts.cs(2137,31): warning CS1573: Parameter 'OccurredAtUtc' has no matching param tag in the XML comment for 'PermissionRegistrationRequest.PermissionRegistrationRequest(Guid, string, MessageType, string, string, IReadOnlyList<string>, Guid, Guid?, DateTimeOffset, bool, string, IReadOnlyList<PermissionRegistrationRequestPermissionsItem>, IReadOnlyList<PermissionRegistrationRequestRolesItem>)' (but other parameters do) [B:\maliev\Maliev.MessagingContracts\generated\csharp\Maliev.MessagingContracts.csproj]
B:\maliev\Maliev.MessagingContracts\generated\csharp\Contracts\MessagingContracts.cs(2138,14): warning CS1573: Parameter 'IsPublic' has no matching param tag in the XML comment for 'PermissionRegistrationRequest.PermissionRegistrationRequest(Guid, string, MessageType, string, string, IReadOnlyList<string>, Guid, Guid?, DateTimeOffset, bool, string, IReadOnlyList<PermissionRegistrationRequestPermissionsItem>, IReadOnlyList<PermissionRegistrationRequestRolesItem>)' (but other parameters do) [B:\maliev\Maliev.MessagingContracts\generated\csharp\Maliev.MessagingContracts.csproj]
B:\maliev\Maliev.MessagingContracts\generated\csharp\Contracts\MessagingContracts.cs(2161,21): warning CS1573: Parameter 'MessageId' has no matching param tag in the XML comment for 'PrincipalRoleGrantedEvent.PrincipalRoleGrantedEvent(Guid, string, MessageType, string, string, IReadOnlyList<string>, Guid, Guid?, DateTimeOffset, bool, Guid, Guid, string, string, string, DateTimeOffset, DateTimeOffset)' (but other parameters do) [B:\maliev\Maliev.MessagingContracts\generated\csharp\Maliev.MessagingContracts.csproj]
B:\maliev\Maliev.MessagingContracts\generated\csharp\Contracts\MessagingContracts.cs(2162,16): warning CS1573: Parameter 'MessageName' has no matching param tag in the XML comment for 'PrincipalRoleGrantedEvent.PrincipalRoleGrantedEvent(Guid, string, MessageType, string, string, IReadOnlyList<string>, Guid, Guid?, DateTimeOffset, bool, Guid, Guid, string, string, string, DateTimeOffset, DateTimeOffset)' (but other parameters do) [B:\maliev\Maliev.MessagingContracts\generated\csharp\Maliev.MessagingContracts.csproj]
B:\maliev\Maliev.MessagingContracts\generated\csharp\Contracts\MessagingContracts.cs(2163,21): warning CS1573: Parameter 'MessageType' has no matching param tag in the XML comment for 'PrincipalRoleGrantedEvent.PrincipalRoleGrantedEvent(Guid, string, MessageType, string, string, IReadOnlyList<string>, Guid, Guid?, DateTimeOffset, bool, Guid, Guid, string, string, string, DateTimeOffset, DateTimeOffset)' (but other parameters do) [B:\maliev\Maliev.MessagingContracts\generated\csharp\Maliev.MessagingContracts.csproj]
B:\maliev\Maliev.MessagingContracts\generated\csharp\Contracts\MessagingContracts.cs(2164,16): warning CS1573: Parameter 'MessageVersion' has no matching param tag in the XML comment for 'PrincipalRoleGrantedEvent.PrincipalRoleGrantedEvent(Guid, string, MessageType, string, string, IReadOnlyList<string>, Guid, Guid?, DateTimeOffset, bool, Guid, Guid, string, string, string, DateTimeOffset, DateTimeOffset)' (but other parameters do) [B:\maliev\Maliev.MessagingContracts\generated\csharp\Maliev.MessagingContracts.csproj]
B:\maliev\Maliev.MessagingContracts\generated\csharp\Contracts\MessagingContracts.cs(2165,16): warning CS1573: Parameter 'PublishedBy' has no matching param tag in the XML comment for 'PrincipalRoleGrantedEvent.PrincipalRoleGrantedEvent(Guid, string, MessageType, string, string, IReadOnlyList<string>, Guid, Guid?, DateTimeOffset, bool, Guid, Guid, string, string, string, DateTimeOffset, DateTimeOffset)' (but other parameters do) [B:\maliev\Maliev.MessagingContracts\generated\csharp\Maliev.MessagingContracts.csproj]
B:\maliev\Maliev.MessagingContracts\generated\csharp\Contracts\MessagingContracts.cs(2166,58): warning CS1573: Parameter 'ConsumedBy' has no matching param tag in the XML comment for 'PrincipalRoleGrantedEvent.PrincipalRoleGrantedEvent(Guid, string, MessageType, string, string, IReadOnlyList<string>, Guid, Guid?, DateTimeOffset, bool, Guid, Guid, string, string, string, DateTimeOffset, DateTimeOffset)' (but other parameters do) [B:\maliev\Maliev.MessagingContracts\generated\csharp\Maliev.MessagingContracts.csproj]
B:\maliev\Maliev.MessagingContracts\generated\csharp\Contracts\MessagingContracts.cs(2167,21): warning CS1573: Parameter 'CorrelationId' has no matching param tag in the XML comment for 'PrincipalRoleGrantedEvent.PrincipalRoleGrantedEvent(Guid, string, MessageType, string, string, IReadOnlyList<string>, Guid, Guid?, DateTimeOffset, bool, Guid, Guid, string, string, string, DateTimeOffset, DateTimeOffset)' (but other parameters do) [B:\maliev\Maliev.MessagingContracts\generated\csharp\Maliev.MessagingContracts.csproj]
B:\maliev\Maliev.MessagingContracts\generated\csharp\Contracts\MessagingContracts.cs(2168,22): warning CS1573: Parameter 'CausationId' has no matching param tag in the XML comment for 'PrincipalRoleGrantedEvent.PrincipalRoleGrantedEvent(Guid, string, MessageType, string, string, IReadOnlyList<string>, Guid, Guid?, DateTimeOffset, bool, Guid, Guid, string, string, string, DateTimeOffset, DateTimeOffset)' (but other parameters do) [B:\maliev\Maliev.MessagingContracts\generated\csharp\Maliev.MessagingContracts.csproj]
B:\maliev\Maliev.MessagingContracts\generated\csharp\Contracts\MessagingContracts.cs(2169,31): warning CS1573: Parameter 'OccurredAtUtc' has no matching param tag in the XML comment for 'PrincipalRoleGrantedEvent.PrincipalRoleGrantedEvent(Guid, string, MessageType, string, string, IReadOnlyList<string>, Guid, Guid?, DateTimeOffset, bool, Guid, Guid, string, string, string, DateTimeOffset, DateTimeOffset)' (but other parameters do) [B:\maliev\Maliev.MessagingContracts\generated\csharp\Maliev.MessagingContracts.csproj]
B:\maliev\Maliev.MessagingContracts\generated\csharp\Contracts\MessagingContracts.cs(2170,14): warning CS1573: Parameter 'IsPublic' has no matching param tag in the XML comment for 'PrincipalRoleGrantedEvent.PrincipalRoleGrantedEvent(Guid, string, MessageType, string, string, IReadOnlyList<string>, Guid, Guid?, DateTimeOffset, bool, Guid, Guid, string, string, string, DateTimeOffset, DateTimeOffset)' (but other parameters do) [B:\maliev\Maliev.MessagingContracts\generated\csharp\Maliev.MessagingContracts.csproj]
B:\maliev\Maliev.MessagingContracts\generated\csharp\Contracts\MessagingContracts.cs(2194,21): warning CS1573: Parameter 'MessageId' has no matching param tag in the XML comment for 'PrincipalRoleRevokedEvent.PrincipalRoleRevokedEvent(Guid, string, MessageType, string, string, IReadOnlyList<string>, Guid, Guid?, DateTimeOffset, bool, Guid, Guid, string, DateTimeOffset)' (but other parameters do) [B:\maliev\Maliev.MessagingContracts\generated\csharp\Maliev.MessagingContracts.csproj]
B:\maliev\Maliev.MessagingContracts\generated\csharp\Contracts\MessagingContracts.cs(2195,16): warning CS1573: Parameter 'MessageName' has no matching param tag in the XML comment for 'PrincipalRoleRevokedEvent.PrincipalRoleRevokedEvent(Guid, string, MessageType, string, string, IReadOnlyList<string>, Guid, Guid?, DateTimeOffset, bool, Guid, Guid, string, DateTimeOffset)' (but other parameters do) [B:\maliev\Maliev.MessagingContracts\generated\csharp\Maliev.MessagingContracts.csproj]
B:\maliev\Maliev.MessagingContracts\generated\csharp\Contracts\MessagingContracts.cs(2196,21): warning CS1573: Parameter 'MessageType' has no matching param tag in the XML comment for 'PrincipalRoleRevokedEvent.PrincipalRoleRevokedEvent(Guid, string, MessageType, string, string, IReadOnlyList<string>, Guid, Guid?, DateTimeOffset, bool, Guid, Guid, string, DateTimeOffset)' (but other parameters do) [B:\maliev\Maliev.MessagingContracts\generated\csharp\Maliev.MessagingContracts.csproj]
B:\maliev\Maliev.MessagingContracts\generated\csharp\Contracts\MessagingContracts.cs(2197,16): warning CS1573: Parameter 'MessageVersion' has no matching param tag in the XML comment for 'PrincipalRoleRevokedEvent.PrincipalRoleRevokedEvent(Guid, string, MessageType, string, string, IReadOnlyList<string>, Guid, Guid?, DateTimeOffset, bool, Guid, Guid, string, DateTimeOffset)' (but other parameters do) [B:\maliev\Maliev.MessagingContracts\generated\csharp\Maliev.MessagingContracts.csproj]
B:\maliev\Maliev.MessagingContracts\generated\csharp\Contracts\MessagingContracts.cs(2198,16): warning CS1573: Parameter 'PublishedBy' has no matching param tag in the XML comment for 'PrincipalRoleRevokedEvent.PrincipalRoleRevokedEvent(Guid, string, MessageType, string, string, IReadOnlyList<string>, Guid, Guid?, DateTimeOffset, bool, Guid, Guid, string, DateTimeOffset)' (but other parameters do) [B:\maliev\Maliev.MessagingContracts\generated\csharp\Maliev.MessagingContracts.csproj]
B:\maliev\Maliev.MessagingContracts\generated\csharp\Contracts\MessagingContracts.cs(2199,58): warning CS1573: Parameter 'ConsumedBy' has no matching param tag in the XML comment for 'PrincipalRoleRevokedEvent.PrincipalRoleRevokedEvent(Guid, string, MessageType, string, string, IReadOnlyList<string>, Guid, Guid?, DateTimeOffset, bool, Guid, Guid, string, DateTimeOffset)' (but other parameters do) [B:\maliev\Maliev.MessagingContracts\generated\csharp\Maliev.MessagingContracts.csproj]
B:\maliev\Maliev.MessagingContracts\generated\csharp\Contracts\MessagingContracts.cs(2200,21): warning CS1573: Parameter 'CorrelationId' has no matching param tag in the XML comment for 'PrincipalRoleRevokedEvent.PrincipalRoleRevokedEvent(Guid, string, MessageType, string, string, IReadOnlyList<string>, Guid, Guid?, DateTimeOffset, bool, Guid, Guid, string, DateTimeOffset)' (but other parameters do) [B:\maliev\Maliev.MessagingContracts\generated\csharp\Maliev.MessagingContracts.csproj]
B:\maliev\Maliev.MessagingContracts\generated\csharp\Contracts\MessagingContracts.cs(2201,22): warning CS1573: Parameter 'CausationId' has no matching param tag in the XML comment for 'PrincipalRoleRevokedEvent.PrincipalRoleRevokedEvent(Guid, string, MessageType, string, string, IReadOnlyList<string>, Guid, Guid?, DateTimeOffset, bool, Guid, Guid, string, DateTimeOffset)' (but other parameters do) [B:\maliev\Maliev.MessagingContracts\generated\csharp\Maliev.MessagingContracts.csproj]
B:\maliev\Maliev.MessagingContracts\generated\csharp\Contracts\MessagingContracts.cs(2202,31): warning CS1573: Parameter 'OccurredAtUtc' has no matching param tag in the XML comment for 'PrincipalRoleRevokedEvent.PrincipalRoleRevokedEvent(Guid, string, MessageType, string, string, IReadOnlyList<string>, Guid, Guid?, DateTimeOffset, bool, Guid, Guid, string, DateTimeOffset)' (but other parameters do) [B:\maliev\Maliev.MessagingContracts\generated\csharp\Maliev.MessagingContracts.csproj]
B:\maliev\Maliev.MessagingContracts\generated\csharp\Contracts\MessagingContracts.cs(2203,14): warning CS1573: Parameter 'IsPublic' has no matching param tag in the XML comment for 'PrincipalRoleRevokedEvent.PrincipalRoleRevokedEvent(Guid, string, MessageType, string, string, IReadOnlyList<string>, Guid, Guid?, DateTimeOffset, bool, Guid, Guid, string, DateTimeOffset)' (but other parameters do) [B:\maliev\Maliev.MessagingContracts\generated\csharp\Maliev.MessagingContracts.csproj]
B:\maliev\Maliev.MessagingContracts\generated\csharp\Contracts\MessagingContracts.cs(2223,21): warning CS1573: Parameter 'MessageId' has no matching param tag in the XML comment for 'RoleUpdatedEvent.RoleUpdatedEvent(Guid, string, MessageType, string, string, IReadOnlyList<string>, Guid, Guid?, DateTimeOffset, bool, string, string, DateTimeOffset)' (but other parameters do) [B:\maliev\Maliev.MessagingContracts\generated\csharp\Maliev.MessagingContracts.csproj]
B:\maliev\Maliev.MessagingContracts\generated\csharp\Contracts\MessagingContracts.cs(2224,16): warning CS1573: Parameter 'MessageName' has no matching param tag in the XML comment for 'RoleUpdatedEvent.RoleUpdatedEvent(Guid, string, MessageType, string, string, IReadOnlyList<string>, Guid, Guid?, DateTimeOffset, bool, string, string, DateTimeOffset)' (but other parameters do) [B:\maliev\Maliev.MessagingContracts\generated\csharp\Maliev.MessagingContracts.csproj]
B:\maliev\Maliev.MessagingContracts\generated\csharp\Contracts\MessagingContracts.cs(2225,21): warning CS1573: Parameter 'MessageType' has no matching param tag in the XML comment for 'RoleUpdatedEvent.RoleUpdatedEvent(Guid, string, MessageType, string, string, IReadOnlyList<string>, Guid, Guid?, DateTimeOffset, bool, string, string, DateTimeOffset)' (but other parameters do) [B:\maliev\Maliev.MessagingContracts\generated\csharp\Maliev.MessagingContracts.csproj]
B:\maliev\Maliev.MessagingContracts\generated\csharp\Contracts\MessagingContracts.cs(2226,16): warning CS1573: Parameter 'MessageVersion' has no matching param tag in the XML comment for 'RoleUpdatedEvent.RoleUpdatedEvent(Guid, string, MessageType, string, string, IReadOnlyList<string>, Guid, Guid?, DateTimeOffset, bool, string, string, DateTimeOffset)' (but other parameters do) [B:\maliev\Maliev.MessagingContracts\generated\csharp\Maliev.MessagingContracts.csproj]
B:\maliev\Maliev.MessagingContracts\generated\csharp\Contracts\MessagingContracts.cs(2227,16): warning CS1573: Parameter 'PublishedBy' has no matching param tag in the XML comment for 'RoleUpdatedEvent.RoleUpdatedEvent(Guid, string, MessageType, string, string, IReadOnlyList<string>, Guid, Guid?, DateTimeOffset, bool, string, string, DateTimeOffset)' (but other parameters do) [B:\maliev\Maliev.MessagingContracts\generated\csharp\Maliev.MessagingContracts.csproj]
B:\maliev\Maliev.MessagingContracts\generated\csharp\Contracts\MessagingContracts.cs(2228,58): warning CS1573: Parameter 'ConsumedBy' has no matching param tag in the XML comment for 'RoleUpdatedEvent.RoleUpdatedEvent(Guid, string, MessageType, string, string, IReadOnlyList<string>, Guid, Guid?, DateTimeOffset, bool, string, string, DateTimeOffset)' (but other parameters do) [B:\maliev\Maliev.MessagingContracts\generated\csharp\Maliev.MessagingContracts.csproj]
B:\maliev\Maliev.MessagingContracts\generated\csharp\Contracts\MessagingContracts.cs(2229,21): warning CS1573: Parameter 'CorrelationId' has no matching param tag in the XML comment for 'RoleUpdatedEvent.RoleUpdatedEvent(Guid, string, MessageType, string, string, IReadOnlyList<string>, Guid, Guid?, DateTimeOffset, bool, string, string, DateTimeOffset)' (but other parameters do) [B:\maliev\Maliev.MessagingContracts\generated\csharp\Maliev.MessagingContracts.csproj]
B:\maliev\Maliev.MessagingContracts\generated\csharp\Contracts\MessagingContracts.cs(2230,22): warning CS1573: Parameter 'CausationId' has no matching param tag in the XML comment for 'RoleUpdatedEvent.RoleUpdatedEvent(Guid, string, MessageType, string, string, IReadOnlyList<string>, Guid, Guid?, DateTimeOffset, bool, string, string, DateTimeOffset)' (but other parameters do) [B:\maliev\Maliev.MessagingContracts\generated\csharp\Maliev.MessagingContracts.csproj]
B:\maliev\Maliev.MessagingContracts\generated\csharp\Contracts\MessagingContracts.cs(2231,31): warning CS1573: Parameter 'OccurredAtUtc' has no matching param tag in the XML comment for 'RoleUpdatedEvent.RoleUpdatedEvent(Guid, string, MessageType, string, string, IReadOnlyList<string>, Guid, Guid?, DateTimeOffset, bool, string, string, DateTimeOffset)' (but other parameters do) [B:\maliev\Maliev.MessagingContracts\generated\csharp\Maliev.MessagingContracts.csproj]
B:\maliev\Maliev.MessagingContracts\generated\csharp\Contracts\MessagingContracts.cs(2232,14): warning CS1573: Parameter 'IsPublic' has no matching param tag in the XML comment for 'RoleUpdatedEvent.RoleUpdatedEvent(Guid, string, MessageType, string, string, IReadOnlyList<string>, Guid, Guid?, DateTimeOffset, bool, string, string, DateTimeOffset)' (but other parameters do) [B:\maliev\Maliev.MessagingContracts\generated\csharp\Maliev.MessagingContracts.csproj]
B:\maliev\Maliev.MessagingContracts\generated\csharp\Contracts\MessagingContracts.cs(2268,21): warning CS1573: Parameter 'MessageId' has no matching param tag in the XML comment for 'InvoiceCreatedEvent.InvoiceCreatedEvent(Guid, string, MessageType, string, string, IReadOnlyList<string>, Guid, Guid?, DateTimeOffset, bool, InvoiceCreatedEventPayload)' (but other parameters do) [B:\maliev\Maliev.MessagingContracts\generated\csharp\Maliev.MessagingContracts.csproj]
B:\maliev\Maliev.MessagingContracts\generated\csharp\Contracts\MessagingContracts.cs(2269,16): warning CS1573: Parameter 'MessageName' has no matching param tag in the XML comment for 'InvoiceCreatedEvent.InvoiceCreatedEvent(Guid, string, MessageType, string, string, IReadOnlyList<string>, Guid, Guid?, DateTimeOffset, bool, InvoiceCreatedEventPayload)' (but other parameters do) [B:\maliev\Maliev.MessagingContracts\generated\csharp\Maliev.MessagingContracts.csproj]
B:\maliev\Maliev.MessagingContracts\generated\csharp\Contracts\MessagingContracts.cs(2270,21): warning CS1573: Parameter 'MessageType' has no matching param tag in the XML comment for 'InvoiceCreatedEvent.InvoiceCreatedEvent(Guid, string, MessageType, string, string, IReadOnlyList<string>, Guid, Guid?, DateTimeOffset, bool, InvoiceCreatedEventPayload)' (but other parameters do) [B:\maliev\Maliev.MessagingContracts\generated\csharp\Maliev.MessagingContracts.csproj]
B:\maliev\Maliev.MessagingContracts\generated\csharp\Contracts\MessagingContracts.cs(2271,16): warning CS1573: Parameter 'MessageVersion' has no matching param tag in the XML comment for 'InvoiceCreatedEvent.InvoiceCreatedEvent(Guid, string, MessageType, string, string, IReadOnlyList<string>, Guid, Guid?, DateTimeOffset, bool, InvoiceCreatedEventPayload)' (but other parameters do) [B:\maliev\Maliev.MessagingContracts\generated\csharp\Maliev.MessagingContracts.csproj]
B:\maliev\Maliev.MessagingContracts\generated\csharp\Contracts\MessagingContracts.cs(2272,16): warning CS1573: Parameter 'PublishedBy' has no matching param tag in the XML comment for 'InvoiceCreatedEvent.InvoiceCreatedEvent(Guid, string, MessageType, string, string, IReadOnlyList<string>, Guid, Guid?, DateTimeOffset, bool, InvoiceCreatedEventPayload)' (but other parameters do) [B:\maliev\Maliev.MessagingContracts\generated\csharp\Maliev.MessagingContracts.csproj]
B:\maliev\Maliev.MessagingContracts\generated\csharp\Contracts\MessagingContracts.cs(2273,58): warning CS1573: Parameter 'ConsumedBy' has no matching param tag in the XML comment for 'InvoiceCreatedEvent.InvoiceCreatedEvent(Guid, string, MessageType, string, string, IReadOnlyList<string>, Guid, Guid?, DateTimeOffset, bool, InvoiceCreatedEventPayload)' (but other parameters do) [B:\maliev\Maliev.MessagingContracts\generated\csharp\Maliev.MessagingContracts.csproj]
B:\maliev\Maliev.MessagingContracts\generated\csharp\Contracts\MessagingContracts.cs(2274,21): warning CS1573: Parameter 'CorrelationId' has no matching param tag in the XML comment for 'InvoiceCreatedEvent.InvoiceCreatedEvent(Guid, string, MessageType, string, string, IReadOnlyList<string>, Guid, Guid?, DateTimeOffset, bool, InvoiceCreatedEventPayload)' (but other parameters do) [B:\maliev\Maliev.MessagingContracts\generated\csharp\Maliev.MessagingContracts.csproj]
B:\maliev\Maliev.MessagingContracts\generated\csharp\Contracts\MessagingContracts.cs(2275,22): warning CS1573: Parameter 'CausationId' has no matching param tag in the XML comment for 'InvoiceCreatedEvent.InvoiceCreatedEvent(Guid, string, MessageType, string, string, IReadOnlyList<string>, Guid, Guid?, DateTimeOffset, bool, InvoiceCreatedEventPayload)' (but other parameters do) [B:\maliev\Maliev.MessagingContracts\generated\csharp\Maliev.MessagingContracts.csproj]
B:\maliev\Maliev.MessagingContracts\generated\csharp\Contracts\MessagingContracts.cs(2276,31): warning CS1573: Parameter 'OccurredAtUtc' has no matching param tag in the XML comment for 'InvoiceCreatedEvent.InvoiceCreatedEvent(Guid, string, MessageType, string, string, IReadOnlyList<string>, Guid, Guid?, DateTimeOffset, bool, InvoiceCreatedEventPayload)' (but other parameters do) [B:\maliev\Maliev.MessagingContracts\generated\csharp\Maliev.MessagingContracts.csproj]
B:\maliev\Maliev.MessagingContracts\generated\csharp\Contracts\MessagingContracts.cs(2277,14): warning CS1573: Parameter 'IsPublic' has no matching param tag in the XML comment for 'InvoiceCreatedEvent.InvoiceCreatedEvent(Guid, string, MessageType, string, string, IReadOnlyList<string>, Guid, Guid?, DateTimeOffset, bool, InvoiceCreatedEventPayload)' (but other parameters do) [B:\maliev\Maliev.MessagingContracts\generated\csharp\Maliev.MessagingContracts.csproj]
B:\maliev\Maliev.MessagingContracts\generated\csharp\Contracts\MessagingContracts.cs(2305,21): warning CS1573: Parameter 'MessageId' has no matching param tag in the XML comment for 'InvoiceGeneratedEvent.InvoiceGeneratedEvent(Guid, string, MessageType, string, string, IReadOnlyList<string>, Guid, Guid?, DateTimeOffset, bool, InvoiceGeneratedEventPayload)' (but other parameters do) [B:\maliev\Maliev.MessagingContracts\generated\csharp\Maliev.MessagingContracts.csproj]
B:\maliev\Maliev.MessagingContracts\generated\csharp\Contracts\MessagingContracts.cs(2306,16): warning CS1573: Parameter 'MessageName' has no matching param tag in the XML comment for 'InvoiceGeneratedEvent.InvoiceGeneratedEvent(Guid, string, MessageType, string, string, IReadOnlyList<string>, Guid, Guid?, DateTimeOffset, bool, InvoiceGeneratedEventPayload)' (but other parameters do) [B:\maliev\Maliev.MessagingContracts\generated\csharp\Maliev.MessagingContracts.csproj]
B:\maliev\Maliev.MessagingContracts\generated\csharp\Contracts\MessagingContracts.cs(2307,21): warning CS1573: Parameter 'MessageType' has no matching param tag in the XML comment for 'InvoiceGeneratedEvent.InvoiceGeneratedEvent(Guid, string, MessageType, string, string, IReadOnlyList<string>, Guid, Guid?, DateTimeOffset, bool, InvoiceGeneratedEventPayload)' (but other parameters do) [B:\maliev\Maliev.MessagingContracts\generated\csharp\Maliev.MessagingContracts.csproj]
B:\maliev\Maliev.MessagingContracts\generated\csharp\Contracts\MessagingContracts.cs(2308,16): warning CS1573: Parameter 'MessageVersion' has no matching param tag in the XML comment for 'InvoiceGeneratedEvent.InvoiceGeneratedEvent(Guid, string, MessageType, string, string, IReadOnlyList<string>, Guid, Guid?, DateTimeOffset, bool, InvoiceGeneratedEventPayload)' (but other parameters do) [B:\maliev\Maliev.MessagingContracts\generated\csharp\Maliev.MessagingContracts.csproj]
B:\maliev\Maliev.MessagingContracts\generated\csharp\Contracts\MessagingContracts.cs(2309,16): warning CS1573: Parameter 'PublishedBy' has no matching param tag in the XML comment for 'InvoiceGeneratedEvent.InvoiceGeneratedEvent(Guid, string, MessageType, string, string, IReadOnlyList<string>, Guid, Guid?, DateTimeOffset, bool, InvoiceGeneratedEventPayload)' (but other parameters do) [B:\maliev\Maliev.MessagingContracts\generated\csharp\Maliev.MessagingContracts.csproj]
B:\maliev\Maliev.MessagingContracts\generated\csharp\Contracts\MessagingContracts.cs(2310,58): warning CS1573: Parameter 'ConsumedBy' has no matching param tag in the XML comment for 'InvoiceGeneratedEvent.InvoiceGeneratedEvent(Guid, string, MessageType, string, string, IReadOnlyList<string>, Guid, Guid?, DateTimeOffset, bool, InvoiceGeneratedEventPayload)' (but other parameters do) [B:\maliev\Maliev.MessagingContracts\generated\csharp\Maliev.MessagingContracts.csproj]
B:\maliev\Maliev.MessagingContracts\generated\csharp\Contracts\MessagingContracts.cs(2311,21): warning CS1573: Parameter 'CorrelationId' has no matching param tag in the XML comment for 'InvoiceGeneratedEvent.InvoiceGeneratedEvent(Guid, string, MessageType, string, string, IReadOnlyList<string>, Guid, Guid?, DateTimeOffset, bool, InvoiceGeneratedEventPayload)' (but other parameters do) [B:\maliev\Maliev.MessagingContracts\generated\csharp\Maliev.MessagingContracts.csproj]
B:\maliev\Maliev.MessagingContracts\generated\csharp\Contracts\MessagingContracts.cs(2312,22): warning CS1573: Parameter 'CausationId' has no matching param tag in the XML comment for 'InvoiceGeneratedEvent.InvoiceGeneratedEvent(Guid, string, MessageType, string, string, IReadOnlyList<string>, Guid, Guid?, DateTimeOffset, bool, InvoiceGeneratedEventPayload)' (but other parameters do) [B:\maliev\Maliev.MessagingContracts\generated\csharp\Maliev.MessagingContracts.csproj]
B:\maliev\Maliev.MessagingContracts\generated\csharp\Contracts\MessagingContracts.cs(2313,31): warning CS1573: Parameter 'OccurredAtUtc' has no matching param tag in the XML comment for 'InvoiceGeneratedEvent.InvoiceGeneratedEvent(Guid, string, MessageType, string, string, IReadOnlyList<string>, Guid, Guid?, DateTimeOffset, bool, InvoiceGeneratedEventPayload)' (but other parameters do) [B:\maliev\Maliev.MessagingContracts\generated\csharp\Maliev.MessagingContracts.csproj]
B:\maliev\Maliev.MessagingContracts\generated\csharp\Contracts\MessagingContracts.cs(2314,14): warning CS1573: Parameter 'IsPublic' has no matching param tag in the XML comment for 'InvoiceGeneratedEvent.InvoiceGeneratedEvent(Guid, string, MessageType, string, string, IReadOnlyList<string>, Guid, Guid?, DateTimeOffset, bool, InvoiceGeneratedEventPayload)' (but other parameters do) [B:\maliev\Maliev.MessagingContracts\generated\csharp\Maliev.MessagingContracts.csproj]
B:\maliev\Maliev.MessagingContracts\generated\csharp\Contracts\MessagingContracts.cs(2344,21): warning CS1573: Parameter 'MessageId' has no matching param tag in the XML comment for 'InvoiceSentEvent.InvoiceSentEvent(Guid, string, MessageType, string, string, IReadOnlyList<string>, Guid, Guid?, DateTimeOffset, bool, InvoiceSentEventPayload)' (but other parameters do) [B:\maliev\Maliev.MessagingContracts\generated\csharp\Maliev.MessagingContracts.csproj]
B:\maliev\Maliev.MessagingContracts\generated\csharp\Contracts\MessagingContracts.cs(2345,16): warning CS1573: Parameter 'MessageName' has no matching param tag in the XML comment for 'InvoiceSentEvent.InvoiceSentEvent(Guid, string, MessageType, string, string, IReadOnlyList<string>, Guid, Guid?, DateTimeOffset, bool, InvoiceSentEventPayload)' (but other parameters do) [B:\maliev\Maliev.MessagingContracts\generated\csharp\Maliev.MessagingContracts.csproj]
B:\maliev\Maliev.MessagingContracts\generated\csharp\Contracts\MessagingContracts.cs(2346,21): warning CS1573: Parameter 'MessageType' has no matching param tag in the XML comment for 'InvoiceSentEvent.InvoiceSentEvent(Guid, string, MessageType, string, string, IReadOnlyList<string>, Guid, Guid?, DateTimeOffset, bool, InvoiceSentEventPayload)' (but other parameters do) [B:\maliev\Maliev.MessagingContracts\generated\csharp\Maliev.MessagingContracts.csproj]
B:\maliev\Maliev.MessagingContracts\generated\csharp\Contracts\MessagingContracts.cs(2347,16): warning CS1573: Parameter 'MessageVersion' has no matching param tag in the XML comment for 'InvoiceSentEvent.InvoiceSentEvent(Guid, string, MessageType, string, string, IReadOnlyList<string>, Guid, Guid?, DateTimeOffset, bool, InvoiceSentEventPayload)' (but other parameters do) [B:\maliev\Maliev.MessagingContracts\generated\csharp\Maliev.MessagingContracts.csproj]
B:\maliev\Maliev.MessagingContracts\generated\csharp\Contracts\MessagingContracts.cs(2348,16): warning CS1573: Parameter 'PublishedBy' has no matching param tag in the XML comment for 'InvoiceSentEvent.InvoiceSentEvent(Guid, string, MessageType, string, string, IReadOnlyList<string>, Guid, Guid?, DateTimeOffset, bool, InvoiceSentEventPayload)' (but other parameters do) [B:\maliev\Maliev.MessagingContracts\generated\csharp\Maliev.MessagingContracts.csproj]
B:\maliev\Maliev.MessagingContracts\generated\csharp\Contracts\MessagingContracts.cs(2349,58): warning CS1573: Parameter 'ConsumedBy' has no matching param tag in the XML comment for 'InvoiceSentEvent.InvoiceSentEvent(Guid, string, MessageType, string, string, IReadOnlyList<string>, Guid, Guid?, DateTimeOffset, bool, InvoiceSentEventPayload)' (but other parameters do) [B:\maliev\Maliev.MessagingContracts\generated\csharp\Maliev.MessagingContracts.csproj]
B:\maliev\Maliev.MessagingContracts\generated\csharp\Contracts\MessagingContracts.cs(2350,21): warning CS1573: Parameter 'CorrelationId' has no matching param tag in the XML comment for 'InvoiceSentEvent.InvoiceSentEvent(Guid, string, MessageType, string, string, IReadOnlyList<string>, Guid, Guid?, DateTimeOffset, bool, InvoiceSentEventPayload)' (but other parameters do) [B:\maliev\Maliev.MessagingContracts\generated\csharp\Maliev.MessagingContracts.csproj]
B:\maliev\Maliev.MessagingContracts\generated\csharp\Contracts\MessagingContracts.cs(2351,22): warning CS1573: Parameter 'CausationId' has no matching param tag in the XML comment for 'InvoiceSentEvent.InvoiceSentEvent(Guid, string, MessageType, string, string, IReadOnlyList<string>, Guid, Guid?, DateTimeOffset, bool, InvoiceSentEventPayload)' (but other parameters do) [B:\maliev\Maliev.MessagingContracts\generated\csharp\Maliev.MessagingContracts.csproj]
B:\maliev\Maliev.MessagingContracts\generated\csharp\Contracts\MessagingContracts.cs(2352,31): warning CS1573: Parameter 'OccurredAtUtc' has no matching param tag in the XML comment for 'InvoiceSentEvent.InvoiceSentEvent(Guid, string, MessageType, string, string, IReadOnlyList<string>, Guid, Guid?, DateTimeOffset, bool, InvoiceSentEventPayload)' (but other parameters do) [B:\maliev\Maliev.MessagingContracts\generated\csharp\Maliev.MessagingContracts.csproj]
B:\maliev\Maliev.MessagingContracts\generated\csharp\Contracts\MessagingContracts.cs(2353,14): warning CS1573: Parameter 'IsPublic' has no matching param tag in the XML comment for 'InvoiceSentEvent.InvoiceSentEvent(Guid, string, MessageType, string, string, IReadOnlyList<string>, Guid, Guid?, DateTimeOffset, bool, InvoiceSentEventPayload)' (but other parameters do) [B:\maliev\Maliev.MessagingContracts\generated\csharp\Maliev.MessagingContracts.csproj]
B:\maliev\Maliev.MessagingContracts\generated\csharp\Contracts\MessagingContracts.cs(2385,21): warning CS1573: Parameter 'MessageId' has no matching param tag in the XML comment for 'InvoicePaymentReceivedEvent.InvoicePaymentReceivedEvent(Guid, string, MessageType, string, string, IReadOnlyList<string>, Guid, Guid?, DateTimeOffset, bool, InvoicePaymentReceivedEventPayload)' (but other parameters do) [B:\maliev\Maliev.MessagingContracts\generated\csharp\Maliev.MessagingContracts.csproj]
B:\maliev\Maliev.MessagingContracts\generated\csharp\Contracts\MessagingContracts.cs(2386,16): warning CS1573: Parameter 'MessageName' has no matching param tag in the XML comment for 'InvoicePaymentReceivedEvent.InvoicePaymentReceivedEvent(Guid, string, MessageType, string, string, IReadOnlyList<string>, Guid, Guid?, DateTimeOffset, bool, InvoicePaymentReceivedEventPayload)' (but other parameters do) [B:\maliev\Maliev.MessagingContracts\generated\csharp\Maliev.MessagingContracts.csproj]
B:\maliev\Maliev.MessagingContracts\generated\csharp\Contracts\MessagingContracts.cs(2387,21): warning CS1573: Parameter 'MessageType' has no matching param tag in the XML comment for 'InvoicePaymentReceivedEvent.InvoicePaymentReceivedEvent(Guid, string, MessageType, string, string, IReadOnlyList<string>, Guid, Guid?, DateTimeOffset, bool, InvoicePaymentReceivedEventPayload)' (but other parameters do) [B:\maliev\Maliev.MessagingContracts\generated\csharp\Maliev.MessagingContracts.csproj]
B:\maliev\Maliev.MessagingContracts\generated\csharp\Contracts\MessagingContracts.cs(2388,16): warning CS1573: Parameter 'MessageVersion' has no matching param tag in the XML comment for 'InvoicePaymentReceivedEvent.InvoicePaymentReceivedEvent(Guid, string, MessageType, string, string, IReadOnlyList<string>, Guid, Guid?, DateTimeOffset, bool, InvoicePaymentReceivedEventPayload)' (but other parameters do) [B:\maliev\Maliev.MessagingContracts\generated\csharp\Maliev.MessagingContracts.csproj]
B:\maliev\Maliev.MessagingContracts\generated\csharp\Contracts\MessagingContracts.cs(2389,16): warning CS1573: Parameter 'PublishedBy' has no matching param tag in the XML comment for 'InvoicePaymentReceivedEvent.InvoicePaymentReceivedEvent(Guid, string, MessageType, string, string, IReadOnlyList<string>, Guid, Guid?, DateTimeOffset, bool, InvoicePaymentReceivedEventPayload)' (but other parameters do) [B:\maliev\Maliev.MessagingContracts\generated\csharp\Maliev.MessagingContracts.csproj]
B:\maliev\Maliev.MessagingContracts\generated\csharp\Contracts\MessagingContracts.cs(2390,58): warning CS1573: Parameter 'ConsumedBy' has no matching param tag in the XML comment for 'InvoicePaymentReceivedEvent.InvoicePaymentReceivedEvent(Guid, string, MessageType, string, string, IReadOnlyList<string>, Guid, Guid?, DateTimeOffset, bool, InvoicePaymentReceivedEventPayload)' (but other parameters do) [B:\maliev\Maliev.MessagingContracts\generated\csharp\Maliev.MessagingContracts.csproj]
B:\maliev\Maliev.MessagingContracts\generated\csharp\Contracts\MessagingContracts.cs(2391,21): warning CS1573: Parameter 'CorrelationId' has no matching param tag in the XML comment for 'InvoicePaymentReceivedEvent.InvoicePaymentReceivedEvent(Guid, string, MessageType, string, string, IReadOnlyList<string>, Guid, Guid?, DateTimeOffset, bool, InvoicePaymentReceivedEventPayload)' (but other parameters do) [B:\maliev\Maliev.MessagingContracts\generated\csharp\Maliev.MessagingContracts.csproj]
B:\maliev\Maliev.MessagingContracts\generated\csharp\Contracts\MessagingContracts.cs(2392,22): warning CS1573: Parameter 'CausationId' has no matching param tag in the XML comment for 'InvoicePaymentReceivedEvent.InvoicePaymentReceivedEvent(Guid, string, MessageType, string, string, IReadOnlyList<string>, Guid, Guid?, DateTimeOffset, bool, InvoicePaymentReceivedEventPayload)' (but other parameters do) [B:\maliev\Maliev.MessagingContracts\generated\csharp\Maliev.MessagingContracts.csproj]
B:\maliev\Maliev.MessagingContracts\generated\csharp\Contracts\MessagingContracts.cs(2393,31): warning CS1573: Parameter 'OccurredAtUtc' has no matching param tag in the XML comment for 'InvoicePaymentReceivedEvent.InvoicePaymentReceivedEvent(Guid, string, MessageType, string, string, IReadOnlyList<string>, Guid, Guid?, DateTimeOffset, bool, InvoicePaymentReceivedEventPayload)' (but other parameters do) [B:\maliev\Maliev.MessagingContracts\generated\csharp\Maliev.MessagingContracts.csproj]
B:\maliev\Maliev.MessagingContracts\generated\csharp\Contracts\MessagingContracts.cs(2394,14): warning CS1573: Parameter 'IsPublic' has no matching param tag in the XML comment for 'InvoicePaymentReceivedEvent.InvoicePaymentReceivedEvent(Guid, string, MessageType, string, string, IReadOnlyList<string>, Guid, Guid?, DateTimeOffset, bool, InvoicePaymentReceivedEventPayload)' (but other parameters do) [B:\maliev\Maliev.MessagingContracts\generated\csharp\Maliev.MessagingContracts.csproj]
B:\maliev\Maliev.MessagingContracts\generated\csharp\Contracts\MessagingContracts.cs(2425,21): warning CS1573: Parameter 'MessageId' has no matching param tag in the XML comment for 'InvoiceOverdueEvent.InvoiceOverdueEvent(Guid, string, MessageType, string, string, IReadOnlyList<string>, Guid, Guid?, DateTimeOffset, bool, InvoiceOverdueEventPayload)' (but other parameters do) [B:\maliev\Maliev.MessagingContracts\generated\csharp\Maliev.MessagingContracts.csproj]
B:\maliev\Maliev.MessagingContracts\generated\csharp\Contracts\MessagingContracts.cs(2426,16): warning CS1573: Parameter 'MessageName' has no matching param tag in the XML comment for 'InvoiceOverdueEvent.InvoiceOverdueEvent(Guid, string, MessageType, string, string, IReadOnlyList<string>, Guid, Guid?, DateTimeOffset, bool, InvoiceOverdueEventPayload)' (but other parameters do) [B:\maliev\Maliev.MessagingContracts\generated\csharp\Maliev.MessagingContracts.csproj]
B:\maliev\Maliev.MessagingContracts\generated\csharp\Contracts\MessagingContracts.cs(2427,21): warning CS1573: Parameter 'MessageType' has no matching param tag in the XML comment for 'InvoiceOverdueEvent.InvoiceOverdueEvent(Guid, string, MessageType, string, string, IReadOnlyList<string>, Guid, Guid?, DateTimeOffset, bool, InvoiceOverdueEventPayload)' (but other parameters do) [B:\maliev\Maliev.MessagingContracts\generated\csharp\Maliev.MessagingContracts.csproj]
B:\maliev\Maliev.MessagingContracts\generated\csharp\Contracts\MessagingContracts.cs(2428,16): warning CS1573: Parameter 'MessageVersion' has no matching param tag in the XML comment for 'InvoiceOverdueEvent.InvoiceOverdueEvent(Guid, string, MessageType, string, string, IReadOnlyList<string>, Guid, Guid?, DateTimeOffset, bool, InvoiceOverdueEventPayload)' (but other parameters do) [B:\maliev\Maliev.MessagingContracts\generated\csharp\Maliev.MessagingContracts.csproj]
B:\maliev\Maliev.MessagingContracts\generated\csharp\Contracts\MessagingContracts.cs(2429,16): warning CS1573: Parameter 'PublishedBy' has no matching param tag in the XML comment for 'InvoiceOverdueEvent.InvoiceOverdueEvent(Guid, string, MessageType, string, string, IReadOnlyList<string>, Guid, Guid?, DateTimeOffset, bool, InvoiceOverdueEventPayload)' (but other parameters do) [B:\maliev\Maliev.MessagingContracts\generated\csharp\Maliev.MessagingContracts.csproj]
B:\maliev\Maliev.MessagingContracts\generated\csharp\Contracts\MessagingContracts.cs(2430,58): warning CS1573: Parameter 'ConsumedBy' has no matching param tag in the XML comment for 'InvoiceOverdueEvent.InvoiceOverdueEvent(Guid, string, MessageType, string, string, IReadOnlyList<string>, Guid, Guid?, DateTimeOffset, bool, InvoiceOverdueEventPayload)' (but other parameters do) [B:\maliev\Maliev.MessagingContracts\generated\csharp\Maliev.MessagingContracts.csproj]
B:\maliev\Maliev.MessagingContracts\generated\csharp\Contracts\MessagingContracts.cs(2431,21): warning CS1573: Parameter 'CorrelationId' has no matching param tag in the XML comment for 'InvoiceOverdueEvent.InvoiceOverdueEvent(Guid, string, MessageType, string, string, IReadOnlyList<string>, Guid, Guid?, DateTimeOffset, bool, InvoiceOverdueEventPayload)' (but other parameters do) [B:\maliev\Maliev.MessagingContracts\generated\csharp\Maliev.MessagingContracts.csproj]
B:\maliev\Maliev.MessagingContracts\generated\csharp\Contracts\MessagingContracts.cs(2432,22): warning CS1573: Parameter 'CausationId' has no matching param tag in the XML comment for 'InvoiceOverdueEvent.InvoiceOverdueEvent(Guid, string, MessageType, string, string, IReadOnlyList<string>, Guid, Guid?, DateTimeOffset, bool, InvoiceOverdueEventPayload)' (but other parameters do) [B:\maliev\Maliev.MessagingContracts\generated\csharp\Maliev.MessagingContracts.csproj]
B:\maliev\Maliev.MessagingContracts\generated\csharp\Contracts\MessagingContracts.cs(2433,31): warning CS1573: Parameter 'OccurredAtUtc' has no matching param tag in the XML comment for 'InvoiceOverdueEvent.InvoiceOverdueEvent(Guid, string, MessageType, string, string, IReadOnlyList<string>, Guid, Guid?, DateTimeOffset, bool, InvoiceOverdueEventPayload)' (but other parameters do) [B:\maliev\Maliev.MessagingContracts\generated\csharp\Maliev.MessagingContracts.csproj]
B:\maliev\Maliev.MessagingContracts\generated\csharp\Contracts\MessagingContracts.cs(2434,14): warning CS1573: Parameter 'IsPublic' has no matching param tag in the XML comment for 'InvoiceOverdueEvent.InvoiceOverdueEvent(Guid, string, MessageType, string, string, IReadOnlyList<string>, Guid, Guid?, DateTimeOffset, bool, InvoiceOverdueEventPayload)' (but other parameters do) [B:\maliev\Maliev.MessagingContracts\generated\csharp\Maliev.MessagingContracts.csproj]
B:\maliev\Maliev.MessagingContracts\generated\csharp\Contracts\MessagingContracts.cs(2448,63): warning CS1573: Parameter 'InvoiceId' has no matching param tag in the XML comment for 'InvoiceCancelledEventPayload.InvoiceCancelledEventPayload(Guid, string, Guid, Guid, DateTimeOffset, string, bool)' (but other parameters do) [B:\maliev\Maliev.MessagingContracts\generated\csharp\Maliev.MessagingContracts.csproj]
B:\maliev\Maliev.MessagingContracts\generated\csharp\Contracts\MessagingContracts.cs(2449,62): warning CS1573: Parameter 'InvoiceNumber' has no matching param tag in the XML comment for 'InvoiceCancelledEventPayload.InvoiceCancelledEventPayload(Guid, string, Guid, Guid, DateTimeOffset, string, bool)' (but other parameters do) [B:\maliev\Maliev.MessagingContracts\generated\csharp\Maliev.MessagingContracts.csproj]
B:\maliev\Maliev.MessagingContracts\generated\csharp\Contracts\MessagingContracts.cs(2450,64): warning CS1573: Parameter 'CustomerId' has no matching param tag in the XML comment for 'InvoiceCancelledEventPayload.InvoiceCancelledEventPayload(Guid, string, Guid, Guid, DateTimeOffset, string, bool)' (but other parameters do) [B:\maliev\Maliev.MessagingContracts\generated\csharp\Maliev.MessagingContracts.csproj]
B:\maliev\Maliev.MessagingContracts\generated\csharp\Contracts\MessagingContracts.cs(2451,65): warning CS1573: Parameter 'CancelledBy' has no matching param tag in the XML comment for 'InvoiceCancelledEventPayload.InvoiceCancelledEventPayload(Guid, string, Guid, Guid, DateTimeOffset, string, bool)' (but other parameters do) [B:\maliev\Maliev.MessagingContracts\generated\csharp\Maliev.MessagingContracts.csproj]
B:\maliev\Maliev.MessagingContracts\generated\csharp\Contracts\MessagingContracts.cs(2452,75): warning CS1573: Parameter 'CancelledAt' has no matching param tag in the XML comment for 'InvoiceCancelledEventPayload.InvoiceCancelledEventPayload(Guid, string, Guid, Guid, DateTimeOffset, string, bool)' (but other parameters do) [B:\maliev\Maliev.MessagingContracts\generated\csharp\Maliev.MessagingContracts.csproj]
B:\maliev\Maliev.MessagingContracts\generated\csharp\Contracts\MessagingContracts.cs(2453,67): warning CS1573: Parameter 'CancellationReason' has no matching param tag in the XML comment for 'InvoiceCancelledEventPayload.InvoiceCancelledEventPayload(Guid, string, Guid, Guid, DateTimeOffset, string, bool)' (but other parameters do) [B:\maliev\Maliev.MessagingContracts\generated\csharp\Maliev.MessagingContracts.csproj]
B:\maliev\Maliev.MessagingContracts\generated\csharp\Contracts\MessagingContracts.cs(2466,21): warning CS1573: Parameter 'MessageId' has no matching param tag in the XML comment for 'InvoiceCancelledEvent.InvoiceCancelledEvent(Guid, string, MessageType, string, string, IReadOnlyList<string>, Guid, Guid?, DateTimeOffset, bool, InvoiceCancelledEventPayload)' (but other parameters do) [B:\maliev\Maliev.MessagingContracts\generated\csharp\Maliev.MessagingContracts.csproj]
B:\maliev\Maliev.MessagingContracts\generated\csharp\Contracts\MessagingContracts.cs(2467,16): warning CS1573: Parameter 'MessageName' has no matching param tag in the XML comment for 'InvoiceCancelledEvent.InvoiceCancelledEvent(Guid, string, MessageType, string, string, IReadOnlyList<string>, Guid, Guid?, DateTimeOffset, bool, InvoiceCancelledEventPayload)' (but other parameters do) [B:\maliev\Maliev.MessagingContracts\generated\csharp\Maliev.MessagingContracts.csproj]
B:\maliev\Maliev.MessagingContracts\generated\csharp\Contracts\MessagingContracts.cs(2468,21): warning CS1573: Parameter 'MessageType' has no matching param tag in the XML comment for 'InvoiceCancelledEvent.InvoiceCancelledEvent(Guid, string, MessageType, string, string, IReadOnlyList<string>, Guid, Guid?, DateTimeOffset, bool, InvoiceCancelledEventPayload)' (but other parameters do) [B:\maliev\Maliev.MessagingContracts\generated\csharp\Maliev.MessagingContracts.csproj]
B:\maliev\Maliev.MessagingContracts\generated\csharp\Contracts\MessagingContracts.cs(2469,16): warning CS1573: Parameter 'MessageVersion' has no matching param tag in the XML comment for 'InvoiceCancelledEvent.InvoiceCancelledEvent(Guid, string, MessageType, string, string, IReadOnlyList<string>, Guid, Guid?, DateTimeOffset, bool, InvoiceCancelledEventPayload)' (but other parameters do) [B:\maliev\Maliev.MessagingContracts\generated\csharp\Maliev.MessagingContracts.csproj]
B:\maliev\Maliev.MessagingContracts\generated\csharp\Contracts\MessagingContracts.cs(2470,16): warning CS1573: Parameter 'PublishedBy' has no matching param tag in the XML comment for 'InvoiceCancelledEvent.InvoiceCancelledEvent(Guid, string, MessageType, string, string, IReadOnlyList<string>, Guid, Guid?, DateTimeOffset, bool, InvoiceCancelledEventPayload)' (but other parameters do) [B:\maliev\Maliev.MessagingContracts\generated\csharp\Maliev.MessagingContracts.csproj]
B:\maliev\Maliev.MessagingContracts\generated\csharp\Contracts\MessagingContracts.cs(2471,58): warning CS1573: Parameter 'ConsumedBy' has no matching param tag in the XML comment for 'InvoiceCancelledEvent.InvoiceCancelledEvent(Guid, string, MessageType, string, string, IReadOnlyList<string>, Guid, Guid?, DateTimeOffset, bool, InvoiceCancelledEventPayload)' (but other parameters do) [B:\maliev\Maliev.MessagingContracts\generated\csharp\Maliev.MessagingContracts.csproj]
B:\maliev\Maliev.MessagingContracts\generated\csharp\Contracts\MessagingContracts.cs(2472,21): warning CS1573: Parameter 'CorrelationId' has no matching param tag in the XML comment for 'InvoiceCancelledEvent.InvoiceCancelledEvent(Guid, string, MessageType, string, string, IReadOnlyList<string>, Guid, Guid?, DateTimeOffset, bool, InvoiceCancelledEventPayload)' (but other parameters do) [B:\maliev\Maliev.MessagingContracts\generated\csharp\Maliev.MessagingContracts.csproj]
B:\maliev\Maliev.MessagingContracts\generated\csharp\Contracts\MessagingContracts.cs(2473,22): warning CS1573: Parameter 'CausationId' has no matching param tag in the XML comment for 'InvoiceCancelledEvent.InvoiceCancelledEvent(Guid, string, MessageType, string, string, IReadOnlyList<string>, Guid, Guid?, DateTimeOffset, bool, InvoiceCancelledEventPayload)' (but other parameters do) [B:\maliev\Maliev.MessagingContracts\generated\csharp\Maliev.MessagingContracts.csproj]
B:\maliev\Maliev.MessagingContracts\generated\csharp\Contracts\MessagingContracts.cs(2474,31): warning CS1573: Parameter 'OccurredAtUtc' has no matching param tag in the XML comment for 'InvoiceCancelledEvent.InvoiceCancelledEvent(Guid, string, MessageType, string, string, IReadOnlyList<string>, Guid, Guid?, DateTimeOffset, bool, InvoiceCancelledEventPayload)' (but other parameters do) [B:\maliev\Maliev.MessagingContracts\generated\csharp\Maliev.MessagingContracts.csproj]
B:\maliev\Maliev.MessagingContracts\generated\csharp\Contracts\MessagingContracts.cs(2475,14): warning CS1573: Parameter 'IsPublic' has no matching param tag in the XML comment for 'InvoiceCancelledEvent.InvoiceCancelledEvent(Guid, string, MessageType, string, string, IReadOnlyList<string>, Guid, Guid?, DateTimeOffset, bool, InvoiceCancelledEventPayload)' (but other parameters do) [B:\maliev\Maliev.MessagingContracts\generated\csharp\Maliev.MessagingContracts.csproj]
B:\maliev\Maliev.MessagingContracts\generated\csharp\Contracts\MessagingContracts.cs(2489,63): warning CS1573: Parameter 'InvoiceId' has no matching param tag in the XML comment for 'InvoiceFullyPaidEventPayload.InvoiceFullyPaidEventPayload(Guid, string, Guid, double, string, Guid, DateTimeOffset)' (but other parameters do) [B:\maliev\Maliev.MessagingContracts\generated\csharp\Maliev.MessagingContracts.csproj]
B:\maliev\Maliev.MessagingContracts\generated\csharp\Contracts\MessagingContracts.cs(2490,62): warning CS1573: Parameter 'InvoiceNumber' has no matching param tag in the XML comment for 'InvoiceFullyPaidEventPayload.InvoiceFullyPaidEventPayload(Guid, string, Guid, double, string, Guid, DateTimeOffset)' (but other parameters do) [B:\maliev\Maliev.MessagingContracts\generated\csharp\Maliev.MessagingContracts.csproj]
B:\maliev\Maliev.MessagingContracts\generated\csharp\Contracts\MessagingContracts.cs(2491,64): warning CS1573: Parameter 'CustomerId' has no matching param tag in the XML comment for 'InvoiceFullyPaidEventPayload.InvoiceFullyPaidEventPayload(Guid, string, Guid, double, string, Guid, DateTimeOffset)' (but other parameters do) [B:\maliev\Maliev.MessagingContracts\generated\csharp\Maliev.MessagingContracts.csproj]
B:\maliev\Maliev.MessagingContracts\generated\csharp\Contracts\MessagingContracts.cs(2492,60): warning CS1573: Parameter 'TotalAmount' has no matching param tag in the XML comment for 'InvoiceFullyPaidEventPayload.InvoiceFullyPaidEventPayload(Guid, string, Guid, double, string, Guid, DateTimeOffset)' (but other parameters do) [B:\maliev\Maliev.MessagingContracts\generated\csharp\Maliev.MessagingContracts.csproj]
B:\maliev\Maliev.MessagingContracts\generated\csharp\Contracts\MessagingContracts.cs(2493,57): warning CS1573: Parameter 'Currency' has no matching param tag in the XML comment for 'InvoiceFullyPaidEventPayload.InvoiceFullyPaidEventPayload(Guid, string, Guid, double, string, Guid, DateTimeOffset)' (but other parameters do) [B:\maliev\Maliev.MessagingContracts\generated\csharp\Maliev.MessagingContracts.csproj]
B:\maliev\Maliev.MessagingContracts\generated\csharp\Contracts\MessagingContracts.cs(2495,75): warning CS1573: Parameter 'FullyPaidAt' has no matching param tag in the XML comment for 'InvoiceFullyPaidEventPayload.InvoiceFullyPaidEventPayload(Guid, string, Guid, double, string, Guid, DateTimeOffset)' (but other parameters do) [B:\maliev\Maliev.MessagingContracts\generated\csharp\Maliev.MessagingContracts.csproj]
B:\maliev\Maliev.MessagingContracts\generated\csharp\Contracts\MessagingContracts.cs(2507,21): warning CS1573: Parameter 'MessageId' has no matching param tag in the XML comment for 'InvoiceFullyPaidEvent.InvoiceFullyPaidEvent(Guid, string, MessageType, string, string, IReadOnlyList<string>, Guid, Guid?, DateTimeOffset, bool, InvoiceFullyPaidEventPayload)' (but other parameters do) [B:\maliev\Maliev.MessagingContracts\generated\csharp\Maliev.MessagingContracts.csproj]
B:\maliev\Maliev.MessagingContracts\generated\csharp\Contracts\MessagingContracts.cs(2508,16): warning CS1573: Parameter 'MessageName' has no matching param tag in the XML comment for 'InvoiceFullyPaidEvent.InvoiceFullyPaidEvent(Guid, string, MessageType, string, string, IReadOnlyList<string>, Guid, Guid?, DateTimeOffset, bool, InvoiceFullyPaidEventPayload)' (but other parameters do) [B:\maliev\Maliev.MessagingContracts\generated\csharp\Maliev.MessagingContracts.csproj]
B:\maliev\Maliev.MessagingContracts\generated\csharp\Contracts\MessagingContracts.cs(2509,21): warning CS1573: Parameter 'MessageType' has no matching param tag in the XML comment for 'InvoiceFullyPaidEvent.InvoiceFullyPaidEvent(Guid, string, MessageType, string, string, IReadOnlyList<string>, Guid, Guid?, DateTimeOffset, bool, InvoiceFullyPaidEventPayload)' (but other parameters do) [B:\maliev\Maliev.MessagingContracts\generated\csharp\Maliev.MessagingContracts.csproj]
B:\maliev\Maliev.MessagingContracts\generated\csharp\Contracts\MessagingContracts.cs(2510,16): warning CS1573: Parameter 'MessageVersion' has no matching param tag in the XML comment for 'InvoiceFullyPaidEvent.InvoiceFullyPaidEvent(Guid, string, MessageType, string, string, IReadOnlyList<string>, Guid, Guid?, DateTimeOffset, bool, InvoiceFullyPaidEventPayload)' (but other parameters do) [B:\maliev\Maliev.MessagingContracts\generated\csharp\Maliev.MessagingContracts.csproj]
B:\maliev\Maliev.MessagingContracts\generated\csharp\Contracts\MessagingContracts.cs(2511,16): warning CS1573: Parameter 'PublishedBy' has no matching param tag in the XML comment for 'InvoiceFullyPaidEvent.InvoiceFullyPaidEvent(Guid, string, MessageType, string, string, IReadOnlyList<string>, Guid, Guid?, DateTimeOffset, bool, InvoiceFullyPaidEventPayload)' (but other parameters do) [B:\maliev\Maliev.MessagingContracts\generated\csharp\Maliev.MessagingContracts.csproj]
B:\maliev\Maliev.MessagingContracts\generated\csharp\Contracts\MessagingContracts.cs(2512,58): warning CS1573: Parameter 'ConsumedBy' has no matching param tag in the XML comment for 'InvoiceFullyPaidEvent.InvoiceFullyPaidEvent(Guid, string, MessageType, string, string, IReadOnlyList<string>, Guid, Guid?, DateTimeOffset, bool, InvoiceFullyPaidEventPayload)' (but other parameters do) [B:\maliev\Maliev.MessagingContracts\generated\csharp\Maliev.MessagingContracts.csproj]
B:\maliev\Maliev.MessagingContracts\generated\csharp\Contracts\MessagingContracts.cs(2513,21): warning CS1573: Parameter 'CorrelationId' has no matching param tag in the XML comment for 'InvoiceFullyPaidEvent.InvoiceFullyPaidEvent(Guid, string, MessageType, string, string, IReadOnlyList<string>, Guid, Guid?, DateTimeOffset, bool, InvoiceFullyPaidEventPayload)' (but other parameters do) [B:\maliev\Maliev.MessagingContracts\generated\csharp\Maliev.MessagingContracts.csproj]
B:\maliev\Maliev.MessagingContracts\generated\csharp\Contracts\MessagingContracts.cs(2514,22): warning CS1573: Parameter 'CausationId' has no matching param tag in the XML comment for 'InvoiceFullyPaidEvent.InvoiceFullyPaidEvent(Guid, string, MessageType, string, string, IReadOnlyList<string>, Guid, Guid?, DateTimeOffset, bool, InvoiceFullyPaidEventPayload)' (but other parameters do) [B:\maliev\Maliev.MessagingContracts\generated\csharp\Maliev.MessagingContracts.csproj]
B:\maliev\Maliev.MessagingContracts\generated\csharp\Contracts\MessagingContracts.cs(2515,31): warning CS1573: Parameter 'OccurredAtUtc' has no matching param tag in the XML comment for 'InvoiceFullyPaidEvent.InvoiceFullyPaidEvent(Guid, string, MessageType, string, string, IReadOnlyList<string>, Guid, Guid?, DateTimeOffset, bool, InvoiceFullyPaidEventPayload)' (but other parameters do) [B:\maliev\Maliev.MessagingContracts\generated\csharp\Maliev.MessagingContracts.csproj]
B:\maliev\Maliev.MessagingContracts\generated\csharp\Contracts\MessagingContracts.cs(2516,14): warning CS1573: Parameter 'IsPublic' has no matching param tag in the XML comment for 'InvoiceFullyPaidEvent.InvoiceFullyPaidEvent(Guid, string, MessageType, string, string, IReadOnlyList<string>, Guid, Guid?, DateTimeOffset, bool, InvoiceFullyPaidEventPayload)' (but other parameters do) [B:\maliev\Maliev.MessagingContracts\generated\csharp\Maliev.MessagingContracts.csproj]
B:\maliev\Maliev.MessagingContracts\generated\csharp\Contracts\MessagingContracts.cs(2550,21): warning CS1573: Parameter 'MessageId' has no matching param tag in the XML comment for 'PaymentAllocatedEvent.PaymentAllocatedEvent(Guid, string, MessageType, string, string, IReadOnlyList<string>, Guid, Guid?, DateTimeOffset, bool, PaymentAllocatedEventPayload)' (but other parameters do) [B:\maliev\Maliev.MessagingContracts\generated\csharp\Maliev.MessagingContracts.csproj]
B:\maliev\Maliev.MessagingContracts\generated\csharp\Contracts\MessagingContracts.cs(2551,16): warning CS1573: Parameter 'MessageName' has no matching param tag in the XML comment for 'PaymentAllocatedEvent.PaymentAllocatedEvent(Guid, string, MessageType, string, string, IReadOnlyList<string>, Guid, Guid?, DateTimeOffset, bool, PaymentAllocatedEventPayload)' (but other parameters do) [B:\maliev\Maliev.MessagingContracts\generated\csharp\Maliev.MessagingContracts.csproj]
B:\maliev\Maliev.MessagingContracts\generated\csharp\Contracts\MessagingContracts.cs(2552,21): warning CS1573: Parameter 'MessageType' has no matching param tag in the XML comment for 'PaymentAllocatedEvent.PaymentAllocatedEvent(Guid, string, MessageType, string, string, IReadOnlyList<string>, Guid, Guid?, DateTimeOffset, bool, PaymentAllocatedEventPayload)' (but other parameters do) [B:\maliev\Maliev.MessagingContracts\generated\csharp\Maliev.MessagingContracts.csproj]
B:\maliev\Maliev.MessagingContracts\generated\csharp\Contracts\MessagingContracts.cs(2553,16): warning CS1573: Parameter 'MessageVersion' has no matching param tag in the XML comment for 'PaymentAllocatedEvent.PaymentAllocatedEvent(Guid, string, MessageType, string, string, IReadOnlyList<string>, Guid, Guid?, DateTimeOffset, bool, PaymentAllocatedEventPayload)' (but other parameters do) [B:\maliev\Maliev.MessagingContracts\generated\csharp\Maliev.MessagingContracts.csproj]
B:\maliev\Maliev.MessagingContracts\generated\csharp\Contracts\MessagingContracts.cs(2554,16): warning CS1573: Parameter 'PublishedBy' has no matching param tag in the XML comment for 'PaymentAllocatedEvent.PaymentAllocatedEvent(Guid, string, MessageType, string, string, IReadOnlyList<string>, Guid, Guid?, DateTimeOffset, bool, PaymentAllocatedEventPayload)' (but other parameters do) [B:\maliev\Maliev.MessagingContracts\generated\csharp\Maliev.MessagingContracts.csproj]
B:\maliev\Maliev.MessagingContracts\generated\csharp\Contracts\MessagingContracts.cs(2555,58): warning CS1573: Parameter 'ConsumedBy' has no matching param tag in the XML comment for 'PaymentAllocatedEvent.PaymentAllocatedEvent(Guid, string, MessageType, string, string, IReadOnlyList<string>, Guid, Guid?, DateTimeOffset, bool, PaymentAllocatedEventPayload)' (but other parameters do) [B:\maliev\Maliev.MessagingContracts\generated\csharp\Maliev.MessagingContracts.csproj]
B:\maliev\Maliev.MessagingContracts\generated\csharp\Contracts\MessagingContracts.cs(2556,21): warning CS1573: Parameter 'CorrelationId' has no matching param tag in the XML comment for 'PaymentAllocatedEvent.PaymentAllocatedEvent(Guid, string, MessageType, string, string, IReadOnlyList<string>, Guid, Guid?, DateTimeOffset, bool, PaymentAllocatedEventPayload)' (but other parameters do) [B:\maliev\Maliev.MessagingContracts\generated\csharp\Maliev.MessagingContracts.csproj]
B:\maliev\Maliev.MessagingContracts\generated\csharp\Contracts\MessagingContracts.cs(2557,22): warning CS1573: Parameter 'CausationId' has no matching param tag in the XML comment for 'PaymentAllocatedEvent.PaymentAllocatedEvent(Guid, string, MessageType, string, string, IReadOnlyList<string>, Guid, Guid?, DateTimeOffset, bool, PaymentAllocatedEventPayload)' (but other parameters do) [B:\maliev\Maliev.MessagingContracts\generated\csharp\Maliev.MessagingContracts.csproj]
B:\maliev\Maliev.MessagingContracts\generated\csharp\Contracts\MessagingContracts.cs(2558,31): warning CS1573: Parameter 'OccurredAtUtc' has no matching param tag in the XML comment for 'PaymentAllocatedEvent.PaymentAllocatedEvent(Guid, string, MessageType, string, string, IReadOnlyList<string>, Guid, Guid?, DateTimeOffset, bool, PaymentAllocatedEventPayload)' (but other parameters do) [B:\maliev\Maliev.MessagingContracts\generated\csharp\Maliev.MessagingContracts.csproj]
B:\maliev\Maliev.MessagingContracts\generated\csharp\Contracts\MessagingContracts.cs(2559,14): warning CS1573: Parameter 'IsPublic' has no matching param tag in the XML comment for 'PaymentAllocatedEvent.PaymentAllocatedEvent(Guid, string, MessageType, string, string, IReadOnlyList<string>, Guid, Guid?, DateTimeOffset, bool, PaymentAllocatedEventPayload)' (but other parameters do) [B:\maliev\Maliev.MessagingContracts\generated\csharp\Maliev.MessagingContracts.csproj]
B:\maliev\Maliev.MessagingContracts\generated\csharp\Contracts\MessagingContracts.cs(2611,19): warning CS1591: Missing XML comment for publicly visible type or member 'InvoiceSplitEvent' [B:\maliev\Maliev.MessagingContracts\generated\csharp\Maliev.MessagingContracts.csproj]
B:\maliev\Maliev.MessagingContracts\generated\csharp\Contracts\MessagingContracts.cs(2611,19): warning CS1591: Missing XML comment for publicly visible type or member 'InvoiceSplitEvent.InvoiceSplitEvent(Guid, string, MessageType, string, string, IReadOnlyList<string>, Guid, Guid?, DateTimeOffset, bool, InvoiceSplitEventPayload)' [B:\maliev\Maliev.MessagingContracts\generated\csharp\Maliev.MessagingContracts.csproj]
B:\maliev\Maliev.MessagingContracts\generated\csharp\Contracts\MessagingContracts.cs(2622,74): warning CS1591: Missing XML comment for publicly visible type or member 'InvoiceSplitEvent.Payload' [B:\maliev\Maliev.MessagingContracts\generated\csharp\Maliev.MessagingContracts.csproj]
B:\maliev\Maliev.MessagingContracts\generated\csharp\Contracts\MessagingContracts.cs(2653,21): warning CS1573: Parameter 'MessageId' has no matching param tag in the XML comment for 'LeaveRequestSubmittedEvent.LeaveRequestSubmittedEvent(Guid, string, MessageType, string, string, IReadOnlyList<string>, Guid, Guid?, DateTimeOffset, bool, LeaveRequestSubmittedEventPayload)' (but other parameters do) [B:\maliev\Maliev.MessagingContracts\generated\csharp\Maliev.MessagingContracts.csproj]
B:\maliev\Maliev.MessagingContracts\generated\csharp\Contracts\MessagingContracts.cs(2654,16): warning CS1573: Parameter 'MessageName' has no matching param tag in the XML comment for 'LeaveRequestSubmittedEvent.LeaveRequestSubmittedEvent(Guid, string, MessageType, string, string, IReadOnlyList<string>, Guid, Guid?, DateTimeOffset, bool, LeaveRequestSubmittedEventPayload)' (but other parameters do) [B:\maliev\Maliev.MessagingContracts\generated\csharp\Maliev.MessagingContracts.csproj]
B:\maliev\Maliev.MessagingContracts\generated\csharp\Contracts\MessagingContracts.cs(2655,21): warning CS1573: Parameter 'MessageType' has no matching param tag in the XML comment for 'LeaveRequestSubmittedEvent.LeaveRequestSubmittedEvent(Guid, string, MessageType, string, string, IReadOnlyList<string>, Guid, Guid?, DateTimeOffset, bool, LeaveRequestSubmittedEventPayload)' (but other parameters do) [B:\maliev\Maliev.MessagingContracts\generated\csharp\Maliev.MessagingContracts.csproj]
B:\maliev\Maliev.MessagingContracts\generated\csharp\Contracts\MessagingContracts.cs(2656,16): warning CS1573: Parameter 'MessageVersion' has no matching param tag in the XML comment for 'LeaveRequestSubmittedEvent.LeaveRequestSubmittedEvent(Guid, string, MessageType, string, string, IReadOnlyList<string>, Guid, Guid?, DateTimeOffset, bool, LeaveRequestSubmittedEventPayload)' (but other parameters do) [B:\maliev\Maliev.MessagingContracts\generated\csharp\Maliev.MessagingContracts.csproj]
B:\maliev\Maliev.MessagingContracts\generated\csharp\Contracts\MessagingContracts.cs(2657,16): warning CS1573: Parameter 'PublishedBy' has no matching param tag in the XML comment for 'LeaveRequestSubmittedEvent.LeaveRequestSubmittedEvent(Guid, string, MessageType, string, string, IReadOnlyList<string>, Guid, Guid?, DateTimeOffset, bool, LeaveRequestSubmittedEventPayload)' (but other parameters do) [B:\maliev\Maliev.MessagingContracts\generated\csharp\Maliev.MessagingContracts.csproj]
B:\maliev\Maliev.MessagingContracts\generated\csharp\Contracts\MessagingContracts.cs(2658,58): warning CS1573: Parameter 'ConsumedBy' has no matching param tag in the XML comment for 'LeaveRequestSubmittedEvent.LeaveRequestSubmittedEvent(Guid, string, MessageType, string, string, IReadOnlyList<string>, Guid, Guid?, DateTimeOffset, bool, LeaveRequestSubmittedEventPayload)' (but other parameters do) [B:\maliev\Maliev.MessagingContracts\generated\csharp\Maliev.MessagingContracts.csproj]
B:\maliev\Maliev.MessagingContracts\generated\csharp\Contracts\MessagingContracts.cs(2659,21): warning CS1573: Parameter 'CorrelationId' has no matching param tag in the XML comment for 'LeaveRequestSubmittedEvent.LeaveRequestSubmittedEvent(Guid, string, MessageType, string, string, IReadOnlyList<string>, Guid, Guid?, DateTimeOffset, bool, LeaveRequestSubmittedEventPayload)' (but other parameters do) [B:\maliev\Maliev.MessagingContracts\generated\csharp\Maliev.MessagingContracts.csproj]
B:\maliev\Maliev.MessagingContracts\generated\csharp\Contracts\MessagingContracts.cs(2660,22): warning CS1573: Parameter 'CausationId' has no matching param tag in the XML comment for 'LeaveRequestSubmittedEvent.LeaveRequestSubmittedEvent(Guid, string, MessageType, string, string, IReadOnlyList<string>, Guid, Guid?, DateTimeOffset, bool, LeaveRequestSubmittedEventPayload)' (but other parameters do) [B:\maliev\Maliev.MessagingContracts\generated\csharp\Maliev.MessagingContracts.csproj]
B:\maliev\Maliev.MessagingContracts\generated\csharp\Contracts\MessagingContracts.cs(2661,31): warning CS1573: Parameter 'OccurredAtUtc' has no matching param tag in the XML comment for 'LeaveRequestSubmittedEvent.LeaveRequestSubmittedEvent(Guid, string, MessageType, string, string, IReadOnlyList<string>, Guid, Guid?, DateTimeOffset, bool, LeaveRequestSubmittedEventPayload)' (but other parameters do) [B:\maliev\Maliev.MessagingContracts\generated\csharp\Maliev.MessagingContracts.csproj]
B:\maliev\Maliev.MessagingContracts\generated\csharp\Contracts\MessagingContracts.cs(2662,14): warning CS1573: Parameter 'IsPublic' has no matching param tag in the XML comment for 'LeaveRequestSubmittedEvent.LeaveRequestSubmittedEvent(Guid, string, MessageType, string, string, IReadOnlyList<string>, Guid, Guid?, DateTimeOffset, bool, LeaveRequestSubmittedEventPayload)' (but other parameters do) [B:\maliev\Maliev.MessagingContracts\generated\csharp\Maliev.MessagingContracts.csproj]
B:\maliev\Maliev.MessagingContracts\generated\csharp\Contracts\MessagingContracts.cs(2689,21): warning CS1573: Parameter 'MessageId' has no matching param tag in the XML comment for 'LeaveRequestApprovedEvent.LeaveRequestApprovedEvent(Guid, string, MessageType, string, string, IReadOnlyList<string>, Guid, Guid?, DateTimeOffset, bool, LeaveRequestApprovedEventPayload)' (but other parameters do) [B:\maliev\Maliev.MessagingContracts\generated\csharp\Maliev.MessagingContracts.csproj]
B:\maliev\Maliev.MessagingContracts\generated\csharp\Contracts\MessagingContracts.cs(2690,16): warning CS1573: Parameter 'MessageName' has no matching param tag in the XML comment for 'LeaveRequestApprovedEvent.LeaveRequestApprovedEvent(Guid, string, MessageType, string, string, IReadOnlyList<string>, Guid, Guid?, DateTimeOffset, bool, LeaveRequestApprovedEventPayload)' (but other parameters do) [B:\maliev\Maliev.MessagingContracts\generated\csharp\Maliev.MessagingContracts.csproj]
B:\maliev\Maliev.MessagingContracts\generated\csharp\Contracts\MessagingContracts.cs(2691,21): warning CS1573: Parameter 'MessageType' has no matching param tag in the XML comment for 'LeaveRequestApprovedEvent.LeaveRequestApprovedEvent(Guid, string, MessageType, string, string, IReadOnlyList<string>, Guid, Guid?, DateTimeOffset, bool, LeaveRequestApprovedEventPayload)' (but other parameters do) [B:\maliev\Maliev.MessagingContracts\generated\csharp\Maliev.MessagingContracts.csproj]
B:\maliev\Maliev.MessagingContracts\generated\csharp\Contracts\MessagingContracts.cs(2692,16): warning CS1573: Parameter 'MessageVersion' has no matching param tag in the XML comment for 'LeaveRequestApprovedEvent.LeaveRequestApprovedEvent(Guid, string, MessageType, string, string, IReadOnlyList<string>, Guid, Guid?, DateTimeOffset, bool, LeaveRequestApprovedEventPayload)' (but other parameters do) [B:\maliev\Maliev.MessagingContracts\generated\csharp\Maliev.MessagingContracts.csproj]
B:\maliev\Maliev.MessagingContracts\generated\csharp\Contracts\MessagingContracts.cs(2693,16): warning CS1573: Parameter 'PublishedBy' has no matching param tag in the XML comment for 'LeaveRequestApprovedEvent.LeaveRequestApprovedEvent(Guid, string, MessageType, string, string, IReadOnlyList<string>, Guid, Guid?, DateTimeOffset, bool, LeaveRequestApprovedEventPayload)' (but other parameters do) [B:\maliev\Maliev.MessagingContracts\generated\csharp\Maliev.MessagingContracts.csproj]
B:\maliev\Maliev.MessagingContracts\generated\csharp\Contracts\MessagingContracts.cs(2694,58): warning CS1573: Parameter 'ConsumedBy' has no matching param tag in the XML comment for 'LeaveRequestApprovedEvent.LeaveRequestApprovedEvent(Guid, string, MessageType, string, string, IReadOnlyList<string>, Guid, Guid?, DateTimeOffset, bool, LeaveRequestApprovedEventPayload)' (but other parameters do) [B:\maliev\Maliev.MessagingContracts\generated\csharp\Maliev.MessagingContracts.csproj]
B:\maliev\Maliev.MessagingContracts\generated\csharp\Contracts\MessagingContracts.cs(2695,21): warning CS1573: Parameter 'CorrelationId' has no matching param tag in the XML comment for 'LeaveRequestApprovedEvent.LeaveRequestApprovedEvent(Guid, string, MessageType, string, string, IReadOnlyList<string>, Guid, Guid?, DateTimeOffset, bool, LeaveRequestApprovedEventPayload)' (but other parameters do) [B:\maliev\Maliev.MessagingContracts\generated\csharp\Maliev.MessagingContracts.csproj]
B:\maliev\Maliev.MessagingContracts\generated\csharp\Contracts\MessagingContracts.cs(2696,22): warning CS1573: Parameter 'CausationId' has no matching param tag in the XML comment for 'LeaveRequestApprovedEvent.LeaveRequestApprovedEvent(Guid, string, MessageType, string, string, IReadOnlyList<string>, Guid, Guid?, DateTimeOffset, bool, LeaveRequestApprovedEventPayload)' (but other parameters do) [B:\maliev\Maliev.MessagingContracts\generated\csharp\Maliev.MessagingContracts.csproj]
B:\maliev\Maliev.MessagingContracts\generated\csharp\Contracts\MessagingContracts.cs(2697,31): warning CS1573: Parameter 'OccurredAtUtc' has no matching param tag in the XML comment for 'LeaveRequestApprovedEvent.LeaveRequestApprovedEvent(Guid, string, MessageType, string, string, IReadOnlyList<string>, Guid, Guid?, DateTimeOffset, bool, LeaveRequestApprovedEventPayload)' (but other parameters do) [B:\maliev\Maliev.MessagingContracts\generated\csharp\Maliev.MessagingContracts.csproj]
B:\maliev\Maliev.MessagingContracts\generated\csharp\Contracts\MessagingContracts.cs(2698,14): warning CS1573: Parameter 'IsPublic' has no matching param tag in the XML comment for 'LeaveRequestApprovedEvent.LeaveRequestApprovedEvent(Guid, string, MessageType, string, string, IReadOnlyList<string>, Guid, Guid?, DateTimeOffset, bool, LeaveRequestApprovedEventPayload)' (but other parameters do) [B:\maliev\Maliev.MessagingContracts\generated\csharp\Maliev.MessagingContracts.csproj]
B:\maliev\Maliev.MessagingContracts\generated\csharp\Contracts\MessagingContracts.cs(2726,21): warning CS1573: Parameter 'MessageId' has no matching param tag in the XML comment for 'LeaveRequestRejectedEvent.LeaveRequestRejectedEvent(Guid, string, MessageType, string, string, IReadOnlyList<string>, Guid, Guid?, DateTimeOffset, bool, LeaveRequestRejectedEventPayload)' (but other parameters do) [B:\maliev\Maliev.MessagingContracts\generated\csharp\Maliev.MessagingContracts.csproj]
B:\maliev\Maliev.MessagingContracts\generated\csharp\Contracts\MessagingContracts.cs(2727,16): warning CS1573: Parameter 'MessageName' has no matching param tag in the XML comment for 'LeaveRequestRejectedEvent.LeaveRequestRejectedEvent(Guid, string, MessageType, string, string, IReadOnlyList<string>, Guid, Guid?, DateTimeOffset, bool, LeaveRequestRejectedEventPayload)' (but other parameters do) [B:\maliev\Maliev.MessagingContracts\generated\csharp\Maliev.MessagingContracts.csproj]
B:\maliev\Maliev.MessagingContracts\generated\csharp\Contracts\MessagingContracts.cs(2728,21): warning CS1573: Parameter 'MessageType' has no matching param tag in the XML comment for 'LeaveRequestRejectedEvent.LeaveRequestRejectedEvent(Guid, string, MessageType, string, string, IReadOnlyList<string>, Guid, Guid?, DateTimeOffset, bool, LeaveRequestRejectedEventPayload)' (but other parameters do) [B:\maliev\Maliev.MessagingContracts\generated\csharp\Maliev.MessagingContracts.csproj]
B:\maliev\Maliev.MessagingContracts\generated\csharp\Contracts\MessagingContracts.cs(2729,16): warning CS1573: Parameter 'MessageVersion' has no matching param tag in the XML comment for 'LeaveRequestRejectedEvent.LeaveRequestRejectedEvent(Guid, string, MessageType, string, string, IReadOnlyList<string>, Guid, Guid?, DateTimeOffset, bool, LeaveRequestRejectedEventPayload)' (but other parameters do) [B:\maliev\Maliev.MessagingContracts\generated\csharp\Maliev.MessagingContracts.csproj]
B:\maliev\Maliev.MessagingContracts\generated\csharp\Contracts\MessagingContracts.cs(2730,16): warning CS1573: Parameter 'PublishedBy' has no matching param tag in the XML comment for 'LeaveRequestRejectedEvent.LeaveRequestRejectedEvent(Guid, string, MessageType, string, string, IReadOnlyList<string>, Guid, Guid?, DateTimeOffset, bool, LeaveRequestRejectedEventPayload)' (but other parameters do) [B:\maliev\Maliev.MessagingContracts\generated\csharp\Maliev.MessagingContracts.csproj]
B:\maliev\Maliev.MessagingContracts\generated\csharp\Contracts\MessagingContracts.cs(2731,58): warning CS1573: Parameter 'ConsumedBy' has no matching param tag in the XML comment for 'LeaveRequestRejectedEvent.LeaveRequestRejectedEvent(Guid, string, MessageType, string, string, IReadOnlyList<string>, Guid, Guid?, DateTimeOffset, bool, LeaveRequestRejectedEventPayload)' (but other parameters do) [B:\maliev\Maliev.MessagingContracts\generated\csharp\Maliev.MessagingContracts.csproj]
B:\maliev\Maliev.MessagingContracts\generated\csharp\Contracts\MessagingContracts.cs(2732,21): warning CS1573: Parameter 'CorrelationId' has no matching param tag in the XML comment for 'LeaveRequestRejectedEvent.LeaveRequestRejectedEvent(Guid, string, MessageType, string, string, IReadOnlyList<string>, Guid, Guid?, DateTimeOffset, bool, LeaveRequestRejectedEventPayload)' (but other parameters do) [B:\maliev\Maliev.MessagingContracts\generated\csharp\Maliev.MessagingContracts.csproj]
B:\maliev\Maliev.MessagingContracts\generated\csharp\Contracts\MessagingContracts.cs(2733,22): warning CS1573: Parameter 'CausationId' has no matching param tag in the XML comment for 'LeaveRequestRejectedEvent.LeaveRequestRejectedEvent(Guid, string, MessageType, string, string, IReadOnlyList<string>, Guid, Guid?, DateTimeOffset, bool, LeaveRequestRejectedEventPayload)' (but other parameters do) [B:\maliev\Maliev.MessagingContracts\generated\csharp\Maliev.MessagingContracts.csproj]
B:\maliev\Maliev.MessagingContracts\generated\csharp\Contracts\MessagingContracts.cs(2734,31): warning CS1573: Parameter 'OccurredAtUtc' has no matching param tag in the XML comment for 'LeaveRequestRejectedEvent.LeaveRequestRejectedEvent(Guid, string, MessageType, string, string, IReadOnlyList<string>, Guid, Guid?, DateTimeOffset, bool, LeaveRequestRejectedEventPayload)' (but other parameters do) [B:\maliev\Maliev.MessagingContracts\generated\csharp\Maliev.MessagingContracts.csproj]
B:\maliev\Maliev.MessagingContracts\generated\csharp\Contracts\MessagingContracts.cs(2735,14): warning CS1573: Parameter 'IsPublic' has no matching param tag in the XML comment for 'LeaveRequestRejectedEvent.LeaveRequestRejectedEvent(Guid, string, MessageType, string, string, IReadOnlyList<string>, Guid, Guid?, DateTimeOffset, bool, LeaveRequestRejectedEventPayload)' (but other parameters do) [B:\maliev\Maliev.MessagingContracts\generated\csharp\Maliev.MessagingContracts.csproj]
B:\maliev\Maliev.MessagingContracts\generated\csharp\Contracts\MessagingContracts.cs(2763,21): warning CS1573: Parameter 'MessageId' has no matching param tag in the XML comment for 'LeaveRequestCancelledEvent.LeaveRequestCancelledEvent(Guid, string, MessageType, string, string, IReadOnlyList<string>, Guid, Guid?, DateTimeOffset, bool, LeaveRequestCancelledEventPayload)' (but other parameters do) [B:\maliev\Maliev.MessagingContracts\generated\csharp\Maliev.MessagingContracts.csproj]
B:\maliev\Maliev.MessagingContracts\generated\csharp\Contracts\MessagingContracts.cs(2764,16): warning CS1573: Parameter 'MessageName' has no matching param tag in the XML comment for 'LeaveRequestCancelledEvent.LeaveRequestCancelledEvent(Guid, string, MessageType, string, string, IReadOnlyList<string>, Guid, Guid?, DateTimeOffset, bool, LeaveRequestCancelledEventPayload)' (but other parameters do) [B:\maliev\Maliev.MessagingContracts\generated\csharp\Maliev.MessagingContracts.csproj]
B:\maliev\Maliev.MessagingContracts\generated\csharp\Contracts\MessagingContracts.cs(2765,21): warning CS1573: Parameter 'MessageType' has no matching param tag in the XML comment for 'LeaveRequestCancelledEvent.LeaveRequestCancelledEvent(Guid, string, MessageType, string, string, IReadOnlyList<string>, Guid, Guid?, DateTimeOffset, bool, LeaveRequestCancelledEventPayload)' (but other parameters do) [B:\maliev\Maliev.MessagingContracts\generated\csharp\Maliev.MessagingContracts.csproj]
B:\maliev\Maliev.MessagingContracts\generated\csharp\Contracts\MessagingContracts.cs(2766,16): warning CS1573: Parameter 'MessageVersion' has no matching param tag in the XML comment for 'LeaveRequestCancelledEvent.LeaveRequestCancelledEvent(Guid, string, MessageType, string, string, IReadOnlyList<string>, Guid, Guid?, DateTimeOffset, bool, LeaveRequestCancelledEventPayload)' (but other parameters do) [B:\maliev\Maliev.MessagingContracts\generated\csharp\Maliev.MessagingContracts.csproj]
B:\maliev\Maliev.MessagingContracts\generated\csharp\Contracts\MessagingContracts.cs(2767,16): warning CS1573: Parameter 'PublishedBy' has no matching param tag in the XML comment for 'LeaveRequestCancelledEvent.LeaveRequestCancelledEvent(Guid, string, MessageType, string, string, IReadOnlyList<string>, Guid, Guid?, DateTimeOffset, bool, LeaveRequestCancelledEventPayload)' (but other parameters do) [B:\maliev\Maliev.MessagingContracts\generated\csharp\Maliev.MessagingContracts.csproj]
B:\maliev\Maliev.MessagingContracts\generated\csharp\Contracts\MessagingContracts.cs(2768,58): warning CS1573: Parameter 'ConsumedBy' has no matching param tag in the XML comment for 'LeaveRequestCancelledEvent.LeaveRequestCancelledEvent(Guid, string, MessageType, string, string, IReadOnlyList<string>, Guid, Guid?, DateTimeOffset, bool, LeaveRequestCancelledEventPayload)' (but other parameters do) [B:\maliev\Maliev.MessagingContracts\generated\csharp\Maliev.MessagingContracts.csproj]
B:\maliev\Maliev.MessagingContracts\generated\csharp\Contracts\MessagingContracts.cs(2769,21): warning CS1573: Parameter 'CorrelationId' has no matching param tag in the XML comment for 'LeaveRequestCancelledEvent.LeaveRequestCancelledEvent(Guid, string, MessageType, string, string, IReadOnlyList<string>, Guid, Guid?, DateTimeOffset, bool, LeaveRequestCancelledEventPayload)' (but other parameters do) [B:\maliev\Maliev.MessagingContracts\generated\csharp\Maliev.MessagingContracts.csproj]
B:\maliev\Maliev.MessagingContracts\generated\csharp\Contracts\MessagingContracts.cs(2770,22): warning CS1573: Parameter 'CausationId' has no matching param tag in the XML comment for 'LeaveRequestCancelledEvent.LeaveRequestCancelledEvent(Guid, string, MessageType, string, string, IReadOnlyList<string>, Guid, Guid?, DateTimeOffset, bool, LeaveRequestCancelledEventPayload)' (but other parameters do) [B:\maliev\Maliev.MessagingContracts\generated\csharp\Maliev.MessagingContracts.csproj]
B:\maliev\Maliev.MessagingContracts\generated\csharp\Contracts\MessagingContracts.cs(2771,31): warning CS1573: Parameter 'OccurredAtUtc' has no matching param tag in the XML comment for 'LeaveRequestCancelledEvent.LeaveRequestCancelledEvent(Guid, string, MessageType, string, string, IReadOnlyList<string>, Guid, Guid?, DateTimeOffset, bool, LeaveRequestCancelledEventPayload)' (but other parameters do) [B:\maliev\Maliev.MessagingContracts\generated\csharp\Maliev.MessagingContracts.csproj]
B:\maliev\Maliev.MessagingContracts\generated\csharp\Contracts\MessagingContracts.cs(2772,14): warning CS1573: Parameter 'IsPublic' has no matching param tag in the XML comment for 'LeaveRequestCancelledEvent.LeaveRequestCancelledEvent(Guid, string, MessageType, string, string, IReadOnlyList<string>, Guid, Guid?, DateTimeOffset, bool, LeaveRequestCancelledEventPayload)' (but other parameters do) [B:\maliev\Maliev.MessagingContracts\generated\csharp\Maliev.MessagingContracts.csproj]
B:\maliev\Maliev.MessagingContracts\generated\csharp\Contracts\MessagingContracts.cs(2799,21): warning CS1573: Parameter 'MessageId' has no matching param tag in the XML comment for 'LeaveBalanceUpdatedEvent.LeaveBalanceUpdatedEvent(Guid, string, MessageType, string, string, IReadOnlyList<string>, Guid, Guid?, DateTimeOffset, bool, LeaveBalanceUpdatedEventPayload)' (but other parameters do) [B:\maliev\Maliev.MessagingContracts\generated\csharp\Maliev.MessagingContracts.csproj]
B:\maliev\Maliev.MessagingContracts\generated\csharp\Contracts\MessagingContracts.cs(2800,16): warning CS1573: Parameter 'MessageName' has no matching param tag in the XML comment for 'LeaveBalanceUpdatedEvent.LeaveBalanceUpdatedEvent(Guid, string, MessageType, string, string, IReadOnlyList<string>, Guid, Guid?, DateTimeOffset, bool, LeaveBalanceUpdatedEventPayload)' (but other parameters do) [B:\maliev\Maliev.MessagingContracts\generated\csharp\Maliev.MessagingContracts.csproj]
B:\maliev\Maliev.MessagingContracts\generated\csharp\Contracts\MessagingContracts.cs(2801,21): warning CS1573: Parameter 'MessageType' has no matching param tag in the XML comment for 'LeaveBalanceUpdatedEvent.LeaveBalanceUpdatedEvent(Guid, string, MessageType, string, string, IReadOnlyList<string>, Guid, Guid?, DateTimeOffset, bool, LeaveBalanceUpdatedEventPayload)' (but other parameters do) [B:\maliev\Maliev.MessagingContracts\generated\csharp\Maliev.MessagingContracts.csproj]
B:\maliev\Maliev.MessagingContracts\generated\csharp\Contracts\MessagingContracts.cs(2802,16): warning CS1573: Parameter 'MessageVersion' has no matching param tag in the XML comment for 'LeaveBalanceUpdatedEvent.LeaveBalanceUpdatedEvent(Guid, string, MessageType, string, string, IReadOnlyList<string>, Guid, Guid?, DateTimeOffset, bool, LeaveBalanceUpdatedEventPayload)' (but other parameters do) [B:\maliev\Maliev.MessagingContracts\generated\csharp\Maliev.MessagingContracts.csproj]
B:\maliev\Maliev.MessagingContracts\generated\csharp\Contracts\MessagingContracts.cs(2803,16): warning CS1573: Parameter 'PublishedBy' has no matching param tag in the XML comment for 'LeaveBalanceUpdatedEvent.LeaveBalanceUpdatedEvent(Guid, string, MessageType, string, string, IReadOnlyList<string>, Guid, Guid?, DateTimeOffset, bool, LeaveBalanceUpdatedEventPayload)' (but other parameters do) [B:\maliev\Maliev.MessagingContracts\generated\csharp\Maliev.MessagingContracts.csproj]
B:\maliev\Maliev.MessagingContracts\generated\csharp\Contracts\MessagingContracts.cs(2804,58): warning CS1573: Parameter 'ConsumedBy' has no matching param tag in the XML comment for 'LeaveBalanceUpdatedEvent.LeaveBalanceUpdatedEvent(Guid, string, MessageType, string, string, IReadOnlyList<string>, Guid, Guid?, DateTimeOffset, bool, LeaveBalanceUpdatedEventPayload)' (but other parameters do) [B:\maliev\Maliev.MessagingContracts\generated\csharp\Maliev.MessagingContracts.csproj]
B:\maliev\Maliev.MessagingContracts\generated\csharp\Contracts\MessagingContracts.cs(2805,21): warning CS1573: Parameter 'CorrelationId' has no matching param tag in the XML comment for 'LeaveBalanceUpdatedEvent.LeaveBalanceUpdatedEvent(Guid, string, MessageType, string, string, IReadOnlyList<string>, Guid, Guid?, DateTimeOffset, bool, LeaveBalanceUpdatedEventPayload)' (but other parameters do) [B:\maliev\Maliev.MessagingContracts\generated\csharp\Maliev.MessagingContracts.csproj]
B:\maliev\Maliev.MessagingContracts\generated\csharp\Contracts\MessagingContracts.cs(2806,22): warning CS1573: Parameter 'CausationId' has no matching param tag in the XML comment for 'LeaveBalanceUpdatedEvent.LeaveBalanceUpdatedEvent(Guid, string, MessageType, string, string, IReadOnlyList<string>, Guid, Guid?, DateTimeOffset, bool, LeaveBalanceUpdatedEventPayload)' (but other parameters do) [B:\maliev\Maliev.MessagingContracts\generated\csharp\Maliev.MessagingContracts.csproj]
B:\maliev\Maliev.MessagingContracts\generated\csharp\Contracts\MessagingContracts.cs(2807,31): warning CS1573: Parameter 'OccurredAtUtc' has no matching param tag in the XML comment for 'LeaveBalanceUpdatedEvent.LeaveBalanceUpdatedEvent(Guid, string, MessageType, string, string, IReadOnlyList<string>, Guid, Guid?, DateTimeOffset, bool, LeaveBalanceUpdatedEventPayload)' (but other parameters do) [B:\maliev\Maliev.MessagingContracts\generated\csharp\Maliev.MessagingContracts.csproj]
B:\maliev\Maliev.MessagingContracts\generated\csharp\Contracts\MessagingContracts.cs(2808,14): warning CS1573: Parameter 'IsPublic' has no matching param tag in the XML comment for 'LeaveBalanceUpdatedEvent.LeaveBalanceUpdatedEvent(Guid, string, MessageType, string, string, IReadOnlyList<string>, Guid, Guid?, DateTimeOffset, bool, LeaveBalanceUpdatedEventPayload)' (but other parameters do) [B:\maliev\Maliev.MessagingContracts\generated\csharp\Maliev.MessagingContracts.csproj]
B:\maliev\Maliev.MessagingContracts\generated\csharp\Contracts\MessagingContracts.cs(2839,21): warning CS1573: Parameter 'MessageId' has no matching param tag in the XML comment for 'LeaveBalanceAdjustedEvent.LeaveBalanceAdjustedEvent(Guid, string, MessageType, string, string, IReadOnlyList<string>, Guid, Guid?, DateTimeOffset, bool, LeaveBalanceAdjustedEventPayload)' (but other parameters do) [B:\maliev\Maliev.MessagingContracts\generated\csharp\Maliev.MessagingContracts.csproj]
B:\maliev\Maliev.MessagingContracts\generated\csharp\Contracts\MessagingContracts.cs(2840,16): warning CS1573: Parameter 'MessageName' has no matching param tag in the XML comment for 'LeaveBalanceAdjustedEvent.LeaveBalanceAdjustedEvent(Guid, string, MessageType, string, string, IReadOnlyList<string>, Guid, Guid?, DateTimeOffset, bool, LeaveBalanceAdjustedEventPayload)' (but other parameters do) [B:\maliev\Maliev.MessagingContracts\generated\csharp\Maliev.MessagingContracts.csproj]
B:\maliev\Maliev.MessagingContracts\generated\csharp\Contracts\MessagingContracts.cs(2841,21): warning CS1573: Parameter 'MessageType' has no matching param tag in the XML comment for 'LeaveBalanceAdjustedEvent.LeaveBalanceAdjustedEvent(Guid, string, MessageType, string, string, IReadOnlyList<string>, Guid, Guid?, DateTimeOffset, bool, LeaveBalanceAdjustedEventPayload)' (but other parameters do) [B:\maliev\Maliev.MessagingContracts\generated\csharp\Maliev.MessagingContracts.csproj]
B:\maliev\Maliev.MessagingContracts\generated\csharp\Contracts\MessagingContracts.cs(2842,16): warning CS1573: Parameter 'MessageVersion' has no matching param tag in the XML comment for 'LeaveBalanceAdjustedEvent.LeaveBalanceAdjustedEvent(Guid, string, MessageType, string, string, IReadOnlyList<string>, Guid, Guid?, DateTimeOffset, bool, LeaveBalanceAdjustedEventPayload)' (but other parameters do) [B:\maliev\Maliev.MessagingContracts\generated\csharp\Maliev.MessagingContracts.csproj]
B:\maliev\Maliev.MessagingContracts\generated\csharp\Contracts\MessagingContracts.cs(2843,16): warning CS1573: Parameter 'PublishedBy' has no matching param tag in the XML comment for 'LeaveBalanceAdjustedEvent.LeaveBalanceAdjustedEvent(Guid, string, MessageType, string, string, IReadOnlyList<string>, Guid, Guid?, DateTimeOffset, bool, LeaveBalanceAdjustedEventPayload)' (but other parameters do) [B:\maliev\Maliev.MessagingContracts\generated\csharp\Maliev.MessagingContracts.csproj]
B:\maliev\Maliev.MessagingContracts\generated\csharp\Contracts\MessagingContracts.cs(2844,58): warning CS1573: Parameter 'ConsumedBy' has no matching param tag in the XML comment for 'LeaveBalanceAdjustedEvent.LeaveBalanceAdjustedEvent(Guid, string, MessageType, string, string, IReadOnlyList<string>, Guid, Guid?, DateTimeOffset, bool, LeaveBalanceAdjustedEventPayload)' (but other parameters do) [B:\maliev\Maliev.MessagingContracts\generated\csharp\Maliev.MessagingContracts.csproj]
B:\maliev\Maliev.MessagingContracts\generated\csharp\Contracts\MessagingContracts.cs(2845,21): warning CS1573: Parameter 'CorrelationId' has no matching param tag in the XML comment for 'LeaveBalanceAdjustedEvent.LeaveBalanceAdjustedEvent(Guid, string, MessageType, string, string, IReadOnlyList<string>, Guid, Guid?, DateTimeOffset, bool, LeaveBalanceAdjustedEventPayload)' (but other parameters do) [B:\maliev\Maliev.MessagingContracts\generated\csharp\Maliev.MessagingContracts.csproj]
B:\maliev\Maliev.MessagingContracts\generated\csharp\Contracts\MessagingContracts.cs(2846,22): warning CS1573: Parameter 'CausationId' has no matching param tag in the XML comment for 'LeaveBalanceAdjustedEvent.LeaveBalanceAdjustedEvent(Guid, string, MessageType, string, string, IReadOnlyList<string>, Guid, Guid?, DateTimeOffset, bool, LeaveBalanceAdjustedEventPayload)' (but other parameters do) [B:\maliev\Maliev.MessagingContracts\generated\csharp\Maliev.MessagingContracts.csproj]
B:\maliev\Maliev.MessagingContracts\generated\csharp\Contracts\MessagingContracts.cs(2847,31): warning CS1573: Parameter 'OccurredAtUtc' has no matching param tag in the XML comment for 'LeaveBalanceAdjustedEvent.LeaveBalanceAdjustedEvent(Guid, string, MessageType, string, string, IReadOnlyList<string>, Guid, Guid?, DateTimeOffset, bool, LeaveBalanceAdjustedEventPayload)' (but other parameters do) [B:\maliev\Maliev.MessagingContracts\generated\csharp\Maliev.MessagingContracts.csproj]
B:\maliev\Maliev.MessagingContracts\generated\csharp\Contracts\MessagingContracts.cs(2848,14): warning CS1573: Parameter 'IsPublic' has no matching param tag in the XML comment for 'LeaveBalanceAdjustedEvent.LeaveBalanceAdjustedEvent(Guid, string, MessageType, string, string, IReadOnlyList<string>, Guid, Guid?, DateTimeOffset, bool, LeaveBalanceAdjustedEventPayload)' (but other parameters do) [B:\maliev\Maliev.MessagingContracts\generated\csharp\Maliev.MessagingContracts.csproj]
B:\maliev\Maliev.MessagingContracts\generated\csharp\Contracts\MessagingContracts.cs(2874,21): warning CS1573: Parameter 'MessageId' has no matching param tag in the XML comment for 'LeaveBalanceClosedEvent.LeaveBalanceClosedEvent(Guid, string, MessageType, string, string, IReadOnlyList<string>, Guid, Guid?, DateTimeOffset, bool, LeaveBalanceClosedEventPayload)' (but other parameters do) [B:\maliev\Maliev.MessagingContracts\generated\csharp\Maliev.MessagingContracts.csproj]
B:\maliev\Maliev.MessagingContracts\generated\csharp\Contracts\MessagingContracts.cs(2875,16): warning CS1573: Parameter 'MessageName' has no matching param tag in the XML comment for 'LeaveBalanceClosedEvent.LeaveBalanceClosedEvent(Guid, string, MessageType, string, string, IReadOnlyList<string>, Guid, Guid?, DateTimeOffset, bool, LeaveBalanceClosedEventPayload)' (but other parameters do) [B:\maliev\Maliev.MessagingContracts\generated\csharp\Maliev.MessagingContracts.csproj]
B:\maliev\Maliev.MessagingContracts\generated\csharp\Contracts\MessagingContracts.cs(2876,21): warning CS1573: Parameter 'MessageType' has no matching param tag in the XML comment for 'LeaveBalanceClosedEvent.LeaveBalanceClosedEvent(Guid, string, MessageType, string, string, IReadOnlyList<string>, Guid, Guid?, DateTimeOffset, bool, LeaveBalanceClosedEventPayload)' (but other parameters do) [B:\maliev\Maliev.MessagingContracts\generated\csharp\Maliev.MessagingContracts.csproj]
B:\maliev\Maliev.MessagingContracts\generated\csharp\Contracts\MessagingContracts.cs(2877,16): warning CS1573: Parameter 'MessageVersion' has no matching param tag in the XML comment for 'LeaveBalanceClosedEvent.LeaveBalanceClosedEvent(Guid, string, MessageType, string, string, IReadOnlyList<string>, Guid, Guid?, DateTimeOffset, bool, LeaveBalanceClosedEventPayload)' (but other parameters do) [B:\maliev\Maliev.MessagingContracts\generated\csharp\Maliev.MessagingContracts.csproj]
B:\maliev\Maliev.MessagingContracts\generated\csharp\Contracts\MessagingContracts.cs(2878,16): warning CS1573: Parameter 'PublishedBy' has no matching param tag in the XML comment for 'LeaveBalanceClosedEvent.LeaveBalanceClosedEvent(Guid, string, MessageType, string, string, IReadOnlyList<string>, Guid, Guid?, DateTimeOffset, bool, LeaveBalanceClosedEventPayload)' (but other parameters do) [B:\maliev\Maliev.MessagingContracts\generated\csharp\Maliev.MessagingContracts.csproj]
B:\maliev\Maliev.MessagingContracts\generated\csharp\Contracts\MessagingContracts.cs(2879,58): warning CS1573: Parameter 'ConsumedBy' has no matching param tag in the XML comment for 'LeaveBalanceClosedEvent.LeaveBalanceClosedEvent(Guid, string, MessageType, string, string, IReadOnlyList<string>, Guid, Guid?, DateTimeOffset, bool, LeaveBalanceClosedEventPayload)' (but other parameters do) [B:\maliev\Maliev.MessagingContracts\generated\csharp\Maliev.MessagingContracts.csproj]
B:\maliev\Maliev.MessagingContracts\generated\csharp\Contracts\MessagingContracts.cs(2880,21): warning CS1573: Parameter 'CorrelationId' has no matching param tag in the XML comment for 'LeaveBalanceClosedEvent.LeaveBalanceClosedEvent(Guid, string, MessageType, string, string, IReadOnlyList<string>, Guid, Guid?, DateTimeOffset, bool, LeaveBalanceClosedEventPayload)' (but other parameters do) [B:\maliev\Maliev.MessagingContracts\generated\csharp\Maliev.MessagingContracts.csproj]
B:\maliev\Maliev.MessagingContracts\generated\csharp\Contracts\MessagingContracts.cs(2881,22): warning CS1573: Parameter 'CausationId' has no matching param tag in the XML comment for 'LeaveBalanceClosedEvent.LeaveBalanceClosedEvent(Guid, string, MessageType, string, string, IReadOnlyList<string>, Guid, Guid?, DateTimeOffset, bool, LeaveBalanceClosedEventPayload)' (but other parameters do) [B:\maliev\Maliev.MessagingContracts\generated\csharp\Maliev.MessagingContracts.csproj]
B:\maliev\Maliev.MessagingContracts\generated\csharp\Contracts\MessagingContracts.cs(2882,31): warning CS1573: Parameter 'OccurredAtUtc' has no matching param tag in the XML comment for 'LeaveBalanceClosedEvent.LeaveBalanceClosedEvent(Guid, string, MessageType, string, string, IReadOnlyList<string>, Guid, Guid?, DateTimeOffset, bool, LeaveBalanceClosedEventPayload)' (but other parameters do) [B:\maliev\Maliev.MessagingContracts\generated\csharp\Maliev.MessagingContracts.csproj]
B:\maliev\Maliev.MessagingContracts\generated\csharp\Contracts\MessagingContracts.cs(2883,14): warning CS1573: Parameter 'IsPublic' has no matching param tag in the XML comment for 'LeaveBalanceClosedEvent.LeaveBalanceClosedEvent(Guid, string, MessageType, string, string, IReadOnlyList<string>, Guid, Guid?, DateTimeOffset, bool, LeaveBalanceClosedEventPayload)' (but other parameters do) [B:\maliev\Maliev.MessagingContracts\generated\csharp\Maliev.MessagingContracts.csproj]
B:\maliev\Maliev.MessagingContracts\generated\csharp\Contracts\MessagingContracts.cs(2911,21): warning CS1573: Parameter 'MessageId' has no matching param tag in the XML comment for 'OnboardingStartedEvent.OnboardingStartedEvent(Guid, string, MessageType, string, string, IReadOnlyList<string>, Guid, Guid?, DateTimeOffset, bool, OnboardingStartedEventPayload)' (but other parameters do) [B:\maliev\Maliev.MessagingContracts\generated\csharp\Maliev.MessagingContracts.csproj]
B:\maliev\Maliev.MessagingContracts\generated\csharp\Contracts\MessagingContracts.cs(2912,16): warning CS1573: Parameter 'MessageName' has no matching param tag in the XML comment for 'OnboardingStartedEvent.OnboardingStartedEvent(Guid, string, MessageType, string, string, IReadOnlyList<string>, Guid, Guid?, DateTimeOffset, bool, OnboardingStartedEventPayload)' (but other parameters do) [B:\maliev\Maliev.MessagingContracts\generated\csharp\Maliev.MessagingContracts.csproj]
B:\maliev\Maliev.MessagingContracts\generated\csharp\Contracts\MessagingContracts.cs(2913,21): warning CS1573: Parameter 'MessageType' has no matching param tag in the XML comment for 'OnboardingStartedEvent.OnboardingStartedEvent(Guid, string, MessageType, string, string, IReadOnlyList<string>, Guid, Guid?, DateTimeOffset, bool, OnboardingStartedEventPayload)' (but other parameters do) [B:\maliev\Maliev.MessagingContracts\generated\csharp\Maliev.MessagingContracts.csproj]
B:\maliev\Maliev.MessagingContracts\generated\csharp\Contracts\MessagingContracts.cs(2914,16): warning CS1573: Parameter 'MessageVersion' has no matching param tag in the XML comment for 'OnboardingStartedEvent.OnboardingStartedEvent(Guid, string, MessageType, string, string, IReadOnlyList<string>, Guid, Guid?, DateTimeOffset, bool, OnboardingStartedEventPayload)' (but other parameters do) [B:\maliev\Maliev.MessagingContracts\generated\csharp\Maliev.MessagingContracts.csproj]
B:\maliev\Maliev.MessagingContracts\generated\csharp\Contracts\MessagingContracts.cs(2915,16): warning CS1573: Parameter 'PublishedBy' has no matching param tag in the XML comment for 'OnboardingStartedEvent.OnboardingStartedEvent(Guid, string, MessageType, string, string, IReadOnlyList<string>, Guid, Guid?, DateTimeOffset, bool, OnboardingStartedEventPayload)' (but other parameters do) [B:\maliev\Maliev.MessagingContracts\generated\csharp\Maliev.MessagingContracts.csproj]
B:\maliev\Maliev.MessagingContracts\generated\csharp\Contracts\MessagingContracts.cs(2916,58): warning CS1573: Parameter 'ConsumedBy' has no matching param tag in the XML comment for 'OnboardingStartedEvent.OnboardingStartedEvent(Guid, string, MessageType, string, string, IReadOnlyList<string>, Guid, Guid?, DateTimeOffset, bool, OnboardingStartedEventPayload)' (but other parameters do) [B:\maliev\Maliev.MessagingContracts\generated\csharp\Maliev.MessagingContracts.csproj]
B:\maliev\Maliev.MessagingContracts\generated\csharp\Contracts\MessagingContracts.cs(2917,21): warning CS1573: Parameter 'CorrelationId' has no matching param tag in the XML comment for 'OnboardingStartedEvent.OnboardingStartedEvent(Guid, string, MessageType, string, string, IReadOnlyList<string>, Guid, Guid?, DateTimeOffset, bool, OnboardingStartedEventPayload)' (but other parameters do) [B:\maliev\Maliev.MessagingContracts\generated\csharp\Maliev.MessagingContracts.csproj]
B:\maliev\Maliev.MessagingContracts\generated\csharp\Contracts\MessagingContracts.cs(2918,22): warning CS1573: Parameter 'CausationId' has no matching param tag in the XML comment for 'OnboardingStartedEvent.OnboardingStartedEvent(Guid, string, MessageType, string, string, IReadOnlyList<string>, Guid, Guid?, DateTimeOffset, bool, OnboardingStartedEventPayload)' (but other parameters do) [B:\maliev\Maliev.MessagingContracts\generated\csharp\Maliev.MessagingContracts.csproj]
B:\maliev\Maliev.MessagingContracts\generated\csharp\Contracts\MessagingContracts.cs(2919,31): warning CS1573: Parameter 'OccurredAtUtc' has no matching param tag in the XML comment for 'OnboardingStartedEvent.OnboardingStartedEvent(Guid, string, MessageType, string, string, IReadOnlyList<string>, Guid, Guid?, DateTimeOffset, bool, OnboardingStartedEventPayload)' (but other parameters do) [B:\maliev\Maliev.MessagingContracts\generated\csharp\Maliev.MessagingContracts.csproj]
B:\maliev\Maliev.MessagingContracts\generated\csharp\Contracts\MessagingContracts.cs(2920,14): warning CS1573: Parameter 'IsPublic' has no matching param tag in the XML comment for 'OnboardingStartedEvent.OnboardingStartedEvent(Guid, string, MessageType, string, string, IReadOnlyList<string>, Guid, Guid?, DateTimeOffset, bool, OnboardingStartedEventPayload)' (but other parameters do) [B:\maliev\Maliev.MessagingContracts\generated\csharp\Maliev.MessagingContracts.csproj]
B:\maliev\Maliev.MessagingContracts\generated\csharp\Contracts\MessagingContracts.cs(2947,21): warning CS1573: Parameter 'MessageId' has no matching param tag in the XML comment for 'OnboardingCompletedEvent.OnboardingCompletedEvent(Guid, string, MessageType, string, string, IReadOnlyList<string>, Guid, Guid?, DateTimeOffset, bool, OnboardingCompletedEventPayload)' (but other parameters do) [B:\maliev\Maliev.MessagingContracts\generated\csharp\Maliev.MessagingContracts.csproj]
B:\maliev\Maliev.MessagingContracts\generated\csharp\Contracts\MessagingContracts.cs(2948,16): warning CS1573: Parameter 'MessageName' has no matching param tag in the XML comment for 'OnboardingCompletedEvent.OnboardingCompletedEvent(Guid, string, MessageType, string, string, IReadOnlyList<string>, Guid, Guid?, DateTimeOffset, bool, OnboardingCompletedEventPayload)' (but other parameters do) [B:\maliev\Maliev.MessagingContracts\generated\csharp\Maliev.MessagingContracts.csproj]
B:\maliev\Maliev.MessagingContracts\generated\csharp\Contracts\MessagingContracts.cs(2949,21): warning CS1573: Parameter 'MessageType' has no matching param tag in the XML comment for 'OnboardingCompletedEvent.OnboardingCompletedEvent(Guid, string, MessageType, string, string, IReadOnlyList<string>, Guid, Guid?, DateTimeOffset, bool, OnboardingCompletedEventPayload)' (but other parameters do) [B:\maliev\Maliev.MessagingContracts\generated\csharp\Maliev.MessagingContracts.csproj]
B:\maliev\Maliev.MessagingContracts\generated\csharp\Contracts\MessagingContracts.cs(2950,16): warning CS1573: Parameter 'MessageVersion' has no matching param tag in the XML comment for 'OnboardingCompletedEvent.OnboardingCompletedEvent(Guid, string, MessageType, string, string, IReadOnlyList<string>, Guid, Guid?, DateTimeOffset, bool, OnboardingCompletedEventPayload)' (but other parameters do) [B:\maliev\Maliev.MessagingContracts\generated\csharp\Maliev.MessagingContracts.csproj]
B:\maliev\Maliev.MessagingContracts\generated\csharp\Contracts\MessagingContracts.cs(2951,16): warning CS1573: Parameter 'PublishedBy' has no matching param tag in the XML comment for 'OnboardingCompletedEvent.OnboardingCompletedEvent(Guid, string, MessageType, string, string, IReadOnlyList<string>, Guid, Guid?, DateTimeOffset, bool, OnboardingCompletedEventPayload)' (but other parameters do) [B:\maliev\Maliev.MessagingContracts\generated\csharp\Maliev.MessagingContracts.csproj]
B:\maliev\Maliev.MessagingContracts\generated\csharp\Contracts\MessagingContracts.cs(2952,58): warning CS1573: Parameter 'ConsumedBy' has no matching param tag in the XML comment for 'OnboardingCompletedEvent.OnboardingCompletedEvent(Guid, string, MessageType, string, string, IReadOnlyList<string>, Guid, Guid?, DateTimeOffset, bool, OnboardingCompletedEventPayload)' (but other parameters do) [B:\maliev\Maliev.MessagingContracts\generated\csharp\Maliev.MessagingContracts.csproj]
B:\maliev\Maliev.MessagingContracts\generated\csharp\Contracts\MessagingContracts.cs(2953,21): warning CS1573: Parameter 'CorrelationId' has no matching param tag in the XML comment for 'OnboardingCompletedEvent.OnboardingCompletedEvent(Guid, string, MessageType, string, string, IReadOnlyList<string>, Guid, Guid?, DateTimeOffset, bool, OnboardingCompletedEventPayload)' (but other parameters do) [B:\maliev\Maliev.MessagingContracts\generated\csharp\Maliev.MessagingContracts.csproj]
B:\maliev\Maliev.MessagingContracts\generated\csharp\Contracts\MessagingContracts.cs(2954,22): warning CS1573: Parameter 'CausationId' has no matching param tag in the XML comment for 'OnboardingCompletedEvent.OnboardingCompletedEvent(Guid, string, MessageType, string, string, IReadOnlyList<string>, Guid, Guid?, DateTimeOffset, bool, OnboardingCompletedEventPayload)' (but other parameters do) [B:\maliev\Maliev.MessagingContracts\generated\csharp\Maliev.MessagingContracts.csproj]
B:\maliev\Maliev.MessagingContracts\generated\csharp\Contracts\MessagingContracts.cs(2955,31): warning CS1573: Parameter 'OccurredAtUtc' has no matching param tag in the XML comment for 'OnboardingCompletedEvent.OnboardingCompletedEvent(Guid, string, MessageType, string, string, IReadOnlyList<string>, Guid, Guid?, DateTimeOffset, bool, OnboardingCompletedEventPayload)' (but other parameters do) [B:\maliev\Maliev.MessagingContracts\generated\csharp\Maliev.MessagingContracts.csproj]
B:\maliev\Maliev.MessagingContracts\generated\csharp\Contracts\MessagingContracts.cs(2956,14): warning CS1573: Parameter 'IsPublic' has no matching param tag in the XML comment for 'OnboardingCompletedEvent.OnboardingCompletedEvent(Guid, string, MessageType, string, string, IReadOnlyList<string>, Guid, Guid?, DateTimeOffset, bool, OnboardingCompletedEventPayload)' (but other parameters do) [B:\maliev\Maliev.MessagingContracts\generated\csharp\Maliev.MessagingContracts.csproj]
B:\maliev\Maliev.MessagingContracts\generated\csharp\Contracts\MessagingContracts.cs(2984,21): warning CS1573: Parameter 'MessageId' has no matching param tag in the XML comment for 'OffboardingStartedEvent.OffboardingStartedEvent(Guid, string, MessageType, string, string, IReadOnlyList<string>, Guid, Guid?, DateTimeOffset, bool, OffboardingStartedEventPayload)' (but other parameters do) [B:\maliev\Maliev.MessagingContracts\generated\csharp\Maliev.MessagingContracts.csproj]
B:\maliev\Maliev.MessagingContracts\generated\csharp\Contracts\MessagingContracts.cs(2985,16): warning CS1573: Parameter 'MessageName' has no matching param tag in the XML comment for 'OffboardingStartedEvent.OffboardingStartedEvent(Guid, string, MessageType, string, string, IReadOnlyList<string>, Guid, Guid?, DateTimeOffset, bool, OffboardingStartedEventPayload)' (but other parameters do) [B:\maliev\Maliev.MessagingContracts\generated\csharp\Maliev.MessagingContracts.csproj]
B:\maliev\Maliev.MessagingContracts\generated\csharp\Contracts\MessagingContracts.cs(2986,21): warning CS1573: Parameter 'MessageType' has no matching param tag in the XML comment for 'OffboardingStartedEvent.OffboardingStartedEvent(Guid, string, MessageType, string, string, IReadOnlyList<string>, Guid, Guid?, DateTimeOffset, bool, OffboardingStartedEventPayload)' (but other parameters do) [B:\maliev\Maliev.MessagingContracts\generated\csharp\Maliev.MessagingContracts.csproj]
B:\maliev\Maliev.MessagingContracts\generated\csharp\Contracts\MessagingContracts.cs(2987,16): warning CS1573: Parameter 'MessageVersion' has no matching param tag in the XML comment for 'OffboardingStartedEvent.OffboardingStartedEvent(Guid, string, MessageType, string, string, IReadOnlyList<string>, Guid, Guid?, DateTimeOffset, bool, OffboardingStartedEventPayload)' (but other parameters do) [B:\maliev\Maliev.MessagingContracts\generated\csharp\Maliev.MessagingContracts.csproj]
B:\maliev\Maliev.MessagingContracts\generated\csharp\Contracts\MessagingContracts.cs(2988,16): warning CS1573: Parameter 'PublishedBy' has no matching param tag in the XML comment for 'OffboardingStartedEvent.OffboardingStartedEvent(Guid, string, MessageType, string, string, IReadOnlyList<string>, Guid, Guid?, DateTimeOffset, bool, OffboardingStartedEventPayload)' (but other parameters do) [B:\maliev\Maliev.MessagingContracts\generated\csharp\Maliev.MessagingContracts.csproj]
B:\maliev\Maliev.MessagingContracts\generated\csharp\Contracts\MessagingContracts.cs(2989,58): warning CS1573: Parameter 'ConsumedBy' has no matching param tag in the XML comment for 'OffboardingStartedEvent.OffboardingStartedEvent(Guid, string, MessageType, string, string, IReadOnlyList<string>, Guid, Guid?, DateTimeOffset, bool, OffboardingStartedEventPayload)' (but other parameters do) [B:\maliev\Maliev.MessagingContracts\generated\csharp\Maliev.MessagingContracts.csproj]
B:\maliev\Maliev.MessagingContracts\generated\csharp\Contracts\MessagingContracts.cs(2990,21): warning CS1573: Parameter 'CorrelationId' has no matching param tag in the XML comment for 'OffboardingStartedEvent.OffboardingStartedEvent(Guid, string, MessageType, string, string, IReadOnlyList<string>, Guid, Guid?, DateTimeOffset, bool, OffboardingStartedEventPayload)' (but other parameters do) [B:\maliev\Maliev.MessagingContracts\generated\csharp\Maliev.MessagingContracts.csproj]
B:\maliev\Maliev.MessagingContracts\generated\csharp\Contracts\MessagingContracts.cs(2991,22): warning CS1573: Parameter 'CausationId' has no matching param tag in the XML comment for 'OffboardingStartedEvent.OffboardingStartedEvent(Guid, string, MessageType, string, string, IReadOnlyList<string>, Guid, Guid?, DateTimeOffset, bool, OffboardingStartedEventPayload)' (but other parameters do) [B:\maliev\Maliev.MessagingContracts\generated\csharp\Maliev.MessagingContracts.csproj]
B:\maliev\Maliev.MessagingContracts\generated\csharp\Contracts\MessagingContracts.cs(2992,31): warning CS1573: Parameter 'OccurredAtUtc' has no matching param tag in the XML comment for 'OffboardingStartedEvent.OffboardingStartedEvent(Guid, string, MessageType, string, string, IReadOnlyList<string>, Guid, Guid?, DateTimeOffset, bool, OffboardingStartedEventPayload)' (but other parameters do) [B:\maliev\Maliev.MessagingContracts\generated\csharp\Maliev.MessagingContracts.csproj]
B:\maliev\Maliev.MessagingContracts\generated\csharp\Contracts\MessagingContracts.cs(2993,14): warning CS1573: Parameter 'IsPublic' has no matching param tag in the XML comment for 'OffboardingStartedEvent.OffboardingStartedEvent(Guid, string, MessageType, string, string, IReadOnlyList<string>, Guid, Guid?, DateTimeOffset, bool, OffboardingStartedEventPayload)' (but other parameters do) [B:\maliev\Maliev.MessagingContracts\generated\csharp\Maliev.MessagingContracts.csproj]
B:\maliev\Maliev.MessagingContracts\generated\csharp\Contracts\MessagingContracts.cs(3020,21): warning CS1573: Parameter 'MessageId' has no matching param tag in the XML comment for 'OffboardingCompletedEvent.OffboardingCompletedEvent(Guid, string, MessageType, string, string, IReadOnlyList<string>, Guid, Guid?, DateTimeOffset, bool, OffboardingCompletedEventPayload)' (but other parameters do) [B:\maliev\Maliev.MessagingContracts\generated\csharp\Maliev.MessagingContracts.csproj]
B:\maliev\Maliev.MessagingContracts\generated\csharp\Contracts\MessagingContracts.cs(3021,16): warning CS1573: Parameter 'MessageName' has no matching param tag in the XML comment for 'OffboardingCompletedEvent.OffboardingCompletedEvent(Guid, string, MessageType, string, string, IReadOnlyList<string>, Guid, Guid?, DateTimeOffset, bool, OffboardingCompletedEventPayload)' (but other parameters do) [B:\maliev\Maliev.MessagingContracts\generated\csharp\Maliev.MessagingContracts.csproj]
B:\maliev\Maliev.MessagingContracts\generated\csharp\Contracts\MessagingContracts.cs(3022,21): warning CS1573: Parameter 'MessageType' has no matching param tag in the XML comment for 'OffboardingCompletedEvent.OffboardingCompletedEvent(Guid, string, MessageType, string, string, IReadOnlyList<string>, Guid, Guid?, DateTimeOffset, bool, OffboardingCompletedEventPayload)' (but other parameters do) [B:\maliev\Maliev.MessagingContracts\generated\csharp\Maliev.MessagingContracts.csproj]
B:\maliev\Maliev.MessagingContracts\generated\csharp\Contracts\MessagingContracts.cs(3023,16): warning CS1573: Parameter 'MessageVersion' has no matching param tag in the XML comment for 'OffboardingCompletedEvent.OffboardingCompletedEvent(Guid, string, MessageType, string, string, IReadOnlyList<string>, Guid, Guid?, DateTimeOffset, bool, OffboardingCompletedEventPayload)' (but other parameters do) [B:\maliev\Maliev.MessagingContracts\generated\csharp\Maliev.MessagingContracts.csproj]
B:\maliev\Maliev.MessagingContracts\generated\csharp\Contracts\MessagingContracts.cs(3024,16): warning CS1573: Parameter 'PublishedBy' has no matching param tag in the XML comment for 'OffboardingCompletedEvent.OffboardingCompletedEvent(Guid, string, MessageType, string, string, IReadOnlyList<string>, Guid, Guid?, DateTimeOffset, bool, OffboardingCompletedEventPayload)' (but other parameters do) [B:\maliev\Maliev.MessagingContracts\generated\csharp\Maliev.MessagingContracts.csproj]
B:\maliev\Maliev.MessagingContracts\generated\csharp\Contracts\MessagingContracts.cs(3025,58): warning CS1573: Parameter 'ConsumedBy' has no matching param tag in the XML comment for 'OffboardingCompletedEvent.OffboardingCompletedEvent(Guid, string, MessageType, string, string, IReadOnlyList<string>, Guid, Guid?, DateTimeOffset, bool, OffboardingCompletedEventPayload)' (but other parameters do) [B:\maliev\Maliev.MessagingContracts\generated\csharp\Maliev.MessagingContracts.csproj]
B:\maliev\Maliev.MessagingContracts\generated\csharp\Contracts\MessagingContracts.cs(3026,21): warning CS1573: Parameter 'CorrelationId' has no matching param tag in the XML comment for 'OffboardingCompletedEvent.OffboardingCompletedEvent(Guid, string, MessageType, string, string, IReadOnlyList<string>, Guid, Guid?, DateTimeOffset, bool, OffboardingCompletedEventPayload)' (but other parameters do) [B:\maliev\Maliev.MessagingContracts\generated\csharp\Maliev.MessagingContracts.csproj]
B:\maliev\Maliev.MessagingContracts\generated\csharp\Contracts\MessagingContracts.cs(3027,22): warning CS1573: Parameter 'CausationId' has no matching param tag in the XML comment for 'OffboardingCompletedEvent.OffboardingCompletedEvent(Guid, string, MessageType, string, string, IReadOnlyList<string>, Guid, Guid?, DateTimeOffset, bool, OffboardingCompletedEventPayload)' (but other parameters do) [B:\maliev\Maliev.MessagingContracts\generated\csharp\Maliev.MessagingContracts.csproj]
B:\maliev\Maliev.MessagingContracts\generated\csharp\Contracts\MessagingContracts.cs(3028,31): warning CS1573: Parameter 'OccurredAtUtc' has no matching param tag in the XML comment for 'OffboardingCompletedEvent.OffboardingCompletedEvent(Guid, string, MessageType, string, string, IReadOnlyList<string>, Guid, Guid?, DateTimeOffset, bool, OffboardingCompletedEventPayload)' (but other parameters do) [B:\maliev\Maliev.MessagingContracts\generated\csharp\Maliev.MessagingContracts.csproj]
B:\maliev\Maliev.MessagingContracts\generated\csharp\Contracts\MessagingContracts.cs(3029,14): warning CS1573: Parameter 'IsPublic' has no matching param tag in the XML comment for 'OffboardingCompletedEvent.OffboardingCompletedEvent(Guid, string, MessageType, string, string, IReadOnlyList<string>, Guid, Guid?, DateTimeOffset, bool, OffboardingCompletedEventPayload)' (but other parameters do) [B:\maliev\Maliev.MessagingContracts\generated\csharp\Maliev.MessagingContracts.csproj]
B:\maliev\Maliev.MessagingContracts\generated\csharp\Contracts\MessagingContracts.cs(3057,21): warning CS1573: Parameter 'MessageId' has no matching param tag in the XML comment for 'LifecycleTaskCreatedEvent.LifecycleTaskCreatedEvent(Guid, string, MessageType, string, string, IReadOnlyList<string>, Guid, Guid?, DateTimeOffset, bool, LifecycleTaskCreatedEventPayload)' (but other parameters do) [B:\maliev\Maliev.MessagingContracts\generated\csharp\Maliev.MessagingContracts.csproj]
B:\maliev\Maliev.MessagingContracts\generated\csharp\Contracts\MessagingContracts.cs(3058,16): warning CS1573: Parameter 'MessageName' has no matching param tag in the XML comment for 'LifecycleTaskCreatedEvent.LifecycleTaskCreatedEvent(Guid, string, MessageType, string, string, IReadOnlyList<string>, Guid, Guid?, DateTimeOffset, bool, LifecycleTaskCreatedEventPayload)' (but other parameters do) [B:\maliev\Maliev.MessagingContracts\generated\csharp\Maliev.MessagingContracts.csproj]
B:\maliev\Maliev.MessagingContracts\generated\csharp\Contracts\MessagingContracts.cs(3059,21): warning CS1573: Parameter 'MessageType' has no matching param tag in the XML comment for 'LifecycleTaskCreatedEvent.LifecycleTaskCreatedEvent(Guid, string, MessageType, string, string, IReadOnlyList<string>, Guid, Guid?, DateTimeOffset, bool, LifecycleTaskCreatedEventPayload)' (but other parameters do) [B:\maliev\Maliev.MessagingContracts\generated\csharp\Maliev.MessagingContracts.csproj]
B:\maliev\Maliev.MessagingContracts\generated\csharp\Contracts\MessagingContracts.cs(3060,16): warning CS1573: Parameter 'MessageVersion' has no matching param tag in the XML comment for 'LifecycleTaskCreatedEvent.LifecycleTaskCreatedEvent(Guid, string, MessageType, string, string, IReadOnlyList<string>, Guid, Guid?, DateTimeOffset, bool, LifecycleTaskCreatedEventPayload)' (but other parameters do) [B:\maliev\Maliev.MessagingContracts\generated\csharp\Maliev.MessagingContracts.csproj]
B:\maliev\Maliev.MessagingContracts\generated\csharp\Contracts\MessagingContracts.cs(3061,16): warning CS1573: Parameter 'PublishedBy' has no matching param tag in the XML comment for 'LifecycleTaskCreatedEvent.LifecycleTaskCreatedEvent(Guid, string, MessageType, string, string, IReadOnlyList<string>, Guid, Guid?, DateTimeOffset, bool, LifecycleTaskCreatedEventPayload)' (but other parameters do) [B:\maliev\Maliev.MessagingContracts\generated\csharp\Maliev.MessagingContracts.csproj]
B:\maliev\Maliev.MessagingContracts\generated\csharp\Contracts\MessagingContracts.cs(3062,58): warning CS1573: Parameter 'ConsumedBy' has no matching param tag in the XML comment for 'LifecycleTaskCreatedEvent.LifecycleTaskCreatedEvent(Guid, string, MessageType, string, string, IReadOnlyList<string>, Guid, Guid?, DateTimeOffset, bool, LifecycleTaskCreatedEventPayload)' (but other parameters do) [B:\maliev\Maliev.MessagingContracts\generated\csharp\Maliev.MessagingContracts.csproj]
B:\maliev\Maliev.MessagingContracts\generated\csharp\Contracts\MessagingContracts.cs(3063,21): warning CS1573: Parameter 'CorrelationId' has no matching param tag in the XML comment for 'LifecycleTaskCreatedEvent.LifecycleTaskCreatedEvent(Guid, string, MessageType, string, string, IReadOnlyList<string>, Guid, Guid?, DateTimeOffset, bool, LifecycleTaskCreatedEventPayload)' (but other parameters do) [B:\maliev\Maliev.MessagingContracts\generated\csharp\Maliev.MessagingContracts.csproj]
B:\maliev\Maliev.MessagingContracts\generated\csharp\Contracts\MessagingContracts.cs(3064,22): warning CS1573: Parameter 'CausationId' has no matching param tag in the XML comment for 'LifecycleTaskCreatedEvent.LifecycleTaskCreatedEvent(Guid, string, MessageType, string, string, IReadOnlyList<string>, Guid, Guid?, DateTimeOffset, bool, LifecycleTaskCreatedEventPayload)' (but other parameters do) [B:\maliev\Maliev.MessagingContracts\generated\csharp\Maliev.MessagingContracts.csproj]
B:\maliev\Maliev.MessagingContracts\generated\csharp\Contracts\MessagingContracts.cs(3065,31): warning CS1573: Parameter 'OccurredAtUtc' has no matching param tag in the XML comment for 'LifecycleTaskCreatedEvent.LifecycleTaskCreatedEvent(Guid, string, MessageType, string, string, IReadOnlyList<string>, Guid, Guid?, DateTimeOffset, bool, LifecycleTaskCreatedEventPayload)' (but other parameters do) [B:\maliev\Maliev.MessagingContracts\generated\csharp\Maliev.MessagingContracts.csproj]
B:\maliev\Maliev.MessagingContracts\generated\csharp\Contracts\MessagingContracts.cs(3066,14): warning CS1573: Parameter 'IsPublic' has no matching param tag in the XML comment for 'LifecycleTaskCreatedEvent.LifecycleTaskCreatedEvent(Guid, string, MessageType, string, string, IReadOnlyList<string>, Guid, Guid?, DateTimeOffset, bool, LifecycleTaskCreatedEventPayload)' (but other parameters do) [B:\maliev\Maliev.MessagingContracts\generated\csharp\Maliev.MessagingContracts.csproj]
B:\maliev\Maliev.MessagingContracts\generated\csharp\Contracts\MessagingContracts.cs(3093,21): warning CS1573: Parameter 'MessageId' has no matching param tag in the XML comment for 'LifecycleTaskCompletedEvent.LifecycleTaskCompletedEvent(Guid, string, MessageType, string, string, IReadOnlyList<string>, Guid, Guid?, DateTimeOffset, bool, LifecycleTaskCompletedEventPayload)' (but other parameters do) [B:\maliev\Maliev.MessagingContracts\generated\csharp\Maliev.MessagingContracts.csproj]
B:\maliev\Maliev.MessagingContracts\generated\csharp\Contracts\MessagingContracts.cs(3094,16): warning CS1573: Parameter 'MessageName' has no matching param tag in the XML comment for 'LifecycleTaskCompletedEvent.LifecycleTaskCompletedEvent(Guid, string, MessageType, string, string, IReadOnlyList<string>, Guid, Guid?, DateTimeOffset, bool, LifecycleTaskCompletedEventPayload)' (but other parameters do) [B:\maliev\Maliev.MessagingContracts\generated\csharp\Maliev.MessagingContracts.csproj]
B:\maliev\Maliev.MessagingContracts\generated\csharp\Contracts\MessagingContracts.cs(3095,21): warning CS1573: Parameter 'MessageType' has no matching param tag in the XML comment for 'LifecycleTaskCompletedEvent.LifecycleTaskCompletedEvent(Guid, string, MessageType, string, string, IReadOnlyList<string>, Guid, Guid?, DateTimeOffset, bool, LifecycleTaskCompletedEventPayload)' (but other parameters do) [B:\maliev\Maliev.MessagingContracts\generated\csharp\Maliev.MessagingContracts.csproj]
B:\maliev\Maliev.MessagingContracts\generated\csharp\Contracts\MessagingContracts.cs(3096,16): warning CS1573: Parameter 'MessageVersion' has no matching param tag in the XML comment for 'LifecycleTaskCompletedEvent.LifecycleTaskCompletedEvent(Guid, string, MessageType, string, string, IReadOnlyList<string>, Guid, Guid?, DateTimeOffset, bool, LifecycleTaskCompletedEventPayload)' (but other parameters do) [B:\maliev\Maliev.MessagingContracts\generated\csharp\Maliev.MessagingContracts.csproj]
B:\maliev\Maliev.MessagingContracts\generated\csharp\Contracts\MessagingContracts.cs(3097,16): warning CS1573: Parameter 'PublishedBy' has no matching param tag in the XML comment for 'LifecycleTaskCompletedEvent.LifecycleTaskCompletedEvent(Guid, string, MessageType, string, string, IReadOnlyList<string>, Guid, Guid?, DateTimeOffset, bool, LifecycleTaskCompletedEventPayload)' (but other parameters do) [B:\maliev\Maliev.MessagingContracts\generated\csharp\Maliev.MessagingContracts.csproj]
B:\maliev\Maliev.MessagingContracts\generated\csharp\Contracts\MessagingContracts.cs(3098,58): warning CS1573: Parameter 'ConsumedBy' has no matching param tag in the XML comment for 'LifecycleTaskCompletedEvent.LifecycleTaskCompletedEvent(Guid, string, MessageType, string, string, IReadOnlyList<string>, Guid, Guid?, DateTimeOffset, bool, LifecycleTaskCompletedEventPayload)' (but other parameters do) [B:\maliev\Maliev.MessagingContracts\generated\csharp\Maliev.MessagingContracts.csproj]
B:\maliev\Maliev.MessagingContracts\generated\csharp\Contracts\MessagingContracts.cs(3099,21): warning CS1573: Parameter 'CorrelationId' has no matching param tag in the XML comment for 'LifecycleTaskCompletedEvent.LifecycleTaskCompletedEvent(Guid, string, MessageType, string, string, IReadOnlyList<string>, Guid, Guid?, DateTimeOffset, bool, LifecycleTaskCompletedEventPayload)' (but other parameters do) [B:\maliev\Maliev.MessagingContracts\generated\csharp\Maliev.MessagingContracts.csproj]
B:\maliev\Maliev.MessagingContracts\generated\csharp\Contracts\MessagingContracts.cs(3100,22): warning CS1573: Parameter 'CausationId' has no matching param tag in the XML comment for 'LifecycleTaskCompletedEvent.LifecycleTaskCompletedEvent(Guid, string, MessageType, string, string, IReadOnlyList<string>, Guid, Guid?, DateTimeOffset, bool, LifecycleTaskCompletedEventPayload)' (but other parameters do) [B:\maliev\Maliev.MessagingContracts\generated\csharp\Maliev.MessagingContracts.csproj]
B:\maliev\Maliev.MessagingContracts\generated\csharp\Contracts\MessagingContracts.cs(3101,31): warning CS1573: Parameter 'OccurredAtUtc' has no matching param tag in the XML comment for 'LifecycleTaskCompletedEvent.LifecycleTaskCompletedEvent(Guid, string, MessageType, string, string, IReadOnlyList<string>, Guid, Guid?, DateTimeOffset, bool, LifecycleTaskCompletedEventPayload)' (but other parameters do) [B:\maliev\Maliev.MessagingContracts\generated\csharp\Maliev.MessagingContracts.csproj]
B:\maliev\Maliev.MessagingContracts\generated\csharp\Contracts\MessagingContracts.cs(3102,14): warning CS1573: Parameter 'IsPublic' has no matching param tag in the XML comment for 'LifecycleTaskCompletedEvent.LifecycleTaskCompletedEvent(Guid, string, MessageType, string, string, IReadOnlyList<string>, Guid, Guid?, DateTimeOffset, bool, LifecycleTaskCompletedEventPayload)' (but other parameters do) [B:\maliev\Maliev.MessagingContracts\generated\csharp\Maliev.MessagingContracts.csproj]
B:\maliev\Maliev.MessagingContracts\generated\csharp\Contracts\MessagingContracts.cs(3129,21): warning CS1573: Parameter 'MessageId' has no matching param tag in the XML comment for 'AccessRevocationRequiredEvent.AccessRevocationRequiredEvent(Guid, string, MessageType, string, string, IReadOnlyList<string>, Guid, Guid?, DateTimeOffset, bool, AccessRevocationRequiredEventPayload)' (but other parameters do) [B:\maliev\Maliev.MessagingContracts\generated\csharp\Maliev.MessagingContracts.csproj]
B:\maliev\Maliev.MessagingContracts\generated\csharp\Contracts\MessagingContracts.cs(3130,16): warning CS1573: Parameter 'MessageName' has no matching param tag in the XML comment for 'AccessRevocationRequiredEvent.AccessRevocationRequiredEvent(Guid, string, MessageType, string, string, IReadOnlyList<string>, Guid, Guid?, DateTimeOffset, bool, AccessRevocationRequiredEventPayload)' (but other parameters do) [B:\maliev\Maliev.MessagingContracts\generated\csharp\Maliev.MessagingContracts.csproj]
B:\maliev\Maliev.MessagingContracts\generated\csharp\Contracts\MessagingContracts.cs(3131,21): warning CS1573: Parameter 'MessageType' has no matching param tag in the XML comment for 'AccessRevocationRequiredEvent.AccessRevocationRequiredEvent(Guid, string, MessageType, string, string, IReadOnlyList<string>, Guid, Guid?, DateTimeOffset, bool, AccessRevocationRequiredEventPayload)' (but other parameters do) [B:\maliev\Maliev.MessagingContracts\generated\csharp\Maliev.MessagingContracts.csproj]
B:\maliev\Maliev.MessagingContracts\generated\csharp\Contracts\MessagingContracts.cs(3132,16): warning CS1573: Parameter 'MessageVersion' has no matching param tag in the XML comment for 'AccessRevocationRequiredEvent.AccessRevocationRequiredEvent(Guid, string, MessageType, string, string, IReadOnlyList<string>, Guid, Guid?, DateTimeOffset, bool, AccessRevocationRequiredEventPayload)' (but other parameters do) [B:\maliev\Maliev.MessagingContracts\generated\csharp\Maliev.MessagingContracts.csproj]
B:\maliev\Maliev.MessagingContracts\generated\csharp\Contracts\MessagingContracts.cs(3133,16): warning CS1573: Parameter 'PublishedBy' has no matching param tag in the XML comment for 'AccessRevocationRequiredEvent.AccessRevocationRequiredEvent(Guid, string, MessageType, string, string, IReadOnlyList<string>, Guid, Guid?, DateTimeOffset, bool, AccessRevocationRequiredEventPayload)' (but other parameters do) [B:\maliev\Maliev.MessagingContracts\generated\csharp\Maliev.MessagingContracts.csproj]
B:\maliev\Maliev.MessagingContracts\generated\csharp\Contracts\MessagingContracts.cs(3134,58): warning CS1573: Parameter 'ConsumedBy' has no matching param tag in the XML comment for 'AccessRevocationRequiredEvent.AccessRevocationRequiredEvent(Guid, string, MessageType, string, string, IReadOnlyList<string>, Guid, Guid?, DateTimeOffset, bool, AccessRevocationRequiredEventPayload)' (but other parameters do) [B:\maliev\Maliev.MessagingContracts\generated\csharp\Maliev.MessagingContracts.csproj]
B:\maliev\Maliev.MessagingContracts\generated\csharp\Contracts\MessagingContracts.cs(3135,21): warning CS1573: Parameter 'CorrelationId' has no matching param tag in the XML comment for 'AccessRevocationRequiredEvent.AccessRevocationRequiredEvent(Guid, string, MessageType, string, string, IReadOnlyList<string>, Guid, Guid?, DateTimeOffset, bool, AccessRevocationRequiredEventPayload)' (but other parameters do) [B:\maliev\Maliev.MessagingContracts\generated\csharp\Maliev.MessagingContracts.csproj]
B:\maliev\Maliev.MessagingContracts\generated\csharp\Contracts\MessagingContracts.cs(3136,22): warning CS1573: Parameter 'CausationId' has no matching param tag in the XML comment for 'AccessRevocationRequiredEvent.AccessRevocationRequiredEvent(Guid, string, MessageType, string, string, IReadOnlyList<string>, Guid, Guid?, DateTimeOffset, bool, AccessRevocationRequiredEventPayload)' (but other parameters do) [B:\maliev\Maliev.MessagingContracts\generated\csharp\Maliev.MessagingContracts.csproj]
B:\maliev\Maliev.MessagingContracts\generated\csharp\Contracts\MessagingContracts.cs(3137,31): warning CS1573: Parameter 'OccurredAtUtc' has no matching param tag in the XML comment for 'AccessRevocationRequiredEvent.AccessRevocationRequiredEvent(Guid, string, MessageType, string, string, IReadOnlyList<string>, Guid, Guid?, DateTimeOffset, bool, AccessRevocationRequiredEventPayload)' (but other parameters do) [B:\maliev\Maliev.MessagingContracts\generated\csharp\Maliev.MessagingContracts.csproj]
B:\maliev\Maliev.MessagingContracts\generated\csharp\Contracts\MessagingContracts.cs(3138,14): warning CS1573: Parameter 'IsPublic' has no matching param tag in the XML comment for 'AccessRevocationRequiredEvent.AccessRevocationRequiredEvent(Guid, string, MessageType, string, string, IReadOnlyList<string>, Guid, Guid?, DateTimeOffset, bool, AccessRevocationRequiredEventPayload)' (but other parameters do) [B:\maliev\Maliev.MessagingContracts\generated\csharp\Maliev.MessagingContracts.csproj]
B:\maliev\Maliev.MessagingContracts\generated\csharp\Contracts\MessagingContracts.cs(3166,21): warning CS1573: Parameter 'MessageId' has no matching param tag in the XML comment for 'OnboardingItemOverdueEvent.OnboardingItemOverdueEvent(Guid, string, MessageType, string, string, IReadOnlyList<string>, Guid, Guid?, DateTimeOffset, bool, OnboardingItemOverdueEventPayload)' (but other parameters do) [B:\maliev\Maliev.MessagingContracts\generated\csharp\Maliev.MessagingContracts.csproj]
B:\maliev\Maliev.MessagingContracts\generated\csharp\Contracts\MessagingContracts.cs(3167,16): warning CS1573: Parameter 'MessageName' has no matching param tag in the XML comment for 'OnboardingItemOverdueEvent.OnboardingItemOverdueEvent(Guid, string, MessageType, string, string, IReadOnlyList<string>, Guid, Guid?, DateTimeOffset, bool, OnboardingItemOverdueEventPayload)' (but other parameters do) [B:\maliev\Maliev.MessagingContracts\generated\csharp\Maliev.MessagingContracts.csproj]
B:\maliev\Maliev.MessagingContracts\generated\csharp\Contracts\MessagingContracts.cs(3168,21): warning CS1573: Parameter 'MessageType' has no matching param tag in the XML comment for 'OnboardingItemOverdueEvent.OnboardingItemOverdueEvent(Guid, string, MessageType, string, string, IReadOnlyList<string>, Guid, Guid?, DateTimeOffset, bool, OnboardingItemOverdueEventPayload)' (but other parameters do) [B:\maliev\Maliev.MessagingContracts\generated\csharp\Maliev.MessagingContracts.csproj]
B:\maliev\Maliev.MessagingContracts\generated\csharp\Contracts\MessagingContracts.cs(3169,16): warning CS1573: Parameter 'MessageVersion' has no matching param tag in the XML comment for 'OnboardingItemOverdueEvent.OnboardingItemOverdueEvent(Guid, string, MessageType, string, string, IReadOnlyList<string>, Guid, Guid?, DateTimeOffset, bool, OnboardingItemOverdueEventPayload)' (but other parameters do) [B:\maliev\Maliev.MessagingContracts\generated\csharp\Maliev.MessagingContracts.csproj]
B:\maliev\Maliev.MessagingContracts\generated\csharp\Contracts\MessagingContracts.cs(3170,16): warning CS1573: Parameter 'PublishedBy' has no matching param tag in the XML comment for 'OnboardingItemOverdueEvent.OnboardingItemOverdueEvent(Guid, string, MessageType, string, string, IReadOnlyList<string>, Guid, Guid?, DateTimeOffset, bool, OnboardingItemOverdueEventPayload)' (but other parameters do) [B:\maliev\Maliev.MessagingContracts\generated\csharp\Maliev.MessagingContracts.csproj]
B:\maliev\Maliev.MessagingContracts\generated\csharp\Contracts\MessagingContracts.cs(3171,58): warning CS1573: Parameter 'ConsumedBy' has no matching param tag in the XML comment for 'OnboardingItemOverdueEvent.OnboardingItemOverdueEvent(Guid, string, MessageType, string, string, IReadOnlyList<string>, Guid, Guid?, DateTimeOffset, bool, OnboardingItemOverdueEventPayload)' (but other parameters do) [B:\maliev\Maliev.MessagingContracts\generated\csharp\Maliev.MessagingContracts.csproj]
B:\maliev\Maliev.MessagingContracts\generated\csharp\Contracts\MessagingContracts.cs(3172,21): warning CS1573: Parameter 'CorrelationId' has no matching param tag in the XML comment for 'OnboardingItemOverdueEvent.OnboardingItemOverdueEvent(Guid, string, MessageType, string, string, IReadOnlyList<string>, Guid, Guid?, DateTimeOffset, bool, OnboardingItemOverdueEventPayload)' (but other parameters do) [B:\maliev\Maliev.MessagingContracts\generated\csharp\Maliev.MessagingContracts.csproj]
B:\maliev\Maliev.MessagingContracts\generated\csharp\Contracts\MessagingContracts.cs(3173,22): warning CS1573: Parameter 'CausationId' has no matching param tag in the XML comment for 'OnboardingItemOverdueEvent.OnboardingItemOverdueEvent(Guid, string, MessageType, string, string, IReadOnlyList<string>, Guid, Guid?, DateTimeOffset, bool, OnboardingItemOverdueEventPayload)' (but other parameters do) [B:\maliev\Maliev.MessagingContracts\generated\csharp\Maliev.MessagingContracts.csproj]
B:\maliev\Maliev.MessagingContracts\generated\csharp\Contracts\MessagingContracts.cs(3174,31): warning CS1573: Parameter 'OccurredAtUtc' has no matching param tag in the XML comment for 'OnboardingItemOverdueEvent.OnboardingItemOverdueEvent(Guid, string, MessageType, string, string, IReadOnlyList<string>, Guid, Guid?, DateTimeOffset, bool, OnboardingItemOverdueEventPayload)' (but other parameters do) [B:\maliev\Maliev.MessagingContracts\generated\csharp\Maliev.MessagingContracts.csproj]
B:\maliev\Maliev.MessagingContracts\generated\csharp\Contracts\MessagingContracts.cs(3175,14): warning CS1573: Parameter 'IsPublic' has no matching param tag in the XML comment for 'OnboardingItemOverdueEvent.OnboardingItemOverdueEvent(Guid, string, MessageType, string, string, IReadOnlyList<string>, Guid, Guid?, DateTimeOffset, bool, OnboardingItemOverdueEventPayload)' (but other parameters do) [B:\maliev\Maliev.MessagingContracts\generated\csharp\Maliev.MessagingContracts.csproj]
B:\maliev\Maliev.MessagingContracts\generated\csharp\Contracts\MessagingContracts.cs(3201,21): warning CS1573: Parameter 'MessageId' has no matching param tag in the XML comment for 'AccessRevokedEvent.AccessRevokedEvent(Guid, string, MessageType, string, string, IReadOnlyList<string>, Guid, Guid?, DateTimeOffset, bool, AccessRevokedEventPayload)' (but other parameters do) [B:\maliev\Maliev.MessagingContracts\generated\csharp\Maliev.MessagingContracts.csproj]
B:\maliev\Maliev.MessagingContracts\generated\csharp\Contracts\MessagingContracts.cs(3202,16): warning CS1573: Parameter 'MessageName' has no matching param tag in the XML comment for 'AccessRevokedEvent.AccessRevokedEvent(Guid, string, MessageType, string, string, IReadOnlyList<string>, Guid, Guid?, DateTimeOffset, bool, AccessRevokedEventPayload)' (but other parameters do) [B:\maliev\Maliev.MessagingContracts\generated\csharp\Maliev.MessagingContracts.csproj]
B:\maliev\Maliev.MessagingContracts\generated\csharp\Contracts\MessagingContracts.cs(3203,21): warning CS1573: Parameter 'MessageType' has no matching param tag in the XML comment for 'AccessRevokedEvent.AccessRevokedEvent(Guid, string, MessageType, string, string, IReadOnlyList<string>, Guid, Guid?, DateTimeOffset, bool, AccessRevokedEventPayload)' (but other parameters do) [B:\maliev\Maliev.MessagingContracts\generated\csharp\Maliev.MessagingContracts.csproj]
B:\maliev\Maliev.MessagingContracts\generated\csharp\Contracts\MessagingContracts.cs(3204,16): warning CS1573: Parameter 'MessageVersion' has no matching param tag in the XML comment for 'AccessRevokedEvent.AccessRevokedEvent(Guid, string, MessageType, string, string, IReadOnlyList<string>, Guid, Guid?, DateTimeOffset, bool, AccessRevokedEventPayload)' (but other parameters do) [B:\maliev\Maliev.MessagingContracts\generated\csharp\Maliev.MessagingContracts.csproj]
B:\maliev\Maliev.MessagingContracts\generated\csharp\Contracts\MessagingContracts.cs(3205,16): warning CS1573: Parameter 'PublishedBy' has no matching param tag in the XML comment for 'AccessRevokedEvent.AccessRevokedEvent(Guid, string, MessageType, string, string, IReadOnlyList<string>, Guid, Guid?, DateTimeOffset, bool, AccessRevokedEventPayload)' (but other parameters do) [B:\maliev\Maliev.MessagingContracts\generated\csharp\Maliev.MessagingContracts.csproj]
B:\maliev\Maliev.MessagingContracts\generated\csharp\Contracts\MessagingContracts.cs(3206,58): warning CS1573: Parameter 'ConsumedBy' has no matching param tag in the XML comment for 'AccessRevokedEvent.AccessRevokedEvent(Guid, string, MessageType, string, string, IReadOnlyList<string>, Guid, Guid?, DateTimeOffset, bool, AccessRevokedEventPayload)' (but other parameters do) [B:\maliev\Maliev.MessagingContracts\generated\csharp\Maliev.MessagingContracts.csproj]
B:\maliev\Maliev.MessagingContracts\generated\csharp\Contracts\MessagingContracts.cs(3207,21): warning CS1573: Parameter 'CorrelationId' has no matching param tag in the XML comment for 'AccessRevokedEvent.AccessRevokedEvent(Guid, string, MessageType, string, string, IReadOnlyList<string>, Guid, Guid?, DateTimeOffset, bool, AccessRevokedEventPayload)' (but other parameters do) [B:\maliev\Maliev.MessagingContracts\generated\csharp\Maliev.MessagingContracts.csproj]
B:\maliev\Maliev.MessagingContracts\generated\csharp\Contracts\MessagingContracts.cs(3208,22): warning CS1573: Parameter 'CausationId' has no matching param tag in the XML comment for 'AccessRevokedEvent.AccessRevokedEvent(Guid, string, MessageType, string, string, IReadOnlyList<string>, Guid, Guid?, DateTimeOffset, bool, AccessRevokedEventPayload)' (but other parameters do) [B:\maliev\Maliev.MessagingContracts\generated\csharp\Maliev.MessagingContracts.csproj]
B:\maliev\Maliev.MessagingContracts\generated\csharp\Contracts\MessagingContracts.cs(3209,31): warning CS1573: Parameter 'OccurredAtUtc' has no matching param tag in the XML comment for 'AccessRevokedEvent.AccessRevokedEvent(Guid, string, MessageType, string, string, IReadOnlyList<string>, Guid, Guid?, DateTimeOffset, bool, AccessRevokedEventPayload)' (but other parameters do) [B:\maliev\Maliev.MessagingContracts\generated\csharp\Maliev.MessagingContracts.csproj]
B:\maliev\Maliev.MessagingContracts\generated\csharp\Contracts\MessagingContracts.cs(3210,14): warning CS1573: Parameter 'IsPublic' has no matching param tag in the XML comment for 'AccessRevokedEvent.AccessRevokedEvent(Guid, string, MessageType, string, string, IReadOnlyList<string>, Guid, Guid?, DateTimeOffset, bool, AccessRevokedEventPayload)' (but other parameters do) [B:\maliev\Maliev.MessagingContracts\generated\csharp\Maliev.MessagingContracts.csproj]
B:\maliev\Maliev.MessagingContracts\generated\csharp\Contracts\MessagingContracts.cs(3233,73): warning CS1573: Parameter 'CreatedAt' has no matching param tag in the XML comment for 'MaterialCreatedEventPayload.MaterialCreatedEventPayload(Guid, string, string, double, int, DateTimeOffset)' (but other parameters do) [B:\maliev\Maliev.MessagingContracts\generated\csharp\Maliev.MessagingContracts.csproj]
B:\maliev\Maliev.MessagingContracts\generated\csharp\Contracts\MessagingContracts.cs(3245,21): warning CS1573: Parameter 'MessageId' has no matching param tag in the XML comment for 'MaterialCreatedEvent.MaterialCreatedEvent(Guid, string, MessageType, string, string, IReadOnlyList<string>, Guid, Guid?, DateTimeOffset, bool, MaterialCreatedEventPayload)' (but other parameters do) [B:\maliev\Maliev.MessagingContracts\generated\csharp\Maliev.MessagingContracts.csproj]
B:\maliev\Maliev.MessagingContracts\generated\csharp\Contracts\MessagingContracts.cs(3246,16): warning CS1573: Parameter 'MessageName' has no matching param tag in the XML comment for 'MaterialCreatedEvent.MaterialCreatedEvent(Guid, string, MessageType, string, string, IReadOnlyList<string>, Guid, Guid?, DateTimeOffset, bool, MaterialCreatedEventPayload)' (but other parameters do) [B:\maliev\Maliev.MessagingContracts\generated\csharp\Maliev.MessagingContracts.csproj]
B:\maliev\Maliev.MessagingContracts\generated\csharp\Contracts\MessagingContracts.cs(3247,21): warning CS1573: Parameter 'MessageType' has no matching param tag in the XML comment for 'MaterialCreatedEvent.MaterialCreatedEvent(Guid, string, MessageType, string, string, IReadOnlyList<string>, Guid, Guid?, DateTimeOffset, bool, MaterialCreatedEventPayload)' (but other parameters do) [B:\maliev\Maliev.MessagingContracts\generated\csharp\Maliev.MessagingContracts.csproj]
B:\maliev\Maliev.MessagingContracts\generated\csharp\Contracts\MessagingContracts.cs(3248,16): warning CS1573: Parameter 'MessageVersion' has no matching param tag in the XML comment for 'MaterialCreatedEvent.MaterialCreatedEvent(Guid, string, MessageType, string, string, IReadOnlyList<string>, Guid, Guid?, DateTimeOffset, bool, MaterialCreatedEventPayload)' (but other parameters do) [B:\maliev\Maliev.MessagingContracts\generated\csharp\Maliev.MessagingContracts.csproj]
B:\maliev\Maliev.MessagingContracts\generated\csharp\Contracts\MessagingContracts.cs(3249,16): warning CS1573: Parameter 'PublishedBy' has no matching param tag in the XML comment for 'MaterialCreatedEvent.MaterialCreatedEvent(Guid, string, MessageType, string, string, IReadOnlyList<string>, Guid, Guid?, DateTimeOffset, bool, MaterialCreatedEventPayload)' (but other parameters do) [B:\maliev\Maliev.MessagingContracts\generated\csharp\Maliev.MessagingContracts.csproj]
B:\maliev\Maliev.MessagingContracts\generated\csharp\Contracts\MessagingContracts.cs(3250,58): warning CS1573: Parameter 'ConsumedBy' has no matching param tag in the XML comment for 'MaterialCreatedEvent.MaterialCreatedEvent(Guid, string, MessageType, string, string, IReadOnlyList<string>, Guid, Guid?, DateTimeOffset, bool, MaterialCreatedEventPayload)' (but other parameters do) [B:\maliev\Maliev.MessagingContracts\generated\csharp\Maliev.MessagingContracts.csproj]
B:\maliev\Maliev.MessagingContracts\generated\csharp\Contracts\MessagingContracts.cs(3251,21): warning CS1573: Parameter 'CorrelationId' has no matching param tag in the XML comment for 'MaterialCreatedEvent.MaterialCreatedEvent(Guid, string, MessageType, string, string, IReadOnlyList<string>, Guid, Guid?, DateTimeOffset, bool, MaterialCreatedEventPayload)' (but other parameters do) [B:\maliev\Maliev.MessagingContracts\generated\csharp\Maliev.MessagingContracts.csproj]
B:\maliev\Maliev.MessagingContracts\generated\csharp\Contracts\MessagingContracts.cs(3252,22): warning CS1573: Parameter 'CausationId' has no matching param tag in the XML comment for 'MaterialCreatedEvent.MaterialCreatedEvent(Guid, string, MessageType, string, string, IReadOnlyList<string>, Guid, Guid?, DateTimeOffset, bool, MaterialCreatedEventPayload)' (but other parameters do) [B:\maliev\Maliev.MessagingContracts\generated\csharp\Maliev.MessagingContracts.csproj]
B:\maliev\Maliev.MessagingContracts\generated\csharp\Contracts\MessagingContracts.cs(3253,31): warning CS1573: Parameter 'OccurredAtUtc' has no matching param tag in the XML comment for 'MaterialCreatedEvent.MaterialCreatedEvent(Guid, string, MessageType, string, string, IReadOnlyList<string>, Guid, Guid?, DateTimeOffset, bool, MaterialCreatedEventPayload)' (but other parameters do) [B:\maliev\Maliev.MessagingContracts\generated\csharp\Maliev.MessagingContracts.csproj]
B:\maliev\Maliev.MessagingContracts\generated\csharp\Contracts\MessagingContracts.cs(3254,14): warning CS1573: Parameter 'IsPublic' has no matching param tag in the XML comment for 'MaterialCreatedEvent.MaterialCreatedEvent(Guid, string, MessageType, string, string, IReadOnlyList<string>, Guid, Guid?, DateTimeOffset, bool, MaterialCreatedEventPayload)' (but other parameters do) [B:\maliev\Maliev.MessagingContracts\generated\csharp\Maliev.MessagingContracts.csproj]
B:\maliev\Maliev.MessagingContracts\generated\csharp\Contracts\MessagingContracts.cs(3274,73): warning CS1573: Parameter 'UpdatedAt' has no matching param tag in the XML comment for 'MaterialUpdatedEventPayload.MaterialUpdatedEventPayload(Guid, string, string, DateTimeOffset, int)' (but other parameters do) [B:\maliev\Maliev.MessagingContracts\generated\csharp\Maliev.MessagingContracts.csproj]
B:\maliev\Maliev.MessagingContracts\generated\csharp\Contracts\MessagingContracts.cs(3287,21): warning CS1573: Parameter 'MessageId' has no matching param tag in the XML comment for 'MaterialUpdatedEvent.MaterialUpdatedEvent(Guid, string, MessageType, string, string, IReadOnlyList<string>, Guid, Guid?, DateTimeOffset, bool, MaterialUpdatedEventPayload)' (but other parameters do) [B:\maliev\Maliev.MessagingContracts\generated\csharp\Maliev.MessagingContracts.csproj]
B:\maliev\Maliev.MessagingContracts\generated\csharp\Contracts\MessagingContracts.cs(3288,16): warning CS1573: Parameter 'MessageName' has no matching param tag in the XML comment for 'MaterialUpdatedEvent.MaterialUpdatedEvent(Guid, string, MessageType, string, string, IReadOnlyList<string>, Guid, Guid?, DateTimeOffset, bool, MaterialUpdatedEventPayload)' (but other parameters do) [B:\maliev\Maliev.MessagingContracts\generated\csharp\Maliev.MessagingContracts.csproj]
B:\maliev\Maliev.MessagingContracts\generated\csharp\Contracts\MessagingContracts.cs(3289,21): warning CS1573: Parameter 'MessageType' has no matching param tag in the XML comment for 'MaterialUpdatedEvent.MaterialUpdatedEvent(Guid, string, MessageType, string, string, IReadOnlyList<string>, Guid, Guid?, DateTimeOffset, bool, MaterialUpdatedEventPayload)' (but other parameters do) [B:\maliev\Maliev.MessagingContracts\generated\csharp\Maliev.MessagingContracts.csproj]
B:\maliev\Maliev.MessagingContracts\generated\csharp\Contracts\MessagingContracts.cs(3290,16): warning CS1573: Parameter 'MessageVersion' has no matching param tag in the XML comment for 'MaterialUpdatedEvent.MaterialUpdatedEvent(Guid, string, MessageType, string, string, IReadOnlyList<string>, Guid, Guid?, DateTimeOffset, bool, MaterialUpdatedEventPayload)' (but other parameters do) [B:\maliev\Maliev.MessagingContracts\generated\csharp\Maliev.MessagingContracts.csproj]
B:\maliev\Maliev.MessagingContracts\generated\csharp\Contracts\MessagingContracts.cs(3291,16): warning CS1573: Parameter 'PublishedBy' has no matching param tag in the XML comment for 'MaterialUpdatedEvent.MaterialUpdatedEvent(Guid, string, MessageType, string, string, IReadOnlyList<string>, Guid, Guid?, DateTimeOffset, bool, MaterialUpdatedEventPayload)' (but other parameters do) [B:\maliev\Maliev.MessagingContracts\generated\csharp\Maliev.MessagingContracts.csproj]
B:\maliev\Maliev.MessagingContracts\generated\csharp\Contracts\MessagingContracts.cs(3292,58): warning CS1573: Parameter 'ConsumedBy' has no matching param tag in the XML comment for 'MaterialUpdatedEvent.MaterialUpdatedEvent(Guid, string, MessageType, string, string, IReadOnlyList<string>, Guid, Guid?, DateTimeOffset, bool, MaterialUpdatedEventPayload)' (but other parameters do) [B:\maliev\Maliev.MessagingContracts\generated\csharp\Maliev.MessagingContracts.csproj]
B:\maliev\Maliev.MessagingContracts\generated\csharp\Contracts\MessagingContracts.cs(3293,21): warning CS1573: Parameter 'CorrelationId' has no matching param tag in the XML comment for 'MaterialUpdatedEvent.MaterialUpdatedEvent(Guid, string, MessageType, string, string, IReadOnlyList<string>, Guid, Guid?, DateTimeOffset, bool, MaterialUpdatedEventPayload)' (but other parameters do) [B:\maliev\Maliev.MessagingContracts\generated\csharp\Maliev.MessagingContracts.csproj]
B:\maliev\Maliev.MessagingContracts\generated\csharp\Contracts\MessagingContracts.cs(3294,22): warning CS1573: Parameter 'CausationId' has no matching param tag in the XML comment for 'MaterialUpdatedEvent.MaterialUpdatedEvent(Guid, string, MessageType, string, string, IReadOnlyList<string>, Guid, Guid?, DateTimeOffset, bool, MaterialUpdatedEventPayload)' (but other parameters do) [B:\maliev\Maliev.MessagingContracts\generated\csharp\Maliev.MessagingContracts.csproj]
B:\maliev\Maliev.MessagingContracts\generated\csharp\Contracts\MessagingContracts.cs(3295,31): warning CS1573: Parameter 'OccurredAtUtc' has no matching param tag in the XML comment for 'MaterialUpdatedEvent.MaterialUpdatedEvent(Guid, string, MessageType, string, string, IReadOnlyList<string>, Guid, Guid?, DateTimeOffset, bool, MaterialUpdatedEventPayload)' (but other parameters do) [B:\maliev\Maliev.MessagingContracts\generated\csharp\Maliev.MessagingContracts.csproj]
B:\maliev\Maliev.MessagingContracts\generated\csharp\Contracts\MessagingContracts.cs(3296,14): warning CS1573: Parameter 'IsPublic' has no matching param tag in the XML comment for 'MaterialUpdatedEvent.MaterialUpdatedEvent(Guid, string, MessageType, string, string, IReadOnlyList<string>, Guid, Guid?, DateTimeOffset, bool, MaterialUpdatedEventPayload)' (but other parameters do) [B:\maliev\Maliev.MessagingContracts\generated\csharp\Maliev.MessagingContracts.csproj]
B:\maliev\Maliev.MessagingContracts\generated\csharp\Contracts\MessagingContracts.cs(3324,21): warning CS1573: Parameter 'MessageId' has no matching param tag in the XML comment for 'MaterialDiscontinuedEvent.MaterialDiscontinuedEvent(Guid, string, MessageType, string, string, IReadOnlyList<string>, Guid, Guid?, DateTimeOffset, bool, MaterialDiscontinuedEventPayload)' (but other parameters do) [B:\maliev\Maliev.MessagingContracts\generated\csharp\Maliev.MessagingContracts.csproj]
B:\maliev\Maliev.MessagingContracts\generated\csharp\Contracts\MessagingContracts.cs(3325,16): warning CS1573: Parameter 'MessageName' has no matching param tag in the XML comment for 'MaterialDiscontinuedEvent.MaterialDiscontinuedEvent(Guid, string, MessageType, string, string, IReadOnlyList<string>, Guid, Guid?, DateTimeOffset, bool, MaterialDiscontinuedEventPayload)' (but other parameters do) [B:\maliev\Maliev.MessagingContracts\generated\csharp\Maliev.MessagingContracts.csproj]
B:\maliev\Maliev.MessagingContracts\generated\csharp\Contracts\MessagingContracts.cs(3326,21): warning CS1573: Parameter 'MessageType' has no matching param tag in the XML comment for 'MaterialDiscontinuedEvent.MaterialDiscontinuedEvent(Guid, string, MessageType, string, string, IReadOnlyList<string>, Guid, Guid?, DateTimeOffset, bool, MaterialDiscontinuedEventPayload)' (but other parameters do) [B:\maliev\Maliev.MessagingContracts\generated\csharp\Maliev.MessagingContracts.csproj]
B:\maliev\Maliev.MessagingContracts\generated\csharp\Contracts\MessagingContracts.cs(3327,16): warning CS1573: Parameter 'MessageVersion' has no matching param tag in the XML comment for 'MaterialDiscontinuedEvent.MaterialDiscontinuedEvent(Guid, string, MessageType, string, string, IReadOnlyList<string>, Guid, Guid?, DateTimeOffset, bool, MaterialDiscontinuedEventPayload)' (but other parameters do) [B:\maliev\Maliev.MessagingContracts\generated\csharp\Maliev.MessagingContracts.csproj]
B:\maliev\Maliev.MessagingContracts\generated\csharp\Contracts\MessagingContracts.cs(3328,16): warning CS1573: Parameter 'PublishedBy' has no matching param tag in the XML comment for 'MaterialDiscontinuedEvent.MaterialDiscontinuedEvent(Guid, string, MessageType, string, string, IReadOnlyList<string>, Guid, Guid?, DateTimeOffset, bool, MaterialDiscontinuedEventPayload)' (but other parameters do) [B:\maliev\Maliev.MessagingContracts\generated\csharp\Maliev.MessagingContracts.csproj]
B:\maliev\Maliev.MessagingContracts\generated\csharp\Contracts\MessagingContracts.cs(3329,58): warning CS1573: Parameter 'ConsumedBy' has no matching param tag in the XML comment for 'MaterialDiscontinuedEvent.MaterialDiscontinuedEvent(Guid, string, MessageType, string, string, IReadOnlyList<string>, Guid, Guid?, DateTimeOffset, bool, MaterialDiscontinuedEventPayload)' (but other parameters do) [B:\maliev\Maliev.MessagingContracts\generated\csharp\Maliev.MessagingContracts.csproj]
B:\maliev\Maliev.MessagingContracts\generated\csharp\Contracts\MessagingContracts.cs(3330,21): warning CS1573: Parameter 'CorrelationId' has no matching param tag in the XML comment for 'MaterialDiscontinuedEvent.MaterialDiscontinuedEvent(Guid, string, MessageType, string, string, IReadOnlyList<string>, Guid, Guid?, DateTimeOffset, bool, MaterialDiscontinuedEventPayload)' (but other parameters do) [B:\maliev\Maliev.MessagingContracts\generated\csharp\Maliev.MessagingContracts.csproj]
B:\maliev\Maliev.MessagingContracts\generated\csharp\Contracts\MessagingContracts.cs(3331,22): warning CS1573: Parameter 'CausationId' has no matching param tag in the XML comment for 'MaterialDiscontinuedEvent.MaterialDiscontinuedEvent(Guid, string, MessageType, string, string, IReadOnlyList<string>, Guid, Guid?, DateTimeOffset, bool, MaterialDiscontinuedEventPayload)' (but other parameters do) [B:\maliev\Maliev.MessagingContracts\generated\csharp\Maliev.MessagingContracts.csproj]
B:\maliev\Maliev.MessagingContracts\generated\csharp\Contracts\MessagingContracts.cs(3332,31): warning CS1573: Parameter 'OccurredAtUtc' has no matching param tag in the XML comment for 'MaterialDiscontinuedEvent.MaterialDiscontinuedEvent(Guid, string, MessageType, string, string, IReadOnlyList<string>, Guid, Guid?, DateTimeOffset, bool, MaterialDiscontinuedEventPayload)' (but other parameters do) [B:\maliev\Maliev.MessagingContracts\generated\csharp\Maliev.MessagingContracts.csproj]
B:\maliev\Maliev.MessagingContracts\generated\csharp\Contracts\MessagingContracts.cs(3333,14): warning CS1573: Parameter 'IsPublic' has no matching param tag in the XML comment for 'MaterialDiscontinuedEvent.MaterialDiscontinuedEvent(Guid, string, MessageType, string, string, IReadOnlyList<string>, Guid, Guid?, DateTimeOffset, bool, MaterialDiscontinuedEventPayload)' (but other parameters do) [B:\maliev\Maliev.MessagingContracts\generated\csharp\Maliev.MessagingContracts.csproj]
B:\maliev\Maliev.MessagingContracts\generated\csharp\Contracts\MessagingContracts.cs(3359,19): warning CS1591: Missing XML comment for publicly visible type or member 'CreateOrderCommand' [B:\maliev\Maliev.MessagingContracts\generated\csharp\Maliev.MessagingContracts.csproj]
B:\maliev\Maliev.MessagingContracts\generated\csharp\Contracts\MessagingContracts.cs(3359,19): warning CS1591: Missing XML comment for publicly visible type or member 'CreateOrderCommand.CreateOrderCommand(Guid, string, MessageType, string, string, IReadOnlyList<string>, Guid, Guid?, DateTimeOffset, bool, CreateOrderCommandPayload)' [B:\maliev\Maliev.MessagingContracts\generated\csharp\Maliev.MessagingContracts.csproj]
B:\maliev\Maliev.MessagingContracts\generated\csharp\Contracts\MessagingContracts.cs(3370,75): warning CS1591: Missing XML comment for publicly visible type or member 'CreateOrderCommand.Payload' [B:\maliev\Maliev.MessagingContracts\generated\csharp\Maliev.MessagingContracts.csproj]
B:\maliev\Maliev.MessagingContracts\generated\csharp\Contracts\MessagingContracts.cs(3401,21): warning CS1573: Parameter 'MessageId' has no matching param tag in the XML comment for 'OrderCreatedEvent.OrderCreatedEvent(Guid, string, MessageType, string, string, IReadOnlyList<string>, Guid, Guid?, DateTimeOffset, bool, OrderCreatedEventPayload)' (but other parameters do) [B:\maliev\Maliev.MessagingContracts\generated\csharp\Maliev.MessagingContracts.csproj]
B:\maliev\Maliev.MessagingContracts\generated\csharp\Contracts\MessagingContracts.cs(3402,16): warning CS1573: Parameter 'MessageName' has no matching param tag in the XML comment for 'OrderCreatedEvent.OrderCreatedEvent(Guid, string, MessageType, string, string, IReadOnlyList<string>, Guid, Guid?, DateTimeOffset, bool, OrderCreatedEventPayload)' (but other parameters do) [B:\maliev\Maliev.MessagingContracts\generated\csharp\Maliev.MessagingContracts.csproj]
B:\maliev\Maliev.MessagingContracts\generated\csharp\Contracts\MessagingContracts.cs(3403,21): warning CS1573: Parameter 'MessageType' has no matching param tag in the XML comment for 'OrderCreatedEvent.OrderCreatedEvent(Guid, string, MessageType, string, string, IReadOnlyList<string>, Guid, Guid?, DateTimeOffset, bool, OrderCreatedEventPayload)' (but other parameters do) [B:\maliev\Maliev.MessagingContracts\generated\csharp\Maliev.MessagingContracts.csproj]
B:\maliev\Maliev.MessagingContracts\generated\csharp\Contracts\MessagingContracts.cs(3404,16): warning CS1573: Parameter 'MessageVersion' has no matching param tag in the XML comment for 'OrderCreatedEvent.OrderCreatedEvent(Guid, string, MessageType, string, string, IReadOnlyList<string>, Guid, Guid?, DateTimeOffset, bool, OrderCreatedEventPayload)' (but other parameters do) [B:\maliev\Maliev.MessagingContracts\generated\csharp\Maliev.MessagingContracts.csproj]
B:\maliev\Maliev.MessagingContracts\generated\csharp\Contracts\MessagingContracts.cs(3405,16): warning CS1573: Parameter 'PublishedBy' has no matching param tag in the XML comment for 'OrderCreatedEvent.OrderCreatedEvent(Guid, string, MessageType, string, string, IReadOnlyList<string>, Guid, Guid?, DateTimeOffset, bool, OrderCreatedEventPayload)' (but other parameters do) [B:\maliev\Maliev.MessagingContracts\generated\csharp\Maliev.MessagingContracts.csproj]
B:\maliev\Maliev.MessagingContracts\generated\csharp\Contracts\MessagingContracts.cs(3406,58): warning CS1573: Parameter 'ConsumedBy' has no matching param tag in the XML comment for 'OrderCreatedEvent.OrderCreatedEvent(Guid, string, MessageType, string, string, IReadOnlyList<string>, Guid, Guid?, DateTimeOffset, bool, OrderCreatedEventPayload)' (but other parameters do) [B:\maliev\Maliev.MessagingContracts\generated\csharp\Maliev.MessagingContracts.csproj]
B:\maliev\Maliev.MessagingContracts\generated\csharp\Contracts\MessagingContracts.cs(3407,21): warning CS1573: Parameter 'CorrelationId' has no matching param tag in the XML comment for 'OrderCreatedEvent.OrderCreatedEvent(Guid, string, MessageType, string, string, IReadOnlyList<string>, Guid, Guid?, DateTimeOffset, bool, OrderCreatedEventPayload)' (but other parameters do) [B:\maliev\Maliev.MessagingContracts\generated\csharp\Maliev.MessagingContracts.csproj]
B:\maliev\Maliev.MessagingContracts\generated\csharp\Contracts\MessagingContracts.cs(3408,22): warning CS1573: Parameter 'CausationId' has no matching param tag in the XML comment for 'OrderCreatedEvent.OrderCreatedEvent(Guid, string, MessageType, string, string, IReadOnlyList<string>, Guid, Guid?, DateTimeOffset, bool, OrderCreatedEventPayload)' (but other parameters do) [B:\maliev\Maliev.MessagingContracts\generated\csharp\Maliev.MessagingContracts.csproj]
B:\maliev\Maliev.MessagingContracts\generated\csharp\Contracts\MessagingContracts.cs(3409,31): warning CS1573: Parameter 'OccurredAtUtc' has no matching param tag in the XML comment for 'OrderCreatedEvent.OrderCreatedEvent(Guid, string, MessageType, string, string, IReadOnlyList<string>, Guid, Guid?, DateTimeOffset, bool, OrderCreatedEventPayload)' (but other parameters do) [B:\maliev\Maliev.MessagingContracts\generated\csharp\Maliev.MessagingContracts.csproj]
B:\maliev\Maliev.MessagingContracts\generated\csharp\Contracts\MessagingContracts.cs(3410,14): warning CS1573: Parameter 'IsPublic' has no matching param tag in the XML comment for 'OrderCreatedEvent.OrderCreatedEvent(Guid, string, MessageType, string, string, IReadOnlyList<string>, Guid, Guid?, DateTimeOffset, bool, OrderCreatedEventPayload)' (but other parameters do) [B:\maliev\Maliev.MessagingContracts\generated\csharp\Maliev.MessagingContracts.csproj]
B:\maliev\Maliev.MessagingContracts\generated\csharp\Contracts\MessagingContracts.cs(3441,21): warning CS1573: Parameter 'MessageId' has no matching param tag in the XML comment for 'OrderStatusChangedEvent.OrderStatusChangedEvent(Guid, string, MessageType, string, string, IReadOnlyList<string>, Guid, Guid?, DateTimeOffset, bool, OrderStatusChangedEventPayload)' (but other parameters do) [B:\maliev\Maliev.MessagingContracts\generated\csharp\Maliev.MessagingContracts.csproj]
B:\maliev\Maliev.MessagingContracts\generated\csharp\Contracts\MessagingContracts.cs(3442,16): warning CS1573: Parameter 'MessageName' has no matching param tag in the XML comment for 'OrderStatusChangedEvent.OrderStatusChangedEvent(Guid, string, MessageType, string, string, IReadOnlyList<string>, Guid, Guid?, DateTimeOffset, bool, OrderStatusChangedEventPayload)' (but other parameters do) [B:\maliev\Maliev.MessagingContracts\generated\csharp\Maliev.MessagingContracts.csproj]
B:\maliev\Maliev.MessagingContracts\generated\csharp\Contracts\MessagingContracts.cs(3443,21): warning CS1573: Parameter 'MessageType' has no matching param tag in the XML comment for 'OrderStatusChangedEvent.OrderStatusChangedEvent(Guid, string, MessageType, string, string, IReadOnlyList<string>, Guid, Guid?, DateTimeOffset, bool, OrderStatusChangedEventPayload)' (but other parameters do) [B:\maliev\Maliev.MessagingContracts\generated\csharp\Maliev.MessagingContracts.csproj]
B:\maliev\Maliev.MessagingContracts\generated\csharp\Contracts\MessagingContracts.cs(3444,16): warning CS1573: Parameter 'MessageVersion' has no matching param tag in the XML comment for 'OrderStatusChangedEvent.OrderStatusChangedEvent(Guid, string, MessageType, string, string, IReadOnlyList<string>, Guid, Guid?, DateTimeOffset, bool, OrderStatusChangedEventPayload)' (but other parameters do) [B:\maliev\Maliev.MessagingContracts\generated\csharp\Maliev.MessagingContracts.csproj]
B:\maliev\Maliev.MessagingContracts\generated\csharp\Contracts\MessagingContracts.cs(3445,16): warning CS1573: Parameter 'PublishedBy' has no matching param tag in the XML comment for 'OrderStatusChangedEvent.OrderStatusChangedEvent(Guid, string, MessageType, string, string, IReadOnlyList<string>, Guid, Guid?, DateTimeOffset, bool, OrderStatusChangedEventPayload)' (but other parameters do) [B:\maliev\Maliev.MessagingContracts\generated\csharp\Maliev.MessagingContracts.csproj]
B:\maliev\Maliev.MessagingContracts\generated\csharp\Contracts\MessagingContracts.cs(3446,58): warning CS1573: Parameter 'ConsumedBy' has no matching param tag in the XML comment for 'OrderStatusChangedEvent.OrderStatusChangedEvent(Guid, string, MessageType, string, string, IReadOnlyList<string>, Guid, Guid?, DateTimeOffset, bool, OrderStatusChangedEventPayload)' (but other parameters do) [B:\maliev\Maliev.MessagingContracts\generated\csharp\Maliev.MessagingContracts.csproj]
B:\maliev\Maliev.MessagingContracts\generated\csharp\Contracts\MessagingContracts.cs(3447,21): warning CS1573: Parameter 'CorrelationId' has no matching param tag in the XML comment for 'OrderStatusChangedEvent.OrderStatusChangedEvent(Guid, string, MessageType, string, string, IReadOnlyList<string>, Guid, Guid?, DateTimeOffset, bool, OrderStatusChangedEventPayload)' (but other parameters do) [B:\maliev\Maliev.MessagingContracts\generated\csharp\Maliev.MessagingContracts.csproj]
B:\maliev\Maliev.MessagingContracts\generated\csharp\Contracts\MessagingContracts.cs(3448,22): warning CS1573: Parameter 'CausationId' has no matching param tag in the XML comment for 'OrderStatusChangedEvent.OrderStatusChangedEvent(Guid, string, MessageType, string, string, IReadOnlyList<string>, Guid, Guid?, DateTimeOffset, bool, OrderStatusChangedEventPayload)' (but other parameters do) [B:\maliev\Maliev.MessagingContracts\generated\csharp\Maliev.MessagingContracts.csproj]
B:\maliev\Maliev.MessagingContracts\generated\csharp\Contracts\MessagingContracts.cs(3449,31): warning CS1573: Parameter 'OccurredAtUtc' has no matching param tag in the XML comment for 'OrderStatusChangedEvent.OrderStatusChangedEvent(Guid, string, MessageType, string, string, IReadOnlyList<string>, Guid, Guid?, DateTimeOffset, bool, OrderStatusChangedEventPayload)' (but other parameters do) [B:\maliev\Maliev.MessagingContracts\generated\csharp\Maliev.MessagingContracts.csproj]
B:\maliev\Maliev.MessagingContracts\generated\csharp\Contracts\MessagingContracts.cs(3450,14): warning CS1573: Parameter 'IsPublic' has no matching param tag in the XML comment for 'OrderStatusChangedEvent.OrderStatusChangedEvent(Guid, string, MessageType, string, string, IReadOnlyList<string>, Guid, Guid?, DateTimeOffset, bool, OrderStatusChangedEventPayload)' (but other parameters do) [B:\maliev\Maliev.MessagingContracts\generated\csharp\Maliev.MessagingContracts.csproj]
B:\maliev\Maliev.MessagingContracts\generated\csharp\Contracts\MessagingContracts.cs(3481,21): warning CS1573: Parameter 'MessageId' has no matching param tag in the XML comment for 'OrderQuotedEvent.OrderQuotedEvent(Guid, string, MessageType, string, string, IReadOnlyList<string>, Guid, Guid?, DateTimeOffset, bool, OrderQuotedEventPayload)' (but other parameters do) [B:\maliev\Maliev.MessagingContracts\generated\csharp\Maliev.MessagingContracts.csproj]
B:\maliev\Maliev.MessagingContracts\generated\csharp\Contracts\MessagingContracts.cs(3482,16): warning CS1573: Parameter 'MessageName' has no matching param tag in the XML comment for 'OrderQuotedEvent.OrderQuotedEvent(Guid, string, MessageType, string, string, IReadOnlyList<string>, Guid, Guid?, DateTimeOffset, bool, OrderQuotedEventPayload)' (but other parameters do) [B:\maliev\Maliev.MessagingContracts\generated\csharp\Maliev.MessagingContracts.csproj]
B:\maliev\Maliev.MessagingContracts\generated\csharp\Contracts\MessagingContracts.cs(3483,21): warning CS1573: Parameter 'MessageType' has no matching param tag in the XML comment for 'OrderQuotedEvent.OrderQuotedEvent(Guid, string, MessageType, string, string, IReadOnlyList<string>, Guid, Guid?, DateTimeOffset, bool, OrderQuotedEventPayload)' (but other parameters do) [B:\maliev\Maliev.MessagingContracts\generated\csharp\Maliev.MessagingContracts.csproj]
B:\maliev\Maliev.MessagingContracts\generated\csharp\Contracts\MessagingContracts.cs(3484,16): warning CS1573: Parameter 'MessageVersion' has no matching param tag in the XML comment for 'OrderQuotedEvent.OrderQuotedEvent(Guid, string, MessageType, string, string, IReadOnlyList<string>, Guid, Guid?, DateTimeOffset, bool, OrderQuotedEventPayload)' (but other parameters do) [B:\maliev\Maliev.MessagingContracts\generated\csharp\Maliev.MessagingContracts.csproj]
B:\maliev\Maliev.MessagingContracts\generated\csharp\Contracts\MessagingContracts.cs(3485,16): warning CS1573: Parameter 'PublishedBy' has no matching param tag in the XML comment for 'OrderQuotedEvent.OrderQuotedEvent(Guid, string, MessageType, string, string, IReadOnlyList<string>, Guid, Guid?, DateTimeOffset, bool, OrderQuotedEventPayload)' (but other parameters do) [B:\maliev\Maliev.MessagingContracts\generated\csharp\Maliev.MessagingContracts.csproj]
B:\maliev\Maliev.MessagingContracts\generated\csharp\Contracts\MessagingContracts.cs(3486,58): warning CS1573: Parameter 'ConsumedBy' has no matching param tag in the XML comment for 'OrderQuotedEvent.OrderQuotedEvent(Guid, string, MessageType, string, string, IReadOnlyList<string>, Guid, Guid?, DateTimeOffset, bool, OrderQuotedEventPayload)' (but other parameters do) [B:\maliev\Maliev.MessagingContracts\generated\csharp\Maliev.MessagingContracts.csproj]
B:\maliev\Maliev.MessagingContracts\generated\csharp\Contracts\MessagingContracts.cs(3487,21): warning CS1573: Parameter 'CorrelationId' has no matching param tag in the XML comment for 'OrderQuotedEvent.OrderQuotedEvent(Guid, string, MessageType, string, string, IReadOnlyList<string>, Guid, Guid?, DateTimeOffset, bool, OrderQuotedEventPayload)' (but other parameters do) [B:\maliev\Maliev.MessagingContracts\generated\csharp\Maliev.MessagingContracts.csproj]
B:\maliev\Maliev.MessagingContracts\generated\csharp\Contracts\MessagingContracts.cs(3488,22): warning CS1573: Parameter 'CausationId' has no matching param tag in the XML comment for 'OrderQuotedEvent.OrderQuotedEvent(Guid, string, MessageType, string, string, IReadOnlyList<string>, Guid, Guid?, DateTimeOffset, bool, OrderQuotedEventPayload)' (but other parameters do) [B:\maliev\Maliev.MessagingContracts\generated\csharp\Maliev.MessagingContracts.csproj]
B:\maliev\Maliev.MessagingContracts\generated\csharp\Contracts\MessagingContracts.cs(3489,31): warning CS1573: Parameter 'OccurredAtUtc' has no matching param tag in the XML comment for 'OrderQuotedEvent.OrderQuotedEvent(Guid, string, MessageType, string, string, IReadOnlyList<string>, Guid, Guid?, DateTimeOffset, bool, OrderQuotedEventPayload)' (but other parameters do) [B:\maliev\Maliev.MessagingContracts\generated\csharp\Maliev.MessagingContracts.csproj]
B:\maliev\Maliev.MessagingContracts\generated\csharp\Contracts\MessagingContracts.cs(3490,14): warning CS1573: Parameter 'IsPublic' has no matching param tag in the XML comment for 'OrderQuotedEvent.OrderQuotedEvent(Guid, string, MessageType, string, string, IReadOnlyList<string>, Guid, Guid?, DateTimeOffset, bool, OrderQuotedEventPayload)' (but other parameters do) [B:\maliev\Maliev.MessagingContracts\generated\csharp\Maliev.MessagingContracts.csproj]
B:\maliev\Maliev.MessagingContracts\generated\csharp\Contracts\MessagingContracts.cs(3520,21): warning CS1573: Parameter 'MessageId' has no matching param tag in the XML comment for 'OrderAcceptedEvent.OrderAcceptedEvent(Guid, string, MessageType, string, string, IReadOnlyList<string>, Guid, Guid?, DateTimeOffset, bool, OrderAcceptedEventPayload)' (but other parameters do) [B:\maliev\Maliev.MessagingContracts\generated\csharp\Maliev.MessagingContracts.csproj]
B:\maliev\Maliev.MessagingContracts\generated\csharp\Contracts\MessagingContracts.cs(3521,16): warning CS1573: Parameter 'MessageName' has no matching param tag in the XML comment for 'OrderAcceptedEvent.OrderAcceptedEvent(Guid, string, MessageType, string, string, IReadOnlyList<string>, Guid, Guid?, DateTimeOffset, bool, OrderAcceptedEventPayload)' (but other parameters do) [B:\maliev\Maliev.MessagingContracts\generated\csharp\Maliev.MessagingContracts.csproj]
B:\maliev\Maliev.MessagingContracts\generated\csharp\Contracts\MessagingContracts.cs(3522,21): warning CS1573: Parameter 'MessageType' has no matching param tag in the XML comment for 'OrderAcceptedEvent.OrderAcceptedEvent(Guid, string, MessageType, string, string, IReadOnlyList<string>, Guid, Guid?, DateTimeOffset, bool, OrderAcceptedEventPayload)' (but other parameters do) [B:\maliev\Maliev.MessagingContracts\generated\csharp\Maliev.MessagingContracts.csproj]
B:\maliev\Maliev.MessagingContracts\generated\csharp\Contracts\MessagingContracts.cs(3523,16): warning CS1573: Parameter 'MessageVersion' has no matching param tag in the XML comment for 'OrderAcceptedEvent.OrderAcceptedEvent(Guid, string, MessageType, string, string, IReadOnlyList<string>, Guid, Guid?, DateTimeOffset, bool, OrderAcceptedEventPayload)' (but other parameters do) [B:\maliev\Maliev.MessagingContracts\generated\csharp\Maliev.MessagingContracts.csproj]
B:\maliev\Maliev.MessagingContracts\generated\csharp\Contracts\MessagingContracts.cs(3524,16): warning CS1573: Parameter 'PublishedBy' has no matching param tag in the XML comment for 'OrderAcceptedEvent.OrderAcceptedEvent(Guid, string, MessageType, string, string, IReadOnlyList<string>, Guid, Guid?, DateTimeOffset, bool, OrderAcceptedEventPayload)' (but other parameters do) [B:\maliev\Maliev.MessagingContracts\generated\csharp\Maliev.MessagingContracts.csproj]
B:\maliev\Maliev.MessagingContracts\generated\csharp\Contracts\MessagingContracts.cs(3525,58): warning CS1573: Parameter 'ConsumedBy' has no matching param tag in the XML comment for 'OrderAcceptedEvent.OrderAcceptedEvent(Guid, string, MessageType, string, string, IReadOnlyList<string>, Guid, Guid?, DateTimeOffset, bool, OrderAcceptedEventPayload)' (but other parameters do) [B:\maliev\Maliev.MessagingContracts\generated\csharp\Maliev.MessagingContracts.csproj]
B:\maliev\Maliev.MessagingContracts\generated\csharp\Contracts\MessagingContracts.cs(3526,21): warning CS1573: Parameter 'CorrelationId' has no matching param tag in the XML comment for 'OrderAcceptedEvent.OrderAcceptedEvent(Guid, string, MessageType, string, string, IReadOnlyList<string>, Guid, Guid?, DateTimeOffset, bool, OrderAcceptedEventPayload)' (but other parameters do) [B:\maliev\Maliev.MessagingContracts\generated\csharp\Maliev.MessagingContracts.csproj]
B:\maliev\Maliev.MessagingContracts\generated\csharp\Contracts\MessagingContracts.cs(3527,22): warning CS1573: Parameter 'CausationId' has no matching param tag in the XML comment for 'OrderAcceptedEvent.OrderAcceptedEvent(Guid, string, MessageType, string, string, IReadOnlyList<string>, Guid, Guid?, DateTimeOffset, bool, OrderAcceptedEventPayload)' (but other parameters do) [B:\maliev\Maliev.MessagingContracts\generated\csharp\Maliev.MessagingContracts.csproj]
B:\maliev\Maliev.MessagingContracts\generated\csharp\Contracts\MessagingContracts.cs(3528,31): warning CS1573: Parameter 'OccurredAtUtc' has no matching param tag in the XML comment for 'OrderAcceptedEvent.OrderAcceptedEvent(Guid, string, MessageType, string, string, IReadOnlyList<string>, Guid, Guid?, DateTimeOffset, bool, OrderAcceptedEventPayload)' (but other parameters do) [B:\maliev\Maliev.MessagingContracts\generated\csharp\Maliev.MessagingContracts.csproj]
B:\maliev\Maliev.MessagingContracts\generated\csharp\Contracts\MessagingContracts.cs(3529,14): warning CS1573: Parameter 'IsPublic' has no matching param tag in the XML comment for 'OrderAcceptedEvent.OrderAcceptedEvent(Guid, string, MessageType, string, string, IReadOnlyList<string>, Guid, Guid?, DateTimeOffset, bool, OrderAcceptedEventPayload)' (but other parameters do) [B:\maliev\Maliev.MessagingContracts\generated\csharp\Maliev.MessagingContracts.csproj]
B:\maliev\Maliev.MessagingContracts\generated\csharp\Contracts\MessagingContracts.cs(3559,21): warning CS1573: Parameter 'MessageId' has no matching param tag in the XML comment for 'OrderPaidEvent.OrderPaidEvent(Guid, string, MessageType, string, string, IReadOnlyList<string>, Guid, Guid?, DateTimeOffset, bool, OrderPaidEventPayload)' (but other parameters do) [B:\maliev\Maliev.MessagingContracts\generated\csharp\Maliev.MessagingContracts.csproj]
B:\maliev\Maliev.MessagingContracts\generated\csharp\Contracts\MessagingContracts.cs(3560,16): warning CS1573: Parameter 'MessageName' has no matching param tag in the XML comment for 'OrderPaidEvent.OrderPaidEvent(Guid, string, MessageType, string, string, IReadOnlyList<string>, Guid, Guid?, DateTimeOffset, bool, OrderPaidEventPayload)' (but other parameters do) [B:\maliev\Maliev.MessagingContracts\generated\csharp\Maliev.MessagingContracts.csproj]
B:\maliev\Maliev.MessagingContracts\generated\csharp\Contracts\MessagingContracts.cs(3561,21): warning CS1573: Parameter 'MessageType' has no matching param tag in the XML comment for 'OrderPaidEvent.OrderPaidEvent(Guid, string, MessageType, string, string, IReadOnlyList<string>, Guid, Guid?, DateTimeOffset, bool, OrderPaidEventPayload)' (but other parameters do) [B:\maliev\Maliev.MessagingContracts\generated\csharp\Maliev.MessagingContracts.csproj]
B:\maliev\Maliev.MessagingContracts\generated\csharp\Contracts\MessagingContracts.cs(3562,16): warning CS1573: Parameter 'MessageVersion' has no matching param tag in the XML comment for 'OrderPaidEvent.OrderPaidEvent(Guid, string, MessageType, string, string, IReadOnlyList<string>, Guid, Guid?, DateTimeOffset, bool, OrderPaidEventPayload)' (but other parameters do) [B:\maliev\Maliev.MessagingContracts\generated\csharp\Maliev.MessagingContracts.csproj]
B:\maliev\Maliev.MessagingContracts\generated\csharp\Contracts\MessagingContracts.cs(3563,16): warning CS1573: Parameter 'PublishedBy' has no matching param tag in the XML comment for 'OrderPaidEvent.OrderPaidEvent(Guid, string, MessageType, string, string, IReadOnlyList<string>, Guid, Guid?, DateTimeOffset, bool, OrderPaidEventPayload)' (but other parameters do) [B:\maliev\Maliev.MessagingContracts\generated\csharp\Maliev.MessagingContracts.csproj]
B:\maliev\Maliev.MessagingContracts\generated\csharp\Contracts\MessagingContracts.cs(3564,58): warning CS1573: Parameter 'ConsumedBy' has no matching param tag in the XML comment for 'OrderPaidEvent.OrderPaidEvent(Guid, string, MessageType, string, string, IReadOnlyList<string>, Guid, Guid?, DateTimeOffset, bool, OrderPaidEventPayload)' (but other parameters do) [B:\maliev\Maliev.MessagingContracts\generated\csharp\Maliev.MessagingContracts.csproj]
B:\maliev\Maliev.MessagingContracts\generated\csharp\Contracts\MessagingContracts.cs(3565,21): warning CS1573: Parameter 'CorrelationId' has no matching param tag in the XML comment for 'OrderPaidEvent.OrderPaidEvent(Guid, string, MessageType, string, string, IReadOnlyList<string>, Guid, Guid?, DateTimeOffset, bool, OrderPaidEventPayload)' (but other parameters do) [B:\maliev\Maliev.MessagingContracts\generated\csharp\Maliev.MessagingContracts.csproj]
B:\maliev\Maliev.MessagingContracts\generated\csharp\Contracts\MessagingContracts.cs(3566,22): warning CS1573: Parameter 'CausationId' has no matching param tag in the XML comment for 'OrderPaidEvent.OrderPaidEvent(Guid, string, MessageType, string, string, IReadOnlyList<string>, Guid, Guid?, DateTimeOffset, bool, OrderPaidEventPayload)' (but other parameters do) [B:\maliev\Maliev.MessagingContracts\generated\csharp\Maliev.MessagingContracts.csproj]
B:\maliev\Maliev.MessagingContracts\generated\csharp\Contracts\MessagingContracts.cs(3567,31): warning CS1573: Parameter 'OccurredAtUtc' has no matching param tag in the XML comment for 'OrderPaidEvent.OrderPaidEvent(Guid, string, MessageType, string, string, IReadOnlyList<string>, Guid, Guid?, DateTimeOffset, bool, OrderPaidEventPayload)' (but other parameters do) [B:\maliev\Maliev.MessagingContracts\generated\csharp\Maliev.MessagingContracts.csproj]
B:\maliev\Maliev.MessagingContracts\generated\csharp\Contracts\MessagingContracts.cs(3568,14): warning CS1573: Parameter 'IsPublic' has no matching param tag in the XML comment for 'OrderPaidEvent.OrderPaidEvent(Guid, string, MessageType, string, string, IReadOnlyList<string>, Guid, Guid?, DateTimeOffset, bool, OrderPaidEventPayload)' (but other parameters do) [B:\maliev\Maliev.MessagingContracts\generated\csharp\Maliev.MessagingContracts.csproj]
B:\maliev\Maliev.MessagingContracts\generated\csharp\Contracts\MessagingContracts.cs(3596,21): warning CS1573: Parameter 'MessageId' has no matching param tag in the XML comment for 'OrderInProgressEvent.OrderInProgressEvent(Guid, string, MessageType, string, string, IReadOnlyList<string>, Guid, Guid?, DateTimeOffset, bool, OrderInProgressEventPayload)' (but other parameters do) [B:\maliev\Maliev.MessagingContracts\generated\csharp\Maliev.MessagingContracts.csproj]
B:\maliev\Maliev.MessagingContracts\generated\csharp\Contracts\MessagingContracts.cs(3597,16): warning CS1573: Parameter 'MessageName' has no matching param tag in the XML comment for 'OrderInProgressEvent.OrderInProgressEvent(Guid, string, MessageType, string, string, IReadOnlyList<string>, Guid, Guid?, DateTimeOffset, bool, OrderInProgressEventPayload)' (but other parameters do) [B:\maliev\Maliev.MessagingContracts\generated\csharp\Maliev.MessagingContracts.csproj]
B:\maliev\Maliev.MessagingContracts\generated\csharp\Contracts\MessagingContracts.cs(3598,21): warning CS1573: Parameter 'MessageType' has no matching param tag in the XML comment for 'OrderInProgressEvent.OrderInProgressEvent(Guid, string, MessageType, string, string, IReadOnlyList<string>, Guid, Guid?, DateTimeOffset, bool, OrderInProgressEventPayload)' (but other parameters do) [B:\maliev\Maliev.MessagingContracts\generated\csharp\Maliev.MessagingContracts.csproj]
B:\maliev\Maliev.MessagingContracts\generated\csharp\Contracts\MessagingContracts.cs(3599,16): warning CS1573: Parameter 'MessageVersion' has no matching param tag in the XML comment for 'OrderInProgressEvent.OrderInProgressEvent(Guid, string, MessageType, string, string, IReadOnlyList<string>, Guid, Guid?, DateTimeOffset, bool, OrderInProgressEventPayload)' (but other parameters do) [B:\maliev\Maliev.MessagingContracts\generated\csharp\Maliev.MessagingContracts.csproj]
B:\maliev\Maliev.MessagingContracts\generated\csharp\Contracts\MessagingContracts.cs(3600,16): warning CS1573: Parameter 'PublishedBy' has no matching param tag in the XML comment for 'OrderInProgressEvent.OrderInProgressEvent(Guid, string, MessageType, string, string, IReadOnlyList<string>, Guid, Guid?, DateTimeOffset, bool, OrderInProgressEventPayload)' (but other parameters do) [B:\maliev\Maliev.MessagingContracts\generated\csharp\Maliev.MessagingContracts.csproj]
B:\maliev\Maliev.MessagingContracts\generated\csharp\Contracts\MessagingContracts.cs(3601,58): warning CS1573: Parameter 'ConsumedBy' has no matching param tag in the XML comment for 'OrderInProgressEvent.OrderInProgressEvent(Guid, string, MessageType, string, string, IReadOnlyList<string>, Guid, Guid?, DateTimeOffset, bool, OrderInProgressEventPayload)' (but other parameters do) [B:\maliev\Maliev.MessagingContracts\generated\csharp\Maliev.MessagingContracts.csproj]
B:\maliev\Maliev.MessagingContracts\generated\csharp\Contracts\MessagingContracts.cs(3602,21): warning CS1573: Parameter 'CorrelationId' has no matching param tag in the XML comment for 'OrderInProgressEvent.OrderInProgressEvent(Guid, string, MessageType, string, string, IReadOnlyList<string>, Guid, Guid?, DateTimeOffset, bool, OrderInProgressEventPayload)' (but other parameters do) [B:\maliev\Maliev.MessagingContracts\generated\csharp\Maliev.MessagingContracts.csproj]
B:\maliev\Maliev.MessagingContracts\generated\csharp\Contracts\MessagingContracts.cs(3603,22): warning CS1573: Parameter 'CausationId' has no matching param tag in the XML comment for 'OrderInProgressEvent.OrderInProgressEvent(Guid, string, MessageType, string, string, IReadOnlyList<string>, Guid, Guid?, DateTimeOffset, bool, OrderInProgressEventPayload)' (but other parameters do) [B:\maliev\Maliev.MessagingContracts\generated\csharp\Maliev.MessagingContracts.csproj]
B:\maliev\Maliev.MessagingContracts\generated\csharp\Contracts\MessagingContracts.cs(3604,31): warning CS1573: Parameter 'OccurredAtUtc' has no matching param tag in the XML comment for 'OrderInProgressEvent.OrderInProgressEvent(Guid, string, MessageType, string, string, IReadOnlyList<string>, Guid, Guid?, DateTimeOffset, bool, OrderInProgressEventPayload)' (but other parameters do) [B:\maliev\Maliev.MessagingContracts\generated\csharp\Maliev.MessagingContracts.csproj]
B:\maliev\Maliev.MessagingContracts\generated\csharp\Contracts\MessagingContracts.cs(3605,14): warning CS1573: Parameter 'IsPublic' has no matching param tag in the XML comment for 'OrderInProgressEvent.OrderInProgressEvent(Guid, string, MessageType, string, string, IReadOnlyList<string>, Guid, Guid?, DateTimeOffset, bool, OrderInProgressEventPayload)' (but other parameters do) [B:\maliev\Maliev.MessagingContracts\generated\csharp\Maliev.MessagingContracts.csproj]
B:\maliev\Maliev.MessagingContracts\generated\csharp\Contracts\MessagingContracts.cs(3633,21): warning CS1573: Parameter 'MessageId' has no matching param tag in the XML comment for 'OrderCompletedEvent.OrderCompletedEvent(Guid, string, MessageType, string, string, IReadOnlyList<string>, Guid, Guid?, DateTimeOffset, bool, OrderCompletedEventPayload)' (but other parameters do) [B:\maliev\Maliev.MessagingContracts\generated\csharp\Maliev.MessagingContracts.csproj]
B:\maliev\Maliev.MessagingContracts\generated\csharp\Contracts\MessagingContracts.cs(3634,16): warning CS1573: Parameter 'MessageName' has no matching param tag in the XML comment for 'OrderCompletedEvent.OrderCompletedEvent(Guid, string, MessageType, string, string, IReadOnlyList<string>, Guid, Guid?, DateTimeOffset, bool, OrderCompletedEventPayload)' (but other parameters do) [B:\maliev\Maliev.MessagingContracts\generated\csharp\Maliev.MessagingContracts.csproj]
B:\maliev\Maliev.MessagingContracts\generated\csharp\Contracts\MessagingContracts.cs(3635,21): warning CS1573: Parameter 'MessageType' has no matching param tag in the XML comment for 'OrderCompletedEvent.OrderCompletedEvent(Guid, string, MessageType, string, string, IReadOnlyList<string>, Guid, Guid?, DateTimeOffset, bool, OrderCompletedEventPayload)' (but other parameters do) [B:\maliev\Maliev.MessagingContracts\generated\csharp\Maliev.MessagingContracts.csproj]
B:\maliev\Maliev.MessagingContracts\generated\csharp\Contracts\MessagingContracts.cs(3636,16): warning CS1573: Parameter 'MessageVersion' has no matching param tag in the XML comment for 'OrderCompletedEvent.OrderCompletedEvent(Guid, string, MessageType, string, string, IReadOnlyList<string>, Guid, Guid?, DateTimeOffset, bool, OrderCompletedEventPayload)' (but other parameters do) [B:\maliev\Maliev.MessagingContracts\generated\csharp\Maliev.MessagingContracts.csproj]
B:\maliev\Maliev.MessagingContracts\generated\csharp\Contracts\MessagingContracts.cs(3637,16): warning CS1573: Parameter 'PublishedBy' has no matching param tag in the XML comment for 'OrderCompletedEvent.OrderCompletedEvent(Guid, string, MessageType, string, string, IReadOnlyList<string>, Guid, Guid?, DateTimeOffset, bool, OrderCompletedEventPayload)' (but other parameters do) [B:\maliev\Maliev.MessagingContracts\generated\csharp\Maliev.MessagingContracts.csproj]
B:\maliev\Maliev.MessagingContracts\generated\csharp\Contracts\MessagingContracts.cs(3638,58): warning CS1573: Parameter 'ConsumedBy' has no matching param tag in the XML comment for 'OrderCompletedEvent.OrderCompletedEvent(Guid, string, MessageType, string, string, IReadOnlyList<string>, Guid, Guid?, DateTimeOffset, bool, OrderCompletedEventPayload)' (but other parameters do) [B:\maliev\Maliev.MessagingContracts\generated\csharp\Maliev.MessagingContracts.csproj]
B:\maliev\Maliev.MessagingContracts\generated\csharp\Contracts\MessagingContracts.cs(3639,21): warning CS1573: Parameter 'CorrelationId' has no matching param tag in the XML comment for 'OrderCompletedEvent.OrderCompletedEvent(Guid, string, MessageType, string, string, IReadOnlyList<string>, Guid, Guid?, DateTimeOffset, bool, OrderCompletedEventPayload)' (but other parameters do) [B:\maliev\Maliev.MessagingContracts\generated\csharp\Maliev.MessagingContracts.csproj]
B:\maliev\Maliev.MessagingContracts\generated\csharp\Contracts\MessagingContracts.cs(3640,22): warning CS1573: Parameter 'CausationId' has no matching param tag in the XML comment for 'OrderCompletedEvent.OrderCompletedEvent(Guid, string, MessageType, string, string, IReadOnlyList<string>, Guid, Guid?, DateTimeOffset, bool, OrderCompletedEventPayload)' (but other parameters do) [B:\maliev\Maliev.MessagingContracts\generated\csharp\Maliev.MessagingContracts.csproj]
B:\maliev\Maliev.MessagingContracts\generated\csharp\Contracts\MessagingContracts.cs(3641,31): warning CS1573: Parameter 'OccurredAtUtc' has no matching param tag in the XML comment for 'OrderCompletedEvent.OrderCompletedEvent(Guid, string, MessageType, string, string, IReadOnlyList<string>, Guid, Guid?, DateTimeOffset, bool, OrderCompletedEventPayload)' (but other parameters do) [B:\maliev\Maliev.MessagingContracts\generated\csharp\Maliev.MessagingContracts.csproj]
B:\maliev\Maliev.MessagingContracts\generated\csharp\Contracts\MessagingContracts.cs(3642,14): warning CS1573: Parameter 'IsPublic' has no matching param tag in the XML comment for 'OrderCompletedEvent.OrderCompletedEvent(Guid, string, MessageType, string, string, IReadOnlyList<string>, Guid, Guid?, DateTimeOffset, bool, OrderCompletedEventPayload)' (but other parameters do) [B:\maliev\Maliev.MessagingContracts\generated\csharp\Maliev.MessagingContracts.csproj]
B:\maliev\Maliev.MessagingContracts\generated\csharp\Contracts\MessagingContracts.cs(3672,21): warning CS1573: Parameter 'MessageId' has no matching param tag in the XML comment for 'OrderShippedEvent.OrderShippedEvent(Guid, string, MessageType, string, string, IReadOnlyList<string>, Guid, Guid?, DateTimeOffset, bool, OrderShippedEventPayload)' (but other parameters do) [B:\maliev\Maliev.MessagingContracts\generated\csharp\Maliev.MessagingContracts.csproj]
B:\maliev\Maliev.MessagingContracts\generated\csharp\Contracts\MessagingContracts.cs(3673,16): warning CS1573: Parameter 'MessageName' has no matching param tag in the XML comment for 'OrderShippedEvent.OrderShippedEvent(Guid, string, MessageType, string, string, IReadOnlyList<string>, Guid, Guid?, DateTimeOffset, bool, OrderShippedEventPayload)' (but other parameters do) [B:\maliev\Maliev.MessagingContracts\generated\csharp\Maliev.MessagingContracts.csproj]
B:\maliev\Maliev.MessagingContracts\generated\csharp\Contracts\MessagingContracts.cs(3674,21): warning CS1573: Parameter 'MessageType' has no matching param tag in the XML comment for 'OrderShippedEvent.OrderShippedEvent(Guid, string, MessageType, string, string, IReadOnlyList<string>, Guid, Guid?, DateTimeOffset, bool, OrderShippedEventPayload)' (but other parameters do) [B:\maliev\Maliev.MessagingContracts\generated\csharp\Maliev.MessagingContracts.csproj]
B:\maliev\Maliev.MessagingContracts\generated\csharp\Contracts\MessagingContracts.cs(3675,16): warning CS1573: Parameter 'MessageVersion' has no matching param tag in the XML comment for 'OrderShippedEvent.OrderShippedEvent(Guid, string, MessageType, string, string, IReadOnlyList<string>, Guid, Guid?, DateTimeOffset, bool, OrderShippedEventPayload)' (but other parameters do) [B:\maliev\Maliev.MessagingContracts\generated\csharp\Maliev.MessagingContracts.csproj]
B:\maliev\Maliev.MessagingContracts\generated\csharp\Contracts\MessagingContracts.cs(3676,16): warning CS1573: Parameter 'PublishedBy' has no matching param tag in the XML comment for 'OrderShippedEvent.OrderShippedEvent(Guid, string, MessageType, string, string, IReadOnlyList<string>, Guid, Guid?, DateTimeOffset, bool, OrderShippedEventPayload)' (but other parameters do) [B:\maliev\Maliev.MessagingContracts\generated\csharp\Maliev.MessagingContracts.csproj]
B:\maliev\Maliev.MessagingContracts\generated\csharp\Contracts\MessagingContracts.cs(3677,58): warning CS1573: Parameter 'ConsumedBy' has no matching param tag in the XML comment for 'OrderShippedEvent.OrderShippedEvent(Guid, string, MessageType, string, string, IReadOnlyList<string>, Guid, Guid?, DateTimeOffset, bool, OrderShippedEventPayload)' (but other parameters do) [B:\maliev\Maliev.MessagingContracts\generated\csharp\Maliev.MessagingContracts.csproj]
B:\maliev\Maliev.MessagingContracts\generated\csharp\Contracts\MessagingContracts.cs(3678,21): warning CS1573: Parameter 'CorrelationId' has no matching param tag in the XML comment for 'OrderShippedEvent.OrderShippedEvent(Guid, string, MessageType, string, string, IReadOnlyList<string>, Guid, Guid?, DateTimeOffset, bool, OrderShippedEventPayload)' (but other parameters do) [B:\maliev\Maliev.MessagingContracts\generated\csharp\Maliev.MessagingContracts.csproj]
B:\maliev\Maliev.MessagingContracts\generated\csharp\Contracts\MessagingContracts.cs(3679,22): warning CS1573: Parameter 'CausationId' has no matching param tag in the XML comment for 'OrderShippedEvent.OrderShippedEvent(Guid, string, MessageType, string, string, IReadOnlyList<string>, Guid, Guid?, DateTimeOffset, bool, OrderShippedEventPayload)' (but other parameters do) [B:\maliev\Maliev.MessagingContracts\generated\csharp\Maliev.MessagingContracts.csproj]
B:\maliev\Maliev.MessagingContracts\generated\csharp\Contracts\MessagingContracts.cs(3680,31): warning CS1573: Parameter 'OccurredAtUtc' has no matching param tag in the XML comment for 'OrderShippedEvent.OrderShippedEvent(Guid, string, MessageType, string, string, IReadOnlyList<string>, Guid, Guid?, DateTimeOffset, bool, OrderShippedEventPayload)' (but other parameters do) [B:\maliev\Maliev.MessagingContracts\generated\csharp\Maliev.MessagingContracts.csproj]
B:\maliev\Maliev.MessagingContracts\generated\csharp\Contracts\MessagingContracts.cs(3681,14): warning CS1573: Parameter 'IsPublic' has no matching param tag in the XML comment for 'OrderShippedEvent.OrderShippedEvent(Guid, string, MessageType, string, string, IReadOnlyList<string>, Guid, Guid?, DateTimeOffset, bool, OrderShippedEventPayload)' (but other parameters do) [B:\maliev\Maliev.MessagingContracts\generated\csharp\Maliev.MessagingContracts.csproj]
B:\maliev\Maliev.MessagingContracts\generated\csharp\Contracts\MessagingContracts.cs(3711,21): warning CS1573: Parameter 'MessageId' has no matching param tag in the XML comment for 'OrderCancelledEvent.OrderCancelledEvent(Guid, string, MessageType, string, string, IReadOnlyList<string>, Guid, Guid?, DateTimeOffset, bool, OrderCancelledEventPayload)' (but other parameters do) [B:\maliev\Maliev.MessagingContracts\generated\csharp\Maliev.MessagingContracts.csproj]
B:\maliev\Maliev.MessagingContracts\generated\csharp\Contracts\MessagingContracts.cs(3712,16): warning CS1573: Parameter 'MessageName' has no matching param tag in the XML comment for 'OrderCancelledEvent.OrderCancelledEvent(Guid, string, MessageType, string, string, IReadOnlyList<string>, Guid, Guid?, DateTimeOffset, bool, OrderCancelledEventPayload)' (but other parameters do) [B:\maliev\Maliev.MessagingContracts\generated\csharp\Maliev.MessagingContracts.csproj]
B:\maliev\Maliev.MessagingContracts\generated\csharp\Contracts\MessagingContracts.cs(3713,21): warning CS1573: Parameter 'MessageType' has no matching param tag in the XML comment for 'OrderCancelledEvent.OrderCancelledEvent(Guid, string, MessageType, string, string, IReadOnlyList<string>, Guid, Guid?, DateTimeOffset, bool, OrderCancelledEventPayload)' (but other parameters do) [B:\maliev\Maliev.MessagingContracts\generated\csharp\Maliev.MessagingContracts.csproj]
B:\maliev\Maliev.MessagingContracts\generated\csharp\Contracts\MessagingContracts.cs(3714,16): warning CS1573: Parameter 'MessageVersion' has no matching param tag in the XML comment for 'OrderCancelledEvent.OrderCancelledEvent(Guid, string, MessageType, string, string, IReadOnlyList<string>, Guid, Guid?, DateTimeOffset, bool, OrderCancelledEventPayload)' (but other parameters do) [B:\maliev\Maliev.MessagingContracts\generated\csharp\Maliev.MessagingContracts.csproj]
B:\maliev\Maliev.MessagingContracts\generated\csharp\Contracts\MessagingContracts.cs(3715,16): warning CS1573: Parameter 'PublishedBy' has no matching param tag in the XML comment for 'OrderCancelledEvent.OrderCancelledEvent(Guid, string, MessageType, string, string, IReadOnlyList<string>, Guid, Guid?, DateTimeOffset, bool, OrderCancelledEventPayload)' (but other parameters do) [B:\maliev\Maliev.MessagingContracts\generated\csharp\Maliev.MessagingContracts.csproj]
B:\maliev\Maliev.MessagingContracts\generated\csharp\Contracts\MessagingContracts.cs(3716,58): warning CS1573: Parameter 'ConsumedBy' has no matching param tag in the XML comment for 'OrderCancelledEvent.OrderCancelledEvent(Guid, string, MessageType, string, string, IReadOnlyList<string>, Guid, Guid?, DateTimeOffset, bool, OrderCancelledEventPayload)' (but other parameters do) [B:\maliev\Maliev.MessagingContracts\generated\csharp\Maliev.MessagingContracts.csproj]
B:\maliev\Maliev.MessagingContracts\generated\csharp\Contracts\MessagingContracts.cs(3717,21): warning CS1573: Parameter 'CorrelationId' has no matching param tag in the XML comment for 'OrderCancelledEvent.OrderCancelledEvent(Guid, string, MessageType, string, string, IReadOnlyList<string>, Guid, Guid?, DateTimeOffset, bool, OrderCancelledEventPayload)' (but other parameters do) [B:\maliev\Maliev.MessagingContracts\generated\csharp\Maliev.MessagingContracts.csproj]
B:\maliev\Maliev.MessagingContracts\generated\csharp\Contracts\MessagingContracts.cs(3718,22): warning CS1573: Parameter 'CausationId' has no matching param tag in the XML comment for 'OrderCancelledEvent.OrderCancelledEvent(Guid, string, MessageType, string, string, IReadOnlyList<string>, Guid, Guid?, DateTimeOffset, bool, OrderCancelledEventPayload)' (but other parameters do) [B:\maliev\Maliev.MessagingContracts\generated\csharp\Maliev.MessagingContracts.csproj]
B:\maliev\Maliev.MessagingContracts\generated\csharp\Contracts\MessagingContracts.cs(3719,31): warning CS1573: Parameter 'OccurredAtUtc' has no matching param tag in the XML comment for 'OrderCancelledEvent.OrderCancelledEvent(Guid, string, MessageType, string, string, IReadOnlyList<string>, Guid, Guid?, DateTimeOffset, bool, OrderCancelledEventPayload)' (but other parameters do) [B:\maliev\Maliev.MessagingContracts\generated\csharp\Maliev.MessagingContracts.csproj]
B:\maliev\Maliev.MessagingContracts\generated\csharp\Contracts\MessagingContracts.cs(3720,14): warning CS1573: Parameter 'IsPublic' has no matching param tag in the XML comment for 'OrderCancelledEvent.OrderCancelledEvent(Guid, string, MessageType, string, string, IReadOnlyList<string>, Guid, Guid?, DateTimeOffset, bool, OrderCancelledEventPayload)' (but other parameters do) [B:\maliev\Maliev.MessagingContracts\generated\csharp\Maliev.MessagingContracts.csproj]
B:\maliev\Maliev.MessagingContracts\generated\csharp\Contracts\MessagingContracts.cs(3749,21): warning CS1573: Parameter 'MessageId' has no matching param tag in the XML comment for 'OrderRejectedEvent.OrderRejectedEvent(Guid, string, MessageType, string, string, IReadOnlyList<string>, Guid, Guid?, DateTimeOffset, bool, OrderRejectedEventPayload)' (but other parameters do) [B:\maliev\Maliev.MessagingContracts\generated\csharp\Maliev.MessagingContracts.csproj]
B:\maliev\Maliev.MessagingContracts\generated\csharp\Contracts\MessagingContracts.cs(3750,16): warning CS1573: Parameter 'MessageName' has no matching param tag in the XML comment for 'OrderRejectedEvent.OrderRejectedEvent(Guid, string, MessageType, string, string, IReadOnlyList<string>, Guid, Guid?, DateTimeOffset, bool, OrderRejectedEventPayload)' (but other parameters do) [B:\maliev\Maliev.MessagingContracts\generated\csharp\Maliev.MessagingContracts.csproj]
B:\maliev\Maliev.MessagingContracts\generated\csharp\Contracts\MessagingContracts.cs(3751,21): warning CS1573: Parameter 'MessageType' has no matching param tag in the XML comment for 'OrderRejectedEvent.OrderRejectedEvent(Guid, string, MessageType, string, string, IReadOnlyList<string>, Guid, Guid?, DateTimeOffset, bool, OrderRejectedEventPayload)' (but other parameters do) [B:\maliev\Maliev.MessagingContracts\generated\csharp\Maliev.MessagingContracts.csproj]
B:\maliev\Maliev.MessagingContracts\generated\csharp\Contracts\MessagingContracts.cs(3752,16): warning CS1573: Parameter 'MessageVersion' has no matching param tag in the XML comment for 'OrderRejectedEvent.OrderRejectedEvent(Guid, string, MessageType, string, string, IReadOnlyList<string>, Guid, Guid?, DateTimeOffset, bool, OrderRejectedEventPayload)' (but other parameters do) [B:\maliev\Maliev.MessagingContracts\generated\csharp\Maliev.MessagingContracts.csproj]
B:\maliev\Maliev.MessagingContracts\generated\csharp\Contracts\MessagingContracts.cs(3753,16): warning CS1573: Parameter 'PublishedBy' has no matching param tag in the XML comment for 'OrderRejectedEvent.OrderRejectedEvent(Guid, string, MessageType, string, string, IReadOnlyList<string>, Guid, Guid?, DateTimeOffset, bool, OrderRejectedEventPayload)' (but other parameters do) [B:\maliev\Maliev.MessagingContracts\generated\csharp\Maliev.MessagingContracts.csproj]
B:\maliev\Maliev.MessagingContracts\generated\csharp\Contracts\MessagingContracts.cs(3754,58): warning CS1573: Parameter 'ConsumedBy' has no matching param tag in the XML comment for 'OrderRejectedEvent.OrderRejectedEvent(Guid, string, MessageType, string, string, IReadOnlyList<string>, Guid, Guid?, DateTimeOffset, bool, OrderRejectedEventPayload)' (but other parameters do) [B:\maliev\Maliev.MessagingContracts\generated\csharp\Maliev.MessagingContracts.csproj]
B:\maliev\Maliev.MessagingContracts\generated\csharp\Contracts\MessagingContracts.cs(3755,21): warning CS1573: Parameter 'CorrelationId' has no matching param tag in the XML comment for 'OrderRejectedEvent.OrderRejectedEvent(Guid, string, MessageType, string, string, IReadOnlyList<string>, Guid, Guid?, DateTimeOffset, bool, OrderRejectedEventPayload)' (but other parameters do) [B:\maliev\Maliev.MessagingContracts\generated\csharp\Maliev.MessagingContracts.csproj]
B:\maliev\Maliev.MessagingContracts\generated\csharp\Contracts\MessagingContracts.cs(3756,22): warning CS1573: Parameter 'CausationId' has no matching param tag in the XML comment for 'OrderRejectedEvent.OrderRejectedEvent(Guid, string, MessageType, string, string, IReadOnlyList<string>, Guid, Guid?, DateTimeOffset, bool, OrderRejectedEventPayload)' (but other parameters do) [B:\maliev\Maliev.MessagingContracts\generated\csharp\Maliev.MessagingContracts.csproj]
B:\maliev\Maliev.MessagingContracts\generated\csharp\Contracts\MessagingContracts.cs(3757,31): warning CS1573: Parameter 'OccurredAtUtc' has no matching param tag in the XML comment for 'OrderRejectedEvent.OrderRejectedEvent(Guid, string, MessageType, string, string, IReadOnlyList<string>, Guid, Guid?, DateTimeOffset, bool, OrderRejectedEventPayload)' (but other parameters do) [B:\maliev\Maliev.MessagingContracts\generated\csharp\Maliev.MessagingContracts.csproj]
B:\maliev\Maliev.MessagingContracts\generated\csharp\Contracts\MessagingContracts.cs(3758,14): warning CS1573: Parameter 'IsPublic' has no matching param tag in the XML comment for 'OrderRejectedEvent.OrderRejectedEvent(Guid, string, MessageType, string, string, IReadOnlyList<string>, Guid, Guid?, DateTimeOffset, bool, OrderRejectedEventPayload)' (but other parameters do) [B:\maliev\Maliev.MessagingContracts\generated\csharp\Maliev.MessagingContracts.csproj]
B:\maliev\Maliev.MessagingContracts\generated\csharp\Contracts\MessagingContracts.cs(3787,21): warning CS1573: Parameter 'MessageId' has no matching param tag in the XML comment for 'OrderOnHoldEvent.OrderOnHoldEvent(Guid, string, MessageType, string, string, IReadOnlyList<string>, Guid, Guid?, DateTimeOffset, bool, OrderOnHoldEventPayload)' (but other parameters do) [B:\maliev\Maliev.MessagingContracts\generated\csharp\Maliev.MessagingContracts.csproj]
B:\maliev\Maliev.MessagingContracts\generated\csharp\Contracts\MessagingContracts.cs(3788,16): warning CS1573: Parameter 'MessageName' has no matching param tag in the XML comment for 'OrderOnHoldEvent.OrderOnHoldEvent(Guid, string, MessageType, string, string, IReadOnlyList<string>, Guid, Guid?, DateTimeOffset, bool, OrderOnHoldEventPayload)' (but other parameters do) [B:\maliev\Maliev.MessagingContracts\generated\csharp\Maliev.MessagingContracts.csproj]
B:\maliev\Maliev.MessagingContracts\generated\csharp\Contracts\MessagingContracts.cs(3789,21): warning CS1573: Parameter 'MessageType' has no matching param tag in the XML comment for 'OrderOnHoldEvent.OrderOnHoldEvent(Guid, string, MessageType, string, string, IReadOnlyList<string>, Guid, Guid?, DateTimeOffset, bool, OrderOnHoldEventPayload)' (but other parameters do) [B:\maliev\Maliev.MessagingContracts\generated\csharp\Maliev.MessagingContracts.csproj]
B:\maliev\Maliev.MessagingContracts\generated\csharp\Contracts\MessagingContracts.cs(3790,16): warning CS1573: Parameter 'MessageVersion' has no matching param tag in the XML comment for 'OrderOnHoldEvent.OrderOnHoldEvent(Guid, string, MessageType, string, string, IReadOnlyList<string>, Guid, Guid?, DateTimeOffset, bool, OrderOnHoldEventPayload)' (but other parameters do) [B:\maliev\Maliev.MessagingContracts\generated\csharp\Maliev.MessagingContracts.csproj]
B:\maliev\Maliev.MessagingContracts\generated\csharp\Contracts\MessagingContracts.cs(3791,16): warning CS1573: Parameter 'PublishedBy' has no matching param tag in the XML comment for 'OrderOnHoldEvent.OrderOnHoldEvent(Guid, string, MessageType, string, string, IReadOnlyList<string>, Guid, Guid?, DateTimeOffset, bool, OrderOnHoldEventPayload)' (but other parameters do) [B:\maliev\Maliev.MessagingContracts\generated\csharp\Maliev.MessagingContracts.csproj]
B:\maliev\Maliev.MessagingContracts\generated\csharp\Contracts\MessagingContracts.cs(3792,58): warning CS1573: Parameter 'ConsumedBy' has no matching param tag in the XML comment for 'OrderOnHoldEvent.OrderOnHoldEvent(Guid, string, MessageType, string, string, IReadOnlyList<string>, Guid, Guid?, DateTimeOffset, bool, OrderOnHoldEventPayload)' (but other parameters do) [B:\maliev\Maliev.MessagingContracts\generated\csharp\Maliev.MessagingContracts.csproj]
B:\maliev\Maliev.MessagingContracts\generated\csharp\Contracts\MessagingContracts.cs(3793,21): warning CS1573: Parameter 'CorrelationId' has no matching param tag in the XML comment for 'OrderOnHoldEvent.OrderOnHoldEvent(Guid, string, MessageType, string, string, IReadOnlyList<string>, Guid, Guid?, DateTimeOffset, bool, OrderOnHoldEventPayload)' (but other parameters do) [B:\maliev\Maliev.MessagingContracts\generated\csharp\Maliev.MessagingContracts.csproj]
B:\maliev\Maliev.MessagingContracts\generated\csharp\Contracts\MessagingContracts.cs(3794,22): warning CS1573: Parameter 'CausationId' has no matching param tag in the XML comment for 'OrderOnHoldEvent.OrderOnHoldEvent(Guid, string, MessageType, string, string, IReadOnlyList<string>, Guid, Guid?, DateTimeOffset, bool, OrderOnHoldEventPayload)' (but other parameters do) [B:\maliev\Maliev.MessagingContracts\generated\csharp\Maliev.MessagingContracts.csproj]
B:\maliev\Maliev.MessagingContracts\generated\csharp\Contracts\MessagingContracts.cs(3795,31): warning CS1573: Parameter 'OccurredAtUtc' has no matching param tag in the XML comment for 'OrderOnHoldEvent.OrderOnHoldEvent(Guid, string, MessageType, string, string, IReadOnlyList<string>, Guid, Guid?, DateTimeOffset, bool, OrderOnHoldEventPayload)' (but other parameters do) [B:\maliev\Maliev.MessagingContracts\generated\csharp\Maliev.MessagingContracts.csproj]
B:\maliev\Maliev.MessagingContracts\generated\csharp\Contracts\MessagingContracts.cs(3796,14): warning CS1573: Parameter 'IsPublic' has no matching param tag in the XML comment for 'OrderOnHoldEvent.OrderOnHoldEvent(Guid, string, MessageType, string, string, IReadOnlyList<string>, Guid, Guid?, DateTimeOffset, bool, OrderOnHoldEventPayload)' (but other parameters do) [B:\maliev\Maliev.MessagingContracts\generated\csharp\Maliev.MessagingContracts.csproj]
B:\maliev\Maliev.MessagingContracts\generated\csharp\Contracts\MessagingContracts.cs(3825,21): warning CS1573: Parameter 'MessageId' has no matching param tag in the XML comment for 'OrderReopenedEvent.OrderReopenedEvent(Guid, string, MessageType, string, string, IReadOnlyList<string>, Guid, Guid?, DateTimeOffset, bool, OrderReopenedEventPayload)' (but other parameters do) [B:\maliev\Maliev.MessagingContracts\generated\csharp\Maliev.MessagingContracts.csproj]
B:\maliev\Maliev.MessagingContracts\generated\csharp\Contracts\MessagingContracts.cs(3826,16): warning CS1573: Parameter 'MessageName' has no matching param tag in the XML comment for 'OrderReopenedEvent.OrderReopenedEvent(Guid, string, MessageType, string, string, IReadOnlyList<string>, Guid, Guid?, DateTimeOffset, bool, OrderReopenedEventPayload)' (but other parameters do) [B:\maliev\Maliev.MessagingContracts\generated\csharp\Maliev.MessagingContracts.csproj]
B:\maliev\Maliev.MessagingContracts\generated\csharp\Contracts\MessagingContracts.cs(3827,21): warning CS1573: Parameter 'MessageType' has no matching param tag in the XML comment for 'OrderReopenedEvent.OrderReopenedEvent(Guid, string, MessageType, string, string, IReadOnlyList<string>, Guid, Guid?, DateTimeOffset, bool, OrderReopenedEventPayload)' (but other parameters do) [B:\maliev\Maliev.MessagingContracts\generated\csharp\Maliev.MessagingContracts.csproj]
B:\maliev\Maliev.MessagingContracts\generated\csharp\Contracts\MessagingContracts.cs(3828,16): warning CS1573: Parameter 'MessageVersion' has no matching param tag in the XML comment for 'OrderReopenedEvent.OrderReopenedEvent(Guid, string, MessageType, string, string, IReadOnlyList<string>, Guid, Guid?, DateTimeOffset, bool, OrderReopenedEventPayload)' (but other parameters do) [B:\maliev\Maliev.MessagingContracts\generated\csharp\Maliev.MessagingContracts.csproj]
B:\maliev\Maliev.MessagingContracts\generated\csharp\Contracts\MessagingContracts.cs(3829,16): warning CS1573: Parameter 'PublishedBy' has no matching param tag in the XML comment for 'OrderReopenedEvent.OrderReopenedEvent(Guid, string, MessageType, string, string, IReadOnlyList<string>, Guid, Guid?, DateTimeOffset, bool, OrderReopenedEventPayload)' (but other parameters do) [B:\maliev\Maliev.MessagingContracts\generated\csharp\Maliev.MessagingContracts.csproj]
B:\maliev\Maliev.MessagingContracts\generated\csharp\Contracts\MessagingContracts.cs(3830,58): warning CS1573: Parameter 'ConsumedBy' has no matching param tag in the XML comment for 'OrderReopenedEvent.OrderReopenedEvent(Guid, string, MessageType, string, string, IReadOnlyList<string>, Guid, Guid?, DateTimeOffset, bool, OrderReopenedEventPayload)' (but other parameters do) [B:\maliev\Maliev.MessagingContracts\generated\csharp\Maliev.MessagingContracts.csproj]
B:\maliev\Maliev.MessagingContracts\generated\csharp\Contracts\MessagingContracts.cs(3831,21): warning CS1573: Parameter 'CorrelationId' has no matching param tag in the XML comment for 'OrderReopenedEvent.OrderReopenedEvent(Guid, string, MessageType, string, string, IReadOnlyList<string>, Guid, Guid?, DateTimeOffset, bool, OrderReopenedEventPayload)' (but other parameters do) [B:\maliev\Maliev.MessagingContracts\generated\csharp\Maliev.MessagingContracts.csproj]
B:\maliev\Maliev.MessagingContracts\generated\csharp\Contracts\MessagingContracts.cs(3832,22): warning CS1573: Parameter 'CausationId' has no matching param tag in the XML comment for 'OrderReopenedEvent.OrderReopenedEvent(Guid, string, MessageType, string, string, IReadOnlyList<string>, Guid, Guid?, DateTimeOffset, bool, OrderReopenedEventPayload)' (but other parameters do) [B:\maliev\Maliev.MessagingContracts\generated\csharp\Maliev.MessagingContracts.csproj]
B:\maliev\Maliev.MessagingContracts\generated\csharp\Contracts\MessagingContracts.cs(3833,31): warning CS1573: Parameter 'OccurredAtUtc' has no matching param tag in the XML comment for 'OrderReopenedEvent.OrderReopenedEvent(Guid, string, MessageType, string, string, IReadOnlyList<string>, Guid, Guid?, DateTimeOffset, bool, OrderReopenedEventPayload)' (but other parameters do) [B:\maliev\Maliev.MessagingContracts\generated\csharp\Maliev.MessagingContracts.csproj]
B:\maliev\Maliev.MessagingContracts\generated\csharp\Contracts\MessagingContracts.cs(3834,14): warning CS1573: Parameter 'IsPublic' has no matching param tag in the XML comment for 'OrderReopenedEvent.OrderReopenedEvent(Guid, string, MessageType, string, string, IReadOnlyList<string>, Guid, Guid?, DateTimeOffset, bool, OrderReopenedEventPayload)' (but other parameters do) [B:\maliev\Maliev.MessagingContracts\generated\csharp\Maliev.MessagingContracts.csproj]
B:\maliev\Maliev.MessagingContracts\generated\csharp\Contracts\MessagingContracts.cs(3866,19): warning CS1591: Missing XML comment for publicly visible type or member 'PaymentCompletedEvent' [B:\maliev\Maliev.MessagingContracts\generated\csharp\Maliev.MessagingContracts.csproj]
B:\maliev\Maliev.MessagingContracts\generated\csharp\Contracts\MessagingContracts.cs(3866,19): warning CS1591: Missing XML comment for publicly visible type or member 'PaymentCompletedEvent.PaymentCompletedEvent(Guid, string, MessageType, string, string, IReadOnlyList<string>, Guid, Guid?, DateTimeOffset, bool, PaymentCompletedEventPayload)' [B:\maliev\Maliev.MessagingContracts\generated\csharp\Maliev.MessagingContracts.csproj]
B:\maliev\Maliev.MessagingContracts\generated\csharp\Contracts\MessagingContracts.cs(3877,78): warning CS1591: Missing XML comment for publicly visible type or member 'PaymentCompletedEvent.Payload' [B:\maliev\Maliev.MessagingContracts\generated\csharp\Maliev.MessagingContracts.csproj]
B:\maliev\Maliev.MessagingContracts\generated\csharp\Contracts\MessagingContracts.cs(3906,19): warning CS1591: Missing XML comment for publicly visible type or member 'PaymentCreatedEvent' [B:\maliev\Maliev.MessagingContracts\generated\csharp\Maliev.MessagingContracts.csproj]
B:\maliev\Maliev.MessagingContracts\generated\csharp\Contracts\MessagingContracts.cs(3906,19): warning CS1591: Missing XML comment for publicly visible type or member 'PaymentCreatedEvent.PaymentCreatedEvent(Guid, string, MessageType, string, string, IReadOnlyList<string>, Guid, Guid?, DateTimeOffset, bool, PaymentCreatedEventPayload)' [B:\maliev\Maliev.MessagingContracts\generated\csharp\Maliev.MessagingContracts.csproj]
B:\maliev\Maliev.MessagingContracts\generated\csharp\Contracts\MessagingContracts.cs(3917,76): warning CS1591: Missing XML comment for publicly visible type or member 'PaymentCreatedEvent.Payload' [B:\maliev\Maliev.MessagingContracts\generated\csharp\Maliev.MessagingContracts.csproj]
B:\maliev\Maliev.MessagingContracts\generated\csharp\Contracts\MessagingContracts.cs(3949,19): warning CS1591: Missing XML comment for publicly visible type or member 'PaymentFailedEvent' [B:\maliev\Maliev.MessagingContracts\generated\csharp\Maliev.MessagingContracts.csproj]
B:\maliev\Maliev.MessagingContracts\generated\csharp\Contracts\MessagingContracts.cs(3949,19): warning CS1591: Missing XML comment for publicly visible type or member 'PaymentFailedEvent.PaymentFailedEvent(Guid, string, MessageType, string, string, IReadOnlyList<string>, Guid, Guid?, DateTimeOffset, bool, PaymentFailedEventPayload)' [B:\maliev\Maliev.MessagingContracts\generated\csharp\Maliev.MessagingContracts.csproj]
B:\maliev\Maliev.MessagingContracts\generated\csharp\Contracts\MessagingContracts.cs(3960,75): warning CS1591: Missing XML comment for publicly visible type or member 'PaymentFailedEvent.Payload' [B:\maliev\Maliev.MessagingContracts\generated\csharp\Maliev.MessagingContracts.csproj]
B:\maliev\Maliev.MessagingContracts\generated\csharp\Contracts\MessagingContracts.cs(3979,75): warning CS1573: Parameter 'RequestedAt' has no matching param tag in the XML comment for 'PdfGenerationRequestedEventPayload.PdfGenerationRequestedEventPayload(string, string, string, DateTimeOffset)' (but other parameters do) [B:\maliev\Maliev.MessagingContracts\generated\csharp\Maliev.MessagingContracts.csproj]
B:\maliev\Maliev.MessagingContracts\generated\csharp\Contracts\MessagingContracts.cs(3991,21): warning CS1573: Parameter 'MessageId' has no matching param tag in the XML comment for 'PdfGenerationRequestedEvent.PdfGenerationRequestedEvent(Guid, string, MessageType, string, string, IReadOnlyList<string>, Guid, Guid?, DateTimeOffset, bool, PdfGenerationRequestedEventPayload)' (but other parameters do) [B:\maliev\Maliev.MessagingContracts\generated\csharp\Maliev.MessagingContracts.csproj]
B:\maliev\Maliev.MessagingContracts\generated\csharp\Contracts\MessagingContracts.cs(3992,16): warning CS1573: Parameter 'MessageName' has no matching param tag in the XML comment for 'PdfGenerationRequestedEvent.PdfGenerationRequestedEvent(Guid, string, MessageType, string, string, IReadOnlyList<string>, Guid, Guid?, DateTimeOffset, bool, PdfGenerationRequestedEventPayload)' (but other parameters do) [B:\maliev\Maliev.MessagingContracts\generated\csharp\Maliev.MessagingContracts.csproj]
B:\maliev\Maliev.MessagingContracts\generated\csharp\Contracts\MessagingContracts.cs(3993,21): warning CS1573: Parameter 'MessageType' has no matching param tag in the XML comment for 'PdfGenerationRequestedEvent.PdfGenerationRequestedEvent(Guid, string, MessageType, string, string, IReadOnlyList<string>, Guid, Guid?, DateTimeOffset, bool, PdfGenerationRequestedEventPayload)' (but other parameters do) [B:\maliev\Maliev.MessagingContracts\generated\csharp\Maliev.MessagingContracts.csproj]
B:\maliev\Maliev.MessagingContracts\generated\csharp\Contracts\MessagingContracts.cs(3994,16): warning CS1573: Parameter 'MessageVersion' has no matching param tag in the XML comment for 'PdfGenerationRequestedEvent.PdfGenerationRequestedEvent(Guid, string, MessageType, string, string, IReadOnlyList<string>, Guid, Guid?, DateTimeOffset, bool, PdfGenerationRequestedEventPayload)' (but other parameters do) [B:\maliev\Maliev.MessagingContracts\generated\csharp\Maliev.MessagingContracts.csproj]
B:\maliev\Maliev.MessagingContracts\generated\csharp\Contracts\MessagingContracts.cs(3995,16): warning CS1573: Parameter 'PublishedBy' has no matching param tag in the XML comment for 'PdfGenerationRequestedEvent.PdfGenerationRequestedEvent(Guid, string, MessageType, string, string, IReadOnlyList<string>, Guid, Guid?, DateTimeOffset, bool, PdfGenerationRequestedEventPayload)' (but other parameters do) [B:\maliev\Maliev.MessagingContracts\generated\csharp\Maliev.MessagingContracts.csproj]
B:\maliev\Maliev.MessagingContracts\generated\csharp\Contracts\MessagingContracts.cs(3996,58): warning CS1573: Parameter 'ConsumedBy' has no matching param tag in the XML comment for 'PdfGenerationRequestedEvent.PdfGenerationRequestedEvent(Guid, string, MessageType, string, string, IReadOnlyList<string>, Guid, Guid?, DateTimeOffset, bool, PdfGenerationRequestedEventPayload)' (but other parameters do) [B:\maliev\Maliev.MessagingContracts\generated\csharp\Maliev.MessagingContracts.csproj]
B:\maliev\Maliev.MessagingContracts\generated\csharp\Contracts\MessagingContracts.cs(3997,21): warning CS1573: Parameter 'CorrelationId' has no matching param tag in the XML comment for 'PdfGenerationRequestedEvent.PdfGenerationRequestedEvent(Guid, string, MessageType, string, string, IReadOnlyList<string>, Guid, Guid?, DateTimeOffset, bool, PdfGenerationRequestedEventPayload)' (but other parameters do) [B:\maliev\Maliev.MessagingContracts\generated\csharp\Maliev.MessagingContracts.csproj]
B:\maliev\Maliev.MessagingContracts\generated\csharp\Contracts\MessagingContracts.cs(3998,22): warning CS1573: Parameter 'CausationId' has no matching param tag in the XML comment for 'PdfGenerationRequestedEvent.PdfGenerationRequestedEvent(Guid, string, MessageType, string, string, IReadOnlyList<string>, Guid, Guid?, DateTimeOffset, bool, PdfGenerationRequestedEventPayload)' (but other parameters do) [B:\maliev\Maliev.MessagingContracts\generated\csharp\Maliev.MessagingContracts.csproj]
B:\maliev\Maliev.MessagingContracts\generated\csharp\Contracts\MessagingContracts.cs(3999,31): warning CS1573: Parameter 'OccurredAtUtc' has no matching param tag in the XML comment for 'PdfGenerationRequestedEvent.PdfGenerationRequestedEvent(Guid, string, MessageType, string, string, IReadOnlyList<string>, Guid, Guid?, DateTimeOffset, bool, PdfGenerationRequestedEventPayload)' (but other parameters do) [B:\maliev\Maliev.MessagingContracts\generated\csharp\Maliev.MessagingContracts.csproj]
B:\maliev\Maliev.MessagingContracts\generated\csharp\Contracts\MessagingContracts.cs(4000,14): warning CS1573: Parameter 'IsPublic' has no matching param tag in the XML comment for 'PdfGenerationRequestedEvent.PdfGenerationRequestedEvent(Guid, string, MessageType, string, string, IReadOnlyList<string>, Guid, Guid?, DateTimeOffset, bool, PdfGenerationRequestedEventPayload)' (but other parameters do) [B:\maliev\Maliev.MessagingContracts\generated\csharp\Maliev.MessagingContracts.csproj]
B:\maliev\Maliev.MessagingContracts\generated\csharp\Contracts\MessagingContracts.cs(4021,75): warning CS1573: Parameter 'CompletedAt' has no matching param tag in the XML comment for 'PdfGenerationCompletedEventPayload.PdfGenerationCompletedEventPayload(string, string, string, string, DateTimeOffset)' (but other parameters do) [B:\maliev\Maliev.MessagingContracts\generated\csharp\Maliev.MessagingContracts.csproj]
B:\maliev\Maliev.MessagingContracts\generated\csharp\Contracts\MessagingContracts.cs(4033,21): warning CS1573: Parameter 'MessageId' has no matching param tag in the XML comment for 'PdfGenerationCompletedEvent.PdfGenerationCompletedEvent(Guid, string, MessageType, string, string, IReadOnlyList<string>, Guid, Guid?, DateTimeOffset, bool, PdfGenerationCompletedEventPayload)' (but other parameters do) [B:\maliev\Maliev.MessagingContracts\generated\csharp\Maliev.MessagingContracts.csproj]
B:\maliev\Maliev.MessagingContracts\generated\csharp\Contracts\MessagingContracts.cs(4034,16): warning CS1573: Parameter 'MessageName' has no matching param tag in the XML comment for 'PdfGenerationCompletedEvent.PdfGenerationCompletedEvent(Guid, string, MessageType, string, string, IReadOnlyList<string>, Guid, Guid?, DateTimeOffset, bool, PdfGenerationCompletedEventPayload)' (but other parameters do) [B:\maliev\Maliev.MessagingContracts\generated\csharp\Maliev.MessagingContracts.csproj]
B:\maliev\Maliev.MessagingContracts\generated\csharp\Contracts\MessagingContracts.cs(4035,21): warning CS1573: Parameter 'MessageType' has no matching param tag in the XML comment for 'PdfGenerationCompletedEvent.PdfGenerationCompletedEvent(Guid, string, MessageType, string, string, IReadOnlyList<string>, Guid, Guid?, DateTimeOffset, bool, PdfGenerationCompletedEventPayload)' (but other parameters do) [B:\maliev\Maliev.MessagingContracts\generated\csharp\Maliev.MessagingContracts.csproj]
B:\maliev\Maliev.MessagingContracts\generated\csharp\Contracts\MessagingContracts.cs(4036,16): warning CS1573: Parameter 'MessageVersion' has no matching param tag in the XML comment for 'PdfGenerationCompletedEvent.PdfGenerationCompletedEvent(Guid, string, MessageType, string, string, IReadOnlyList<string>, Guid, Guid?, DateTimeOffset, bool, PdfGenerationCompletedEventPayload)' (but other parameters do) [B:\maliev\Maliev.MessagingContracts\generated\csharp\Maliev.MessagingContracts.csproj]
B:\maliev\Maliev.MessagingContracts\generated\csharp\Contracts\MessagingContracts.cs(4037,16): warning CS1573: Parameter 'PublishedBy' has no matching param tag in the XML comment for 'PdfGenerationCompletedEvent.PdfGenerationCompletedEvent(Guid, string, MessageType, string, string, IReadOnlyList<string>, Guid, Guid?, DateTimeOffset, bool, PdfGenerationCompletedEventPayload)' (but other parameters do) [B:\maliev\Maliev.MessagingContracts\generated\csharp\Maliev.MessagingContracts.csproj]
B:\maliev\Maliev.MessagingContracts\generated\csharp\Contracts\MessagingContracts.cs(4038,58): warning CS1573: Parameter 'ConsumedBy' has no matching param tag in the XML comment for 'PdfGenerationCompletedEvent.PdfGenerationCompletedEvent(Guid, string, MessageType, string, string, IReadOnlyList<string>, Guid, Guid?, DateTimeOffset, bool, PdfGenerationCompletedEventPayload)' (but other parameters do) [B:\maliev\Maliev.MessagingContracts\generated\csharp\Maliev.MessagingContracts.csproj]
B:\maliev\Maliev.MessagingContracts\generated\csharp\Contracts\MessagingContracts.cs(4039,21): warning CS1573: Parameter 'CorrelationId' has no matching param tag in the XML comment for 'PdfGenerationCompletedEvent.PdfGenerationCompletedEvent(Guid, string, MessageType, string, string, IReadOnlyList<string>, Guid, Guid?, DateTimeOffset, bool, PdfGenerationCompletedEventPayload)' (but other parameters do) [B:\maliev\Maliev.MessagingContracts\generated\csharp\Maliev.MessagingContracts.csproj]
B:\maliev\Maliev.MessagingContracts\generated\csharp\Contracts\MessagingContracts.cs(4040,22): warning CS1573: Parameter 'CausationId' has no matching param tag in the XML comment for 'PdfGenerationCompletedEvent.PdfGenerationCompletedEvent(Guid, string, MessageType, string, string, IReadOnlyList<string>, Guid, Guid?, DateTimeOffset, bool, PdfGenerationCompletedEventPayload)' (but other parameters do) [B:\maliev\Maliev.MessagingContracts\generated\csharp\Maliev.MessagingContracts.csproj]
B:\maliev\Maliev.MessagingContracts\generated\csharp\Contracts\MessagingContracts.cs(4041,31): warning CS1573: Parameter 'OccurredAtUtc' has no matching param tag in the XML comment for 'PdfGenerationCompletedEvent.PdfGenerationCompletedEvent(Guid, string, MessageType, string, string, IReadOnlyList<string>, Guid, Guid?, DateTimeOffset, bool, PdfGenerationCompletedEventPayload)' (but other parameters do) [B:\maliev\Maliev.MessagingContracts\generated\csharp\Maliev.MessagingContracts.csproj]
B:\maliev\Maliev.MessagingContracts\generated\csharp\Contracts\MessagingContracts.cs(4042,14): warning CS1573: Parameter 'IsPublic' has no matching param tag in the XML comment for 'PdfGenerationCompletedEvent.PdfGenerationCompletedEvent(Guid, string, MessageType, string, string, IReadOnlyList<string>, Guid, Guid?, DateTimeOffset, bool, PdfGenerationCompletedEventPayload)' (but other parameters do) [B:\maliev\Maliev.MessagingContracts\generated\csharp\Maliev.MessagingContracts.csproj]
B:\maliev\Maliev.MessagingContracts\generated\csharp\Contracts\MessagingContracts.cs(4063,72): warning CS1573: Parameter 'FailedAt' has no matching param tag in the XML comment for 'PdfGenerationFailedEventPayload.PdfGenerationFailedEventPayload(string, string, string, string, DateTimeOffset)' (but other parameters do) [B:\maliev\Maliev.MessagingContracts\generated\csharp\Maliev.MessagingContracts.csproj]
B:\maliev\Maliev.MessagingContracts\generated\csharp\Contracts\MessagingContracts.cs(4075,21): warning CS1573: Parameter 'MessageId' has no matching param tag in the XML comment for 'PdfGenerationFailedEvent.PdfGenerationFailedEvent(Guid, string, MessageType, string, string, IReadOnlyList<string>, Guid, Guid?, DateTimeOffset, bool, PdfGenerationFailedEventPayload)' (but other parameters do) [B:\maliev\Maliev.MessagingContracts\generated\csharp\Maliev.MessagingContracts.csproj]
B:\maliev\Maliev.MessagingContracts\generated\csharp\Contracts\MessagingContracts.cs(4076,16): warning CS1573: Parameter 'MessageName' has no matching param tag in the XML comment for 'PdfGenerationFailedEvent.PdfGenerationFailedEvent(Guid, string, MessageType, string, string, IReadOnlyList<string>, Guid, Guid?, DateTimeOffset, bool, PdfGenerationFailedEventPayload)' (but other parameters do) [B:\maliev\Maliev.MessagingContracts\generated\csharp\Maliev.MessagingContracts.csproj]
B:\maliev\Maliev.MessagingContracts\generated\csharp\Contracts\MessagingContracts.cs(4077,21): warning CS1573: Parameter 'MessageType' has no matching param tag in the XML comment for 'PdfGenerationFailedEvent.PdfGenerationFailedEvent(Guid, string, MessageType, string, string, IReadOnlyList<string>, Guid, Guid?, DateTimeOffset, bool, PdfGenerationFailedEventPayload)' (but other parameters do) [B:\maliev\Maliev.MessagingContracts\generated\csharp\Maliev.MessagingContracts.csproj]
B:\maliev\Maliev.MessagingContracts\generated\csharp\Contracts\MessagingContracts.cs(4078,16): warning CS1573: Parameter 'MessageVersion' has no matching param tag in the XML comment for 'PdfGenerationFailedEvent.PdfGenerationFailedEvent(Guid, string, MessageType, string, string, IReadOnlyList<string>, Guid, Guid?, DateTimeOffset, bool, PdfGenerationFailedEventPayload)' (but other parameters do) [B:\maliev\Maliev.MessagingContracts\generated\csharp\Maliev.MessagingContracts.csproj]
B:\maliev\Maliev.MessagingContracts\generated\csharp\Contracts\MessagingContracts.cs(4079,16): warning CS1573: Parameter 'PublishedBy' has no matching param tag in the XML comment for 'PdfGenerationFailedEvent.PdfGenerationFailedEvent(Guid, string, MessageType, string, string, IReadOnlyList<string>, Guid, Guid?, DateTimeOffset, bool, PdfGenerationFailedEventPayload)' (but other parameters do) [B:\maliev\Maliev.MessagingContracts\generated\csharp\Maliev.MessagingContracts.csproj]
B:\maliev\Maliev.MessagingContracts\generated\csharp\Contracts\MessagingContracts.cs(4080,58): warning CS1573: Parameter 'ConsumedBy' has no matching param tag in the XML comment for 'PdfGenerationFailedEvent.PdfGenerationFailedEvent(Guid, string, MessageType, string, string, IReadOnlyList<string>, Guid, Guid?, DateTimeOffset, bool, PdfGenerationFailedEventPayload)' (but other parameters do) [B:\maliev\Maliev.MessagingContracts\generated\csharp\Maliev.MessagingContracts.csproj]
B:\maliev\Maliev.MessagingContracts\generated\csharp\Contracts\MessagingContracts.cs(4081,21): warning CS1573: Parameter 'CorrelationId' has no matching param tag in the XML comment for 'PdfGenerationFailedEvent.PdfGenerationFailedEvent(Guid, string, MessageType, string, string, IReadOnlyList<string>, Guid, Guid?, DateTimeOffset, bool, PdfGenerationFailedEventPayload)' (but other parameters do) [B:\maliev\Maliev.MessagingContracts\generated\csharp\Maliev.MessagingContracts.csproj]
B:\maliev\Maliev.MessagingContracts\generated\csharp\Contracts\MessagingContracts.cs(4082,22): warning CS1573: Parameter 'CausationId' has no matching param tag in the XML comment for 'PdfGenerationFailedEvent.PdfGenerationFailedEvent(Guid, string, MessageType, string, string, IReadOnlyList<string>, Guid, Guid?, DateTimeOffset, bool, PdfGenerationFailedEventPayload)' (but other parameters do) [B:\maliev\Maliev.MessagingContracts\generated\csharp\Maliev.MessagingContracts.csproj]
B:\maliev\Maliev.MessagingContracts\generated\csharp\Contracts\MessagingContracts.cs(4083,31): warning CS1573: Parameter 'OccurredAtUtc' has no matching param tag in the XML comment for 'PdfGenerationFailedEvent.PdfGenerationFailedEvent(Guid, string, MessageType, string, string, IReadOnlyList<string>, Guid, Guid?, DateTimeOffset, bool, PdfGenerationFailedEventPayload)' (but other parameters do) [B:\maliev\Maliev.MessagingContracts\generated\csharp\Maliev.MessagingContracts.csproj]
B:\maliev\Maliev.MessagingContracts\generated\csharp\Contracts\MessagingContracts.cs(4084,14): warning CS1573: Parameter 'IsPublic' has no matching param tag in the XML comment for 'PdfGenerationFailedEvent.PdfGenerationFailedEvent(Guid, string, MessageType, string, string, IReadOnlyList<string>, Guid, Guid?, DateTimeOffset, bool, PdfGenerationFailedEventPayload)' (but other parameters do) [B:\maliev\Maliev.MessagingContracts\generated\csharp\Maliev.MessagingContracts.csproj]
B:\maliev\Maliev.MessagingContracts\generated\csharp\Contracts\MessagingContracts.cs(4114,21): warning CS1573: Parameter 'MessageId' has no matching param tag in the XML comment for 'PerformanceReviewCreatedEvent.PerformanceReviewCreatedEvent(Guid, string, MessageType, string, string, IReadOnlyList<string>, Guid, Guid?, DateTimeOffset, bool, PerformanceReviewCreatedEventPayload)' (but other parameters do) [B:\maliev\Maliev.MessagingContracts\generated\csharp\Maliev.MessagingContracts.csproj]
B:\maliev\Maliev.MessagingContracts\generated\csharp\Contracts\MessagingContracts.cs(4115,16): warning CS1573: Parameter 'MessageName' has no matching param tag in the XML comment for 'PerformanceReviewCreatedEvent.PerformanceReviewCreatedEvent(Guid, string, MessageType, string, string, IReadOnlyList<string>, Guid, Guid?, DateTimeOffset, bool, PerformanceReviewCreatedEventPayload)' (but other parameters do) [B:\maliev\Maliev.MessagingContracts\generated\csharp\Maliev.MessagingContracts.csproj]
B:\maliev\Maliev.MessagingContracts\generated\csharp\Contracts\MessagingContracts.cs(4116,21): warning CS1573: Parameter 'MessageType' has no matching param tag in the XML comment for 'PerformanceReviewCreatedEvent.PerformanceReviewCreatedEvent(Guid, string, MessageType, string, string, IReadOnlyList<string>, Guid, Guid?, DateTimeOffset, bool, PerformanceReviewCreatedEventPayload)' (but other parameters do) [B:\maliev\Maliev.MessagingContracts\generated\csharp\Maliev.MessagingContracts.csproj]
B:\maliev\Maliev.MessagingContracts\generated\csharp\Contracts\MessagingContracts.cs(4117,16): warning CS1573: Parameter 'MessageVersion' has no matching param tag in the XML comment for 'PerformanceReviewCreatedEvent.PerformanceReviewCreatedEvent(Guid, string, MessageType, string, string, IReadOnlyList<string>, Guid, Guid?, DateTimeOffset, bool, PerformanceReviewCreatedEventPayload)' (but other parameters do) [B:\maliev\Maliev.MessagingContracts\generated\csharp\Maliev.MessagingContracts.csproj]
B:\maliev\Maliev.MessagingContracts\generated\csharp\Contracts\MessagingContracts.cs(4118,16): warning CS1573: Parameter 'PublishedBy' has no matching param tag in the XML comment for 'PerformanceReviewCreatedEvent.PerformanceReviewCreatedEvent(Guid, string, MessageType, string, string, IReadOnlyList<string>, Guid, Guid?, DateTimeOffset, bool, PerformanceReviewCreatedEventPayload)' (but other parameters do) [B:\maliev\Maliev.MessagingContracts\generated\csharp\Maliev.MessagingContracts.csproj]
B:\maliev\Maliev.MessagingContracts\generated\csharp\Contracts\MessagingContracts.cs(4119,58): warning CS1573: Parameter 'ConsumedBy' has no matching param tag in the XML comment for 'PerformanceReviewCreatedEvent.PerformanceReviewCreatedEvent(Guid, string, MessageType, string, string, IReadOnlyList<string>, Guid, Guid?, DateTimeOffset, bool, PerformanceReviewCreatedEventPayload)' (but other parameters do) [B:\maliev\Maliev.MessagingContracts\generated\csharp\Maliev.MessagingContracts.csproj]
B:\maliev\Maliev.MessagingContracts\generated\csharp\Contracts\MessagingContracts.cs(4120,21): warning CS1573: Parameter 'CorrelationId' has no matching param tag in the XML comment for 'PerformanceReviewCreatedEvent.PerformanceReviewCreatedEvent(Guid, string, MessageType, string, string, IReadOnlyList<string>, Guid, Guid?, DateTimeOffset, bool, PerformanceReviewCreatedEventPayload)' (but other parameters do) [B:\maliev\Maliev.MessagingContracts\generated\csharp\Maliev.MessagingContracts.csproj]
B:\maliev\Maliev.MessagingContracts\generated\csharp\Contracts\MessagingContracts.cs(4121,22): warning CS1573: Parameter 'CausationId' has no matching param tag in the XML comment for 'PerformanceReviewCreatedEvent.PerformanceReviewCreatedEvent(Guid, string, MessageType, string, string, IReadOnlyList<string>, Guid, Guid?, DateTimeOffset, bool, PerformanceReviewCreatedEventPayload)' (but other parameters do) [B:\maliev\Maliev.MessagingContracts\generated\csharp\Maliev.MessagingContracts.csproj]
B:\maliev\Maliev.MessagingContracts\generated\csharp\Contracts\MessagingContracts.cs(4122,31): warning CS1573: Parameter 'OccurredAtUtc' has no matching param tag in the XML comment for 'PerformanceReviewCreatedEvent.PerformanceReviewCreatedEvent(Guid, string, MessageType, string, string, IReadOnlyList<string>, Guid, Guid?, DateTimeOffset, bool, PerformanceReviewCreatedEventPayload)' (but other parameters do) [B:\maliev\Maliev.MessagingContracts\generated\csharp\Maliev.MessagingContracts.csproj]
B:\maliev\Maliev.MessagingContracts\generated\csharp\Contracts\MessagingContracts.cs(4123,14): warning CS1573: Parameter 'IsPublic' has no matching param tag in the XML comment for 'PerformanceReviewCreatedEvent.PerformanceReviewCreatedEvent(Guid, string, MessageType, string, string, IReadOnlyList<string>, Guid, Guid?, DateTimeOffset, bool, PerformanceReviewCreatedEventPayload)' (but other parameters do) [B:\maliev\Maliev.MessagingContracts\generated\csharp\Maliev.MessagingContracts.csproj]
B:\maliev\Maliev.MessagingContracts\generated\csharp\Contracts\MessagingContracts.cs(4151,21): warning CS1573: Parameter 'MessageId' has no matching param tag in the XML comment for 'PerformanceReviewSubmittedEvent.PerformanceReviewSubmittedEvent(Guid, string, MessageType, string, string, IReadOnlyList<string>, Guid, Guid?, DateTimeOffset, bool, PerformanceReviewSubmittedEventPayload)' (but other parameters do) [B:\maliev\Maliev.MessagingContracts\generated\csharp\Maliev.MessagingContracts.csproj]
B:\maliev\Maliev.MessagingContracts\generated\csharp\Contracts\MessagingContracts.cs(4152,16): warning CS1573: Parameter 'MessageName' has no matching param tag in the XML comment for 'PerformanceReviewSubmittedEvent.PerformanceReviewSubmittedEvent(Guid, string, MessageType, string, string, IReadOnlyList<string>, Guid, Guid?, DateTimeOffset, bool, PerformanceReviewSubmittedEventPayload)' (but other parameters do) [B:\maliev\Maliev.MessagingContracts\generated\csharp\Maliev.MessagingContracts.csproj]
B:\maliev\Maliev.MessagingContracts\generated\csharp\Contracts\MessagingContracts.cs(4153,21): warning CS1573: Parameter 'MessageType' has no matching param tag in the XML comment for 'PerformanceReviewSubmittedEvent.PerformanceReviewSubmittedEvent(Guid, string, MessageType, string, string, IReadOnlyList<string>, Guid, Guid?, DateTimeOffset, bool, PerformanceReviewSubmittedEventPayload)' (but other parameters do) [B:\maliev\Maliev.MessagingContracts\generated\csharp\Maliev.MessagingContracts.csproj]
B:\maliev\Maliev.MessagingContracts\generated\csharp\Contracts\MessagingContracts.cs(4154,16): warning CS1573: Parameter 'MessageVersion' has no matching param tag in the XML comment for 'PerformanceReviewSubmittedEvent.PerformanceReviewSubmittedEvent(Guid, string, MessageType, string, string, IReadOnlyList<string>, Guid, Guid?, DateTimeOffset, bool, PerformanceReviewSubmittedEventPayload)' (but other parameters do) [B:\maliev\Maliev.MessagingContracts\generated\csharp\Maliev.MessagingContracts.csproj]
B:\maliev\Maliev.MessagingContracts\generated\csharp\Contracts\MessagingContracts.cs(4155,16): warning CS1573: Parameter 'PublishedBy' has no matching param tag in the XML comment for 'PerformanceReviewSubmittedEvent.PerformanceReviewSubmittedEvent(Guid, string, MessageType, string, string, IReadOnlyList<string>, Guid, Guid?, DateTimeOffset, bool, PerformanceReviewSubmittedEventPayload)' (but other parameters do) [B:\maliev\Maliev.MessagingContracts\generated\csharp\Maliev.MessagingContracts.csproj]
B:\maliev\Maliev.MessagingContracts\generated\csharp\Contracts\MessagingContracts.cs(4156,58): warning CS1573: Parameter 'ConsumedBy' has no matching param tag in the XML comment for 'PerformanceReviewSubmittedEvent.PerformanceReviewSubmittedEvent(Guid, string, MessageType, string, string, IReadOnlyList<string>, Guid, Guid?, DateTimeOffset, bool, PerformanceReviewSubmittedEventPayload)' (but other parameters do) [B:\maliev\Maliev.MessagingContracts\generated\csharp\Maliev.MessagingContracts.csproj]
B:\maliev\Maliev.MessagingContracts\generated\csharp\Contracts\MessagingContracts.cs(4157,21): warning CS1573: Parameter 'CorrelationId' has no matching param tag in the XML comment for 'PerformanceReviewSubmittedEvent.PerformanceReviewSubmittedEvent(Guid, string, MessageType, string, string, IReadOnlyList<string>, Guid, Guid?, DateTimeOffset, bool, PerformanceReviewSubmittedEventPayload)' (but other parameters do) [B:\maliev\Maliev.MessagingContracts\generated\csharp\Maliev.MessagingContracts.csproj]
B:\maliev\Maliev.MessagingContracts\generated\csharp\Contracts\MessagingContracts.cs(4158,22): warning CS1573: Parameter 'CausationId' has no matching param tag in the XML comment for 'PerformanceReviewSubmittedEvent.PerformanceReviewSubmittedEvent(Guid, string, MessageType, string, string, IReadOnlyList<string>, Guid, Guid?, DateTimeOffset, bool, PerformanceReviewSubmittedEventPayload)' (but other parameters do) [B:\maliev\Maliev.MessagingContracts\generated\csharp\Maliev.MessagingContracts.csproj]
B:\maliev\Maliev.MessagingContracts\generated\csharp\Contracts\MessagingContracts.cs(4159,31): warning CS1573: Parameter 'OccurredAtUtc' has no matching param tag in the XML comment for 'PerformanceReviewSubmittedEvent.PerformanceReviewSubmittedEvent(Guid, string, MessageType, string, string, IReadOnlyList<string>, Guid, Guid?, DateTimeOffset, bool, PerformanceReviewSubmittedEventPayload)' (but other parameters do) [B:\maliev\Maliev.MessagingContracts\generated\csharp\Maliev.MessagingContracts.csproj]
B:\maliev\Maliev.MessagingContracts\generated\csharp\Contracts\MessagingContracts.cs(4160,14): warning CS1573: Parameter 'IsPublic' has no matching param tag in the XML comment for 'PerformanceReviewSubmittedEvent.PerformanceReviewSubmittedEvent(Guid, string, MessageType, string, string, IReadOnlyList<string>, Guid, Guid?, DateTimeOffset, bool, PerformanceReviewSubmittedEventPayload)' (but other parameters do) [B:\maliev\Maliev.MessagingContracts\generated\csharp\Maliev.MessagingContracts.csproj]
B:\maliev\Maliev.MessagingContracts\generated\csharp\Contracts\MessagingContracts.cs(4188,21): warning CS1573: Parameter 'MessageId' has no matching param tag in the XML comment for 'PerformanceGoalCreatedEvent.PerformanceGoalCreatedEvent(Guid, string, MessageType, string, string, IReadOnlyList<string>, Guid, Guid?, DateTimeOffset, bool, PerformanceGoalCreatedEventPayload)' (but other parameters do) [B:\maliev\Maliev.MessagingContracts\generated\csharp\Maliev.MessagingContracts.csproj]
B:\maliev\Maliev.MessagingContracts\generated\csharp\Contracts\MessagingContracts.cs(4189,16): warning CS1573: Parameter 'MessageName' has no matching param tag in the XML comment for 'PerformanceGoalCreatedEvent.PerformanceGoalCreatedEvent(Guid, string, MessageType, string, string, IReadOnlyList<string>, Guid, Guid?, DateTimeOffset, bool, PerformanceGoalCreatedEventPayload)' (but other parameters do) [B:\maliev\Maliev.MessagingContracts\generated\csharp\Maliev.MessagingContracts.csproj]
B:\maliev\Maliev.MessagingContracts\generated\csharp\Contracts\MessagingContracts.cs(4190,21): warning CS1573: Parameter 'MessageType' has no matching param tag in the XML comment for 'PerformanceGoalCreatedEvent.PerformanceGoalCreatedEvent(Guid, string, MessageType, string, string, IReadOnlyList<string>, Guid, Guid?, DateTimeOffset, bool, PerformanceGoalCreatedEventPayload)' (but other parameters do) [B:\maliev\Maliev.MessagingContracts\generated\csharp\Maliev.MessagingContracts.csproj]
B:\maliev\Maliev.MessagingContracts\generated\csharp\Contracts\MessagingContracts.cs(4191,16): warning CS1573: Parameter 'MessageVersion' has no matching param tag in the XML comment for 'PerformanceGoalCreatedEvent.PerformanceGoalCreatedEvent(Guid, string, MessageType, string, string, IReadOnlyList<string>, Guid, Guid?, DateTimeOffset, bool, PerformanceGoalCreatedEventPayload)' (but other parameters do) [B:\maliev\Maliev.MessagingContracts\generated\csharp\Maliev.MessagingContracts.csproj]
B:\maliev\Maliev.MessagingContracts\generated\csharp\Contracts\MessagingContracts.cs(4192,16): warning CS1573: Parameter 'PublishedBy' has no matching param tag in the XML comment for 'PerformanceGoalCreatedEvent.PerformanceGoalCreatedEvent(Guid, string, MessageType, string, string, IReadOnlyList<string>, Guid, Guid?, DateTimeOffset, bool, PerformanceGoalCreatedEventPayload)' (but other parameters do) [B:\maliev\Maliev.MessagingContracts\generated\csharp\Maliev.MessagingContracts.csproj]
B:\maliev\Maliev.MessagingContracts\generated\csharp\Contracts\MessagingContracts.cs(4193,58): warning CS1573: Parameter 'ConsumedBy' has no matching param tag in the XML comment for 'PerformanceGoalCreatedEvent.PerformanceGoalCreatedEvent(Guid, string, MessageType, string, string, IReadOnlyList<string>, Guid, Guid?, DateTimeOffset, bool, PerformanceGoalCreatedEventPayload)' (but other parameters do) [B:\maliev\Maliev.MessagingContracts\generated\csharp\Maliev.MessagingContracts.csproj]
B:\maliev\Maliev.MessagingContracts\generated\csharp\Contracts\MessagingContracts.cs(4194,21): warning CS1573: Parameter 'CorrelationId' has no matching param tag in the XML comment for 'PerformanceGoalCreatedEvent.PerformanceGoalCreatedEvent(Guid, string, MessageType, string, string, IReadOnlyList<string>, Guid, Guid?, DateTimeOffset, bool, PerformanceGoalCreatedEventPayload)' (but other parameters do) [B:\maliev\Maliev.MessagingContracts\generated\csharp\Maliev.MessagingContracts.csproj]
B:\maliev\Maliev.MessagingContracts\generated\csharp\Contracts\MessagingContracts.cs(4195,22): warning CS1573: Parameter 'CausationId' has no matching param tag in the XML comment for 'PerformanceGoalCreatedEvent.PerformanceGoalCreatedEvent(Guid, string, MessageType, string, string, IReadOnlyList<string>, Guid, Guid?, DateTimeOffset, bool, PerformanceGoalCreatedEventPayload)' (but other parameters do) [B:\maliev\Maliev.MessagingContracts\generated\csharp\Maliev.MessagingContracts.csproj]
B:\maliev\Maliev.MessagingContracts\generated\csharp\Contracts\MessagingContracts.cs(4196,31): warning CS1573: Parameter 'OccurredAtUtc' has no matching param tag in the XML comment for 'PerformanceGoalCreatedEvent.PerformanceGoalCreatedEvent(Guid, string, MessageType, string, string, IReadOnlyList<string>, Guid, Guid?, DateTimeOffset, bool, PerformanceGoalCreatedEventPayload)' (but other parameters do) [B:\maliev\Maliev.MessagingContracts\generated\csharp\Maliev.MessagingContracts.csproj]
B:\maliev\Maliev.MessagingContracts\generated\csharp\Contracts\MessagingContracts.cs(4197,14): warning CS1573: Parameter 'IsPublic' has no matching param tag in the XML comment for 'PerformanceGoalCreatedEvent.PerformanceGoalCreatedEvent(Guid, string, MessageType, string, string, IReadOnlyList<string>, Guid, Guid?, DateTimeOffset, bool, PerformanceGoalCreatedEventPayload)' (but other parameters do) [B:\maliev\Maliev.MessagingContracts\generated\csharp\Maliev.MessagingContracts.csproj]
B:\maliev\Maliev.MessagingContracts\generated\csharp\Contracts\MessagingContracts.cs(4225,21): warning CS1573: Parameter 'MessageId' has no matching param tag in the XML comment for 'PerformanceGoalCompletedEvent.PerformanceGoalCompletedEvent(Guid, string, MessageType, string, string, IReadOnlyList<string>, Guid, Guid?, DateTimeOffset, bool, PerformanceGoalCompletedEventPayload)' (but other parameters do) [B:\maliev\Maliev.MessagingContracts\generated\csharp\Maliev.MessagingContracts.csproj]
B:\maliev\Maliev.MessagingContracts\generated\csharp\Contracts\MessagingContracts.cs(4226,16): warning CS1573: Parameter 'MessageName' has no matching param tag in the XML comment for 'PerformanceGoalCompletedEvent.PerformanceGoalCompletedEvent(Guid, string, MessageType, string, string, IReadOnlyList<string>, Guid, Guid?, DateTimeOffset, bool, PerformanceGoalCompletedEventPayload)' (but other parameters do) [B:\maliev\Maliev.MessagingContracts\generated\csharp\Maliev.MessagingContracts.csproj]
B:\maliev\Maliev.MessagingContracts\generated\csharp\Contracts\MessagingContracts.cs(4227,21): warning CS1573: Parameter 'MessageType' has no matching param tag in the XML comment for 'PerformanceGoalCompletedEvent.PerformanceGoalCompletedEvent(Guid, string, MessageType, string, string, IReadOnlyList<string>, Guid, Guid?, DateTimeOffset, bool, PerformanceGoalCompletedEventPayload)' (but other parameters do) [B:\maliev\Maliev.MessagingContracts\generated\csharp\Maliev.MessagingContracts.csproj]
B:\maliev\Maliev.MessagingContracts\generated\csharp\Contracts\MessagingContracts.cs(4228,16): warning CS1573: Parameter 'MessageVersion' has no matching param tag in the XML comment for 'PerformanceGoalCompletedEvent.PerformanceGoalCompletedEvent(Guid, string, MessageType, string, string, IReadOnlyList<string>, Guid, Guid?, DateTimeOffset, bool, PerformanceGoalCompletedEventPayload)' (but other parameters do) [B:\maliev\Maliev.MessagingContracts\generated\csharp\Maliev.MessagingContracts.csproj]
B:\maliev\Maliev.MessagingContracts\generated\csharp\Contracts\MessagingContracts.cs(4229,16): warning CS1573: Parameter 'PublishedBy' has no matching param tag in the XML comment for 'PerformanceGoalCompletedEvent.PerformanceGoalCompletedEvent(Guid, string, MessageType, string, string, IReadOnlyList<string>, Guid, Guid?, DateTimeOffset, bool, PerformanceGoalCompletedEventPayload)' (but other parameters do) [B:\maliev\Maliev.MessagingContracts\generated\csharp\Maliev.MessagingContracts.csproj]
B:\maliev\Maliev.MessagingContracts\generated\csharp\Contracts\MessagingContracts.cs(4230,58): warning CS1573: Parameter 'ConsumedBy' has no matching param tag in the XML comment for 'PerformanceGoalCompletedEvent.PerformanceGoalCompletedEvent(Guid, string, MessageType, string, string, IReadOnlyList<string>, Guid, Guid?, DateTimeOffset, bool, PerformanceGoalCompletedEventPayload)' (but other parameters do) [B:\maliev\Maliev.MessagingContracts\generated\csharp\Maliev.MessagingContracts.csproj]
B:\maliev\Maliev.MessagingContracts\generated\csharp\Contracts\MessagingContracts.cs(4231,21): warning CS1573: Parameter 'CorrelationId' has no matching param tag in the XML comment for 'PerformanceGoalCompletedEvent.PerformanceGoalCompletedEvent(Guid, string, MessageType, string, string, IReadOnlyList<string>, Guid, Guid?, DateTimeOffset, bool, PerformanceGoalCompletedEventPayload)' (but other parameters do) [B:\maliev\Maliev.MessagingContracts\generated\csharp\Maliev.MessagingContracts.csproj]
B:\maliev\Maliev.MessagingContracts\generated\csharp\Contracts\MessagingContracts.cs(4232,22): warning CS1573: Parameter 'CausationId' has no matching param tag in the XML comment for 'PerformanceGoalCompletedEvent.PerformanceGoalCompletedEvent(Guid, string, MessageType, string, string, IReadOnlyList<string>, Guid, Guid?, DateTimeOffset, bool, PerformanceGoalCompletedEventPayload)' (but other parameters do) [B:\maliev\Maliev.MessagingContracts\generated\csharp\Maliev.MessagingContracts.csproj]
B:\maliev\Maliev.MessagingContracts\generated\csharp\Contracts\MessagingContracts.cs(4233,31): warning CS1573: Parameter 'OccurredAtUtc' has no matching param tag in the XML comment for 'PerformanceGoalCompletedEvent.PerformanceGoalCompletedEvent(Guid, string, MessageType, string, string, IReadOnlyList<string>, Guid, Guid?, DateTimeOffset, bool, PerformanceGoalCompletedEventPayload)' (but other parameters do) [B:\maliev\Maliev.MessagingContracts\generated\csharp\Maliev.MessagingContracts.csproj]
B:\maliev\Maliev.MessagingContracts\generated\csharp\Contracts\MessagingContracts.cs(4234,14): warning CS1573: Parameter 'IsPublic' has no matching param tag in the XML comment for 'PerformanceGoalCompletedEvent.PerformanceGoalCompletedEvent(Guid, string, MessageType, string, string, IReadOnlyList<string>, Guid, Guid?, DateTimeOffset, bool, PerformanceGoalCompletedEventPayload)' (but other parameters do) [B:\maliev\Maliev.MessagingContracts\generated\csharp\Maliev.MessagingContracts.csproj]
B:\maliev\Maliev.MessagingContracts\generated\csharp\Contracts\MessagingContracts.cs(4263,21): warning CS1573: Parameter 'MessageId' has no matching param tag in the XML comment for 'PerformancePIPInitiatedEvent.PerformancePIPInitiatedEvent(Guid, string, MessageType, string, string, IReadOnlyList<string>, Guid, Guid?, DateTimeOffset, bool, PerformancePIPInitiatedEventPayload)' (but other parameters do) [B:\maliev\Maliev.MessagingContracts\generated\csharp\Maliev.MessagingContracts.csproj]
B:\maliev\Maliev.MessagingContracts\generated\csharp\Contracts\MessagingContracts.cs(4264,16): warning CS1573: Parameter 'MessageName' has no matching param tag in the XML comment for 'PerformancePIPInitiatedEvent.PerformancePIPInitiatedEvent(Guid, string, MessageType, string, string, IReadOnlyList<string>, Guid, Guid?, DateTimeOffset, bool, PerformancePIPInitiatedEventPayload)' (but other parameters do) [B:\maliev\Maliev.MessagingContracts\generated\csharp\Maliev.MessagingContracts.csproj]
B:\maliev\Maliev.MessagingContracts\generated\csharp\Contracts\MessagingContracts.cs(4265,21): warning CS1573: Parameter 'MessageType' has no matching param tag in the XML comment for 'PerformancePIPInitiatedEvent.PerformancePIPInitiatedEvent(Guid, string, MessageType, string, string, IReadOnlyList<string>, Guid, Guid?, DateTimeOffset, bool, PerformancePIPInitiatedEventPayload)' (but other parameters do) [B:\maliev\Maliev.MessagingContracts\generated\csharp\Maliev.MessagingContracts.csproj]
B:\maliev\Maliev.MessagingContracts\generated\csharp\Contracts\MessagingContracts.cs(4266,16): warning CS1573: Parameter 'MessageVersion' has no matching param tag in the XML comment for 'PerformancePIPInitiatedEvent.PerformancePIPInitiatedEvent(Guid, string, MessageType, string, string, IReadOnlyList<string>, Guid, Guid?, DateTimeOffset, bool, PerformancePIPInitiatedEventPayload)' (but other parameters do) [B:\maliev\Maliev.MessagingContracts\generated\csharp\Maliev.MessagingContracts.csproj]
B:\maliev\Maliev.MessagingContracts\generated\csharp\Contracts\MessagingContracts.cs(4267,16): warning CS1573: Parameter 'PublishedBy' has no matching param tag in the XML comment for 'PerformancePIPInitiatedEvent.PerformancePIPInitiatedEvent(Guid, string, MessageType, string, string, IReadOnlyList<string>, Guid, Guid?, DateTimeOffset, bool, PerformancePIPInitiatedEventPayload)' (but other parameters do) [B:\maliev\Maliev.MessagingContracts\generated\csharp\Maliev.MessagingContracts.csproj]
B:\maliev\Maliev.MessagingContracts\generated\csharp\Contracts\MessagingContracts.cs(4268,58): warning CS1573: Parameter 'ConsumedBy' has no matching param tag in the XML comment for 'PerformancePIPInitiatedEvent.PerformancePIPInitiatedEvent(Guid, string, MessageType, string, string, IReadOnlyList<string>, Guid, Guid?, DateTimeOffset, bool, PerformancePIPInitiatedEventPayload)' (but other parameters do) [B:\maliev\Maliev.MessagingContracts\generated\csharp\Maliev.MessagingContracts.csproj]
B:\maliev\Maliev.MessagingContracts\generated\csharp\Contracts\MessagingContracts.cs(4269,21): warning CS1573: Parameter 'CorrelationId' has no matching param tag in the XML comment for 'PerformancePIPInitiatedEvent.PerformancePIPInitiatedEvent(Guid, string, MessageType, string, string, IReadOnlyList<string>, Guid, Guid?, DateTimeOffset, bool, PerformancePIPInitiatedEventPayload)' (but other parameters do) [B:\maliev\Maliev.MessagingContracts\generated\csharp\Maliev.MessagingContracts.csproj]
B:\maliev\Maliev.MessagingContracts\generated\csharp\Contracts\MessagingContracts.cs(4270,22): warning CS1573: Parameter 'CausationId' has no matching param tag in the XML comment for 'PerformancePIPInitiatedEvent.PerformancePIPInitiatedEvent(Guid, string, MessageType, string, string, IReadOnlyList<string>, Guid, Guid?, DateTimeOffset, bool, PerformancePIPInitiatedEventPayload)' (but other parameters do) [B:\maliev\Maliev.MessagingContracts\generated\csharp\Maliev.MessagingContracts.csproj]
B:\maliev\Maliev.MessagingContracts\generated\csharp\Contracts\MessagingContracts.cs(4271,31): warning CS1573: Parameter 'OccurredAtUtc' has no matching param tag in the XML comment for 'PerformancePIPInitiatedEvent.PerformancePIPInitiatedEvent(Guid, string, MessageType, string, string, IReadOnlyList<string>, Guid, Guid?, DateTimeOffset, bool, PerformancePIPInitiatedEventPayload)' (but other parameters do) [B:\maliev\Maliev.MessagingContracts\generated\csharp\Maliev.MessagingContracts.csproj]
B:\maliev\Maliev.MessagingContracts\generated\csharp\Contracts\MessagingContracts.cs(4272,14): warning CS1573: Parameter 'IsPublic' has no matching param tag in the XML comment for 'PerformancePIPInitiatedEvent.PerformancePIPInitiatedEvent(Guid, string, MessageType, string, string, IReadOnlyList<string>, Guid, Guid?, DateTimeOffset, bool, PerformancePIPInitiatedEventPayload)' (but other parameters do) [B:\maliev\Maliev.MessagingContracts\generated\csharp\Maliev.MessagingContracts.csproj]
B:\maliev\Maliev.MessagingContracts\generated\csharp\Contracts\MessagingContracts.cs(4300,21): warning CS1573: Parameter 'MessageId' has no matching param tag in the XML comment for 'GoalCompletedEvent.GoalCompletedEvent(Guid, string, MessageType, string, string, IReadOnlyList<string>, Guid, Guid?, DateTimeOffset, bool, GoalCompletedEventPayload)' (but other parameters do) [B:\maliev\Maliev.MessagingContracts\generated\csharp\Maliev.MessagingContracts.csproj]
B:\maliev\Maliev.MessagingContracts\generated\csharp\Contracts\MessagingContracts.cs(4301,16): warning CS1573: Parameter 'MessageName' has no matching param tag in the XML comment for 'GoalCompletedEvent.GoalCompletedEvent(Guid, string, MessageType, string, string, IReadOnlyList<string>, Guid, Guid?, DateTimeOffset, bool, GoalCompletedEventPayload)' (but other parameters do) [B:\maliev\Maliev.MessagingContracts\generated\csharp\Maliev.MessagingContracts.csproj]
B:\maliev\Maliev.MessagingContracts\generated\csharp\Contracts\MessagingContracts.cs(4302,21): warning CS1573: Parameter 'MessageType' has no matching param tag in the XML comment for 'GoalCompletedEvent.GoalCompletedEvent(Guid, string, MessageType, string, string, IReadOnlyList<string>, Guid, Guid?, DateTimeOffset, bool, GoalCompletedEventPayload)' (but other parameters do) [B:\maliev\Maliev.MessagingContracts\generated\csharp\Maliev.MessagingContracts.csproj]
B:\maliev\Maliev.MessagingContracts\generated\csharp\Contracts\MessagingContracts.cs(4303,16): warning CS1573: Parameter 'MessageVersion' has no matching param tag in the XML comment for 'GoalCompletedEvent.GoalCompletedEvent(Guid, string, MessageType, string, string, IReadOnlyList<string>, Guid, Guid?, DateTimeOffset, bool, GoalCompletedEventPayload)' (but other parameters do) [B:\maliev\Maliev.MessagingContracts\generated\csharp\Maliev.MessagingContracts.csproj]
B:\maliev\Maliev.MessagingContracts\generated\csharp\Contracts\MessagingContracts.cs(4304,16): warning CS1573: Parameter 'PublishedBy' has no matching param tag in the XML comment for 'GoalCompletedEvent.GoalCompletedEvent(Guid, string, MessageType, string, string, IReadOnlyList<string>, Guid, Guid?, DateTimeOffset, bool, GoalCompletedEventPayload)' (but other parameters do) [B:\maliev\Maliev.MessagingContracts\generated\csharp\Maliev.MessagingContracts.csproj]
B:\maliev\Maliev.MessagingContracts\generated\csharp\Contracts\MessagingContracts.cs(4305,58): warning CS1573: Parameter 'ConsumedBy' has no matching param tag in the XML comment for 'GoalCompletedEvent.GoalCompletedEvent(Guid, string, MessageType, string, string, IReadOnlyList<string>, Guid, Guid?, DateTimeOffset, bool, GoalCompletedEventPayload)' (but other parameters do) [B:\maliev\Maliev.MessagingContracts\generated\csharp\Maliev.MessagingContracts.csproj]
B:\maliev\Maliev.MessagingContracts\generated\csharp\Contracts\MessagingContracts.cs(4306,21): warning CS1573: Parameter 'CorrelationId' has no matching param tag in the XML comment for 'GoalCompletedEvent.GoalCompletedEvent(Guid, string, MessageType, string, string, IReadOnlyList<string>, Guid, Guid?, DateTimeOffset, bool, GoalCompletedEventPayload)' (but other parameters do) [B:\maliev\Maliev.MessagingContracts\generated\csharp\Maliev.MessagingContracts.csproj]
B:\maliev\Maliev.MessagingContracts\generated\csharp\Contracts\MessagingContracts.cs(4307,22): warning CS1573: Parameter 'CausationId' has no matching param tag in the XML comment for 'GoalCompletedEvent.GoalCompletedEvent(Guid, string, MessageType, string, string, IReadOnlyList<string>, Guid, Guid?, DateTimeOffset, bool, GoalCompletedEventPayload)' (but other parameters do) [B:\maliev\Maliev.MessagingContracts\generated\csharp\Maliev.MessagingContracts.csproj]
B:\maliev\Maliev.MessagingContracts\generated\csharp\Contracts\MessagingContracts.cs(4308,31): warning CS1573: Parameter 'OccurredAtUtc' has no matching param tag in the XML comment for 'GoalCompletedEvent.GoalCompletedEvent(Guid, string, MessageType, string, string, IReadOnlyList<string>, Guid, Guid?, DateTimeOffset, bool, GoalCompletedEventPayload)' (but other parameters do) [B:\maliev\Maliev.MessagingContracts\generated\csharp\Maliev.MessagingContracts.csproj]
B:\maliev\Maliev.MessagingContracts\generated\csharp\Contracts\MessagingContracts.cs(4309,14): warning CS1573: Parameter 'IsPublic' has no matching param tag in the XML comment for 'GoalCompletedEvent.GoalCompletedEvent(Guid, string, MessageType, string, string, IReadOnlyList<string>, Guid, Guid?, DateTimeOffset, bool, GoalCompletedEventPayload)' (but other parameters do) [B:\maliev\Maliev.MessagingContracts\generated\csharp\Maliev.MessagingContracts.csproj]
B:\maliev\Maliev.MessagingContracts\generated\csharp\Contracts\MessagingContracts.cs(4338,21): warning CS1573: Parameter 'MessageId' has no matching param tag in the XML comment for 'PIPInitiatedEvent.PIPInitiatedEvent(Guid, string, MessageType, string, string, IReadOnlyList<string>, Guid, Guid?, DateTimeOffset, bool, PIPInitiatedEventPayload)' (but other parameters do) [B:\maliev\Maliev.MessagingContracts\generated\csharp\Maliev.MessagingContracts.csproj]
B:\maliev\Maliev.MessagingContracts\generated\csharp\Contracts\MessagingContracts.cs(4339,16): warning CS1573: Parameter 'MessageName' has no matching param tag in the XML comment for 'PIPInitiatedEvent.PIPInitiatedEvent(Guid, string, MessageType, string, string, IReadOnlyList<string>, Guid, Guid?, DateTimeOffset, bool, PIPInitiatedEventPayload)' (but other parameters do) [B:\maliev\Maliev.MessagingContracts\generated\csharp\Maliev.MessagingContracts.csproj]
B:\maliev\Maliev.MessagingContracts\generated\csharp\Contracts\MessagingContracts.cs(4340,21): warning CS1573: Parameter 'MessageType' has no matching param tag in the XML comment for 'PIPInitiatedEvent.PIPInitiatedEvent(Guid, string, MessageType, string, string, IReadOnlyList<string>, Guid, Guid?, DateTimeOffset, bool, PIPInitiatedEventPayload)' (but other parameters do) [B:\maliev\Maliev.MessagingContracts\generated\csharp\Maliev.MessagingContracts.csproj]
B:\maliev\Maliev.MessagingContracts\generated\csharp\Contracts\MessagingContracts.cs(4341,16): warning CS1573: Parameter 'MessageVersion' has no matching param tag in the XML comment for 'PIPInitiatedEvent.PIPInitiatedEvent(Guid, string, MessageType, string, string, IReadOnlyList<string>, Guid, Guid?, DateTimeOffset, bool, PIPInitiatedEventPayload)' (but other parameters do) [B:\maliev\Maliev.MessagingContracts\generated\csharp\Maliev.MessagingContracts.csproj]
B:\maliev\Maliev.MessagingContracts\generated\csharp\Contracts\MessagingContracts.cs(4342,16): warning CS1573: Parameter 'PublishedBy' has no matching param tag in the XML comment for 'PIPInitiatedEvent.PIPInitiatedEvent(Guid, string, MessageType, string, string, IReadOnlyList<string>, Guid, Guid?, DateTimeOffset, bool, PIPInitiatedEventPayload)' (but other parameters do) [B:\maliev\Maliev.MessagingContracts\generated\csharp\Maliev.MessagingContracts.csproj]
B:\maliev\Maliev.MessagingContracts\generated\csharp\Contracts\MessagingContracts.cs(4343,58): warning CS1573: Parameter 'ConsumedBy' has no matching param tag in the XML comment for 'PIPInitiatedEvent.PIPInitiatedEvent(Guid, string, MessageType, string, string, IReadOnlyList<string>, Guid, Guid?, DateTimeOffset, bool, PIPInitiatedEventPayload)' (but other parameters do) [B:\maliev\Maliev.MessagingContracts\generated\csharp\Maliev.MessagingContracts.csproj]
B:\maliev\Maliev.MessagingContracts\generated\csharp\Contracts\MessagingContracts.cs(4344,21): warning CS1573: Parameter 'CorrelationId' has no matching param tag in the XML comment for 'PIPInitiatedEvent.PIPInitiatedEvent(Guid, string, MessageType, string, string, IReadOnlyList<string>, Guid, Guid?, DateTimeOffset, bool, PIPInitiatedEventPayload)' (but other parameters do) [B:\maliev\Maliev.MessagingContracts\generated\csharp\Maliev.MessagingContracts.csproj]
B:\maliev\Maliev.MessagingContracts\generated\csharp\Contracts\MessagingContracts.cs(4345,22): warning CS1573: Parameter 'CausationId' has no matching param tag in the XML comment for 'PIPInitiatedEvent.PIPInitiatedEvent(Guid, string, MessageType, string, string, IReadOnlyList<string>, Guid, Guid?, DateTimeOffset, bool, PIPInitiatedEventPayload)' (but other parameters do) [B:\maliev\Maliev.MessagingContracts\generated\csharp\Maliev.MessagingContracts.csproj]
B:\maliev\Maliev.MessagingContracts\generated\csharp\Contracts\MessagingContracts.cs(4346,31): warning CS1573: Parameter 'OccurredAtUtc' has no matching param tag in the XML comment for 'PIPInitiatedEvent.PIPInitiatedEvent(Guid, string, MessageType, string, string, IReadOnlyList<string>, Guid, Guid?, DateTimeOffset, bool, PIPInitiatedEventPayload)' (but other parameters do) [B:\maliev\Maliev.MessagingContracts\generated\csharp\Maliev.MessagingContracts.csproj]
B:\maliev\Maliev.MessagingContracts\generated\csharp\Contracts\MessagingContracts.cs(4347,14): warning CS1573: Parameter 'IsPublic' has no matching param tag in the XML comment for 'PIPInitiatedEvent.PIPInitiatedEvent(Guid, string, MessageType, string, string, IReadOnlyList<string>, Guid, Guid?, DateTimeOffset, bool, PIPInitiatedEventPayload)' (but other parameters do) [B:\maliev\Maliev.MessagingContracts\generated\csharp\Maliev.MessagingContracts.csproj]
B:\maliev\Maliev.MessagingContracts\generated\csharp\Contracts\MessagingContracts.cs(4375,21): warning CS1573: Parameter 'MessageId' has no matching param tag in the XML comment for 'PIPCompletedEvent.PIPCompletedEvent(Guid, string, MessageType, string, string, IReadOnlyList<string>, Guid, Guid?, DateTimeOffset, bool, PIPCompletedEventPayload)' (but other parameters do) [B:\maliev\Maliev.MessagingContracts\generated\csharp\Maliev.MessagingContracts.csproj]
B:\maliev\Maliev.MessagingContracts\generated\csharp\Contracts\MessagingContracts.cs(4376,16): warning CS1573: Parameter 'MessageName' has no matching param tag in the XML comment for 'PIPCompletedEvent.PIPCompletedEvent(Guid, string, MessageType, string, string, IReadOnlyList<string>, Guid, Guid?, DateTimeOffset, bool, PIPCompletedEventPayload)' (but other parameters do) [B:\maliev\Maliev.MessagingContracts\generated\csharp\Maliev.MessagingContracts.csproj]
B:\maliev\Maliev.MessagingContracts\generated\csharp\Contracts\MessagingContracts.cs(4377,21): warning CS1573: Parameter 'MessageType' has no matching param tag in the XML comment for 'PIPCompletedEvent.PIPCompletedEvent(Guid, string, MessageType, string, string, IReadOnlyList<string>, Guid, Guid?, DateTimeOffset, bool, PIPCompletedEventPayload)' (but other parameters do) [B:\maliev\Maliev.MessagingContracts\generated\csharp\Maliev.MessagingContracts.csproj]
B:\maliev\Maliev.MessagingContracts\generated\csharp\Contracts\MessagingContracts.cs(4378,16): warning CS1573: Parameter 'MessageVersion' has no matching param tag in the XML comment for 'PIPCompletedEvent.PIPCompletedEvent(Guid, string, MessageType, string, string, IReadOnlyList<string>, Guid, Guid?, DateTimeOffset, bool, PIPCompletedEventPayload)' (but other parameters do) [B:\maliev\Maliev.MessagingContracts\generated\csharp\Maliev.MessagingContracts.csproj]
B:\maliev\Maliev.MessagingContracts\generated\csharp\Contracts\MessagingContracts.cs(4379,16): warning CS1573: Parameter 'PublishedBy' has no matching param tag in the XML comment for 'PIPCompletedEvent.PIPCompletedEvent(Guid, string, MessageType, string, string, IReadOnlyList<string>, Guid, Guid?, DateTimeOffset, bool, PIPCompletedEventPayload)' (but other parameters do) [B:\maliev\Maliev.MessagingContracts\generated\csharp\Maliev.MessagingContracts.csproj]
B:\maliev\Maliev.MessagingContracts\generated\csharp\Contracts\MessagingContracts.cs(4380,58): warning CS1573: Parameter 'ConsumedBy' has no matching param tag in the XML comment for 'PIPCompletedEvent.PIPCompletedEvent(Guid, string, MessageType, string, string, IReadOnlyList<string>, Guid, Guid?, DateTimeOffset, bool, PIPCompletedEventPayload)' (but other parameters do) [B:\maliev\Maliev.MessagingContracts\generated\csharp\Maliev.MessagingContracts.csproj]
B:\maliev\Maliev.MessagingContracts\generated\csharp\Contracts\MessagingContracts.cs(4381,21): warning CS1573: Parameter 'CorrelationId' has no matching param tag in the XML comment for 'PIPCompletedEvent.PIPCompletedEvent(Guid, string, MessageType, string, string, IReadOnlyList<string>, Guid, Guid?, DateTimeOffset, bool, PIPCompletedEventPayload)' (but other parameters do) [B:\maliev\Maliev.MessagingContracts\generated\csharp\Maliev.MessagingContracts.csproj]
B:\maliev\Maliev.MessagingContracts\generated\csharp\Contracts\MessagingContracts.cs(4382,22): warning CS1573: Parameter 'CausationId' has no matching param tag in the XML comment for 'PIPCompletedEvent.PIPCompletedEvent(Guid, string, MessageType, string, string, IReadOnlyList<string>, Guid, Guid?, DateTimeOffset, bool, PIPCompletedEventPayload)' (but other parameters do) [B:\maliev\Maliev.MessagingContracts\generated\csharp\Maliev.MessagingContracts.csproj]
B:\maliev\Maliev.MessagingContracts\generated\csharp\Contracts\MessagingContracts.cs(4383,31): warning CS1573: Parameter 'OccurredAtUtc' has no matching param tag in the XML comment for 'PIPCompletedEvent.PIPCompletedEvent(Guid, string, MessageType, string, string, IReadOnlyList<string>, Guid, Guid?, DateTimeOffset, bool, PIPCompletedEventPayload)' (but other parameters do) [B:\maliev\Maliev.MessagingContracts\generated\csharp\Maliev.MessagingContracts.csproj]
B:\maliev\Maliev.MessagingContracts\generated\csharp\Contracts\MessagingContracts.cs(4384,14): warning CS1573: Parameter 'IsPublic' has no matching param tag in the XML comment for 'PIPCompletedEvent.PIPCompletedEvent(Guid, string, MessageType, string, string, IReadOnlyList<string>, Guid, Guid?, DateTimeOffset, bool, PIPCompletedEventPayload)' (but other parameters do) [B:\maliev\Maliev.MessagingContracts\generated\csharp\Maliev.MessagingContracts.csproj]
B:\maliev\Maliev.MessagingContracts\generated\csharp\Contracts\MessagingContracts.cs(4401,68): warning CS1573: Parameter 'PurchaseOrderNumber' has no matching param tag in the XML comment for 'PurchaseOrderCreatedEventPayload.PurchaseOrderCreatedEventPayload(int, string, int, double, string, DateTimeOffset?, string, DateTimeOffset)' (but other parameters do) [B:\maliev\Maliev.MessagingContracts\generated\csharp\Maliev.MessagingContracts.csproj]
B:\maliev\Maliev.MessagingContracts\generated\csharp\Contracts\MessagingContracts.cs(4403,60): warning CS1573: Parameter 'TotalAmount' has no matching param tag in the XML comment for 'PurchaseOrderCreatedEventPayload.PurchaseOrderCreatedEventPayload(int, string, int, double, string, DateTimeOffset?, string, DateTimeOffset)' (but other parameters do) [B:\maliev\Maliev.MessagingContracts\generated\csharp\Maliev.MessagingContracts.csproj]
B:\maliev\Maliev.MessagingContracts\generated\csharp\Contracts\MessagingContracts.cs(4404,57): warning CS1573: Parameter 'Currency' has no matching param tag in the XML comment for 'PurchaseOrderCreatedEventPayload.PurchaseOrderCreatedEventPayload(int, string, int, double, string, DateTimeOffset?, string, DateTimeOffset)' (but other parameters do) [B:\maliev\Maliev.MessagingContracts\generated\csharp\Maliev.MessagingContracts.csproj]
B:\maliev\Maliev.MessagingContracts\generated\csharp\Contracts\MessagingContracts.cs(4405,86): warning CS1573: Parameter 'RequestedDeliveryDate' has no matching param tag in the XML comment for 'PurchaseOrderCreatedEventPayload.PurchaseOrderCreatedEventPayload(int, string, int, double, string, DateTimeOffset?, string, DateTimeOffset)' (but other parameters do) [B:\maliev\Maliev.MessagingContracts\generated\csharp\Maliev.MessagingContracts.csproj]
B:\maliev\Maliev.MessagingContracts\generated\csharp\Contracts\MessagingContracts.cs(4407,73): warning CS1573: Parameter 'CreatedAt' has no matching param tag in the XML comment for 'PurchaseOrderCreatedEventPayload.PurchaseOrderCreatedEventPayload(int, string, int, double, string, DateTimeOffset?, string, DateTimeOffset)' (but other parameters do) [B:\maliev\Maliev.MessagingContracts\generated\csharp\Maliev.MessagingContracts.csproj]
B:\maliev\Maliev.MessagingContracts\generated\csharp\Contracts\MessagingContracts.cs(4419,21): warning CS1573: Parameter 'MessageId' has no matching param tag in the XML comment for 'PurchaseOrderCreatedEvent.PurchaseOrderCreatedEvent(Guid, string, MessageType, string, string, IReadOnlyList<string>, Guid, Guid?, DateTimeOffset, bool, PurchaseOrderCreatedEventPayload)' (but other parameters do) [B:\maliev\Maliev.MessagingContracts\generated\csharp\Maliev.MessagingContracts.csproj]
B:\maliev\Maliev.MessagingContracts\generated\csharp\Contracts\MessagingContracts.cs(4420,16): warning CS1573: Parameter 'MessageName' has no matching param tag in the XML comment for 'PurchaseOrderCreatedEvent.PurchaseOrderCreatedEvent(Guid, string, MessageType, string, string, IReadOnlyList<string>, Guid, Guid?, DateTimeOffset, bool, PurchaseOrderCreatedEventPayload)' (but other parameters do) [B:\maliev\Maliev.MessagingContracts\generated\csharp\Maliev.MessagingContracts.csproj]
B:\maliev\Maliev.MessagingContracts\generated\csharp\Contracts\MessagingContracts.cs(4421,21): warning CS1573: Parameter 'MessageType' has no matching param tag in the XML comment for 'PurchaseOrderCreatedEvent.PurchaseOrderCreatedEvent(Guid, string, MessageType, string, string, IReadOnlyList<string>, Guid, Guid?, DateTimeOffset, bool, PurchaseOrderCreatedEventPayload)' (but other parameters do) [B:\maliev\Maliev.MessagingContracts\generated\csharp\Maliev.MessagingContracts.csproj]
B:\maliev\Maliev.MessagingContracts\generated\csharp\Contracts\MessagingContracts.cs(4422,16): warning CS1573: Parameter 'MessageVersion' has no matching param tag in the XML comment for 'PurchaseOrderCreatedEvent.PurchaseOrderCreatedEvent(Guid, string, MessageType, string, string, IReadOnlyList<string>, Guid, Guid?, DateTimeOffset, bool, PurchaseOrderCreatedEventPayload)' (but other parameters do) [B:\maliev\Maliev.MessagingContracts\generated\csharp\Maliev.MessagingContracts.csproj]
B:\maliev\Maliev.MessagingContracts\generated\csharp\Contracts\MessagingContracts.cs(4423,16): warning CS1573: Parameter 'PublishedBy' has no matching param tag in the XML comment for 'PurchaseOrderCreatedEvent.PurchaseOrderCreatedEvent(Guid, string, MessageType, string, string, IReadOnlyList<string>, Guid, Guid?, DateTimeOffset, bool, PurchaseOrderCreatedEventPayload)' (but other parameters do) [B:\maliev\Maliev.MessagingContracts\generated\csharp\Maliev.MessagingContracts.csproj]
B:\maliev\Maliev.MessagingContracts\generated\csharp\Contracts\MessagingContracts.cs(4424,58): warning CS1573: Parameter 'ConsumedBy' has no matching param tag in the XML comment for 'PurchaseOrderCreatedEvent.PurchaseOrderCreatedEvent(Guid, string, MessageType, string, string, IReadOnlyList<string>, Guid, Guid?, DateTimeOffset, bool, PurchaseOrderCreatedEventPayload)' (but other parameters do) [B:\maliev\Maliev.MessagingContracts\generated\csharp\Maliev.MessagingContracts.csproj]
B:\maliev\Maliev.MessagingContracts\generated\csharp\Contracts\MessagingContracts.cs(4425,21): warning CS1573: Parameter 'CorrelationId' has no matching param tag in the XML comment for 'PurchaseOrderCreatedEvent.PurchaseOrderCreatedEvent(Guid, string, MessageType, string, string, IReadOnlyList<string>, Guid, Guid?, DateTimeOffset, bool, PurchaseOrderCreatedEventPayload)' (but other parameters do) [B:\maliev\Maliev.MessagingContracts\generated\csharp\Maliev.MessagingContracts.csproj]
B:\maliev\Maliev.MessagingContracts\generated\csharp\Contracts\MessagingContracts.cs(4426,22): warning CS1573: Parameter 'CausationId' has no matching param tag in the XML comment for 'PurchaseOrderCreatedEvent.PurchaseOrderCreatedEvent(Guid, string, MessageType, string, string, IReadOnlyList<string>, Guid, Guid?, DateTimeOffset, bool, PurchaseOrderCreatedEventPayload)' (but other parameters do) [B:\maliev\Maliev.MessagingContracts\generated\csharp\Maliev.MessagingContracts.csproj]
B:\maliev\Maliev.MessagingContracts\generated\csharp\Contracts\MessagingContracts.cs(4427,31): warning CS1573: Parameter 'OccurredAtUtc' has no matching param tag in the XML comment for 'PurchaseOrderCreatedEvent.PurchaseOrderCreatedEvent(Guid, string, MessageType, string, string, IReadOnlyList<string>, Guid, Guid?, DateTimeOffset, bool, PurchaseOrderCreatedEventPayload)' (but other parameters do) [B:\maliev\Maliev.MessagingContracts\generated\csharp\Maliev.MessagingContracts.csproj]
B:\maliev\Maliev.MessagingContracts\generated\csharp\Contracts\MessagingContracts.cs(4428,14): warning CS1573: Parameter 'IsPublic' has no matching param tag in the XML comment for 'PurchaseOrderCreatedEvent.PurchaseOrderCreatedEvent(Guid, string, MessageType, string, string, IReadOnlyList<string>, Guid, Guid?, DateTimeOffset, bool, PurchaseOrderCreatedEventPayload)' (but other parameters do) [B:\maliev\Maliev.MessagingContracts\generated\csharp\Maliev.MessagingContracts.csproj]
B:\maliev\Maliev.MessagingContracts\generated\csharp\Contracts\MessagingContracts.cs(4444,68): warning CS1573: Parameter 'PurchaseOrderNumber' has no matching param tag in the XML comment for 'PurchaseOrderApprovedEventPayload.PurchaseOrderApprovedEventPayload(int, string, string, DateTimeOffset)' (but other parameters do) [B:\maliev\Maliev.MessagingContracts\generated\csharp\Maliev.MessagingContracts.csproj]
B:\maliev\Maliev.MessagingContracts\generated\csharp\Contracts\MessagingContracts.cs(4446,74): warning CS1573: Parameter 'ApprovedAt' has no matching param tag in the XML comment for 'PurchaseOrderApprovedEventPayload.PurchaseOrderApprovedEventPayload(int, string, string, DateTimeOffset)' (but other parameters do) [B:\maliev\Maliev.MessagingContracts\generated\csharp\Maliev.MessagingContracts.csproj]
B:\maliev\Maliev.MessagingContracts\generated\csharp\Contracts\MessagingContracts.cs(4458,21): warning CS1573: Parameter 'MessageId' has no matching param tag in the XML comment for 'PurchaseOrderApprovedEvent.PurchaseOrderApprovedEvent(Guid, string, MessageType, string, string, IReadOnlyList<string>, Guid, Guid?, DateTimeOffset, bool, PurchaseOrderApprovedEventPayload)' (but other parameters do) [B:\maliev\Maliev.MessagingContracts\generated\csharp\Maliev.MessagingContracts.csproj]
B:\maliev\Maliev.MessagingContracts\generated\csharp\Contracts\MessagingContracts.cs(4459,16): warning CS1573: Parameter 'MessageName' has no matching param tag in the XML comment for 'PurchaseOrderApprovedEvent.PurchaseOrderApprovedEvent(Guid, string, MessageType, string, string, IReadOnlyList<string>, Guid, Guid?, DateTimeOffset, bool, PurchaseOrderApprovedEventPayload)' (but other parameters do) [B:\maliev\Maliev.MessagingContracts\generated\csharp\Maliev.MessagingContracts.csproj]
B:\maliev\Maliev.MessagingContracts\generated\csharp\Contracts\MessagingContracts.cs(4460,21): warning CS1573: Parameter 'MessageType' has no matching param tag in the XML comment for 'PurchaseOrderApprovedEvent.PurchaseOrderApprovedEvent(Guid, string, MessageType, string, string, IReadOnlyList<string>, Guid, Guid?, DateTimeOffset, bool, PurchaseOrderApprovedEventPayload)' (but other parameters do) [B:\maliev\Maliev.MessagingContracts\generated\csharp\Maliev.MessagingContracts.csproj]
B:\maliev\Maliev.MessagingContracts\generated\csharp\Contracts\MessagingContracts.cs(4461,16): warning CS1573: Parameter 'MessageVersion' has no matching param tag in the XML comment for 'PurchaseOrderApprovedEvent.PurchaseOrderApprovedEvent(Guid, string, MessageType, string, string, IReadOnlyList<string>, Guid, Guid?, DateTimeOffset, bool, PurchaseOrderApprovedEventPayload)' (but other parameters do) [B:\maliev\Maliev.MessagingContracts\generated\csharp\Maliev.MessagingContracts.csproj]
B:\maliev\Maliev.MessagingContracts\generated\csharp\Contracts\MessagingContracts.cs(4462,16): warning CS1573: Parameter 'PublishedBy' has no matching param tag in the XML comment for 'PurchaseOrderApprovedEvent.PurchaseOrderApprovedEvent(Guid, string, MessageType, string, string, IReadOnlyList<string>, Guid, Guid?, DateTimeOffset, bool, PurchaseOrderApprovedEventPayload)' (but other parameters do) [B:\maliev\Maliev.MessagingContracts\generated\csharp\Maliev.MessagingContracts.csproj]
B:\maliev\Maliev.MessagingContracts\generated\csharp\Contracts\MessagingContracts.cs(4463,58): warning CS1573: Parameter 'ConsumedBy' has no matching param tag in the XML comment for 'PurchaseOrderApprovedEvent.PurchaseOrderApprovedEvent(Guid, string, MessageType, string, string, IReadOnlyList<string>, Guid, Guid?, DateTimeOffset, bool, PurchaseOrderApprovedEventPayload)' (but other parameters do) [B:\maliev\Maliev.MessagingContracts\generated\csharp\Maliev.MessagingContracts.csproj]
B:\maliev\Maliev.MessagingContracts\generated\csharp\Contracts\MessagingContracts.cs(4464,21): warning CS1573: Parameter 'CorrelationId' has no matching param tag in the XML comment for 'PurchaseOrderApprovedEvent.PurchaseOrderApprovedEvent(Guid, string, MessageType, string, string, IReadOnlyList<string>, Guid, Guid?, DateTimeOffset, bool, PurchaseOrderApprovedEventPayload)' (but other parameters do) [B:\maliev\Maliev.MessagingContracts\generated\csharp\Maliev.MessagingContracts.csproj]
B:\maliev\Maliev.MessagingContracts\generated\csharp\Contracts\MessagingContracts.cs(4465,22): warning CS1573: Parameter 'CausationId' has no matching param tag in the XML comment for 'PurchaseOrderApprovedEvent.PurchaseOrderApprovedEvent(Guid, string, MessageType, string, string, IReadOnlyList<string>, Guid, Guid?, DateTimeOffset, bool, PurchaseOrderApprovedEventPayload)' (but other parameters do) [B:\maliev\Maliev.MessagingContracts\generated\csharp\Maliev.MessagingContracts.csproj]
B:\maliev\Maliev.MessagingContracts\generated\csharp\Contracts\MessagingContracts.cs(4466,31): warning CS1573: Parameter 'OccurredAtUtc' has no matching param tag in the XML comment for 'PurchaseOrderApprovedEvent.PurchaseOrderApprovedEvent(Guid, string, MessageType, string, string, IReadOnlyList<string>, Guid, Guid?, DateTimeOffset, bool, PurchaseOrderApprovedEventPayload)' (but other parameters do) [B:\maliev\Maliev.MessagingContracts\generated\csharp\Maliev.MessagingContracts.csproj]
B:\maliev\Maliev.MessagingContracts\generated\csharp\Contracts\MessagingContracts.cs(4467,14): warning CS1573: Parameter 'IsPublic' has no matching param tag in the XML comment for 'PurchaseOrderApprovedEvent.PurchaseOrderApprovedEvent(Guid, string, MessageType, string, string, IReadOnlyList<string>, Guid, Guid?, DateTimeOffset, bool, PurchaseOrderApprovedEventPayload)' (but other parameters do) [B:\maliev\Maliev.MessagingContracts\generated\csharp\Maliev.MessagingContracts.csproj]
B:\maliev\Maliev.MessagingContracts\generated\csharp\Contracts\MessagingContracts.cs(4484,68): warning CS1573: Parameter 'PurchaseOrderNumber' has no matching param tag in the XML comment for 'PurchaseOrderSentToSupplierEventPayload.PurchaseOrderSentToSupplierEventPayload(int, string, int, DateTimeOffset, string)' (but other parameters do) [B:\maliev\Maliev.MessagingContracts\generated\csharp\Maliev.MessagingContracts.csproj]
B:\maliev\Maliev.MessagingContracts\generated\csharp\Contracts\MessagingContracts.cs(4486,70): warning CS1573: Parameter 'SentAt' has no matching param tag in the XML comment for 'PurchaseOrderSentToSupplierEventPayload.PurchaseOrderSentToSupplierEventPayload(int, string, int, DateTimeOffset, string)' (but other parameters do) [B:\maliev\Maliev.MessagingContracts\generated\csharp\Maliev.MessagingContracts.csproj]
B:\maliev\Maliev.MessagingContracts\generated\csharp\Contracts\MessagingContracts.cs(4499,21): warning CS1573: Parameter 'MessageId' has no matching param tag in the XML comment for 'PurchaseOrderSentToSupplierEvent.PurchaseOrderSentToSupplierEvent(Guid, string, MessageType, string, string, IReadOnlyList<string>, Guid, Guid?, DateTimeOffset, bool, PurchaseOrderSentToSupplierEventPayload)' (but other parameters do) [B:\maliev\Maliev.MessagingContracts\generated\csharp\Maliev.MessagingContracts.csproj]
B:\maliev\Maliev.MessagingContracts\generated\csharp\Contracts\MessagingContracts.cs(4500,16): warning CS1573: Parameter 'MessageName' has no matching param tag in the XML comment for 'PurchaseOrderSentToSupplierEvent.PurchaseOrderSentToSupplierEvent(Guid, string, MessageType, string, string, IReadOnlyList<string>, Guid, Guid?, DateTimeOffset, bool, PurchaseOrderSentToSupplierEventPayload)' (but other parameters do) [B:\maliev\Maliev.MessagingContracts\generated\csharp\Maliev.MessagingContracts.csproj]
B:\maliev\Maliev.MessagingContracts\generated\csharp\Contracts\MessagingContracts.cs(4501,21): warning CS1573: Parameter 'MessageType' has no matching param tag in the XML comment for 'PurchaseOrderSentToSupplierEvent.PurchaseOrderSentToSupplierEvent(Guid, string, MessageType, string, string, IReadOnlyList<string>, Guid, Guid?, DateTimeOffset, bool, PurchaseOrderSentToSupplierEventPayload)' (but other parameters do) [B:\maliev\Maliev.MessagingContracts\generated\csharp\Maliev.MessagingContracts.csproj]
B:\maliev\Maliev.MessagingContracts\generated\csharp\Contracts\MessagingContracts.cs(4502,16): warning CS1573: Parameter 'MessageVersion' has no matching param tag in the XML comment for 'PurchaseOrderSentToSupplierEvent.PurchaseOrderSentToSupplierEvent(Guid, string, MessageType, string, string, IReadOnlyList<string>, Guid, Guid?, DateTimeOffset, bool, PurchaseOrderSentToSupplierEventPayload)' (but other parameters do) [B:\maliev\Maliev.MessagingContracts\generated\csharp\Maliev.MessagingContracts.csproj]
B:\maliev\Maliev.MessagingContracts\generated\csharp\Contracts\MessagingContracts.cs(4503,16): warning CS1573: Parameter 'PublishedBy' has no matching param tag in the XML comment for 'PurchaseOrderSentToSupplierEvent.PurchaseOrderSentToSupplierEvent(Guid, string, MessageType, string, string, IReadOnlyList<string>, Guid, Guid?, DateTimeOffset, bool, PurchaseOrderSentToSupplierEventPayload)' (but other parameters do) [B:\maliev\Maliev.MessagingContracts\generated\csharp\Maliev.MessagingContracts.csproj]
B:\maliev\Maliev.MessagingContracts\generated\csharp\Contracts\MessagingContracts.cs(4504,58): warning CS1573: Parameter 'ConsumedBy' has no matching param tag in the XML comment for 'PurchaseOrderSentToSupplierEvent.PurchaseOrderSentToSupplierEvent(Guid, string, MessageType, string, string, IReadOnlyList<string>, Guid, Guid?, DateTimeOffset, bool, PurchaseOrderSentToSupplierEventPayload)' (but other parameters do) [B:\maliev\Maliev.MessagingContracts\generated\csharp\Maliev.MessagingContracts.csproj]
B:\maliev\Maliev.MessagingContracts\generated\csharp\Contracts\MessagingContracts.cs(4505,21): warning CS1573: Parameter 'CorrelationId' has no matching param tag in the XML comment for 'PurchaseOrderSentToSupplierEvent.PurchaseOrderSentToSupplierEvent(Guid, string, MessageType, string, string, IReadOnlyList<string>, Guid, Guid?, DateTimeOffset, bool, PurchaseOrderSentToSupplierEventPayload)' (but other parameters do) [B:\maliev\Maliev.MessagingContracts\generated\csharp\Maliev.MessagingContracts.csproj]
B:\maliev\Maliev.MessagingContracts\generated\csharp\Contracts\MessagingContracts.cs(4506,22): warning CS1573: Parameter 'CausationId' has no matching param tag in the XML comment for 'PurchaseOrderSentToSupplierEvent.PurchaseOrderSentToSupplierEvent(Guid, string, MessageType, string, string, IReadOnlyList<string>, Guid, Guid?, DateTimeOffset, bool, PurchaseOrderSentToSupplierEventPayload)' (but other parameters do) [B:\maliev\Maliev.MessagingContracts\generated\csharp\Maliev.MessagingContracts.csproj]
B:\maliev\Maliev.MessagingContracts\generated\csharp\Contracts\MessagingContracts.cs(4507,31): warning CS1573: Parameter 'OccurredAtUtc' has no matching param tag in the XML comment for 'PurchaseOrderSentToSupplierEvent.PurchaseOrderSentToSupplierEvent(Guid, string, MessageType, string, string, IReadOnlyList<string>, Guid, Guid?, DateTimeOffset, bool, PurchaseOrderSentToSupplierEventPayload)' (but other parameters do) [B:\maliev\Maliev.MessagingContracts\generated\csharp\Maliev.MessagingContracts.csproj]
B:\maliev\Maliev.MessagingContracts\generated\csharp\Contracts\MessagingContracts.cs(4508,14): warning CS1573: Parameter 'IsPublic' has no matching param tag in the XML comment for 'PurchaseOrderSentToSupplierEvent.PurchaseOrderSentToSupplierEvent(Guid, string, MessageType, string, string, IReadOnlyList<string>, Guid, Guid?, DateTimeOffset, bool, PurchaseOrderSentToSupplierEventPayload)' (but other parameters do) [B:\maliev\Maliev.MessagingContracts\generated\csharp\Maliev.MessagingContracts.csproj]
B:\maliev\Maliev.MessagingContracts\generated\csharp\Contracts\MessagingContracts.cs(4524,68): warning CS1573: Parameter 'PurchaseOrderNumber' has no matching param tag in the XML comment for 'PurchaseOrderReceivedEventPayload.PurchaseOrderReceivedEventPayload(int, string, DateTimeOffset, string, bool)' (but other parameters do) [B:\maliev\Maliev.MessagingContracts\generated\csharp\Maliev.MessagingContracts.csproj]
B:\maliev\Maliev.MessagingContracts\generated\csharp\Contracts\MessagingContracts.cs(4525,74): warning CS1573: Parameter 'ReceivedAt' has no matching param tag in the XML comment for 'PurchaseOrderReceivedEventPayload.PurchaseOrderReceivedEventPayload(int, string, DateTimeOffset, string, bool)' (but other parameters do) [B:\maliev\Maliev.MessagingContracts\generated\csharp\Maliev.MessagingContracts.csproj]
B:\maliev\Maliev.MessagingContracts\generated\csharp\Contracts\MessagingContracts.cs(4527,63): warning CS1573: Parameter 'IsPartialReceipt' has no matching param tag in the XML comment for 'PurchaseOrderReceivedEventPayload.PurchaseOrderReceivedEventPayload(int, string, DateTimeOffset, string, bool)' (but other parameters do) [B:\maliev\Maliev.MessagingContracts\generated\csharp\Maliev.MessagingContracts.csproj]
B:\maliev\Maliev.MessagingContracts\generated\csharp\Contracts\MessagingContracts.cs(4539,21): warning CS1573: Parameter 'MessageId' has no matching param tag in the XML comment for 'PurchaseOrderReceivedEvent.PurchaseOrderReceivedEvent(Guid, string, MessageType, string, string, IReadOnlyList<string>, Guid, Guid?, DateTimeOffset, bool, PurchaseOrderReceivedEventPayload)' (but other parameters do) [B:\maliev\Maliev.MessagingContracts\generated\csharp\Maliev.MessagingContracts.csproj]
B:\maliev\Maliev.MessagingContracts\generated\csharp\Contracts\MessagingContracts.cs(4540,16): warning CS1573: Parameter 'MessageName' has no matching param tag in the XML comment for 'PurchaseOrderReceivedEvent.PurchaseOrderReceivedEvent(Guid, string, MessageType, string, string, IReadOnlyList<string>, Guid, Guid?, DateTimeOffset, bool, PurchaseOrderReceivedEventPayload)' (but other parameters do) [B:\maliev\Maliev.MessagingContracts\generated\csharp\Maliev.MessagingContracts.csproj]
B:\maliev\Maliev.MessagingContracts\generated\csharp\Contracts\MessagingContracts.cs(4541,21): warning CS1573: Parameter 'MessageType' has no matching param tag in the XML comment for 'PurchaseOrderReceivedEvent.PurchaseOrderReceivedEvent(Guid, string, MessageType, string, string, IReadOnlyList<string>, Guid, Guid?, DateTimeOffset, bool, PurchaseOrderReceivedEventPayload)' (but other parameters do) [B:\maliev\Maliev.MessagingContracts\generated\csharp\Maliev.MessagingContracts.csproj]
B:\maliev\Maliev.MessagingContracts\generated\csharp\Contracts\MessagingContracts.cs(4542,16): warning CS1573: Parameter 'MessageVersion' has no matching param tag in the XML comment for 'PurchaseOrderReceivedEvent.PurchaseOrderReceivedEvent(Guid, string, MessageType, string, string, IReadOnlyList<string>, Guid, Guid?, DateTimeOffset, bool, PurchaseOrderReceivedEventPayload)' (but other parameters do) [B:\maliev\Maliev.MessagingContracts\generated\csharp\Maliev.MessagingContracts.csproj]
B:\maliev\Maliev.MessagingContracts\generated\csharp\Contracts\MessagingContracts.cs(4543,16): warning CS1573: Parameter 'PublishedBy' has no matching param tag in the XML comment for 'PurchaseOrderReceivedEvent.PurchaseOrderReceivedEvent(Guid, string, MessageType, string, string, IReadOnlyList<string>, Guid, Guid?, DateTimeOffset, bool, PurchaseOrderReceivedEventPayload)' (but other parameters do) [B:\maliev\Maliev.MessagingContracts\generated\csharp\Maliev.MessagingContracts.csproj]
B:\maliev\Maliev.MessagingContracts\generated\csharp\Contracts\MessagingContracts.cs(4544,58): warning CS1573: Parameter 'ConsumedBy' has no matching param tag in the XML comment for 'PurchaseOrderReceivedEvent.PurchaseOrderReceivedEvent(Guid, string, MessageType, string, string, IReadOnlyList<string>, Guid, Guid?, DateTimeOffset, bool, PurchaseOrderReceivedEventPayload)' (but other parameters do) [B:\maliev\Maliev.MessagingContracts\generated\csharp\Maliev.MessagingContracts.csproj]
B:\maliev\Maliev.MessagingContracts\generated\csharp\Contracts\MessagingContracts.cs(4545,21): warning CS1573: Parameter 'CorrelationId' has no matching param tag in the XML comment for 'PurchaseOrderReceivedEvent.PurchaseOrderReceivedEvent(Guid, string, MessageType, string, string, IReadOnlyList<string>, Guid, Guid?, DateTimeOffset, bool, PurchaseOrderReceivedEventPayload)' (but other parameters do) [B:\maliev\Maliev.MessagingContracts\generated\csharp\Maliev.MessagingContracts.csproj]
B:\maliev\Maliev.MessagingContracts\generated\csharp\Contracts\MessagingContracts.cs(4546,22): warning CS1573: Parameter 'CausationId' has no matching param tag in the XML comment for 'PurchaseOrderReceivedEvent.PurchaseOrderReceivedEvent(Guid, string, MessageType, string, string, IReadOnlyList<string>, Guid, Guid?, DateTimeOffset, bool, PurchaseOrderReceivedEventPayload)' (but other parameters do) [B:\maliev\Maliev.MessagingContracts\generated\csharp\Maliev.MessagingContracts.csproj]
B:\maliev\Maliev.MessagingContracts\generated\csharp\Contracts\MessagingContracts.cs(4547,31): warning CS1573: Parameter 'OccurredAtUtc' has no matching param tag in the XML comment for 'PurchaseOrderReceivedEvent.PurchaseOrderReceivedEvent(Guid, string, MessageType, string, string, IReadOnlyList<string>, Guid, Guid?, DateTimeOffset, bool, PurchaseOrderReceivedEventPayload)' (but other parameters do) [B:\maliev\Maliev.MessagingContracts\generated\csharp\Maliev.MessagingContracts.csproj]
B:\maliev\Maliev.MessagingContracts\generated\csharp\Contracts\MessagingContracts.cs(4548,14): warning CS1573: Parameter 'IsPublic' has no matching param tag in the XML comment for 'PurchaseOrderReceivedEvent.PurchaseOrderReceivedEvent(Guid, string, MessageType, string, string, IReadOnlyList<string>, Guid, Guid?, DateTimeOffset, bool, PurchaseOrderReceivedEventPayload)' (but other parameters do) [B:\maliev\Maliev.MessagingContracts\generated\csharp\Maliev.MessagingContracts.csproj]
B:\maliev\Maliev.MessagingContracts\generated\csharp\Contracts\MessagingContracts.cs(4564,68): warning CS1573: Parameter 'PurchaseOrderNumber' has no matching param tag in the XML comment for 'PurchaseOrderCancelledEventPayload.PurchaseOrderCancelledEventPayload(int, string, string, DateTimeOffset, string)' (but other parameters do) [B:\maliev\Maliev.MessagingContracts\generated\csharp\Maliev.MessagingContracts.csproj]
B:\maliev\Maliev.MessagingContracts\generated\csharp\Contracts\MessagingContracts.cs(4566,75): warning CS1573: Parameter 'CancelledAt' has no matching param tag in the XML comment for 'PurchaseOrderCancelledEventPayload.PurchaseOrderCancelledEventPayload(int, string, string, DateTimeOffset, string)' (but other parameters do) [B:\maliev\Maliev.MessagingContracts\generated\csharp\Maliev.MessagingContracts.csproj]
B:\maliev\Maliev.MessagingContracts\generated\csharp\Contracts\MessagingContracts.cs(4567,67): warning CS1573: Parameter 'CancellationReason' has no matching param tag in the XML comment for 'PurchaseOrderCancelledEventPayload.PurchaseOrderCancelledEventPayload(int, string, string, DateTimeOffset, string)' (but other parameters do) [B:\maliev\Maliev.MessagingContracts\generated\csharp\Maliev.MessagingContracts.csproj]
B:\maliev\Maliev.MessagingContracts\generated\csharp\Contracts\MessagingContracts.cs(4579,21): warning CS1573: Parameter 'MessageId' has no matching param tag in the XML comment for 'PurchaseOrderCancelledEvent.PurchaseOrderCancelledEvent(Guid, string, MessageType, string, string, IReadOnlyList<string>, Guid, Guid?, DateTimeOffset, bool, PurchaseOrderCancelledEventPayload)' (but other parameters do) [B:\maliev\Maliev.MessagingContracts\generated\csharp\Maliev.MessagingContracts.csproj]
B:\maliev\Maliev.MessagingContracts\generated\csharp\Contracts\MessagingContracts.cs(4580,16): warning CS1573: Parameter 'MessageName' has no matching param tag in the XML comment for 'PurchaseOrderCancelledEvent.PurchaseOrderCancelledEvent(Guid, string, MessageType, string, string, IReadOnlyList<string>, Guid, Guid?, DateTimeOffset, bool, PurchaseOrderCancelledEventPayload)' (but other parameters do) [B:\maliev\Maliev.MessagingContracts\generated\csharp\Maliev.MessagingContracts.csproj]
B:\maliev\Maliev.MessagingContracts\generated\csharp\Contracts\MessagingContracts.cs(4581,21): warning CS1573: Parameter 'MessageType' has no matching param tag in the XML comment for 'PurchaseOrderCancelledEvent.PurchaseOrderCancelledEvent(Guid, string, MessageType, string, string, IReadOnlyList<string>, Guid, Guid?, DateTimeOffset, bool, PurchaseOrderCancelledEventPayload)' (but other parameters do) [B:\maliev\Maliev.MessagingContracts\generated\csharp\Maliev.MessagingContracts.csproj]
B:\maliev\Maliev.MessagingContracts\generated\csharp\Contracts\MessagingContracts.cs(4582,16): warning CS1573: Parameter 'MessageVersion' has no matching param tag in the XML comment for 'PurchaseOrderCancelledEvent.PurchaseOrderCancelledEvent(Guid, string, MessageType, string, string, IReadOnlyList<string>, Guid, Guid?, DateTimeOffset, bool, PurchaseOrderCancelledEventPayload)' (but other parameters do) [B:\maliev\Maliev.MessagingContracts\generated\csharp\Maliev.MessagingContracts.csproj]
B:\maliev\Maliev.MessagingContracts\generated\csharp\Contracts\MessagingContracts.cs(4583,16): warning CS1573: Parameter 'PublishedBy' has no matching param tag in the XML comment for 'PurchaseOrderCancelledEvent.PurchaseOrderCancelledEvent(Guid, string, MessageType, string, string, IReadOnlyList<string>, Guid, Guid?, DateTimeOffset, bool, PurchaseOrderCancelledEventPayload)' (but other parameters do) [B:\maliev\Maliev.MessagingContracts\generated\csharp\Maliev.MessagingContracts.csproj]
B:\maliev\Maliev.MessagingContracts\generated\csharp\Contracts\MessagingContracts.cs(4584,58): warning CS1573: Parameter 'ConsumedBy' has no matching param tag in the XML comment for 'PurchaseOrderCancelledEvent.PurchaseOrderCancelledEvent(Guid, string, MessageType, string, string, IReadOnlyList<string>, Guid, Guid?, DateTimeOffset, bool, PurchaseOrderCancelledEventPayload)' (but other parameters do) [B:\maliev\Maliev.MessagingContracts\generated\csharp\Maliev.MessagingContracts.csproj]
B:\maliev\Maliev.MessagingContracts\generated\csharp\Contracts\MessagingContracts.cs(4585,21): warning CS1573: Parameter 'CorrelationId' has no matching param tag in the XML comment for 'PurchaseOrderCancelledEvent.PurchaseOrderCancelledEvent(Guid, string, MessageType, string, string, IReadOnlyList<string>, Guid, Guid?, DateTimeOffset, bool, PurchaseOrderCancelledEventPayload)' (but other parameters do) [B:\maliev\Maliev.MessagingContracts\generated\csharp\Maliev.MessagingContracts.csproj]
B:\maliev\Maliev.MessagingContracts\generated\csharp\Contracts\MessagingContracts.cs(4586,22): warning CS1573: Parameter 'CausationId' has no matching param tag in the XML comment for 'PurchaseOrderCancelledEvent.PurchaseOrderCancelledEvent(Guid, string, MessageType, string, string, IReadOnlyList<string>, Guid, Guid?, DateTimeOffset, bool, PurchaseOrderCancelledEventPayload)' (but other parameters do) [B:\maliev\Maliev.MessagingContracts\generated\csharp\Maliev.MessagingContracts.csproj]
B:\maliev\Maliev.MessagingContracts\generated\csharp\Contracts\MessagingContracts.cs(4587,31): warning CS1573: Parameter 'OccurredAtUtc' has no matching param tag in the XML comment for 'PurchaseOrderCancelledEvent.PurchaseOrderCancelledEvent(Guid, string, MessageType, string, string, IReadOnlyList<string>, Guid, Guid?, DateTimeOffset, bool, PurchaseOrderCancelledEventPayload)' (but other parameters do) [B:\maliev\Maliev.MessagingContracts\generated\csharp\Maliev.MessagingContracts.csproj]
B:\maliev\Maliev.MessagingContracts\generated\csharp\Contracts\MessagingContracts.cs(4588,14): warning CS1573: Parameter 'IsPublic' has no matching param tag in the XML comment for 'PurchaseOrderCancelledEvent.PurchaseOrderCancelledEvent(Guid, string, MessageType, string, string, IReadOnlyList<string>, Guid, Guid?, DateTimeOffset, bool, PurchaseOrderCancelledEventPayload)' (but other parameters do) [B:\maliev\Maliev.MessagingContracts\generated\csharp\Maliev.MessagingContracts.csproj]
B:\maliev\Maliev.MessagingContracts\generated\csharp\Contracts\MessagingContracts.cs(4605,65): warning CS1573: Parameter 'QuotationId' has no matching param tag in the XML comment for 'QuotationCreatedEventPayload.QuotationCreatedEventPayload(Guid, string, Guid, double, string, DateTimeOffset, string, DateTimeOffset)' (but other parameters do) [B:\maliev\Maliev.MessagingContracts\generated\csharp\Maliev.MessagingContracts.csproj]
B:\maliev\Maliev.MessagingContracts\generated\csharp\Contracts\MessagingContracts.cs(4607,64): warning CS1573: Parameter 'CustomerId' has no matching param tag in the XML comment for 'QuotationCreatedEventPayload.QuotationCreatedEventPayload(Guid, string, Guid, double, string, DateTimeOffset, string, DateTimeOffset)' (but other parameters do) [B:\maliev\Maliev.MessagingContracts\generated\csharp\Maliev.MessagingContracts.csproj]
B:\maliev\Maliev.MessagingContracts\generated\csharp\Contracts\MessagingContracts.cs(4609,57): warning CS1573: Parameter 'Currency' has no matching param tag in the XML comment for 'QuotationCreatedEventPayload.QuotationCreatedEventPayload(Guid, string, Guid, double, string, DateTimeOffset, string, DateTimeOffset)' (but other parameters do) [B:\maliev\Maliev.MessagingContracts\generated\csharp\Maliev.MessagingContracts.csproj]
B:\maliev\Maliev.MessagingContracts\generated\csharp\Contracts\MessagingContracts.cs(4612,73): warning CS1573: Parameter 'CreatedAt' has no matching param tag in the XML comment for 'QuotationCreatedEventPayload.QuotationCreatedEventPayload(Guid, string, Guid, double, string, DateTimeOffset, string, DateTimeOffset)' (but other parameters do) [B:\maliev\Maliev.MessagingContracts\generated\csharp\Maliev.MessagingContracts.csproj]
B:\maliev\Maliev.MessagingContracts\generated\csharp\Contracts\MessagingContracts.cs(4624,21): warning CS1573: Parameter 'MessageId' has no matching param tag in the XML comment for 'QuotationCreatedEvent.QuotationCreatedEvent(Guid, string, MessageType, string, string, IReadOnlyList<string>, Guid, Guid?, DateTimeOffset, bool, QuotationCreatedEventPayload)' (but other parameters do) [B:\maliev\Maliev.MessagingContracts\generated\csharp\Maliev.MessagingContracts.csproj]
B:\maliev\Maliev.MessagingContracts\generated\csharp\Contracts\MessagingContracts.cs(4625,16): warning CS1573: Parameter 'MessageName' has no matching param tag in the XML comment for 'QuotationCreatedEvent.QuotationCreatedEvent(Guid, string, MessageType, string, string, IReadOnlyList<string>, Guid, Guid?, DateTimeOffset, bool, QuotationCreatedEventPayload)' (but other parameters do) [B:\maliev\Maliev.MessagingContracts\generated\csharp\Maliev.MessagingContracts.csproj]
B:\maliev\Maliev.MessagingContracts\generated\csharp\Contracts\MessagingContracts.cs(4626,21): warning CS1573: Parameter 'MessageType' has no matching param tag in the XML comment for 'QuotationCreatedEvent.QuotationCreatedEvent(Guid, string, MessageType, string, string, IReadOnlyList<string>, Guid, Guid?, DateTimeOffset, bool, QuotationCreatedEventPayload)' (but other parameters do) [B:\maliev\Maliev.MessagingContracts\generated\csharp\Maliev.MessagingContracts.csproj]
B:\maliev\Maliev.MessagingContracts\generated\csharp\Contracts\MessagingContracts.cs(4627,16): warning CS1573: Parameter 'MessageVersion' has no matching param tag in the XML comment for 'QuotationCreatedEvent.QuotationCreatedEvent(Guid, string, MessageType, string, string, IReadOnlyList<string>, Guid, Guid?, DateTimeOffset, bool, QuotationCreatedEventPayload)' (but other parameters do) [B:\maliev\Maliev.MessagingContracts\generated\csharp\Maliev.MessagingContracts.csproj]
B:\maliev\Maliev.MessagingContracts\generated\csharp\Contracts\MessagingContracts.cs(4628,16): warning CS1573: Parameter 'PublishedBy' has no matching param tag in the XML comment for 'QuotationCreatedEvent.QuotationCreatedEvent(Guid, string, MessageType, string, string, IReadOnlyList<string>, Guid, Guid?, DateTimeOffset, bool, QuotationCreatedEventPayload)' (but other parameters do) [B:\maliev\Maliev.MessagingContracts\generated\csharp\Maliev.MessagingContracts.csproj]
B:\maliev\Maliev.MessagingContracts\generated\csharp\Contracts\MessagingContracts.cs(4629,58): warning CS1573: Parameter 'ConsumedBy' has no matching param tag in the XML comment for 'QuotationCreatedEvent.QuotationCreatedEvent(Guid, string, MessageType, string, string, IReadOnlyList<string>, Guid, Guid?, DateTimeOffset, bool, QuotationCreatedEventPayload)' (but other parameters do) [B:\maliev\Maliev.MessagingContracts\generated\csharp\Maliev.MessagingContracts.csproj]
B:\maliev\Maliev.MessagingContracts\generated\csharp\Contracts\MessagingContracts.cs(4630,21): warning CS1573: Parameter 'CorrelationId' has no matching param tag in the XML comment for 'QuotationCreatedEvent.QuotationCreatedEvent(Guid, string, MessageType, string, string, IReadOnlyList<string>, Guid, Guid?, DateTimeOffset, bool, QuotationCreatedEventPayload)' (but other parameters do) [B:\maliev\Maliev.MessagingContracts\generated\csharp\Maliev.MessagingContracts.csproj]
B:\maliev\Maliev.MessagingContracts\generated\csharp\Contracts\MessagingContracts.cs(4631,22): warning CS1573: Parameter 'CausationId' has no matching param tag in the XML comment for 'QuotationCreatedEvent.QuotationCreatedEvent(Guid, string, MessageType, string, string, IReadOnlyList<string>, Guid, Guid?, DateTimeOffset, bool, QuotationCreatedEventPayload)' (but other parameters do) [B:\maliev\Maliev.MessagingContracts\generated\csharp\Maliev.MessagingContracts.csproj]
B:\maliev\Maliev.MessagingContracts\generated\csharp\Contracts\MessagingContracts.cs(4632,31): warning CS1573: Parameter 'OccurredAtUtc' has no matching param tag in the XML comment for 'QuotationCreatedEvent.QuotationCreatedEvent(Guid, string, MessageType, string, string, IReadOnlyList<string>, Guid, Guid?, DateTimeOffset, bool, QuotationCreatedEventPayload)' (but other parameters do) [B:\maliev\Maliev.MessagingContracts\generated\csharp\Maliev.MessagingContracts.csproj]
B:\maliev\Maliev.MessagingContracts\generated\csharp\Contracts\MessagingContracts.cs(4633,14): warning CS1573: Parameter 'IsPublic' has no matching param tag in the XML comment for 'QuotationCreatedEvent.QuotationCreatedEvent(Guid, string, MessageType, string, string, IReadOnlyList<string>, Guid, Guid?, DateTimeOffset, bool, QuotationCreatedEventPayload)' (but other parameters do) [B:\maliev\Maliev.MessagingContracts\generated\csharp\Maliev.MessagingContracts.csproj]
B:\maliev\Maliev.MessagingContracts\generated\csharp\Contracts\MessagingContracts.cs(4648,65): warning CS1573: Parameter 'QuotationId' has no matching param tag in the XML comment for 'QuotationAcceptedEventPayload.QuotationAcceptedEventPayload(Guid, string, Guid, double, string, DateTimeOffset, string)' (but other parameters do) [B:\maliev\Maliev.MessagingContracts\generated\csharp\Maliev.MessagingContracts.csproj]
B:\maliev\Maliev.MessagingContracts\generated\csharp\Contracts\MessagingContracts.cs(4649,64): warning CS1573: Parameter 'QuotationNumber' has no matching param tag in the XML comment for 'QuotationAcceptedEventPayload.QuotationAcceptedEventPayload(Guid, string, Guid, double, string, DateTimeOffset, string)' (but other parameters do) [B:\maliev\Maliev.MessagingContracts\generated\csharp\Maliev.MessagingContracts.csproj]
B:\maliev\Maliev.MessagingContracts\generated\csharp\Contracts\MessagingContracts.cs(4650,64): warning CS1573: Parameter 'CustomerId' has no matching param tag in the XML comment for 'QuotationAcceptedEventPayload.QuotationAcceptedEventPayload(Guid, string, Guid, double, string, DateTimeOffset, string)' (but other parameters do) [B:\maliev\Maliev.MessagingContracts\generated\csharp\Maliev.MessagingContracts.csproj]
B:\maliev\Maliev.MessagingContracts\generated\csharp\Contracts\MessagingContracts.cs(4652,57): warning CS1573: Parameter 'Currency' has no matching param tag in the XML comment for 'QuotationAcceptedEventPayload.QuotationAcceptedEventPayload(Guid, string, Guid, double, string, DateTimeOffset, string)' (but other parameters do) [B:\maliev\Maliev.MessagingContracts\generated\csharp\Maliev.MessagingContracts.csproj]
B:\maliev\Maliev.MessagingContracts\generated\csharp\Contracts\MessagingContracts.cs(4653,74): warning CS1573: Parameter 'AcceptedAt' has no matching param tag in the XML comment for 'QuotationAcceptedEventPayload.QuotationAcceptedEventPayload(Guid, string, Guid, double, string, DateTimeOffset, string)' (but other parameters do) [B:\maliev\Maliev.MessagingContracts\generated\csharp\Maliev.MessagingContracts.csproj]
B:\maliev\Maliev.MessagingContracts\generated\csharp\Contracts\MessagingContracts.cs(4666,21): warning CS1573: Parameter 'MessageId' has no matching param tag in the XML comment for 'QuotationAcceptedEvent.QuotationAcceptedEvent(Guid, string, MessageType, string, string, IReadOnlyList<string>, Guid, Guid?, DateTimeOffset, bool, QuotationAcceptedEventPayload)' (but other parameters do) [B:\maliev\Maliev.MessagingContracts\generated\csharp\Maliev.MessagingContracts.csproj]
B:\maliev\Maliev.MessagingContracts\generated\csharp\Contracts\MessagingContracts.cs(4667,16): warning CS1573: Parameter 'MessageName' has no matching param tag in the XML comment for 'QuotationAcceptedEvent.QuotationAcceptedEvent(Guid, string, MessageType, string, string, IReadOnlyList<string>, Guid, Guid?, DateTimeOffset, bool, QuotationAcceptedEventPayload)' (but other parameters do) [B:\maliev\Maliev.MessagingContracts\generated\csharp\Maliev.MessagingContracts.csproj]
B:\maliev\Maliev.MessagingContracts\generated\csharp\Contracts\MessagingContracts.cs(4668,21): warning CS1573: Parameter 'MessageType' has no matching param tag in the XML comment for 'QuotationAcceptedEvent.QuotationAcceptedEvent(Guid, string, MessageType, string, string, IReadOnlyList<string>, Guid, Guid?, DateTimeOffset, bool, QuotationAcceptedEventPayload)' (but other parameters do) [B:\maliev\Maliev.MessagingContracts\generated\csharp\Maliev.MessagingContracts.csproj]
B:\maliev\Maliev.MessagingContracts\generated\csharp\Contracts\MessagingContracts.cs(4669,16): warning CS1573: Parameter 'MessageVersion' has no matching param tag in the XML comment for 'QuotationAcceptedEvent.QuotationAcceptedEvent(Guid, string, MessageType, string, string, IReadOnlyList<string>, Guid, Guid?, DateTimeOffset, bool, QuotationAcceptedEventPayload)' (but other parameters do) [B:\maliev\Maliev.MessagingContracts\generated\csharp\Maliev.MessagingContracts.csproj]
B:\maliev\Maliev.MessagingContracts\generated\csharp\Contracts\MessagingContracts.cs(4670,16): warning CS1573: Parameter 'PublishedBy' has no matching param tag in the XML comment for 'QuotationAcceptedEvent.QuotationAcceptedEvent(Guid, string, MessageType, string, string, IReadOnlyList<string>, Guid, Guid?, DateTimeOffset, bool, QuotationAcceptedEventPayload)' (but other parameters do) [B:\maliev\Maliev.MessagingContracts\generated\csharp\Maliev.MessagingContracts.csproj]
B:\maliev\Maliev.MessagingContracts\generated\csharp\Contracts\MessagingContracts.cs(4671,58): warning CS1573: Parameter 'ConsumedBy' has no matching param tag in the XML comment for 'QuotationAcceptedEvent.QuotationAcceptedEvent(Guid, string, MessageType, string, string, IReadOnlyList<string>, Guid, Guid?, DateTimeOffset, bool, QuotationAcceptedEventPayload)' (but other parameters do) [B:\maliev\Maliev.MessagingContracts\generated\csharp\Maliev.MessagingContracts.csproj]
B:\maliev\Maliev.MessagingContracts\generated\csharp\Contracts\MessagingContracts.cs(4672,21): warning CS1573: Parameter 'CorrelationId' has no matching param tag in the XML comment for 'QuotationAcceptedEvent.QuotationAcceptedEvent(Guid, string, MessageType, string, string, IReadOnlyList<string>, Guid, Guid?, DateTimeOffset, bool, QuotationAcceptedEventPayload)' (but other parameters do) [B:\maliev\Maliev.MessagingContracts\generated\csharp\Maliev.MessagingContracts.csproj]
B:\maliev\Maliev.MessagingContracts\generated\csharp\Contracts\MessagingContracts.cs(4673,22): warning CS1573: Parameter 'CausationId' has no matching param tag in the XML comment for 'QuotationAcceptedEvent.QuotationAcceptedEvent(Guid, string, MessageType, string, string, IReadOnlyList<string>, Guid, Guid?, DateTimeOffset, bool, QuotationAcceptedEventPayload)' (but other parameters do) [B:\maliev\Maliev.MessagingContracts\generated\csharp\Maliev.MessagingContracts.csproj]
B:\maliev\Maliev.MessagingContracts\generated\csharp\Contracts\MessagingContracts.cs(4674,31): warning CS1573: Parameter 'OccurredAtUtc' has no matching param tag in the XML comment for 'QuotationAcceptedEvent.QuotationAcceptedEvent(Guid, string, MessageType, string, string, IReadOnlyList<string>, Guid, Guid?, DateTimeOffset, bool, QuotationAcceptedEventPayload)' (but other parameters do) [B:\maliev\Maliev.MessagingContracts\generated\csharp\Maliev.MessagingContracts.csproj]
B:\maliev\Maliev.MessagingContracts\generated\csharp\Contracts\MessagingContracts.cs(4675,14): warning CS1573: Parameter 'IsPublic' has no matching param tag in the XML comment for 'QuotationAcceptedEvent.QuotationAcceptedEvent(Guid, string, MessageType, string, string, IReadOnlyList<string>, Guid, Guid?, DateTimeOffset, bool, QuotationAcceptedEventPayload)' (but other parameters do) [B:\maliev\Maliev.MessagingContracts\generated\csharp\Maliev.MessagingContracts.csproj]
B:\maliev\Maliev.MessagingContracts\generated\csharp\Contracts\MessagingContracts.cs(4690,65): warning CS1573: Parameter 'QuotationId' has no matching param tag in the XML comment for 'QuotationCancelledEventPayload.QuotationCancelledEventPayload(Guid, string, Guid, DateTimeOffset, string, string?)' (but other parameters do) [B:\maliev\Maliev.MessagingContracts\generated\csharp\Maliev.MessagingContracts.csproj]
B:\maliev\Maliev.MessagingContracts\generated\csharp\Contracts\MessagingContracts.cs(4691,64): warning CS1573: Parameter 'QuotationNumber' has no matching param tag in the XML comment for 'QuotationCancelledEventPayload.QuotationCancelledEventPayload(Guid, string, Guid, DateTimeOffset, string, string?)' (but other parameters do) [B:\maliev\Maliev.MessagingContracts\generated\csharp\Maliev.MessagingContracts.csproj]
B:\maliev\Maliev.MessagingContracts\generated\csharp\Contracts\MessagingContracts.cs(4692,64): warning CS1573: Parameter 'CustomerId' has no matching param tag in the XML comment for 'QuotationCancelledEventPayload.QuotationCancelledEventPayload(Guid, string, Guid, DateTimeOffset, string, string?)' (but other parameters do) [B:\maliev\Maliev.MessagingContracts\generated\csharp\Maliev.MessagingContracts.csproj]
B:\maliev\Maliev.MessagingContracts\generated\csharp\Contracts\MessagingContracts.cs(4693,75): warning CS1573: Parameter 'CancelledAt' has no matching param tag in the XML comment for 'QuotationCancelledEventPayload.QuotationCancelledEventPayload(Guid, string, Guid, DateTimeOffset, string, string?)' (but other parameters do) [B:\maliev\Maliev.MessagingContracts\generated\csharp\Maliev.MessagingContracts.csproj]
B:\maliev\Maliev.MessagingContracts\generated\csharp\Contracts\MessagingContracts.cs(4707,21): warning CS1573: Parameter 'MessageId' has no matching param tag in the XML comment for 'QuotationCancelledEvent.QuotationCancelledEvent(Guid, string, MessageType, string, string, IReadOnlyList<string>, Guid, Guid?, DateTimeOffset, bool, QuotationCancelledEventPayload)' (but other parameters do) [B:\maliev\Maliev.MessagingContracts\generated\csharp\Maliev.MessagingContracts.csproj]
B:\maliev\Maliev.MessagingContracts\generated\csharp\Contracts\MessagingContracts.cs(4708,16): warning CS1573: Parameter 'MessageName' has no matching param tag in the XML comment for 'QuotationCancelledEvent.QuotationCancelledEvent(Guid, string, MessageType, string, string, IReadOnlyList<string>, Guid, Guid?, DateTimeOffset, bool, QuotationCancelledEventPayload)' (but other parameters do) [B:\maliev\Maliev.MessagingContracts\generated\csharp\Maliev.MessagingContracts.csproj]
B:\maliev\Maliev.MessagingContracts\generated\csharp\Contracts\MessagingContracts.cs(4709,21): warning CS1573: Parameter 'MessageType' has no matching param tag in the XML comment for 'QuotationCancelledEvent.QuotationCancelledEvent(Guid, string, MessageType, string, string, IReadOnlyList<string>, Guid, Guid?, DateTimeOffset, bool, QuotationCancelledEventPayload)' (but other parameters do) [B:\maliev\Maliev.MessagingContracts\generated\csharp\Maliev.MessagingContracts.csproj]
B:\maliev\Maliev.MessagingContracts\generated\csharp\Contracts\MessagingContracts.cs(4710,16): warning CS1573: Parameter 'MessageVersion' has no matching param tag in the XML comment for 'QuotationCancelledEvent.QuotationCancelledEvent(Guid, string, MessageType, string, string, IReadOnlyList<string>, Guid, Guid?, DateTimeOffset, bool, QuotationCancelledEventPayload)' (but other parameters do) [B:\maliev\Maliev.MessagingContracts\generated\csharp\Maliev.MessagingContracts.csproj]
B:\maliev\Maliev.MessagingContracts\generated\csharp\Contracts\MessagingContracts.cs(4711,16): warning CS1573: Parameter 'PublishedBy' has no matching param tag in the XML comment for 'QuotationCancelledEvent.QuotationCancelledEvent(Guid, string, MessageType, string, string, IReadOnlyList<string>, Guid, Guid?, DateTimeOffset, bool, QuotationCancelledEventPayload)' (but other parameters do) [B:\maliev\Maliev.MessagingContracts\generated\csharp\Maliev.MessagingContracts.csproj]
B:\maliev\Maliev.MessagingContracts\generated\csharp\Contracts\MessagingContracts.cs(4712,58): warning CS1573: Parameter 'ConsumedBy' has no matching param tag in the XML comment for 'QuotationCancelledEvent.QuotationCancelledEvent(Guid, string, MessageType, string, string, IReadOnlyList<string>, Guid, Guid?, DateTimeOffset, bool, QuotationCancelledEventPayload)' (but other parameters do) [B:\maliev\Maliev.MessagingContracts\generated\csharp\Maliev.MessagingContracts.csproj]
B:\maliev\Maliev.MessagingContracts\generated\csharp\Contracts\MessagingContracts.cs(4713,21): warning CS1573: Parameter 'CorrelationId' has no matching param tag in the XML comment for 'QuotationCancelledEvent.QuotationCancelledEvent(Guid, string, MessageType, string, string, IReadOnlyList<string>, Guid, Guid?, DateTimeOffset, bool, QuotationCancelledEventPayload)' (but other parameters do) [B:\maliev\Maliev.MessagingContracts\generated\csharp\Maliev.MessagingContracts.csproj]
B:\maliev\Maliev.MessagingContracts\generated\csharp\Contracts\MessagingContracts.cs(4714,22): warning CS1573: Parameter 'CausationId' has no matching param tag in the XML comment for 'QuotationCancelledEvent.QuotationCancelledEvent(Guid, string, MessageType, string, string, IReadOnlyList<string>, Guid, Guid?, DateTimeOffset, bool, QuotationCancelledEventPayload)' (but other parameters do) [B:\maliev\Maliev.MessagingContracts\generated\csharp\Maliev.MessagingContracts.csproj]
B:\maliev\Maliev.MessagingContracts\generated\csharp\Contracts\MessagingContracts.cs(4715,31): warning CS1573: Parameter 'OccurredAtUtc' has no matching param tag in the XML comment for 'QuotationCancelledEvent.QuotationCancelledEvent(Guid, string, MessageType, string, string, IReadOnlyList<string>, Guid, Guid?, DateTimeOffset, bool, QuotationCancelledEventPayload)' (but other parameters do) [B:\maliev\Maliev.MessagingContracts\generated\csharp\Maliev.MessagingContracts.csproj]
B:\maliev\Maliev.MessagingContracts\generated\csharp\Contracts\MessagingContracts.cs(4716,14): warning CS1573: Parameter 'IsPublic' has no matching param tag in the XML comment for 'QuotationCancelledEvent.QuotationCancelledEvent(Guid, string, MessageType, string, string, IReadOnlyList<string>, Guid, Guid?, DateTimeOffset, bool, QuotationCancelledEventPayload)' (but other parameters do) [B:\maliev\Maliev.MessagingContracts\generated\csharp\Maliev.MessagingContracts.csproj]
B:\maliev\Maliev.MessagingContracts\generated\csharp\Contracts\MessagingContracts.cs(4730,65): warning CS1573: Parameter 'QuotationId' has no matching param tag in the XML comment for 'QuotationExpiredEventPayload.QuotationExpiredEventPayload(Guid, string, Guid, DateTimeOffset, DateTimeOffset)' (but other parameters do) [B:\maliev\Maliev.MessagingContracts\generated\csharp\Maliev.MessagingContracts.csproj]
B:\maliev\Maliev.MessagingContracts\generated\csharp\Contracts\MessagingContracts.cs(4731,64): warning CS1573: Parameter 'QuotationNumber' has no matching param tag in the XML comment for 'QuotationExpiredEventPayload.QuotationExpiredEventPayload(Guid, string, Guid, DateTimeOffset, DateTimeOffset)' (but other parameters do) [B:\maliev\Maliev.MessagingContracts\generated\csharp\Maliev.MessagingContracts.csproj]
B:\maliev\Maliev.MessagingContracts\generated\csharp\Contracts\MessagingContracts.cs(4732,64): warning CS1573: Parameter 'CustomerId' has no matching param tag in the XML comment for 'QuotationExpiredEventPayload.QuotationExpiredEventPayload(Guid, string, Guid, DateTimeOffset, DateTimeOffset)' (but other parameters do) [B:\maliev\Maliev.MessagingContracts\generated\csharp\Maliev.MessagingContracts.csproj]
B:\maliev\Maliev.MessagingContracts\generated\csharp\Contracts\MessagingContracts.cs(4734,73): warning CS1573: Parameter 'ExpiredAt' has no matching param tag in the XML comment for 'QuotationExpiredEventPayload.QuotationExpiredEventPayload(Guid, string, Guid, DateTimeOffset, DateTimeOffset)' (but other parameters do) [B:\maliev\Maliev.MessagingContracts\generated\csharp\Maliev.MessagingContracts.csproj]
B:\maliev\Maliev.MessagingContracts\generated\csharp\Contracts\MessagingContracts.cs(4746,21): warning CS1573: Parameter 'MessageId' has no matching param tag in the XML comment for 'QuotationExpiredEvent.QuotationExpiredEvent(Guid, string, MessageType, string, string, IReadOnlyList<string>, Guid, Guid?, DateTimeOffset, bool, QuotationExpiredEventPayload)' (but other parameters do) [B:\maliev\Maliev.MessagingContracts\generated\csharp\Maliev.MessagingContracts.csproj]
B:\maliev\Maliev.MessagingContracts\generated\csharp\Contracts\MessagingContracts.cs(4747,16): warning CS1573: Parameter 'MessageName' has no matching param tag in the XML comment for 'QuotationExpiredEvent.QuotationExpiredEvent(Guid, string, MessageType, string, string, IReadOnlyList<string>, Guid, Guid?, DateTimeOffset, bool, QuotationExpiredEventPayload)' (but other parameters do) [B:\maliev\Maliev.MessagingContracts\generated\csharp\Maliev.MessagingContracts.csproj]
B:\maliev\Maliev.MessagingContracts\generated\csharp\Contracts\MessagingContracts.cs(4748,21): warning CS1573: Parameter 'MessageType' has no matching param tag in the XML comment for 'QuotationExpiredEvent.QuotationExpiredEvent(Guid, string, MessageType, string, string, IReadOnlyList<string>, Guid, Guid?, DateTimeOffset, bool, QuotationExpiredEventPayload)' (but other parameters do) [B:\maliev\Maliev.MessagingContracts\generated\csharp\Maliev.MessagingContracts.csproj]
B:\maliev\Maliev.MessagingContracts\generated\csharp\Contracts\MessagingContracts.cs(4749,16): warning CS1573: Parameter 'MessageVersion' has no matching param tag in the XML comment for 'QuotationExpiredEvent.QuotationExpiredEvent(Guid, string, MessageType, string, string, IReadOnlyList<string>, Guid, Guid?, DateTimeOffset, bool, QuotationExpiredEventPayload)' (but other parameters do) [B:\maliev\Maliev.MessagingContracts\generated\csharp\Maliev.MessagingContracts.csproj]
B:\maliev\Maliev.MessagingContracts\generated\csharp\Contracts\MessagingContracts.cs(4750,16): warning CS1573: Parameter 'PublishedBy' has no matching param tag in the XML comment for 'QuotationExpiredEvent.QuotationExpiredEvent(Guid, string, MessageType, string, string, IReadOnlyList<string>, Guid, Guid?, DateTimeOffset, bool, QuotationExpiredEventPayload)' (but other parameters do) [B:\maliev\Maliev.MessagingContracts\generated\csharp\Maliev.MessagingContracts.csproj]
B:\maliev\Maliev.MessagingContracts\generated\csharp\Contracts\MessagingContracts.cs(4751,58): warning CS1573: Parameter 'ConsumedBy' has no matching param tag in the XML comment for 'QuotationExpiredEvent.QuotationExpiredEvent(Guid, string, MessageType, string, string, IReadOnlyList<string>, Guid, Guid?, DateTimeOffset, bool, QuotationExpiredEventPayload)' (but other parameters do) [B:\maliev\Maliev.MessagingContracts\generated\csharp\Maliev.MessagingContracts.csproj]
B:\maliev\Maliev.MessagingContracts\generated\csharp\Contracts\MessagingContracts.cs(4752,21): warning CS1573: Parameter 'CorrelationId' has no matching param tag in the XML comment for 'QuotationExpiredEvent.QuotationExpiredEvent(Guid, string, MessageType, string, string, IReadOnlyList<string>, Guid, Guid?, DateTimeOffset, bool, QuotationExpiredEventPayload)' (but other parameters do) [B:\maliev\Maliev.MessagingContracts\generated\csharp\Maliev.MessagingContracts.csproj]
B:\maliev\Maliev.MessagingContracts\generated\csharp\Contracts\MessagingContracts.cs(4753,22): warning CS1573: Parameter 'CausationId' has no matching param tag in the XML comment for 'QuotationExpiredEvent.QuotationExpiredEvent(Guid, string, MessageType, string, string, IReadOnlyList<string>, Guid, Guid?, DateTimeOffset, bool, QuotationExpiredEventPayload)' (but other parameters do) [B:\maliev\Maliev.MessagingContracts\generated\csharp\Maliev.MessagingContracts.csproj]
B:\maliev\Maliev.MessagingContracts\generated\csharp\Contracts\MessagingContracts.cs(4754,31): warning CS1573: Parameter 'OccurredAtUtc' has no matching param tag in the XML comment for 'QuotationExpiredEvent.QuotationExpiredEvent(Guid, string, MessageType, string, string, IReadOnlyList<string>, Guid, Guid?, DateTimeOffset, bool, QuotationExpiredEventPayload)' (but other parameters do) [B:\maliev\Maliev.MessagingContracts\generated\csharp\Maliev.MessagingContracts.csproj]
B:\maliev\Maliev.MessagingContracts\generated\csharp\Contracts\MessagingContracts.cs(4755,14): warning CS1573: Parameter 'IsPublic' has no matching param tag in the XML comment for 'QuotationExpiredEvent.QuotationExpiredEvent(Guid, string, MessageType, string, string, IReadOnlyList<string>, Guid, Guid?, DateTimeOffset, bool, QuotationExpiredEventPayload)' (but other parameters do) [B:\maliev\Maliev.MessagingContracts\generated\csharp\Maliev.MessagingContracts.csproj]
B:\maliev\Maliev.MessagingContracts\generated\csharp\Contracts\MessagingContracts.cs(4771,63): warning CS1573: Parameter 'ReceiptId' has no matching param tag in the XML comment for 'ReceiptCreatedEventPayload.ReceiptCreatedEventPayload(Guid, string, Guid, string, double, string, string?, DateTimeOffset)' (but other parameters do) [B:\maliev\Maliev.MessagingContracts\generated\csharp\Maliev.MessagingContracts.csproj]
B:\maliev\Maliev.MessagingContracts\generated\csharp\Contracts\MessagingContracts.cs(4772,62): warning CS1573: Parameter 'ReceiptNumber' has no matching param tag in the XML comment for 'ReceiptCreatedEventPayload.ReceiptCreatedEventPayload(Guid, string, Guid, string, double, string, string?, DateTimeOffset)' (but other parameters do) [B:\maliev\Maliev.MessagingContracts\generated\csharp\Maliev.MessagingContracts.csproj]
B:\maliev\Maliev.MessagingContracts\generated\csharp\Contracts\MessagingContracts.cs(4775,60): warning CS1573: Parameter 'TotalAmount' has no matching param tag in the XML comment for 'ReceiptCreatedEventPayload.ReceiptCreatedEventPayload(Guid, string, Guid, string, double, string, string?, DateTimeOffset)' (but other parameters do) [B:\maliev\Maliev.MessagingContracts\generated\csharp\Maliev.MessagingContracts.csproj]
B:\maliev\Maliev.MessagingContracts\generated\csharp\Contracts\MessagingContracts.cs(4776,57): warning CS1573: Parameter 'Currency' has no matching param tag in the XML comment for 'ReceiptCreatedEventPayload.ReceiptCreatedEventPayload(Guid, string, Guid, string, double, string, string?, DateTimeOffset)' (but other parameters do) [B:\maliev\Maliev.MessagingContracts\generated\csharp\Maliev.MessagingContracts.csproj]
B:\maliev\Maliev.MessagingContracts\generated\csharp\Contracts\MessagingContracts.cs(4778,73): warning CS1573: Parameter 'CreatedAt' has no matching param tag in the XML comment for 'ReceiptCreatedEventPayload.ReceiptCreatedEventPayload(Guid, string, Guid, string, double, string, string?, DateTimeOffset)' (but other parameters do) [B:\maliev\Maliev.MessagingContracts\generated\csharp\Maliev.MessagingContracts.csproj]
B:\maliev\Maliev.MessagingContracts\generated\csharp\Contracts\MessagingContracts.cs(4790,21): warning CS1573: Parameter 'MessageId' has no matching param tag in the XML comment for 'ReceiptCreatedEvent.ReceiptCreatedEvent(Guid, string, MessageType, string, string, IReadOnlyList<string>, Guid, Guid?, DateTimeOffset, bool, ReceiptCreatedEventPayload)' (but other parameters do) [B:\maliev\Maliev.MessagingContracts\generated\csharp\Maliev.MessagingContracts.csproj]
B:\maliev\Maliev.MessagingContracts\generated\csharp\Contracts\MessagingContracts.cs(4791,16): warning CS1573: Parameter 'MessageName' has no matching param tag in the XML comment for 'ReceiptCreatedEvent.ReceiptCreatedEvent(Guid, string, MessageType, string, string, IReadOnlyList<string>, Guid, Guid?, DateTimeOffset, bool, ReceiptCreatedEventPayload)' (but other parameters do) [B:\maliev\Maliev.MessagingContracts\generated\csharp\Maliev.MessagingContracts.csproj]
B:\maliev\Maliev.MessagingContracts\generated\csharp\Contracts\MessagingContracts.cs(4792,21): warning CS1573: Parameter 'MessageType' has no matching param tag in the XML comment for 'ReceiptCreatedEvent.ReceiptCreatedEvent(Guid, string, MessageType, string, string, IReadOnlyList<string>, Guid, Guid?, DateTimeOffset, bool, ReceiptCreatedEventPayload)' (but other parameters do) [B:\maliev\Maliev.MessagingContracts\generated\csharp\Maliev.MessagingContracts.csproj]
B:\maliev\Maliev.MessagingContracts\generated\csharp\Contracts\MessagingContracts.cs(4793,16): warning CS1573: Parameter 'MessageVersion' has no matching param tag in the XML comment for 'ReceiptCreatedEvent.ReceiptCreatedEvent(Guid, string, MessageType, string, string, IReadOnlyList<string>, Guid, Guid?, DateTimeOffset, bool, ReceiptCreatedEventPayload)' (but other parameters do) [B:\maliev\Maliev.MessagingContracts\generated\csharp\Maliev.MessagingContracts.csproj]
B:\maliev\Maliev.MessagingContracts\generated\csharp\Contracts\MessagingContracts.cs(4794,16): warning CS1573: Parameter 'PublishedBy' has no matching param tag in the XML comment for 'ReceiptCreatedEvent.ReceiptCreatedEvent(Guid, string, MessageType, string, string, IReadOnlyList<string>, Guid, Guid?, DateTimeOffset, bool, ReceiptCreatedEventPayload)' (but other parameters do) [B:\maliev\Maliev.MessagingContracts\generated\csharp\Maliev.MessagingContracts.csproj]
B:\maliev\Maliev.MessagingContracts\generated\csharp\Contracts\MessagingContracts.cs(4795,58): warning CS1573: Parameter 'ConsumedBy' has no matching param tag in the XML comment for 'ReceiptCreatedEvent.ReceiptCreatedEvent(Guid, string, MessageType, string, string, IReadOnlyList<string>, Guid, Guid?, DateTimeOffset, bool, ReceiptCreatedEventPayload)' (but other parameters do) [B:\maliev\Maliev.MessagingContracts\generated\csharp\Maliev.MessagingContracts.csproj]
B:\maliev\Maliev.MessagingContracts\generated\csharp\Contracts\MessagingContracts.cs(4796,21): warning CS1573: Parameter 'CorrelationId' has no matching param tag in the XML comment for 'ReceiptCreatedEvent.ReceiptCreatedEvent(Guid, string, MessageType, string, string, IReadOnlyList<string>, Guid, Guid?, DateTimeOffset, bool, ReceiptCreatedEventPayload)' (but other parameters do) [B:\maliev\Maliev.MessagingContracts\generated\csharp\Maliev.MessagingContracts.csproj]
B:\maliev\Maliev.MessagingContracts\generated\csharp\Contracts\MessagingContracts.cs(4797,22): warning CS1573: Parameter 'CausationId' has no matching param tag in the XML comment for 'ReceiptCreatedEvent.ReceiptCreatedEvent(Guid, string, MessageType, string, string, IReadOnlyList<string>, Guid, Guid?, DateTimeOffset, bool, ReceiptCreatedEventPayload)' (but other parameters do) [B:\maliev\Maliev.MessagingContracts\generated\csharp\Maliev.MessagingContracts.csproj]
B:\maliev\Maliev.MessagingContracts\generated\csharp\Contracts\MessagingContracts.cs(4798,31): warning CS1573: Parameter 'OccurredAtUtc' has no matching param tag in the XML comment for 'ReceiptCreatedEvent.ReceiptCreatedEvent(Guid, string, MessageType, string, string, IReadOnlyList<string>, Guid, Guid?, DateTimeOffset, bool, ReceiptCreatedEventPayload)' (but other parameters do) [B:\maliev\Maliev.MessagingContracts\generated\csharp\Maliev.MessagingContracts.csproj]
B:\maliev\Maliev.MessagingContracts\generated\csharp\Contracts\MessagingContracts.cs(4799,14): warning CS1573: Parameter 'IsPublic' has no matching param tag in the XML comment for 'ReceiptCreatedEvent.ReceiptCreatedEvent(Guid, string, MessageType, string, string, IReadOnlyList<string>, Guid, Guid?, DateTimeOffset, bool, ReceiptCreatedEventPayload)' (but other parameters do) [B:\maliev\Maliev.MessagingContracts\generated\csharp\Maliev.MessagingContracts.csproj]
B:\maliev\Maliev.MessagingContracts\generated\csharp\Contracts\MessagingContracts.cs(4820,75): warning CS1573: Parameter 'GeneratedAt' has no matching param tag in the XML comment for 'ReceiptGeneratedEventPayload.ReceiptGeneratedEventPayload(string, string, string, string, DateTimeOffset)' (but other parameters do) [B:\maliev\Maliev.MessagingContracts\generated\csharp\Maliev.MessagingContracts.csproj]
B:\maliev\Maliev.MessagingContracts\generated\csharp\Contracts\MessagingContracts.cs(4832,21): warning CS1573: Parameter 'MessageId' has no matching param tag in the XML comment for 'ReceiptGeneratedEvent.ReceiptGeneratedEvent(Guid, string, MessageType, string, string, IReadOnlyList<string>, Guid, Guid?, DateTimeOffset, bool, ReceiptGeneratedEventPayload)' (but other parameters do) [B:\maliev\Maliev.MessagingContracts\generated\csharp\Maliev.MessagingContracts.csproj]
B:\maliev\Maliev.MessagingContracts\generated\csharp\Contracts\MessagingContracts.cs(4833,16): warning CS1573: Parameter 'MessageName' has no matching param tag in the XML comment for 'ReceiptGeneratedEvent.ReceiptGeneratedEvent(Guid, string, MessageType, string, string, IReadOnlyList<string>, Guid, Guid?, DateTimeOffset, bool, ReceiptGeneratedEventPayload)' (but other parameters do) [B:\maliev\Maliev.MessagingContracts\generated\csharp\Maliev.MessagingContracts.csproj]
B:\maliev\Maliev.MessagingContracts\generated\csharp\Contracts\MessagingContracts.cs(4834,21): warning CS1573: Parameter 'MessageType' has no matching param tag in the XML comment for 'ReceiptGeneratedEvent.ReceiptGeneratedEvent(Guid, string, MessageType, string, string, IReadOnlyList<string>, Guid, Guid?, DateTimeOffset, bool, ReceiptGeneratedEventPayload)' (but other parameters do) [B:\maliev\Maliev.MessagingContracts\generated\csharp\Maliev.MessagingContracts.csproj]
B:\maliev\Maliev.MessagingContracts\generated\csharp\Contracts\MessagingContracts.cs(4835,16): warning CS1573: Parameter 'MessageVersion' has no matching param tag in the XML comment for 'ReceiptGeneratedEvent.ReceiptGeneratedEvent(Guid, string, MessageType, string, string, IReadOnlyList<string>, Guid, Guid?, DateTimeOffset, bool, ReceiptGeneratedEventPayload)' (but other parameters do) [B:\maliev\Maliev.MessagingContracts\generated\csharp\Maliev.MessagingContracts.csproj]
B:\maliev\Maliev.MessagingContracts\generated\csharp\Contracts\MessagingContracts.cs(4836,16): warning CS1573: Parameter 'PublishedBy' has no matching param tag in the XML comment for 'ReceiptGeneratedEvent.ReceiptGeneratedEvent(Guid, string, MessageType, string, string, IReadOnlyList<string>, Guid, Guid?, DateTimeOffset, bool, ReceiptGeneratedEventPayload)' (but other parameters do) [B:\maliev\Maliev.MessagingContracts\generated\csharp\Maliev.MessagingContracts.csproj]
B:\maliev\Maliev.MessagingContracts\generated\csharp\Contracts\MessagingContracts.cs(4837,58): warning CS1573: Parameter 'ConsumedBy' has no matching param tag in the XML comment for 'ReceiptGeneratedEvent.ReceiptGeneratedEvent(Guid, string, MessageType, string, string, IReadOnlyList<string>, Guid, Guid?, DateTimeOffset, bool, ReceiptGeneratedEventPayload)' (but other parameters do) [B:\maliev\Maliev.MessagingContracts\generated\csharp\Maliev.MessagingContracts.csproj]
B:\maliev\Maliev.MessagingContracts\generated\csharp\Contracts\MessagingContracts.cs(4838,21): warning CS1573: Parameter 'CorrelationId' has no matching param tag in the XML comment for 'ReceiptGeneratedEvent.ReceiptGeneratedEvent(Guid, string, MessageType, string, string, IReadOnlyList<string>, Guid, Guid?, DateTimeOffset, bool, ReceiptGeneratedEventPayload)' (but other parameters do) [B:\maliev\Maliev.MessagingContracts\generated\csharp\Maliev.MessagingContracts.csproj]
B:\maliev\Maliev.MessagingContracts\generated\csharp\Contracts\MessagingContracts.cs(4839,22): warning CS1573: Parameter 'CausationId' has no matching param tag in the XML comment for 'ReceiptGeneratedEvent.ReceiptGeneratedEvent(Guid, string, MessageType, string, string, IReadOnlyList<string>, Guid, Guid?, DateTimeOffset, bool, ReceiptGeneratedEventPayload)' (but other parameters do) [B:\maliev\Maliev.MessagingContracts\generated\csharp\Maliev.MessagingContracts.csproj]
B:\maliev\Maliev.MessagingContracts\generated\csharp\Contracts\MessagingContracts.cs(4840,31): warning CS1573: Parameter 'OccurredAtUtc' has no matching param tag in the XML comment for 'ReceiptGeneratedEvent.ReceiptGeneratedEvent(Guid, string, MessageType, string, string, IReadOnlyList<string>, Guid, Guid?, DateTimeOffset, bool, ReceiptGeneratedEventPayload)' (but other parameters do) [B:\maliev\Maliev.MessagingContracts\generated\csharp\Maliev.MessagingContracts.csproj]
B:\maliev\Maliev.MessagingContracts\generated\csharp\Contracts\MessagingContracts.cs(4841,14): warning CS1573: Parameter 'IsPublic' has no matching param tag in the XML comment for 'ReceiptGeneratedEvent.ReceiptGeneratedEvent(Guid, string, MessageType, string, string, IReadOnlyList<string>, Guid, Guid?, DateTimeOffset, bool, ReceiptGeneratedEventPayload)' (but other parameters do) [B:\maliev\Maliev.MessagingContracts\generated\csharp\Maliev.MessagingContracts.csproj]
B:\maliev\Maliev.MessagingContracts\generated\csharp\Contracts\MessagingContracts.cs(4866,70): warning CS1573: Parameter 'SentAt' has no matching param tag in the XML comment for 'ReceiptSentEventPayload.ReceiptSentEventPayload(string, string, string, string, string, string, DateTimeOffset)' (but other parameters do) [B:\maliev\Maliev.MessagingContracts\generated\csharp\Maliev.MessagingContracts.csproj]
B:\maliev\Maliev.MessagingContracts\generated\csharp\Contracts\MessagingContracts.cs(4878,21): warning CS1573: Parameter 'MessageId' has no matching param tag in the XML comment for 'ReceiptSentEvent.ReceiptSentEvent(Guid, string, MessageType, string, string, IReadOnlyList<string>, Guid, Guid?, DateTimeOffset, bool, ReceiptSentEventPayload)' (but other parameters do) [B:\maliev\Maliev.MessagingContracts\generated\csharp\Maliev.MessagingContracts.csproj]
B:\maliev\Maliev.MessagingContracts\generated\csharp\Contracts\MessagingContracts.cs(4879,16): warning CS1573: Parameter 'MessageName' has no matching param tag in the XML comment for 'ReceiptSentEvent.ReceiptSentEvent(Guid, string, MessageType, string, string, IReadOnlyList<string>, Guid, Guid?, DateTimeOffset, bool, ReceiptSentEventPayload)' (but other parameters do) [B:\maliev\Maliev.MessagingContracts\generated\csharp\Maliev.MessagingContracts.csproj]
B:\maliev\Maliev.MessagingContracts\generated\csharp\Contracts\MessagingContracts.cs(4880,21): warning CS1573: Parameter 'MessageType' has no matching param tag in the XML comment for 'ReceiptSentEvent.ReceiptSentEvent(Guid, string, MessageType, string, string, IReadOnlyList<string>, Guid, Guid?, DateTimeOffset, bool, ReceiptSentEventPayload)' (but other parameters do) [B:\maliev\Maliev.MessagingContracts\generated\csharp\Maliev.MessagingContracts.csproj]
B:\maliev\Maliev.MessagingContracts\generated\csharp\Contracts\MessagingContracts.cs(4881,16): warning CS1573: Parameter 'MessageVersion' has no matching param tag in the XML comment for 'ReceiptSentEvent.ReceiptSentEvent(Guid, string, MessageType, string, string, IReadOnlyList<string>, Guid, Guid?, DateTimeOffset, bool, ReceiptSentEventPayload)' (but other parameters do) [B:\maliev\Maliev.MessagingContracts\generated\csharp\Maliev.MessagingContracts.csproj]
B:\maliev\Maliev.MessagingContracts\generated\csharp\Contracts\MessagingContracts.cs(4882,16): warning CS1573: Parameter 'PublishedBy' has no matching param tag in the XML comment for 'ReceiptSentEvent.ReceiptSentEvent(Guid, string, MessageType, string, string, IReadOnlyList<string>, Guid, Guid?, DateTimeOffset, bool, ReceiptSentEventPayload)' (but other parameters do) [B:\maliev\Maliev.MessagingContracts\generated\csharp\Maliev.MessagingContracts.csproj]
B:\maliev\Maliev.MessagingContracts\generated\csharp\Contracts\MessagingContracts.cs(4883,58): warning CS1573: Parameter 'ConsumedBy' has no matching param tag in the XML comment for 'ReceiptSentEvent.ReceiptSentEvent(Guid, string, MessageType, string, string, IReadOnlyList<string>, Guid, Guid?, DateTimeOffset, bool, ReceiptSentEventPayload)' (but other parameters do) [B:\maliev\Maliev.MessagingContracts\generated\csharp\Maliev.MessagingContracts.csproj]
B:\maliev\Maliev.MessagingContracts\generated\csharp\Contracts\MessagingContracts.cs(4884,21): warning CS1573: Parameter 'CorrelationId' has no matching param tag in the XML comment for 'ReceiptSentEvent.ReceiptSentEvent(Guid, string, MessageType, string, string, IReadOnlyList<string>, Guid, Guid?, DateTimeOffset, bool, ReceiptSentEventPayload)' (but other parameters do) [B:\maliev\Maliev.MessagingContracts\generated\csharp\Maliev.MessagingContracts.csproj]
B:\maliev\Maliev.MessagingContracts\generated\csharp\Contracts\MessagingContracts.cs(4885,22): warning CS1573: Parameter 'CausationId' has no matching param tag in the XML comment for 'ReceiptSentEvent.ReceiptSentEvent(Guid, string, MessageType, string, string, IReadOnlyList<string>, Guid, Guid?, DateTimeOffset, bool, ReceiptSentEventPayload)' (but other parameters do) [B:\maliev\Maliev.MessagingContracts\generated\csharp\Maliev.MessagingContracts.csproj]
B:\maliev\Maliev.MessagingContracts\generated\csharp\Contracts\MessagingContracts.cs(4886,31): warning CS1573: Parameter 'OccurredAtUtc' has no matching param tag in the XML comment for 'ReceiptSentEvent.ReceiptSentEvent(Guid, string, MessageType, string, string, IReadOnlyList<string>, Guid, Guid?, DateTimeOffset, bool, ReceiptSentEventPayload)' (but other parameters do) [B:\maliev\Maliev.MessagingContracts\generated\csharp\Maliev.MessagingContracts.csproj]
B:\maliev\Maliev.MessagingContracts\generated\csharp\Contracts\MessagingContracts.cs(4887,14): warning CS1573: Parameter 'IsPublic' has no matching param tag in the XML comment for 'ReceiptSentEvent.ReceiptSentEvent(Guid, string, MessageType, string, string, IReadOnlyList<string>, Guid, Guid?, DateTimeOffset, bool, ReceiptSentEventPayload)' (but other parameters do) [B:\maliev\Maliev.MessagingContracts\generated\csharp\Maliev.MessagingContracts.csproj]
B:\maliev\Maliev.MessagingContracts\generated\csharp\Contracts\MessagingContracts.cs(4902,63): warning CS1573: Parameter 'ReceiptId' has no matching param tag in the XML comment for 'ReceiptVoidedEventPayload.ReceiptVoidedEventPayload(Guid, string, string, DateTimeOffset, string)' (but other parameters do) [B:\maliev\Maliev.MessagingContracts\generated\csharp\Maliev.MessagingContracts.csproj]
B:\maliev\Maliev.MessagingContracts\generated\csharp\Contracts\MessagingContracts.cs(4903,62): warning CS1573: Parameter 'ReceiptNumber' has no matching param tag in the XML comment for 'ReceiptVoidedEventPayload.ReceiptVoidedEventPayload(Guid, string, string, DateTimeOffset, string)' (but other parameters do) [B:\maliev\Maliev.MessagingContracts\generated\csharp\Maliev.MessagingContracts.csproj]
B:\maliev\Maliev.MessagingContracts\generated\csharp\Contracts\MessagingContracts.cs(4905,72): warning CS1573: Parameter 'VoidedAt' has no matching param tag in the XML comment for 'ReceiptVoidedEventPayload.ReceiptVoidedEventPayload(Guid, string, string, DateTimeOffset, string)' (but other parameters do) [B:\maliev\Maliev.MessagingContracts\generated\csharp\Maliev.MessagingContracts.csproj]
B:\maliev\Maliev.MessagingContracts\generated\csharp\Contracts\MessagingContracts.cs(4918,21): warning CS1573: Parameter 'MessageId' has no matching param tag in the XML comment for 'ReceiptVoidedEvent.ReceiptVoidedEvent(Guid, string, MessageType, string, string, IReadOnlyList<string>, Guid, Guid?, DateTimeOffset, bool, ReceiptVoidedEventPayload)' (but other parameters do) [B:\maliev\Maliev.MessagingContracts\generated\csharp\Maliev.MessagingContracts.csproj]
B:\maliev\Maliev.MessagingContracts\generated\csharp\Contracts\MessagingContracts.cs(4919,16): warning CS1573: Parameter 'MessageName' has no matching param tag in the XML comment for 'ReceiptVoidedEvent.ReceiptVoidedEvent(Guid, string, MessageType, string, string, IReadOnlyList<string>, Guid, Guid?, DateTimeOffset, bool, ReceiptVoidedEventPayload)' (but other parameters do) [B:\maliev\Maliev.MessagingContracts\generated\csharp\Maliev.MessagingContracts.csproj]
B:\maliev\Maliev.MessagingContracts\generated\csharp\Contracts\MessagingContracts.cs(4920,21): warning CS1573: Parameter 'MessageType' has no matching param tag in the XML comment for 'ReceiptVoidedEvent.ReceiptVoidedEvent(Guid, string, MessageType, string, string, IReadOnlyList<string>, Guid, Guid?, DateTimeOffset, bool, ReceiptVoidedEventPayload)' (but other parameters do) [B:\maliev\Maliev.MessagingContracts\generated\csharp\Maliev.MessagingContracts.csproj]
B:\maliev\Maliev.MessagingContracts\generated\csharp\Contracts\MessagingContracts.cs(4921,16): warning CS1573: Parameter 'MessageVersion' has no matching param tag in the XML comment for 'ReceiptVoidedEvent.ReceiptVoidedEvent(Guid, string, MessageType, string, string, IReadOnlyList<string>, Guid, Guid?, DateTimeOffset, bool, ReceiptVoidedEventPayload)' (but other parameters do) [B:\maliev\Maliev.MessagingContracts\generated\csharp\Maliev.MessagingContracts.csproj]
B:\maliev\Maliev.MessagingContracts\generated\csharp\Contracts\MessagingContracts.cs(4922,16): warning CS1573: Parameter 'PublishedBy' has no matching param tag in the XML comment for 'ReceiptVoidedEvent.ReceiptVoidedEvent(Guid, string, MessageType, string, string, IReadOnlyList<string>, Guid, Guid?, DateTimeOffset, bool, ReceiptVoidedEventPayload)' (but other parameters do) [B:\maliev\Maliev.MessagingContracts\generated\csharp\Maliev.MessagingContracts.csproj]
B:\maliev\Maliev.MessagingContracts\generated\csharp\Contracts\MessagingContracts.cs(4923,58): warning CS1573: Parameter 'ConsumedBy' has no matching param tag in the XML comment for 'ReceiptVoidedEvent.ReceiptVoidedEvent(Guid, string, MessageType, string, string, IReadOnlyList<string>, Guid, Guid?, DateTimeOffset, bool, ReceiptVoidedEventPayload)' (but other parameters do) [B:\maliev\Maliev.MessagingContracts\generated\csharp\Maliev.MessagingContracts.csproj]
B:\maliev\Maliev.MessagingContracts\generated\csharp\Contracts\MessagingContracts.cs(4924,21): warning CS1573: Parameter 'CorrelationId' has no matching param tag in the XML comment for 'ReceiptVoidedEvent.ReceiptVoidedEvent(Guid, string, MessageType, string, string, IReadOnlyList<string>, Guid, Guid?, DateTimeOffset, bool, ReceiptVoidedEventPayload)' (but other parameters do) [B:\maliev\Maliev.MessagingContracts\generated\csharp\Maliev.MessagingContracts.csproj]
B:\maliev\Maliev.MessagingContracts\generated\csharp\Contracts\MessagingContracts.cs(4925,22): warning CS1573: Parameter 'CausationId' has no matching param tag in the XML comment for 'ReceiptVoidedEvent.ReceiptVoidedEvent(Guid, string, MessageType, string, string, IReadOnlyList<string>, Guid, Guid?, DateTimeOffset, bool, ReceiptVoidedEventPayload)' (but other parameters do) [B:\maliev\Maliev.MessagingContracts\generated\csharp\Maliev.MessagingContracts.csproj]
B:\maliev\Maliev.MessagingContracts\generated\csharp\Contracts\MessagingContracts.cs(4926,31): warning CS1573: Parameter 'OccurredAtUtc' has no matching param tag in the XML comment for 'ReceiptVoidedEvent.ReceiptVoidedEvent(Guid, string, MessageType, string, string, IReadOnlyList<string>, Guid, Guid?, DateTimeOffset, bool, ReceiptVoidedEventPayload)' (but other parameters do) [B:\maliev\Maliev.MessagingContracts\generated\csharp\Maliev.MessagingContracts.csproj]
B:\maliev\Maliev.MessagingContracts\generated\csharp\Contracts\MessagingContracts.cs(4927,14): warning CS1573: Parameter 'IsPublic' has no matching param tag in the XML comment for 'ReceiptVoidedEvent.ReceiptVoidedEvent(Guid, string, MessageType, string, string, IReadOnlyList<string>, Guid, Guid?, DateTimeOffset, bool, ReceiptVoidedEventPayload)' (but other parameters do) [B:\maliev\Maliev.MessagingContracts\generated\csharp\Maliev.MessagingContracts.csproj]
B:\maliev\Maliev.MessagingContracts\generated\csharp\Contracts\MessagingContracts.cs(5018,21): warning CS1573: Parameter 'MessageId' has no matching param tag in the XML comment for 'ReceiptPdfRequestedEvent.ReceiptPdfRequestedEvent(Guid, string, MessageType, string, string, IReadOnlyList<string>, Guid, Guid?, DateTimeOffset, bool, ReceiptPdfRequestedEventPayload)' (but other parameters do) [B:\maliev\Maliev.MessagingContracts\generated\csharp\Maliev.MessagingContracts.csproj]
B:\maliev\Maliev.MessagingContracts\generated\csharp\Contracts\MessagingContracts.cs(5019,16): warning CS1573: Parameter 'MessageName' has no matching param tag in the XML comment for 'ReceiptPdfRequestedEvent.ReceiptPdfRequestedEvent(Guid, string, MessageType, string, string, IReadOnlyList<string>, Guid, Guid?, DateTimeOffset, bool, ReceiptPdfRequestedEventPayload)' (but other parameters do) [B:\maliev\Maliev.MessagingContracts\generated\csharp\Maliev.MessagingContracts.csproj]
B:\maliev\Maliev.MessagingContracts\generated\csharp\Contracts\MessagingContracts.cs(5020,21): warning CS1573: Parameter 'MessageType' has no matching param tag in the XML comment for 'ReceiptPdfRequestedEvent.ReceiptPdfRequestedEvent(Guid, string, MessageType, string, string, IReadOnlyList<string>, Guid, Guid?, DateTimeOffset, bool, ReceiptPdfRequestedEventPayload)' (but other parameters do) [B:\maliev\Maliev.MessagingContracts\generated\csharp\Maliev.MessagingContracts.csproj]
B:\maliev\Maliev.MessagingContracts\generated\csharp\Contracts\MessagingContracts.cs(5021,16): warning CS1573: Parameter 'MessageVersion' has no matching param tag in the XML comment for 'ReceiptPdfRequestedEvent.ReceiptPdfRequestedEvent(Guid, string, MessageType, string, string, IReadOnlyList<string>, Guid, Guid?, DateTimeOffset, bool, ReceiptPdfRequestedEventPayload)' (but other parameters do) [B:\maliev\Maliev.MessagingContracts\generated\csharp\Maliev.MessagingContracts.csproj]
B:\maliev\Maliev.MessagingContracts\generated\csharp\Contracts\MessagingContracts.cs(5022,16): warning CS1573: Parameter 'PublishedBy' has no matching param tag in the XML comment for 'ReceiptPdfRequestedEvent.ReceiptPdfRequestedEvent(Guid, string, MessageType, string, string, IReadOnlyList<string>, Guid, Guid?, DateTimeOffset, bool, ReceiptPdfRequestedEventPayload)' (but other parameters do) [B:\maliev\Maliev.MessagingContracts\generated\csharp\Maliev.MessagingContracts.csproj]
B:\maliev\Maliev.MessagingContracts\generated\csharp\Contracts\MessagingContracts.cs(5023,58): warning CS1573: Parameter 'ConsumedBy' has no matching param tag in the XML comment for 'ReceiptPdfRequestedEvent.ReceiptPdfRequestedEvent(Guid, string, MessageType, string, string, IReadOnlyList<string>, Guid, Guid?, DateTimeOffset, bool, ReceiptPdfRequestedEventPayload)' (but other parameters do) [B:\maliev\Maliev.MessagingContracts\generated\csharp\Maliev.MessagingContracts.csproj]
B:\maliev\Maliev.MessagingContracts\generated\csharp\Contracts\MessagingContracts.cs(5024,21): warning CS1573: Parameter 'CorrelationId' has no matching param tag in the XML comment for 'ReceiptPdfRequestedEvent.ReceiptPdfRequestedEvent(Guid, string, MessageType, string, string, IReadOnlyList<string>, Guid, Guid?, DateTimeOffset, bool, ReceiptPdfRequestedEventPayload)' (but other parameters do) [B:\maliev\Maliev.MessagingContracts\generated\csharp\Maliev.MessagingContracts.csproj]
B:\maliev\Maliev.MessagingContracts\generated\csharp\Contracts\MessagingContracts.cs(5025,22): warning CS1573: Parameter 'CausationId' has no matching param tag in the XML comment for 'ReceiptPdfRequestedEvent.ReceiptPdfRequestedEvent(Guid, string, MessageType, string, string, IReadOnlyList<string>, Guid, Guid?, DateTimeOffset, bool, ReceiptPdfRequestedEventPayload)' (but other parameters do) [B:\maliev\Maliev.MessagingContracts\generated\csharp\Maliev.MessagingContracts.csproj]
B:\maliev\Maliev.MessagingContracts\generated\csharp\Contracts\MessagingContracts.cs(5026,31): warning CS1573: Parameter 'OccurredAtUtc' has no matching param tag in the XML comment for 'ReceiptPdfRequestedEvent.ReceiptPdfRequestedEvent(Guid, string, MessageType, string, string, IReadOnlyList<string>, Guid, Guid?, DateTimeOffset, bool, ReceiptPdfRequestedEventPayload)' (but other parameters do) [B:\maliev\Maliev.MessagingContracts\generated\csharp\Maliev.MessagingContracts.csproj]
B:\maliev\Maliev.MessagingContracts\generated\csharp\Contracts\MessagingContracts.cs(5027,14): warning CS1573: Parameter 'IsPublic' has no matching param tag in the XML comment for 'ReceiptPdfRequestedEvent.ReceiptPdfRequestedEvent(Guid, string, MessageType, string, string, IReadOnlyList<string>, Guid, Guid?, DateTimeOffset, bool, ReceiptPdfRequestedEventPayload)' (but other parameters do) [B:\maliev\Maliev.MessagingContracts\generated\csharp\Maliev.MessagingContracts.csproj]
B:\maliev\Maliev.MessagingContracts\generated\csharp\Contracts\MessagingContracts.cs(5079,19): warning CS1591: Missing XML comment for publicly visible type or member 'NotificationEvent' [B:\maliev\Maliev.MessagingContracts\generated\csharp\Maliev.MessagingContracts.csproj]
B:\maliev\Maliev.MessagingContracts\generated\csharp\Contracts\MessagingContracts.cs(5079,19): warning CS1591: Missing XML comment for publicly visible type or member 'NotificationEvent.NotificationEvent(Guid, string, MessageType, string, string, IReadOnlyList<string>, Guid, Guid?, DateTimeOffset, bool, NotificationEventPayload)' [B:\maliev\Maliev.MessagingContracts\generated\csharp\Maliev.MessagingContracts.csproj]
B:\maliev\Maliev.MessagingContracts\generated\csharp\Contracts\MessagingContracts.cs(5090,74): warning CS1591: Missing XML comment for publicly visible type or member 'NotificationEvent.Payload' [B:\maliev\Maliev.MessagingContracts\generated\csharp\Maliev.MessagingContracts.csproj]
B:\maliev\Maliev.MessagingContracts\generated\csharp\Contracts\MessagingContracts.cs(5128,21): warning CS1573: Parameter 'MessageId' has no matching param tag in the XML comment for 'SupplierCreatedEvent.SupplierCreatedEvent(Guid, string, MessageType, string, string, IReadOnlyList<string>, Guid, Guid?, DateTimeOffset, bool, SupplierCreatedEventPayload)' (but other parameters do) [B:\maliev\Maliev.MessagingContracts\generated\csharp\Maliev.MessagingContracts.csproj]
B:\maliev\Maliev.MessagingContracts\generated\csharp\Contracts\MessagingContracts.cs(5129,16): warning CS1573: Parameter 'MessageName' has no matching param tag in the XML comment for 'SupplierCreatedEvent.SupplierCreatedEvent(Guid, string, MessageType, string, string, IReadOnlyList<string>, Guid, Guid?, DateTimeOffset, bool, SupplierCreatedEventPayload)' (but other parameters do) [B:\maliev\Maliev.MessagingContracts\generated\csharp\Maliev.MessagingContracts.csproj]
B:\maliev\Maliev.MessagingContracts\generated\csharp\Contracts\MessagingContracts.cs(5130,21): warning CS1573: Parameter 'MessageType' has no matching param tag in the XML comment for 'SupplierCreatedEvent.SupplierCreatedEvent(Guid, string, MessageType, string, string, IReadOnlyList<string>, Guid, Guid?, DateTimeOffset, bool, SupplierCreatedEventPayload)' (but other parameters do) [B:\maliev\Maliev.MessagingContracts\generated\csharp\Maliev.MessagingContracts.csproj]
B:\maliev\Maliev.MessagingContracts\generated\csharp\Contracts\MessagingContracts.cs(5131,16): warning CS1573: Parameter 'MessageVersion' has no matching param tag in the XML comment for 'SupplierCreatedEvent.SupplierCreatedEvent(Guid, string, MessageType, string, string, IReadOnlyList<string>, Guid, Guid?, DateTimeOffset, bool, SupplierCreatedEventPayload)' (but other parameters do) [B:\maliev\Maliev.MessagingContracts\generated\csharp\Maliev.MessagingContracts.csproj]
B:\maliev\Maliev.MessagingContracts\generated\csharp\Contracts\MessagingContracts.cs(5132,16): warning CS1573: Parameter 'PublishedBy' has no matching param tag in the XML comment for 'SupplierCreatedEvent.SupplierCreatedEvent(Guid, string, MessageType, string, string, IReadOnlyList<string>, Guid, Guid?, DateTimeOffset, bool, SupplierCreatedEventPayload)' (but other parameters do) [B:\maliev\Maliev.MessagingContracts\generated\csharp\Maliev.MessagingContracts.csproj]
B:\maliev\Maliev.MessagingContracts\generated\csharp\Contracts\MessagingContracts.cs(5133,58): warning CS1573: Parameter 'ConsumedBy' has no matching param tag in the XML comment for 'SupplierCreatedEvent.SupplierCreatedEvent(Guid, string, MessageType, string, string, IReadOnlyList<string>, Guid, Guid?, DateTimeOffset, bool, SupplierCreatedEventPayload)' (but other parameters do) [B:\maliev\Maliev.MessagingContracts\generated\csharp\Maliev.MessagingContracts.csproj]
B:\maliev\Maliev.MessagingContracts\generated\csharp\Contracts\MessagingContracts.cs(5134,21): warning CS1573: Parameter 'CorrelationId' has no matching param tag in the XML comment for 'SupplierCreatedEvent.SupplierCreatedEvent(Guid, string, MessageType, string, string, IReadOnlyList<string>, Guid, Guid?, DateTimeOffset, bool, SupplierCreatedEventPayload)' (but other parameters do) [B:\maliev\Maliev.MessagingContracts\generated\csharp\Maliev.MessagingContracts.csproj]
B:\maliev\Maliev.MessagingContracts\generated\csharp\Contracts\MessagingContracts.cs(5135,22): warning CS1573: Parameter 'CausationId' has no matching param tag in the XML comment for 'SupplierCreatedEvent.SupplierCreatedEvent(Guid, string, MessageType, string, string, IReadOnlyList<string>, Guid, Guid?, DateTimeOffset, bool, SupplierCreatedEventPayload)' (but other parameters do) [B:\maliev\Maliev.MessagingContracts\generated\csharp\Maliev.MessagingContracts.csproj]
B:\maliev\Maliev.MessagingContracts\generated\csharp\Contracts\MessagingContracts.cs(5136,31): warning CS1573: Parameter 'OccurredAtUtc' has no matching param tag in the XML comment for 'SupplierCreatedEvent.SupplierCreatedEvent(Guid, string, MessageType, string, string, IReadOnlyList<string>, Guid, Guid?, DateTimeOffset, bool, SupplierCreatedEventPayload)' (but other parameters do) [B:\maliev\Maliev.MessagingContracts\generated\csharp\Maliev.MessagingContracts.csproj]
B:\maliev\Maliev.MessagingContracts\generated\csharp\Contracts\MessagingContracts.cs(5137,14): warning CS1573: Parameter 'IsPublic' has no matching param tag in the XML comment for 'SupplierCreatedEvent.SupplierCreatedEvent(Guid, string, MessageType, string, string, IReadOnlyList<string>, Guid, Guid?, DateTimeOffset, bool, SupplierCreatedEventPayload)' (but other parameters do) [B:\maliev\Maliev.MessagingContracts\generated\csharp\Maliev.MessagingContracts.csproj]
B:\maliev\Maliev.MessagingContracts\generated\csharp\Contracts\MessagingContracts.cs(5171,21): warning CS1573: Parameter 'MessageId' has no matching param tag in the XML comment for 'SupplierUpdatedEvent.SupplierUpdatedEvent(Guid, string, MessageType, string, string, IReadOnlyList<string>, Guid, Guid?, DateTimeOffset, bool, SupplierUpdatedEventPayload)' (but other parameters do) [B:\maliev\Maliev.MessagingContracts\generated\csharp\Maliev.MessagingContracts.csproj]
B:\maliev\Maliev.MessagingContracts\generated\csharp\Contracts\MessagingContracts.cs(5172,16): warning CS1573: Parameter 'MessageName' has no matching param tag in the XML comment for 'SupplierUpdatedEvent.SupplierUpdatedEvent(Guid, string, MessageType, string, string, IReadOnlyList<string>, Guid, Guid?, DateTimeOffset, bool, SupplierUpdatedEventPayload)' (but other parameters do) [B:\maliev\Maliev.MessagingContracts\generated\csharp\Maliev.MessagingContracts.csproj]
B:\maliev\Maliev.MessagingContracts\generated\csharp\Contracts\MessagingContracts.cs(5173,21): warning CS1573: Parameter 'MessageType' has no matching param tag in the XML comment for 'SupplierUpdatedEvent.SupplierUpdatedEvent(Guid, string, MessageType, string, string, IReadOnlyList<string>, Guid, Guid?, DateTimeOffset, bool, SupplierUpdatedEventPayload)' (but other parameters do) [B:\maliev\Maliev.MessagingContracts\generated\csharp\Maliev.MessagingContracts.csproj]
B:\maliev\Maliev.MessagingContracts\generated\csharp\Contracts\MessagingContracts.cs(5174,16): warning CS1573: Parameter 'MessageVersion' has no matching param tag in the XML comment for 'SupplierUpdatedEvent.SupplierUpdatedEvent(Guid, string, MessageType, string, string, IReadOnlyList<string>, Guid, Guid?, DateTimeOffset, bool, SupplierUpdatedEventPayload)' (but other parameters do) [B:\maliev\Maliev.MessagingContracts\generated\csharp\Maliev.MessagingContracts.csproj]
B:\maliev\Maliev.MessagingContracts\generated\csharp\Contracts\MessagingContracts.cs(5175,16): warning CS1573: Parameter 'PublishedBy' has no matching param tag in the XML comment for 'SupplierUpdatedEvent.SupplierUpdatedEvent(Guid, string, MessageType, string, string, IReadOnlyList<string>, Guid, Guid?, DateTimeOffset, bool, SupplierUpdatedEventPayload)' (but other parameters do) [B:\maliev\Maliev.MessagingContracts\generated\csharp\Maliev.MessagingContracts.csproj]
B:\maliev\Maliev.MessagingContracts\generated\csharp\Contracts\MessagingContracts.cs(5176,58): warning CS1573: Parameter 'ConsumedBy' has no matching param tag in the XML comment for 'SupplierUpdatedEvent.SupplierUpdatedEvent(Guid, string, MessageType, string, string, IReadOnlyList<string>, Guid, Guid?, DateTimeOffset, bool, SupplierUpdatedEventPayload)' (but other parameters do) [B:\maliev\Maliev.MessagingContracts\generated\csharp\Maliev.MessagingContracts.csproj]
B:\maliev\Maliev.MessagingContracts\generated\csharp\Contracts\MessagingContracts.cs(5177,21): warning CS1573: Parameter 'CorrelationId' has no matching param tag in the XML comment for 'SupplierUpdatedEvent.SupplierUpdatedEvent(Guid, string, MessageType, string, string, IReadOnlyList<string>, Guid, Guid?, DateTimeOffset, bool, SupplierUpdatedEventPayload)' (but other parameters do) [B:\maliev\Maliev.MessagingContracts\generated\csharp\Maliev.MessagingContracts.csproj]
B:\maliev\Maliev.MessagingContracts\generated\csharp\Contracts\MessagingContracts.cs(5178,22): warning CS1573: Parameter 'CausationId' has no matching param tag in the XML comment for 'SupplierUpdatedEvent.SupplierUpdatedEvent(Guid, string, MessageType, string, string, IReadOnlyList<string>, Guid, Guid?, DateTimeOffset, bool, SupplierUpdatedEventPayload)' (but other parameters do) [B:\maliev\Maliev.MessagingContracts\generated\csharp\Maliev.MessagingContracts.csproj]
B:\maliev\Maliev.MessagingContracts\generated\csharp\Contracts\MessagingContracts.cs(5179,31): warning CS1573: Parameter 'OccurredAtUtc' has no matching param tag in the XML comment for 'SupplierUpdatedEvent.SupplierUpdatedEvent(Guid, string, MessageType, string, string, IReadOnlyList<string>, Guid, Guid?, DateTimeOffset, bool, SupplierUpdatedEventPayload)' (but other parameters do) [B:\maliev\Maliev.MessagingContracts\generated\csharp\Maliev.MessagingContracts.csproj]
B:\maliev\Maliev.MessagingContracts\generated\csharp\Contracts\MessagingContracts.cs(5180,14): warning CS1573: Parameter 'IsPublic' has no matching param tag in the XML comment for 'SupplierUpdatedEvent.SupplierUpdatedEvent(Guid, string, MessageType, string, string, IReadOnlyList<string>, Guid, Guid?, DateTimeOffset, bool, SupplierUpdatedEventPayload)' (but other parameters do) [B:\maliev\Maliev.MessagingContracts\generated\csharp\Maliev.MessagingContracts.csproj]
B:\maliev\Maliev.MessagingContracts\generated\csharp\Contracts\MessagingContracts.cs(5214,21): warning CS1573: Parameter 'MessageId' has no matching param tag in the XML comment for 'SupplierStatusChangedEvent.SupplierStatusChangedEvent(Guid, string, MessageType, string, string, IReadOnlyList<string>, Guid, Guid?, DateTimeOffset, bool, SupplierStatusChangedEventPayload)' (but other parameters do) [B:\maliev\Maliev.MessagingContracts\generated\csharp\Maliev.MessagingContracts.csproj]
B:\maliev\Maliev.MessagingContracts\generated\csharp\Contracts\MessagingContracts.cs(5215,16): warning CS1573: Parameter 'MessageName' has no matching param tag in the XML comment for 'SupplierStatusChangedEvent.SupplierStatusChangedEvent(Guid, string, MessageType, string, string, IReadOnlyList<string>, Guid, Guid?, DateTimeOffset, bool, SupplierStatusChangedEventPayload)' (but other parameters do) [B:\maliev\Maliev.MessagingContracts\generated\csharp\Maliev.MessagingContracts.csproj]
B:\maliev\Maliev.MessagingContracts\generated\csharp\Contracts\MessagingContracts.cs(5216,21): warning CS1573: Parameter 'MessageType' has no matching param tag in the XML comment for 'SupplierStatusChangedEvent.SupplierStatusChangedEvent(Guid, string, MessageType, string, string, IReadOnlyList<string>, Guid, Guid?, DateTimeOffset, bool, SupplierStatusChangedEventPayload)' (but other parameters do) [B:\maliev\Maliev.MessagingContracts\generated\csharp\Maliev.MessagingContracts.csproj]
B:\maliev\Maliev.MessagingContracts\generated\csharp\Contracts\MessagingContracts.cs(5217,16): warning CS1573: Parameter 'MessageVersion' has no matching param tag in the XML comment for 'SupplierStatusChangedEvent.SupplierStatusChangedEvent(Guid, string, MessageType, string, string, IReadOnlyList<string>, Guid, Guid?, DateTimeOffset, bool, SupplierStatusChangedEventPayload)' (but other parameters do) [B:\maliev\Maliev.MessagingContracts\generated\csharp\Maliev.MessagingContracts.csproj]
B:\maliev\Maliev.MessagingContracts\generated\csharp\Contracts\MessagingContracts.cs(5218,16): warning CS1573: Parameter 'PublishedBy' has no matching param tag in the XML comment for 'SupplierStatusChangedEvent.SupplierStatusChangedEvent(Guid, string, MessageType, string, string, IReadOnlyList<string>, Guid, Guid?, DateTimeOffset, bool, SupplierStatusChangedEventPayload)' (but other parameters do) [B:\maliev\Maliev.MessagingContracts\generated\csharp\Maliev.MessagingContracts.csproj]
B:\maliev\Maliev.MessagingContracts\generated\csharp\Contracts\MessagingContracts.cs(5219,58): warning CS1573: Parameter 'ConsumedBy' has no matching param tag in the XML comment for 'SupplierStatusChangedEvent.SupplierStatusChangedEvent(Guid, string, MessageType, string, string, IReadOnlyList<string>, Guid, Guid?, DateTimeOffset, bool, SupplierStatusChangedEventPayload)' (but other parameters do) [B:\maliev\Maliev.MessagingContracts\generated\csharp\Maliev.MessagingContracts.csproj]
B:\maliev\Maliev.MessagingContracts\generated\csharp\Contracts\MessagingContracts.cs(5220,21): warning CS1573: Parameter 'CorrelationId' has no matching param tag in the XML comment for 'SupplierStatusChangedEvent.SupplierStatusChangedEvent(Guid, string, MessageType, string, string, IReadOnlyList<string>, Guid, Guid?, DateTimeOffset, bool, SupplierStatusChangedEventPayload)' (but other parameters do) [B:\maliev\Maliev.MessagingContracts\generated\csharp\Maliev.MessagingContracts.csproj]
B:\maliev\Maliev.MessagingContracts\generated\csharp\Contracts\MessagingContracts.cs(5221,22): warning CS1573: Parameter 'CausationId' has no matching param tag in the XML comment for 'SupplierStatusChangedEvent.SupplierStatusChangedEvent(Guid, string, MessageType, string, string, IReadOnlyList<string>, Guid, Guid?, DateTimeOffset, bool, SupplierStatusChangedEventPayload)' (but other parameters do) [B:\maliev\Maliev.MessagingContracts\generated\csharp\Maliev.MessagingContracts.csproj]
B:\maliev\Maliev.MessagingContracts\generated\csharp\Contracts\MessagingContracts.cs(5222,31): warning CS1573: Parameter 'OccurredAtUtc' has no matching param tag in the XML comment for 'SupplierStatusChangedEvent.SupplierStatusChangedEvent(Guid, string, MessageType, string, string, IReadOnlyList<string>, Guid, Guid?, DateTimeOffset, bool, SupplierStatusChangedEventPayload)' (but other parameters do) [B:\maliev\Maliev.MessagingContracts\generated\csharp\Maliev.MessagingContracts.csproj]
B:\maliev\Maliev.MessagingContracts\generated\csharp\Contracts\MessagingContracts.cs(5223,14): warning CS1573: Parameter 'IsPublic' has no matching param tag in the XML comment for 'SupplierStatusChangedEvent.SupplierStatusChangedEvent(Guid, string, MessageType, string, string, IReadOnlyList<string>, Guid, Guid?, DateTimeOffset, bool, SupplierStatusChangedEventPayload)' (but other parameters do) [B:\maliev\Maliev.MessagingContracts\generated\csharp\Maliev.MessagingContracts.csproj]
B:\maliev\Maliev.MessagingContracts\generated\csharp\Contracts\MessagingContracts.cs(5253,74): warning CS1573: Parameter 'UploadedAt' has no matching param tag in the XML comment for 'FileUploadedEventPayload.FileUploadedEventPayload(string, string, string, string, string, int, string?, DateTimeOffset, string?, DateTimeOffset?, object)' (but other parameters do) [B:\maliev\Maliev.MessagingContracts\generated\csharp\Maliev.MessagingContracts.csproj]
B:\maliev\Maliev.MessagingContracts\generated\csharp\Contracts\MessagingContracts.cs(5268,21): warning CS1573: Parameter 'MessageId' has no matching param tag in the XML comment for 'FileUploadedEvent.FileUploadedEvent(Guid, string, MessageType, string, string, IReadOnlyList<string>, Guid, Guid?, DateTimeOffset, bool, FileUploadedEventPayload)' (but other parameters do) [B:\maliev\Maliev.MessagingContracts\generated\csharp\Maliev.MessagingContracts.csproj]
B:\maliev\Maliev.MessagingContracts\generated\csharp\Contracts\MessagingContracts.cs(5269,16): warning CS1573: Parameter 'MessageName' has no matching param tag in the XML comment for 'FileUploadedEvent.FileUploadedEvent(Guid, string, MessageType, string, string, IReadOnlyList<string>, Guid, Guid?, DateTimeOffset, bool, FileUploadedEventPayload)' (but other parameters do) [B:\maliev\Maliev.MessagingContracts\generated\csharp\Maliev.MessagingContracts.csproj]
B:\maliev\Maliev.MessagingContracts\generated\csharp\Contracts\MessagingContracts.cs(5270,21): warning CS1573: Parameter 'MessageType' has no matching param tag in the XML comment for 'FileUploadedEvent.FileUploadedEvent(Guid, string, MessageType, string, string, IReadOnlyList<string>, Guid, Guid?, DateTimeOffset, bool, FileUploadedEventPayload)' (but other parameters do) [B:\maliev\Maliev.MessagingContracts\generated\csharp\Maliev.MessagingContracts.csproj]
B:\maliev\Maliev.MessagingContracts\generated\csharp\Contracts\MessagingContracts.cs(5271,16): warning CS1573: Parameter 'MessageVersion' has no matching param tag in the XML comment for 'FileUploadedEvent.FileUploadedEvent(Guid, string, MessageType, string, string, IReadOnlyList<string>, Guid, Guid?, DateTimeOffset, bool, FileUploadedEventPayload)' (but other parameters do) [B:\maliev\Maliev.MessagingContracts\generated\csharp\Maliev.MessagingContracts.csproj]
B:\maliev\Maliev.MessagingContracts\generated\csharp\Contracts\MessagingContracts.cs(5272,16): warning CS1573: Parameter 'PublishedBy' has no matching param tag in the XML comment for 'FileUploadedEvent.FileUploadedEvent(Guid, string, MessageType, string, string, IReadOnlyList<string>, Guid, Guid?, DateTimeOffset, bool, FileUploadedEventPayload)' (but other parameters do) [B:\maliev\Maliev.MessagingContracts\generated\csharp\Maliev.MessagingContracts.csproj]
B:\maliev\Maliev.MessagingContracts\generated\csharp\Contracts\MessagingContracts.cs(5273,58): warning CS1573: Parameter 'ConsumedBy' has no matching param tag in the XML comment for 'FileUploadedEvent.FileUploadedEvent(Guid, string, MessageType, string, string, IReadOnlyList<string>, Guid, Guid?, DateTimeOffset, bool, FileUploadedEventPayload)' (but other parameters do) [B:\maliev\Maliev.MessagingContracts\generated\csharp\Maliev.MessagingContracts.csproj]
B:\maliev\Maliev.MessagingContracts\generated\csharp\Contracts\MessagingContracts.cs(5274,21): warning CS1573: Parameter 'CorrelationId' has no matching param tag in the XML comment for 'FileUploadedEvent.FileUploadedEvent(Guid, string, MessageType, string, string, IReadOnlyList<string>, Guid, Guid?, DateTimeOffset, bool, FileUploadedEventPayload)' (but other parameters do) [B:\maliev\Maliev.MessagingContracts\generated\csharp\Maliev.MessagingContracts.csproj]
B:\maliev\Maliev.MessagingContracts\generated\csharp\Contracts\MessagingContracts.cs(5275,22): warning CS1573: Parameter 'CausationId' has no matching param tag in the XML comment for 'FileUploadedEvent.FileUploadedEvent(Guid, string, MessageType, string, string, IReadOnlyList<string>, Guid, Guid?, DateTimeOffset, bool, FileUploadedEventPayload)' (but other parameters do) [B:\maliev\Maliev.MessagingContracts\generated\csharp\Maliev.MessagingContracts.csproj]
B:\maliev\Maliev.MessagingContracts\generated\csharp\Contracts\MessagingContracts.cs(5276,31): warning CS1573: Parameter 'OccurredAtUtc' has no matching param tag in the XML comment for 'FileUploadedEvent.FileUploadedEvent(Guid, string, MessageType, string, string, IReadOnlyList<string>, Guid, Guid?, DateTimeOffset, bool, FileUploadedEventPayload)' (but other parameters do) [B:\maliev\Maliev.MessagingContracts\generated\csharp\Maliev.MessagingContracts.csproj]
B:\maliev\Maliev.MessagingContracts\generated\csharp\Contracts\MessagingContracts.cs(5277,14): warning CS1573: Parameter 'IsPublic' has no matching param tag in the XML comment for 'FileUploadedEvent.FileUploadedEvent(Guid, string, MessageType, string, string, IReadOnlyList<string>, Guid, Guid?, DateTimeOffset, bool, FileUploadedEventPayload)' (but other parameters do) [B:\maliev\Maliev.MessagingContracts\generated\csharp\Maliev.MessagingContracts.csproj]
B:\maliev\Maliev.MessagingContracts\generated\csharp\Contracts\MessagingContracts.cs(5300,73): warning CS1573: Parameter 'DeletedAt' has no matching param tag in the XML comment for 'FileDeletedEventPayload.FileDeletedEventPayload(string, string, string, string, DateTimeOffset, string?, string?)' (but other parameters do) [B:\maliev\Maliev.MessagingContracts\generated\csharp\Maliev.MessagingContracts.csproj]
B:\maliev\Maliev.MessagingContracts\generated\csharp\Contracts\MessagingContracts.cs(5314,21): warning CS1573: Parameter 'MessageId' has no matching param tag in the XML comment for 'FileDeletedEvent.FileDeletedEvent(Guid, string, MessageType, string, string, IReadOnlyList<string>, Guid, Guid?, DateTimeOffset, bool, FileDeletedEventPayload)' (but other parameters do) [B:\maliev\Maliev.MessagingContracts\generated\csharp\Maliev.MessagingContracts.csproj]
B:\maliev\Maliev.MessagingContracts\generated\csharp\Contracts\MessagingContracts.cs(5315,16): warning CS1573: Parameter 'MessageName' has no matching param tag in the XML comment for 'FileDeletedEvent.FileDeletedEvent(Guid, string, MessageType, string, string, IReadOnlyList<string>, Guid, Guid?, DateTimeOffset, bool, FileDeletedEventPayload)' (but other parameters do) [B:\maliev\Maliev.MessagingContracts\generated\csharp\Maliev.MessagingContracts.csproj]
B:\maliev\Maliev.MessagingContracts\generated\csharp\Contracts\MessagingContracts.cs(5316,21): warning CS1573: Parameter 'MessageType' has no matching param tag in the XML comment for 'FileDeletedEvent.FileDeletedEvent(Guid, string, MessageType, string, string, IReadOnlyList<string>, Guid, Guid?, DateTimeOffset, bool, FileDeletedEventPayload)' (but other parameters do) [B:\maliev\Maliev.MessagingContracts\generated\csharp\Maliev.MessagingContracts.csproj]
B:\maliev\Maliev.MessagingContracts\generated\csharp\Contracts\MessagingContracts.cs(5317,16): warning CS1573: Parameter 'MessageVersion' has no matching param tag in the XML comment for 'FileDeletedEvent.FileDeletedEvent(Guid, string, MessageType, string, string, IReadOnlyList<string>, Guid, Guid?, DateTimeOffset, bool, FileDeletedEventPayload)' (but other parameters do) [B:\maliev\Maliev.MessagingContracts\generated\csharp\Maliev.MessagingContracts.csproj]
B:\maliev\Maliev.MessagingContracts\generated\csharp\Contracts\MessagingContracts.cs(5318,16): warning CS1573: Parameter 'PublishedBy' has no matching param tag in the XML comment for 'FileDeletedEvent.FileDeletedEvent(Guid, string, MessageType, string, string, IReadOnlyList<string>, Guid, Guid?, DateTimeOffset, bool, FileDeletedEventPayload)' (but other parameters do) [B:\maliev\Maliev.MessagingContracts\generated\csharp\Maliev.MessagingContracts.csproj]
B:\maliev\Maliev.MessagingContracts\generated\csharp\Contracts\MessagingContracts.cs(5319,58): warning CS1573: Parameter 'ConsumedBy' has no matching param tag in the XML comment for 'FileDeletedEvent.FileDeletedEvent(Guid, string, MessageType, string, string, IReadOnlyList<string>, Guid, Guid?, DateTimeOffset, bool, FileDeletedEventPayload)' (but other parameters do) [B:\maliev\Maliev.MessagingContracts\generated\csharp\Maliev.MessagingContracts.csproj]
B:\maliev\Maliev.MessagingContracts\generated\csharp\Contracts\MessagingContracts.cs(5320,21): warning CS1573: Parameter 'CorrelationId' has no matching param tag in the XML comment for 'FileDeletedEvent.FileDeletedEvent(Guid, string, MessageType, string, string, IReadOnlyList<string>, Guid, Guid?, DateTimeOffset, bool, FileDeletedEventPayload)' (but other parameters do) [B:\maliev\Maliev.MessagingContracts\generated\csharp\Maliev.MessagingContracts.csproj]
B:\maliev\Maliev.MessagingContracts\generated\csharp\Contracts\MessagingContracts.cs(5321,22): warning CS1573: Parameter 'CausationId' has no matching param tag in the XML comment for 'FileDeletedEvent.FileDeletedEvent(Guid, string, MessageType, string, string, IReadOnlyList<string>, Guid, Guid?, DateTimeOffset, bool, FileDeletedEventPayload)' (but other parameters do) [B:\maliev\Maliev.MessagingContracts\generated\csharp\Maliev.MessagingContracts.csproj]
B:\maliev\Maliev.MessagingContracts\generated\csharp\Contracts\MessagingContracts.cs(5322,31): warning CS1573: Parameter 'OccurredAtUtc' has no matching param tag in the XML comment for 'FileDeletedEvent.FileDeletedEvent(Guid, string, MessageType, string, string, IReadOnlyList<string>, Guid, Guid?, DateTimeOffset, bool, FileDeletedEventPayload)' (but other parameters do) [B:\maliev\Maliev.MessagingContracts\generated\csharp\Maliev.MessagingContracts.csproj]
B:\maliev\Maliev.MessagingContracts\generated\csharp\Contracts\MessagingContracts.cs(5323,14): warning CS1573: Parameter 'IsPublic' has no matching param tag in the XML comment for 'FileDeletedEvent.FileDeletedEvent(Guid, string, MessageType, string, string, IReadOnlyList<string>, Guid, Guid?, DateTimeOffset, bool, FileDeletedEventPayload)' (but other parameters do) [B:\maliev\Maliev.MessagingContracts\generated\csharp\Maliev.MessagingContracts.csproj]
B:\maliev\Maliev.Aspire\Maliev.Aspire.ServiceDefaults\Authorization\PermissionAuthorizationHandler.cs(12,14): error CS1591: Missing XML comment for publicly visible type or member 'PermissionAuthorizationHandler' [B:\maliev\Maliev.Aspire\Maliev.Aspire.ServiceDefaults\Maliev.Aspire.ServiceDefaults.csproj::TargetFramework=net10.0]
B:\maliev\Maliev.Aspire\Maliev.Aspire.ServiceDefaults\Authorization\PermissionAuthorizationHandler.cs(20,12): error CS1591: Missing XML comment for publicly visible type or member 'PermissionAuthorizationHandler.PermissionAuthorizationHandler(IServiceProvider, IHttpContextAccessor, ILogger<PermissionAuthorizationHandler>, IIamServiceClient?, IAuthMetrics?)' [B:\maliev\Maliev.Aspire\Maliev.Aspire.ServiceDefaults\Maliev.Aspire.ServiceDefaults.csproj::TargetFramework=net10.0]
B:\maliev\Maliev.Aspire\Maliev.Aspire.ServiceDefaults\Authorization\PermissionAuthorizationHandler.cs(34,35): error CS1591: Missing XML comment for publicly visible type or member 'PermissionAuthorizationHandler.HandleRequirementAsync(AuthorizationHandlerContext, PermissionRequirement)' [B:\maliev\Maliev.Aspire\Maliev.Aspire.ServiceDefaults\Maliev.Aspire.ServiceDefaults.csproj::TargetFramework=net10.0]
B:\maliev\Maliev.Aspire\Maliev.Aspire.ServiceDefaults\Authorization\PermissionAuthorizationPolicyProvider.cs(6,14): error CS1591: Missing XML comment for publicly visible type or member 'PermissionAuthorizationPolicyProvider' [B:\maliev\Maliev.Aspire\Maliev.Aspire.ServiceDefaults\Maliev.Aspire.ServiceDefaults.csproj::TargetFramework=net10.0]
B:\maliev\Maliev.Aspire\Maliev.Aspire.ServiceDefaults\Authorization\PermissionAuthorizationPolicyProvider.cs(8,12): error CS1591: Missing XML comment for publicly visible type or member 'PermissionAuthorizationPolicyProvider.PermissionAuthorizationPolicyProvider(IOptions<AuthorizationOptions>)' [B:\maliev\Maliev.Aspire\Maliev.Aspire.ServiceDefaults\Maliev.Aspire.ServiceDefaults.csproj::TargetFramework=net10.0]
B:\maliev\Maliev.Aspire\Maliev.Aspire.ServiceDefaults\Authorization\PermissionAuthorizationPolicyProvider.cs(12,54): error CS1591: Missing XML comment for publicly visible type or member 'PermissionAuthorizationPolicyProvider.GetPolicyAsync(string)' [B:\maliev\Maliev.Aspire\Maliev.Aspire.ServiceDefaults\Maliev.Aspire.ServiceDefaults.csproj::TargetFramework=net10.0]
B:\maliev\Maliev.Aspire\Maliev.Aspire.ServiceDefaults\Authorization\PermissionRequirement.cs(5,14): error CS1591: Missing XML comment for publicly visible type or member 'PermissionRequirement' [B:\maliev\Maliev.Aspire\Maliev.Aspire.ServiceDefaults\Maliev.Aspire.ServiceDefaults.csproj::TargetFramework=net10.0]
B:\maliev\Maliev.Aspire\Maliev.Aspire.ServiceDefaults\Authorization\PermissionRequirement.cs(7,19): error CS1591: Missing XML comment for publicly visible type or member 'PermissionRequirement.Permission' [B:\maliev\Maliev.Aspire\Maliev.Aspire.ServiceDefaults\Maliev.Aspire.ServiceDefaults.csproj::TargetFramework=net10.0]
B:\maliev\Maliev.Aspire\Maliev.Aspire.ServiceDefaults\Authorization\PermissionRequirement.cs(8,20): error CS1591: Missing XML comment for publicly visible type or member 'PermissionRequirement.ResourcePathTemplate' [B:\maliev\Maliev.Aspire\Maliev.Aspire.ServiceDefaults\Maliev.Aspire.ServiceDefaults.csproj::TargetFramework=net10.0]
B:\maliev\Maliev.Aspire\Maliev.Aspire.ServiceDefaults\Authorization\PermissionRequirement.cs(9,17): error CS1591: Missing XML comment for publicly visible type or member 'PermissionRequirement.RequireLiveCheck' [B:\maliev\Maliev.Aspire\Maliev.Aspire.ServiceDefaults\Maliev.Aspire.ServiceDefaults.csproj::TargetFramework=net10.0]
B:\maliev\Maliev.Aspire\Maliev.Aspire.ServiceDefaults\Authorization\PermissionRequirement.cs(10,17): error CS1591: Missing XML comment for publicly visible type or member 'PermissionRequirement.PreValidateModel' [B:\maliev\Maliev.Aspire\Maliev.Aspire.ServiceDefaults\Maliev.Aspire.ServiceDefaults.csproj::TargetFramework=net10.0]
B:\maliev\Maliev.Aspire\Maliev.Aspire.ServiceDefaults\Authorization\PermissionRequirement.cs(11,17): error CS1591: Missing XML comment for publicly visible type or member 'PermissionRequirement.IsCritical' [B:\maliev\Maliev.Aspire\Maliev.Aspire.ServiceDefaults\Maliev.Aspire.ServiceDefaults.csproj::TargetFramework=net10.0]
B:\maliev\Maliev.Aspire\Maliev.Aspire.ServiceDefaults\Authorization\PermissionRequirement.cs(12,20): error CS1591: Missing XML comment for publicly visible type or member 'PermissionRequirement.AuditPurpose' [B:\maliev\Maliev.Aspire\Maliev.Aspire.ServiceDefaults\Maliev.Aspire.ServiceDefaults.csproj::TargetFramework=net10.0]
B:\maliev\Maliev.Aspire\Maliev.Aspire.ServiceDefaults\Authorization\PermissionRequirement.cs(14,12): error CS1591: Missing XML comment for publicly visible type or member 'PermissionRequirement.PermissionRequirement(string, string?, bool, bool, bool, string?)' [B:\maliev\Maliev.Aspire\Maliev.Aspire.ServiceDefaults\Maliev.Aspire.ServiceDefaults.csproj::TargetFramework=net10.0]
B:\maliev\Maliev.Aspire\Maliev.Aspire.ServiceDefaults\Authorization\RequirePermissionAttribute.cs(19,19): error CS1591: Missing XML comment for publicly visible type or member 'RequirePermissionAttribute.Permission' [B:\maliev\Maliev.Aspire\Maliev.Aspire.ServiceDefaults\Maliev.Aspire.ServiceDefaults.csproj::TargetFramework=net10.0]
B:\maliev\Maliev.Aspire\Maliev.Aspire.ServiceDefaults\Authorization\RequirePermissionAttribute.cs(25,20): error CS1591: Missing XML comment for publicly visible type or member 'RequirePermissionAttribute.ResourcePathTemplate' [B:\maliev\Maliev.Aspire\Maliev.Aspire.ServiceDefaults\Maliev.Aspire.ServiceDefaults.csproj::TargetFramework=net10.0]
B:\maliev\Maliev.Aspire\Maliev.Aspire.ServiceDefaults\Authorization\RequirePermissionAttribute.cs(31,17): error CS1591: Missing XML comment for publicly visible type or member 'RequirePermissionAttribute.RequireLiveCheck' [B:\maliev\Maliev.Aspire\Maliev.Aspire.ServiceDefaults\Maliev.Aspire.ServiceDefaults.csproj::TargetFramework=net10.0]
B:\maliev\Maliev.Aspire\Maliev.Aspire.ServiceDefaults\Authorization\RequirePermissionAttribute.cs(37,17): error CS1591: Missing XML comment for publicly visible type or member 'RequirePermissionAttribute.IsCritical' [B:\maliev\Maliev.Aspire\Maliev.Aspire.ServiceDefaults\Maliev.Aspire.ServiceDefaults.csproj::TargetFramework=net10.0]
B:\maliev\Maliev.Aspire\Maliev.Aspire.ServiceDefaults\Authorization\RequirePermissionAttribute.cs(43,20): error CS1591: Missing XML comment for publicly visible type or member 'RequirePermissionAttribute.AuditPurpose' [B:\maliev\Maliev.Aspire\Maliev.Aspire.ServiceDefaults\Maliev.Aspire.ServiceDefaults.csproj::TargetFramework=net10.0]
B:\maliev\Maliev.Aspire\Maliev.Aspire.ServiceDefaults\Authorization\RequirePermissionAttribute.cs(49,17): error CS1591: Missing XML comment for publicly visible type or member 'RequirePermissionAttribute.PreValidateModel' [B:\maliev\Maliev.Aspire\Maliev.Aspire.ServiceDefaults\Maliev.Aspire.ServiceDefaults.csproj::TargetFramework=net10.0]
B:\maliev\Maliev.Aspire\Maliev.Aspire.ServiceDefaults\Authorization\RequirePermissionAttribute.cs(55,12): error CS1591: Missing XML comment for publicly visible type or member 'RequirePermissionAttribute.RequirePermissionAttribute(string)' [B:\maliev\Maliev.Aspire\Maliev.Aspire.ServiceDefaults\Maliev.Aspire.ServiceDefaults.csproj::TargetFramework=net10.0]
B:\maliev\Maliev.Aspire\Maliev.Aspire.ServiceDefaults\Caching\RedisCacheService.cs(19,12): error CS1591: Missing XML comment for publicly visible type or member 'RedisCacheService.RedisCacheService(IConnectionMultiplexer, IOptions<RedisCacheOptions>, ILogger<RedisCacheService>)' [B:\maliev\Maliev.Aspire\Maliev.Aspire.ServiceDefaults\Maliev.Aspire.ServiceDefaults.csproj::TargetFramework=net10.0]
B:\maliev\Maliev.Aspire\Maliev.Aspire.ServiceDefaults\Caching\RedisCacheService.cs(35,27): error CS1591: Missing XML comment for publicly visible type or member 'RedisCacheService.GetAsync<T>(string, CancellationToken)' [B:\maliev\Maliev.Aspire\Maliev.Aspire.ServiceDefaults\Maliev.Aspire.ServiceDefaults.csproj::TargetFramework=net10.0]
B:\maliev\Maliev.Aspire\Maliev.Aspire.ServiceDefaults\Caching\RedisCacheService.cs(63,23): error CS1591: Missing XML comment for publicly visible type or member 'RedisCacheService.SetAsync<T>(string, T, TimeSpan, CancellationToken)' [B:\maliev\Maliev.Aspire\Maliev.Aspire.ServiceDefaults\Maliev.Aspire.ServiceDefaults.csproj::TargetFramework=net10.0]
B:\maliev\Maliev.Aspire\Maliev.Aspire.ServiceDefaults\Caching\RedisCacheService.cs(88,23): error CS1591: Missing XML comment for publicly visible type or member 'RedisCacheService.RemoveAsync(string, CancellationToken)' [B:\maliev\Maliev.Aspire\Maliev.Aspire.ServiceDefaults\Maliev.Aspire.ServiceDefaults.csproj::TargetFramework=net10.0]
B:\maliev\Maliev.Aspire\Maliev.Aspire.ServiceDefaults\Caching\RedisCacheService.cs(102,23): error CS1591: Missing XML comment for publicly visible type or member 'RedisCacheService.RemoveByPatternAsync(string, CancellationToken)' [B:\maliev\Maliev.Aspire\Maliev.Aspire.ServiceDefaults\Maliev.Aspire.ServiceDefaults.csproj::TargetFramework=net10.0]
B:\maliev\Maliev.Aspire\Maliev.Aspire.ServiceDefaults\Caching\RedisCacheService.cs(135,29): error CS1591: Missing XML comment for publicly visible type or member 'RedisCacheService.ExistsAsync(string, CancellationToken)' [B:\maliev\Maliev.Aspire\Maliev.Aspire.ServiceDefaults\Maliev.Aspire.ServiceDefaults.csproj::TargetFramework=net10.0]
B:\maliev\Maliev.Aspire\Maliev.Aspire.ServiceDefaults\Caching\RedisCacheService.cs(150,29): error CS1591: Missing XML comment for publicly visible type or member 'RedisCacheService.IncrementAsync(string, TimeSpan, CancellationToken)' [B:\maliev\Maliev.Aspire\Maliev.Aspire.ServiceDefaults\Maliev.Aspire.ServiceDefaults.csproj::TargetFramework=net10.0]
B:\maliev\Maliev.Aspire\Maliev.Aspire.ServiceDefaults\IAM\IAMRegistrationHealthCheck.cs(12,12): error CS1591: Missing XML comment for publicly visible type or member 'IAMRegistrationHealthCheck.IAMRegistrationHealthCheck(IAMRegistrationStatusTracker)' [B:\maliev\Maliev.Aspire\Maliev.Aspire.ServiceDefaults\Maliev.Aspire.ServiceDefaults.csproj::TargetFramework=net10.0]
B:\maliev\Maliev.Aspire\Maliev.Aspire.ServiceDefaults\IAM\IAMRegistrationHealthCheck.cs(17,36): error CS1591: Missing XML comment for publicly visible type or member 'IAMRegistrationHealthCheck.CheckHealthAsync(HealthCheckContext, CancellationToken)' [B:\maliev\Maliev.Aspire\Maliev.Aspire.ServiceDefaults\Maliev.Aspire.ServiceDefaults.csproj::TargetFramework=net10.0]
B:\maliev\Maliev.Aspire\Maliev.Aspire.ServiceDefaults\IAM\PermissionMatcher.cs(3,21): error CS1591: Missing XML comment for publicly visible type or member 'PermissionMatcher' [B:\maliev\Maliev.Aspire\Maliev.Aspire.ServiceDefaults\Maliev.Aspire.ServiceDefaults.csproj::TargetFramework=net10.0]
B:\maliev\Maliev.Aspire\Maliev.Aspire.ServiceDefaults\IAM\PermissionMatcher.cs(5,24): error CS1591: Missing XML comment for publicly visible type or member 'PermissionMatcher.Match(string, IEnumerable<string>)' [B:\maliev\Maliev.Aspire\Maliev.Aspire.ServiceDefaults\Maliev.Aspire.ServiceDefaults.csproj::TargetFramework=net10.0]
B:\maliev\Maliev.Aspire\Maliev.Aspire.ServiceDefaults\IAM\PermissionMatcher.cs(24,24): error CS1591: Missing XML comment for publicly visible type or member 'PermissionMatcher.IsMatch(string, string)' [B:\maliev\Maliev.Aspire\Maliev.Aspire.ServiceDefaults\Maliev.Aspire.ServiceDefaults.csproj::TargetFramework=net10.0]
B:\maliev\Maliev.Aspire\Maliev.Aspire.ServiceDefaults\IAM\ServiceAccountAuthenticationHandler.cs(14,12): error CS1591: Missing XML comment for publicly visible type or member 'ServiceAccountAuthenticationHandler.ServiceAccountAuthenticationHandler(IServiceAccountTokenProvider, ILogger<ServiceAccountAuthenticationHandler>)' [B:\maliev\Maliev.Aspire\Maliev.Aspire.ServiceDefaults\Maliev.Aspire.ServiceDefaults.csproj::TargetFramework=net10.0]
B:\maliev\Maliev.Aspire\Maliev.Aspire.ServiceDefaults\IAM\ServiceAccountAuthenticationHandler.cs(22,56): error CS1591: Missing XML comment for publicly visible type or member 'ServiceAccountAuthenticationHandler.SendAsync(HttpRequestMessage, CancellationToken)' [B:\maliev\Maliev.Aspire\Maliev.Aspire.ServiceDefaults\Maliev.Aspire.ServiceDefaults.csproj::TargetFramework=net10.0]
B:\maliev\Maliev.Aspire\Maliev.Aspire.ServiceDefaults\IAM\ServiceAccountAuthenticationHandler.cs(64,29): error CS1591: Missing XML comment for publicly visible type or member 'ServiceAccountAuthenticationHandler.Dispose(bool)' [B:\maliev\Maliev.Aspire\Maliev.Aspire.ServiceDefaults\Maliev.Aspire.ServiceDefaults.csproj::TargetFramework=net10.0]
B:\maliev\Maliev.Aspire\Maliev.Aspire.ServiceDefaults\IAM\ServiceAccountTokenProvider.cs(30,12): error CS1591: Missing XML comment for publicly visible type or member 'ServiceAccountTokenProvider.ServiceAccountTokenProvider(IConfiguration, string)' [B:\maliev\Maliev.Aspire\Maliev.Aspire.ServiceDefaults\Maliev.Aspire.ServiceDefaults.csproj::TargetFramework=net10.0]
B:\maliev\Maliev.Aspire\Maliev.Aspire.ServiceDefaults\Middleware\CorrelationIdMiddleware.cs(6,14): error CS1591: Missing XML comment for publicly visible type or member 'CorrelationIdMiddleware' [B:\maliev\Maliev.Aspire\Maliev.Aspire.ServiceDefaults\Maliev.Aspire.ServiceDefaults.csproj::TargetFramework=net10.0]
B:\maliev\Maliev.Aspire\Maliev.Aspire.ServiceDefaults\Middleware\CorrelationIdMiddleware.cs(12,12): error CS1591: Missing XML comment for publicly visible type or member 'CorrelationIdMiddleware.CorrelationIdMiddleware(RequestDelegate, ILogger<CorrelationIdMiddleware>)' [B:\maliev\Maliev.Aspire\Maliev.Aspire.ServiceDefaults\Maliev.Aspire.ServiceDefaults.csproj::TargetFramework=net10.0]
B:\maliev\Maliev.Aspire\Maliev.Aspire.ServiceDefaults\Middleware\CorrelationIdMiddleware.cs(18,23): error CS1591: Missing XML comment for publicly visible type or member 'CorrelationIdMiddleware.InvokeAsync(HttpContext)' [B:\maliev\Maliev.Aspire\Maliev.Aspire.ServiceDefaults\Maliev.Aspire.ServiceDefaults.csproj::TargetFramework=net10.0]
B:\maliev\Maliev.Aspire\Maliev.Aspire.ServiceDefaults\Middleware\ExceptionHandlingMiddleware.cs(9,14): error CS1591: Missing XML comment for publicly visible type or member 'ExceptionHandlingMiddleware' [B:\maliev\Maliev.Aspire\Maliev.Aspire.ServiceDefaults\Maliev.Aspire.ServiceDefaults.csproj::TargetFramework=net10.0]
B:\maliev\Maliev.Aspire\Maliev.Aspire.ServiceDefaults\Middleware\ExceptionHandlingMiddleware.cs(15,12): error CS1591: Missing XML comment for publicly visible type or member 'ExceptionHandlingMiddleware.ExceptionHandlingMiddleware(RequestDelegate, ILogger<ExceptionHandlingMiddleware>, IHostEnvironment)' [B:\maliev\Maliev.Aspire\Maliev.Aspire.ServiceDefaults\Maliev.Aspire.ServiceDefaults.csproj::TargetFramework=net10.0]
B:\maliev\Maliev.Aspire\Maliev.Aspire.ServiceDefaults\Middleware\ExceptionHandlingMiddleware.cs(25,23): error CS1591: Missing XML comment for publicly visible type or member 'ExceptionHandlingMiddleware.InvokeAsync(HttpContext)' [B:\maliev\Maliev.Aspire\Maliev.Aspire.ServiceDefaults\Maliev.Aspire.ServiceDefaults.csproj::TargetFramework=net10.0]
B:\maliev\Maliev.Aspire\Maliev.Aspire.ServiceDefaults\Middleware\RequestLoggingMiddleware.cs(7,14): error CS1591: Missing XML comment for publicly visible type or member 'RequestLoggingMiddleware' [B:\maliev\Maliev.Aspire\Maliev.Aspire.ServiceDefaults\Maliev.Aspire.ServiceDefaults.csproj::TargetFramework=net10.0]
B:\maliev\Maliev.Aspire\Maliev.Aspire.ServiceDefaults\Middleware\RequestLoggingMiddleware.cs(12,12): error CS1591: Missing XML comment for publicly visible type or member 'RequestLoggingMiddleware.RequestLoggingMiddleware(RequestDelegate, ILogger<RequestLoggingMiddleware>)' [B:\maliev\Maliev.Aspire\Maliev.Aspire.ServiceDefaults\Maliev.Aspire.ServiceDefaults.csproj::TargetFramework=net10.0]
B:\maliev\Maliev.Aspire\Maliev.Aspire.ServiceDefaults\Middleware\RequestLoggingMiddleware.cs(18,23): error CS1591: Missing XML comment for publicly visible type or member 'RequestLoggingMiddleware.InvokeAsync(HttpContext)' [B:\maliev\Maliev.Aspire\Maliev.Aspire.ServiceDefaults\Maliev.Aspire.ServiceDefaults.csproj::TargetFramework=net10.0]
B:\maliev\Maliev.Aspire\Maliev.Aspire.ServiceDefaults\Middleware\SecurityHeadersMiddleware.cs(5,14): error CS1591: Missing XML comment for publicly visible type or member 'SecurityHeadersMiddleware' [B:\maliev\Maliev.Aspire\Maliev.Aspire.ServiceDefaults\Maliev.Aspire.ServiceDefaults.csproj::TargetFramework=net10.0]
B:\maliev\Maliev.Aspire\Maliev.Aspire.ServiceDefaults\Middleware\SecurityHeadersMiddleware.cs(9,12): error CS1591: Missing XML comment for publicly visible type or member 'SecurityHeadersMiddleware.SecurityHeadersMiddleware(RequestDelegate)' [B:\maliev\Maliev.Aspire\Maliev.Aspire.ServiceDefaults\Maliev.Aspire.ServiceDefaults.csproj::TargetFramework=net10.0]
B:\maliev\Maliev.Aspire\Maliev.Aspire.ServiceDefaults\Middleware\SecurityHeadersMiddleware.cs(14,23): error CS1591: Missing XML comment for publicly visible type or member 'SecurityHeadersMiddleware.InvokeAsync(HttpContext)' [B:\maliev\Maliev.Aspire\Maliev.Aspire.ServiceDefaults\Maliev.Aspire.ServiceDefaults.csproj::TargetFramework=net10.0]
B:\maliev\Maliev.Aspire\Maliev.Aspire.ServiceDefaults\Testing\IAMTestHelpers.cs(10,21): error CS1591: Missing XML comment for publicly visible type or member 'IAMTestHelpers' [B:\maliev\Maliev.Aspire\Maliev.Aspire.ServiceDefaults\Maliev.Aspire.ServiceDefaults.csproj::TargetFramework=net10.0]
B:\maliev\Maliev.Aspire\Maliev.Aspire.ServiceDefaults\Extensions.ApiDocumentation.cs(13,34): error CS1591: Missing XML comment for publicly visible type or member 'ApiDocumentationExtensions.MapApiDocumentation(WebApplication, string?, string, Action<ScalarOptions>?)' [B:\maliev\Maliev.Aspire\Maliev.Aspire.ServiceDefaults\Maliev.Aspire.ServiceDefaults.csproj::TargetFramework=net10.0]
B:\maliev\Maliev.Aspire\Maliev.Aspire.ServiceDefaults\Extensions.ApiDocumentation.cs(42,43): error CS1591: Missing XML comment for publicly visible type or member 'ApiDocumentationExtensions.AddStandardOpenApi(IHostApplicationBuilder, string?, string?, string)' [B:\maliev\Maliev.Aspire\Maliev.Aspire.ServiceDefaults\Maliev.Aspire.ServiceDefaults.csproj::TargetFramework=net10.0]
B:\maliev\Maliev.Aspire\Maliev.Aspire.ServiceDefaults\Extensions.ApiDocumentation.cs(65,34): error CS1591: Missing XML comment for publicly visible type or member 'ApiDocumentationExtensions.MapApiDocumentationDefault(WebApplication, string, Action<ScalarOptions>?)' [B:\maliev\Maliev.Aspire\Maliev.Aspire.ServiceDefaults\Maliev.Aspire.ServiceDefaults.csproj::TargetFramework=net10.0]
B:\maliev\Maliev.Aspire\Maliev.Aspire.ServiceDefaults\Extensions.Database.cs(13,43): error CS1591: Missing XML comment for publicly visible type or member 'DatabaseExtensions.AddPostgresDbContext<TContext>(IHostApplicationBuilder, string?, bool, Action<IServiceProvider, DbContextOptionsBuilder>?)' [B:\maliev\Maliev.Aspire\Maliev.Aspire.ServiceDefaults\Maliev.Aspire.ServiceDefaults.csproj::TargetFramework=net10.0]
B:\maliev\Maliev.Aspire\Maliev.Aspire.ServiceDefaults\Extensions.HttpClients.cs(9,21): error CS1591: Missing XML comment for publicly visible type or member 'HttpClientExtensions' [B:\maliev\Maliev.Aspire\Maliev.Aspire.ServiceDefaults\Maliev.Aspire.ServiceDefaults.csproj::TargetFramework=net10.0]
B:\maliev\Maliev.Aspire\Maliev.Aspire.ServiceDefaults\Extensions.Middleware.cs(8,21): error CS1591: Missing XML comment for publicly visible type or member 'MiddlewareExtensions' [B:\maliev\Maliev.Aspire\Maliev.Aspire.ServiceDefaults\Maliev.Aspire.ServiceDefaults.csproj::TargetFramework=net10.0]
B:\maliev\Maliev.Aspire\Maliev.Aspire.ServiceDefaults\Extensions.Middleware.cs(62,14): error CS1591: Missing XML comment for publicly visible type or member 'MiddlewareOptions' [B:\maliev\Maliev.Aspire\Maliev.Aspire.ServiceDefaults\Maliev.Aspire.ServiceDefaults.csproj::TargetFramework=net10.0]
B:\maliev\Maliev.Aspire\Maliev.Aspire.ServiceDefaults\Extensions.RateLimiting.cs(169,14): error CS1591: Missing XML comment for publicly visible type or member 'RateLimiterOptions' [B:\maliev\Maliev.Aspire\Maliev.Aspire.ServiceDefaults\Maliev.Aspire.ServiceDefaults.csproj::TargetFramework=net10.0]
B:\maliev\Maliev.Aspire\Maliev.Aspire.ServiceDefaults\Extensions.RateLimiting.cs(171,17): error CS1591: Missing XML comment for publicly visible type or member 'RateLimiterOptions.UseGlobalLimiter' [B:\maliev\Maliev.Aspire\Maliev.Aspire.ServiceDefaults\Maliev.Aspire.ServiceDefaults.csproj::TargetFramework=net10.0]
B:\maliev\Maliev.Aspire\Maliev.Aspire.ServiceDefaults\Extensions.RateLimiting.cs(172,16): error CS1591: Missing XML comment for publicly visible type or member 'RateLimiterOptions.PermitLimit' [B:\maliev\Maliev.Aspire\Maliev.Aspire.ServiceDefaults\Maliev.Aspire.ServiceDefaults.csproj::TargetFramework=net10.0]
B:\maliev\Maliev.Aspire\Maliev.Aspire.ServiceDefaults\Extensions.RateLimiting.cs(173,19): error CS1591: Missing XML comment for publicly visible type or member 'RateLimiterOptions.WindowMinutes' [B:\maliev\Maliev.Aspire\Maliev.Aspire.ServiceDefaults\Maliev.Aspire.ServiceDefaults.csproj::TargetFramework=net10.0]
B:\maliev\Maliev.Aspire\Maliev.Aspire.ServiceDefaults\Extensions.RateLimiting.cs(174,16): error CS1591: Missing XML comment for publicly visible type or member 'RateLimiterOptions.QueueLimit' [B:\maliev\Maliev.Aspire\Maliev.Aspire.ServiceDefaults\Maliev.Aspire.ServiceDefaults.csproj::TargetFramework=net10.0]
B:\maliev\Maliev.Aspire\Maliev.Aspire.ServiceDefaults\Extensions.RateLimiting.cs(175,33): error CS1591: Missing XML comment for publicly visible type or member 'RateLimiterOptions.QueueProcessingOrder' [B:\maliev\Maliev.Aspire\Maliev.Aspire.ServiceDefaults\Maliev.Aspire.ServiceDefaults.csproj::TargetFramework=net10.0]
    1379 Warning(s)
    63 Error(s)

Time Elapsed 00:00:14.89
